08-01 11:52:34.058 17269 17269 E AndroidRuntime: 	at android.os.ServiceManager.rawGetService(ServiceManager.java:263)
08-01 11:52:34.058 17269 17269 E AndroidRuntime: 	at android.os.ServiceManager.getService(ServiceManager.java:129)
08-01 11:52:34.058 17269 17269 E AndroidRuntime: 	at android.app.ActivityManager$1.create(ActivityManager.java:4058)
08-01 11:52:34.058 17269 17269 E AndroidRuntime: 	at android.app.ActivityManager$1.create(ActivityManager.java:4055)
08-01 11:52:34.058 17269 17269 E AndroidRuntime: 	at android.util.Singleton.get(Singleton.java:38)
08-01 11:52:34.058 17269 17269 E AndroidRuntime: 	at android.app.ActivityManager.getService(ActivityManager.java:4046)
08-01 11:52:34.058 17269 17269 E AndroidRuntime: 	at com.android.internal.os.RuntimeInit$KillApplicationHandler.uncaughtException(RuntimeInit.java:145)
08-01 11:52:34.058 17269 17269 E AndroidRuntime: 	at java.lang.ThreadGroup.uncaughtException(ThreadGroup.java:1073)
08-01 11:52:34.058 17269 17269 E AndroidRuntime: 	at java.lang.ThreadGroup.uncaughtException(ThreadGroup.java:1068)
08-01 11:52:34.058 17269 17269 E AndroidRuntime: 	at java.lang.Thread.dispatchUncaughtException(Thread.java:2187)
08-01 11:52:59.342  2220  2776 I chatty  : uid=1000(system) Binder:2220_4 expire 2 lines
08-01 11:52:59.845  2220  2777 I chatty  : uid=1000(system) Binder:2220_5 expire 1 line
08-01 11:53:00.069 17354 17354 W SystemConfig: No directory /oem/etc/sysconfig, skipping
08-01 11:53:00.070 17354 17354 W SystemConfig: No directory /oem/etc/permissions, skipping
08-01 11:53:00.161 17354 17354 W SystemConfig: No directory /oem/etc/motorola/bgintents, skipping
08-01 11:53:00.167 17354 17354 W SystemConfig: No directory /product_services/etc/sysconfig, skipping
08-01 11:53:00.167 17354 17354 W SystemConfig: No directory /product_services/etc/permissions, skipping
08-01 11:53:00.167 17354 17354 W SystemConfig: No directory /system/etc/motorola/sysconfig, skipping
08-01 11:53:00.167 17354 17354 W SystemConfig: No directory /oem/etc/motorola/sysconfig, skipping
08-01 11:53:00.167 17354 17354 W SystemConfig: No directory /product/etc/motorola/sysconfig, skipping
08-01 11:53:00.221  2220  4733 I chatty  : uid=1000(system) Binder:2220_15 expire 6 lines
08-01 11:53:00.266  2220  2336 I chatty  : uid=1000(system) android.anim expire 16 lines
08-01 11:53:02.449  2220  3972 I chatty  : uid=1000(system) Binder:2220_D expire 4 lines
08-01 11:53:02.523  2220  4012 I chatty  : uid=1000(system) Binder:2220_E expire 1 line
08-01 11:53:02.523  2220  2633 I chatty  : uid=1000(system) ConnectivitySer expire 2 lines
08-01 11:53:03.368  2220  4018 I chatty  : uid=1000(system) Binder:2220_11 expire 3 lines
08-01 11:53:07.831  2220  2333 I chatty  : uid=1000(system) android.ui expire 6 lines
08-01 11:53:08.513 17480 17504 E AndroidRuntime: FATAL EXCEPTION: Thread-3
08-01 11:53:08.513 17480 17504 E AndroidRuntime: Process: com.antutu.ABenchMark, PID: 17480
08-01 11:53:08.513 17480 17504 E AndroidRuntime: java.lang.NullPointerException: Attempt to invoke virtual method 'void android.content.ContentValues.putAll(android.content.ContentValues)' on a null object reference
08-01 11:53:08.513 17480 17504 E AndroidRuntime: 	at daozi-b.ij0.b(DataParseHandler.java:1)
08-01 11:53:08.513 17480 17504 E AndroidRuntime: 	at daozi-b.zi0.G(InfocSDK.java:9)
08-01 11:53:08.513 17480 17504 E AndroidRuntime: 	at daozi-b.aj0.L(InfocUtil.java:6)
08-01 11:53:08.513 17480 17504 E AndroidRuntime: 	at daozi-b.aj0.K(InfocUtil.java:5)
08-01 11:53:08.513 17480 17504 E AndroidRuntime: 	at daozi-b.aj0.q(InfocUtil.java:6)
08-01 11:53:08.513 17480 17504 E AndroidRuntime: 	at com.antutu.benchmark.service.BenchmarkMainService$f.e(BenchmarkMainService.java:4)
08-01 11:53:08.513 17480 17504 E AndroidRuntime: 	at daozi-b.k80.run(Unknown Source:2)
08-01 11:53:08.513 17480 17504 E AndroidRuntime: 	at java.lang.Thread.run(Thread.java:919)
08-01 11:53:08.519  2220 17505 I chatty  : uid=1000 system_server expire 1 line
08-01 11:53:08.535  2220  2344 I chatty  : uid=1000(system) ActivityManager expire 6 lines
08-01 11:53:08.644  2220  4014 I chatty  : uid=1000(system) Binder:2220_F expire 3 lines
08-01 11:53:09.119  2220  3929 I chatty  : uid=1000(system) Binder:2220_C expire 3 lines
08-01 11:53:09.793 17519 17541 E AndroidRuntime: FATAL EXCEPTION: Thread-3
08-01 11:53:09.793 17519 17541 E AndroidRuntime: Process: com.antutu.ABenchMark, PID: 17519
08-01 11:53:09.793 17519 17541 E AndroidRuntime: java.lang.NullPointerException: Attempt to invoke virtual method 'void android.content.ContentValues.putAll(android.content.ContentValues)' on a null object reference
08-01 11:53:09.793 17519 17541 E AndroidRuntime: 	at daozi-b.ij0.b(DataParseHandler.java:1)
08-01 11:53:09.793 17519 17541 E AndroidRuntime: 	at daozi-b.zi0.G(InfocSDK.java:9)
08-01 11:53:09.793 17519 17541 E AndroidRuntime: 	at daozi-b.aj0.L(InfocUtil.java:6)
08-01 11:53:09.793 17519 17541 E AndroidRuntime: 	at daozi-b.aj0.K(InfocUtil.java:5)
08-01 11:53:09.793 17519 17541 E AndroidRuntime: 	at daozi-b.aj0.q(InfocUtil.java:6)
08-01 11:53:09.793 17519 17541 E AndroidRuntime: 	at com.antutu.benchmark.service.BenchmarkMainService$f.e(BenchmarkMainService.java:4)
08-01 11:53:09.793 17519 17541 E AndroidRuntime: 	at daozi-b.k80.run(Unknown Source:2)
08-01 11:53:09.793 17519 17541 E AndroidRuntime: 	at java.lang.Thread.run(Thread.java:919)
08-01 11:53:09.797  2220 17542 I chatty  : uid=1000 system_server expire 1 line
08-01 11:53:11.890  2220  4017 I chatty  : uid=1000(system) Binder:2220_10 expire 3 lines
08-01 11:53:11.942  2220  2352 I chatty  : uid=1000(system) batterystats-wo expire 11 lines
08-01 11:53:12.658  2220  2590 I chatty  : uid=1000(system) UEventObserver expire 8 lines
08-01 11:53:13.429  2220  3929 I chatty  : uid=1000(system) Binder:2220_C expire 8 lines
08-01 11:53:13.585  2220  4745 I chatty  : uid=1000(system) Binder:2220_20 expire 3 lines
08-01 11:53:13.664  2220  2336 I chatty  : uid=1000(system) android.anim expire 29 lines
08-01 11:53:13.671  2220  2345 I chatty  : uid=1000(system) ActivityManager expire 16 lines
08-01 11:53:14.083  2220  4733 I chatty  : uid=1000(system) Binder:2220_15 expire 7 lines
08-01 11:53:18.282  2220  4734 I chatty  : uid=1000(system) Binder:2220_16 expire 3 lines
08-01 11:53:18.303  2220  2776 I chatty  : uid=1000(system) Binder:2220_4 expire 4 lines
08-01 11:53:18.405  2220  2310 I chatty  : uid=1000(system) Binder:2220_2 expire 12 lines
08-01 11:53:18.793  2220  2633 I chatty  : uid=1000(system) ConnectivitySer expire 5 lines
08-01 11:53:22.820  2220  2344 I chatty  : uid=1000(system) ActivityManager expire 19 lines
08-01 11:53:22.856  2220  3972 I chatty  : uid=1000(system) Binder:2220_D expire 2 lines
08-01 11:53:22.884  2220  4017 I chatty  : uid=1000(system) Binder:2220_10 expire 2 lines
08-01 11:53:22.948  2220 18102 I chatty  : uid=1000 system_server expire 1 line
08-01 11:53:23.034  2220  2335 I chatty  : uid=1000(system) android.display expire 2 lines
08-01 11:53:23.037  2220  2220 I chatty  : uid=1000 system_server expire 9 lines
08-01 11:53:23.132  2220  3389 I chatty  : uid=1000(system) LazyTaskWriterT expire 1 line
08-01 11:53:23.269  2220  2384 I chatty  : uid=1000(system) PackageManager expire 2 lines
08-01 11:53:23.338  2220  3895 I chatty  : uid=1000(system) android.fg expire 1 line
08-01 11:53:23.422  2220  4744 I chatty  : uid=1000(system) Binder:2220_1F expire 1 line
08-01 11:53:23.651  2220  2332 I chatty  : uid=1000(system) android.fg expire 2 lines
08-01 11:53:23.881  2220  2343 I chatty  : uid=1000(system) android.bg expire 2 lines
08-01 11:53:23.963  2220  4743 I chatty  : uid=1000(system) Binder:2220_1E expire 1 line
08-01 11:53:24.032  2220  3334 I chatty  : uid=1000(system) Binder:2220_8 expire 1 line
08-01 11:53:24.113  2220  2777 I chatty  : uid=1000(system) Binder:2220_5 expire 3 lines
08-01 11:53:24.545  2220  2585 I chatty  : uid=1000(system) Binder:2220_3 expire 3 lines
08-01 11:53:25.252  2220  4014 I chatty  : uid=1000(system) Binder:2220_F expire 3 lines
08-01 11:53:25.395  2220  3590 I chatty  : uid=1000(system) Binder:2220_B expire 2 lines
08-01 11:53:25.730  2220  2309 I chatty  : uid=1000(system) Binder:2220_1 expire 2 lines
08-01 11:53:26.889  2220  4741 I chatty  : uid=1000(system) Binder:2220_1D expire 3 lines
08-01 11:53:27.233  2220  4740 I chatty  : uid=1000(system) Binder:2220_1C expire 3 lines
08-01 11:53:29.936  2220  3588 I chatty  : uid=1000(system) Binder:2220_A expire 2 lines
08-01 11:53:33.543  2220  4738 I chatty  : uid=1000(system) Binder:2220_1A expire 1 line
08-01 11:53:34.696  2220  4739 I chatty  : uid=1000(system) Binder:2220_1B expire 1 line
08-01 11:53:36.943  2220  4018 I chatty  : uid=1000(system) Binder:2220_11 expire 1 line
08-01 11:53:37.629  2220  4735 I chatty  : uid=1000(system) Binder:2220_17 expire 3 lines
08-01 11:53:38.649  2220  3588 I chatty  : uid=1000(system) Binder:2220_A expire 4 lines
08-01 11:53:38.983  2220  4741 I chatty  : uid=1000(system) Binder:2220_1D expire 4 lines
08-01 11:53:39.764  2220  2777 I chatty  : uid=1000(system) Binder:2220_5 expire 1 line
08-01 11:53:39.786  2220  4020 I chatty  : uid=1000(system) Binder:2220_12 expire 3 lines
08-01 11:53:40.812  2220  2345 I chatty  : uid=1000(system) ActivityManager expire 24 lines
08-01 11:53:41.272  2220  2335 I chatty  : uid=1000(system) android.display expire 5 lines
08-01 11:53:59.958  2220  3590 I chatty  : uid=1000(system) Binder:2220_B expire 2 lines
08-01 11:54:19.774  2220  2373 I chatty  : uid=1000(system) PowerManagerSer expire 2 lines
08-01 11:54:33.720  2220  2590 I chatty  : uid=1000(system) UEventObserver expire 1 line
08-01 11:54:33.843  2220  4734 I chatty  : uid=1000(system) Binder:2220_16 expire 2 lines
08-01 11:54:33.867  2220  4081 I chatty  : uid=1000(system) Binder:2220_13 expire 4 lines
08-01 11:54:41.093  2220  2633 I chatty  : uid=1000(system) ConnectivitySer expire 3 lines
08-01 11:54:41.131  2220  2352 I chatty  : uid=1000(system) batterystats-wo expire 13 lines
08-01 11:54:42.878  2678  2678 V DeadZone: consuming errant click: (816.2442,68.033936)
08-01 11:54:42.878  2678  2678 V DeadZone: consuming errant click: (816.2442,68.033936)
08-01 11:54:43.710  2220  4014 I chatty  : uid=1000(system) Binder:2220_F expire 2 lines
08-01 11:54:43.763  2220  2336 I chatty  : uid=1000(system) android.anim expire 10 lines
08-01 11:54:43.965  2220  2626 I chatty  : uid=1000(system) ClientModeImpl expire 1 line
08-01 11:54:44.068  2220  4745 I chatty  : uid=1000(system) Binder:2220_20 expire 1 line
08-01 11:54:44.570  2220  4017 I chatty  : uid=1000(system) Binder:2220_10 expire 1 line
08-01 11:54:44.572  2220  4012 I chatty  : uid=1000(system) Binder:2220_E expire 1 line
08-01 11:54:48.670  2220  2809 I chatty  : uid=1000(system) Binder:2220_6 expire 2 lines
08-01 11:54:58.978  2220  2776 I chatty  : uid=1000(system) Binder:2220_4 expire 2 lines
08-01 11:54:59.261  2220  2384 I chatty  : uid=1000(system) PackageManager expire 50 lines
08-01 11:54:59.361  2220  2344 I chatty  : uid=1000(system) ActivityManager expire 14 lines
08-01 11:54:59.634  2220  4737 I chatty  : uid=1000(system) Binder:2220_19 expire 2 lines
08-01 11:54:59.719  2220  2220 I chatty  : uid=1000 system_server expire 5 lines
08-01 11:54:59.725  2220  3895 I chatty  : uid=1000(system) android.fg expire 1 line
08-01 11:55:00.331  2220  2343 I chatty  : uid=1000(system) android.bg expire 2 lines
08-01 11:55:00.347  2220  2384 I chatty  : uid=1000(system) PackageManager expire 149 lines
08-01 11:55:00.483  2220  2601 I chatty  : uid=1000(system) AccountManagerS expire 1 line
08-01 11:55:00.484  2220  2220 I chatty  : uid=1000 system_server expire 5 lines
08-01 11:55:00.508  2220  3895 I chatty  : uid=1000(system) android.fg expire 1 line
08-01 11:55:00.773  2220  2332 I chatty  : uid=1000(system) android.fg expire 4 lines
08-01 11:55:01.207  2220  2384 I chatty  : uid=1000(system) PackageManager expire 1 line
08-01 11:55:01.228  2220  2601 I chatty  : uid=1000(system) AccountManagerS expire 1 line
08-01 11:55:01.230  2220  2220 I chatty  : uid=1000 system_server expire 23 lines
08-01 11:55:01.244  2220  3895 I chatty  : uid=1000(system) android.fg expire 1 line
08-01 11:55:01.945  2220  2343 I chatty  : uid=1000(system) android.bg expire 1 line
08-01 11:55:02.244  2220  3334 I chatty  : uid=1000(system) Binder:2220_8 expire 1 line
08-01 11:55:02.246  2220  2344 I chatty  : uid=1000(system) ActivityManager expire 22 lines
08-01 11:55:02.265  2220  2345 I chatty  : uid=1000(system) ActivityManager expire 25 lines
08-01 11:55:02.295  2220  3477 I chatty  : uid=1000(system) Binder:2220_9 expire 2 lines
08-01 11:55:02.400  2220  2585 I chatty  : uid=1000(system) Binder:2220_3 expire 5 lines
08-01 11:55:02.425  2220  4741 I chatty  : uid=1000(system) Binder:2220_1D expire 5 lines
08-01 11:55:07.297  2220  4014 I chatty  : uid=1000(system) Binder:2220_F expire 6 lines
08-01 11:55:07.357  2220  4736 I chatty  : uid=1000(system) Binder:2220_18 expire 1 line
08-01 11:55:07.357  2220  2776 I chatty  : uid=1000(system) Binder:2220_4 expire 1 line
08-01 11:55:07.358  2220  2633 I chatty  : uid=1000(system) ConnectivitySer expire 2 lines
08-01 11:55:09.312  2220  4081 I chatty  : uid=1000(system) Binder:2220_13 expire 4 lines
08-01 11:55:09.417  2220  2336 I chatty  : uid=1000(system) android.anim expire 14 lines
08-01 11:55:09.455 19084 19084 E AndroidRuntime: FATAL EXCEPTION: main
08-01 11:55:09.455 19084 19084 E AndroidRuntime: Process: com.github.uiautomator, PID: 19084
08-01 11:55:09.455 19084 19084 E AndroidRuntime: java.lang.RuntimeException: Unable to start activity ComponentInfo{com.github.uiautomator/com.github.uiautomator.ToastActivity}: android.view.WindowManager$BadTokenException: Unable to add window android.view.ViewRootImpl$W@73a0775 -- permission denied for window type 2038
08-01 11:55:09.455 19084 19084 E AndroidRuntime: 	at android.app.ActivityThread.performLaunchActivity(ActivityThread.java:3477)
08-01 11:55:09.455 19084 19084 E AndroidRuntime: 	at android.app.ActivityThread.handleLaunchActivity(ActivityThread.java:3620)
08-01 11:55:09.455 19084 19084 E AndroidRuntime: 	at android.app.servertransaction.LaunchActivityItem.execute(LaunchActivityItem.java:83)
08-01 11:55:09.455 19084 19084 E AndroidRuntime: 	at android.app.servertransaction.TransactionExecutor.executeCallbacks(TransactionExecutor.java:135)
08-01 11:55:09.455 19084 19084 E AndroidRuntime: 	at android.app.servertransaction.TransactionExecutor.execute(TransactionExecutor.java:95)
08-01 11:55:09.455 19084 19084 E AndroidRuntime: 	at android.app.ActivityThread$H.handleMessage(ActivityThread.java:2183)
08-01 11:55:09.455 19084 19084 E AndroidRuntime: 	at android.os.Handler.dispatchMessage(Handler.java:107)
08-01 11:55:09.455 19084 19084 E AndroidRuntime: 	at android.os.Looper.loop(Looper.java:241)
08-01 11:55:09.455 19084 19084 E AndroidRuntime: 	at android.app.ActivityThread.main(ActivityThread.java:7617)
08-01 11:55:09.455 19084 19084 E AndroidRuntime: 	at java.lang.reflect.Method.invoke(Native Method)
08-01 11:55:09.455 19084 19084 E AndroidRuntime: 	at com.android.internal.os.RuntimeInit$MethodAndArgsCaller.run(RuntimeInit.java:492)
08-01 11:55:09.455 19084 19084 E AndroidRuntime: 	at com.android.internal.os.ZygoteInit.main(ZygoteInit.java:941)
08-01 11:55:09.455 19084 19084 E AndroidRuntime: Caused by: android.view.WindowManager$BadTokenException: Unable to add window android.view.ViewRootImpl$W@73a0775 -- permission denied for window type 2038
08-01 11:55:09.455 19084 19084 E AndroidRuntime: 	at android.view.ViewRootImpl.setView(ViewRootImpl.java:959)
08-01 11:55:09.455 19084 19084 E AndroidRuntime: 	at android.view.WindowManagerGlobal.addView(WindowManagerGlobal.java:387)
08-01 11:55:09.455 19084 19084 E AndroidRuntime: 	at android.view.WindowManagerImpl.addView(WindowManagerImpl.java:95)
08-01 11:55:09.455 19084 19084 E AndroidRuntime: 	at com.github.uiautomator.FloatView.show(FloatView.java:109)
08-01 11:55:09.455 19084 19084 E AndroidRuntime: 	at com.github.uiautomator.ToastActivity.onCreate(ToastActivity.java:30)
08-01 11:55:09.455 19084 19084 E AndroidRuntime: 	at android.app.Activity.performCreate(Activity.java:7810)
08-01 11:55:09.455 19084 19084 E AndroidRuntime: 	at android.app.Activity.performCreate(Activity.java:7799)
08-01 11:55:09.455 19084 19084 E AndroidRuntime: 	at android.app.Instrumentation.callActivityOnCreate(Instrumentation.java:1328)
08-01 11:55:09.455 19084 19084 E AndroidRuntime: 	at androidx.test.runner.MonitoringInstrumentation.callActivityOnCreate(MonitoringInstrumentation.java:711)
08-01 11:55:09.455 19084 19084 E AndroidRuntime: 	at android.app.ActivityThread.performLaunchActivity(ActivityThread.java:3452)
08-01 11:55:09.455 19084 19084 E AndroidRuntime: 	... 11 more
08-01 11:55:09.466  2220 19129 I chatty  : uid=1000 system_server expire 1 line
08-01 11:55:09.487  2220  2310 I chatty  : uid=1000(system) Binder:2220_2 expire 13 lines
08-01 11:55:18.086  2220  4733 I chatty  : uid=1000(system) Binder:2220_15 expire 8 lines
08-01 11:55:19.588  2220  2334 I chatty  : uid=1000(system) android.io expire 14 lines
08-01 11:55:19.774  2220  4012 I chatty  : uid=1000(system) Binder:2220_E expire 1 line
08-01 11:55:21.309  2220  2345 I chatty  : uid=1000(system) ActivityManager expire 12 lines
08-01 11:55:21.421  2220  2334 I chatty  : uid=1000(system) android.io expire 4 lines
08-01 11:55:21.468  2220  2220 I chatty  : uid=1000 system_server expire 9 lines
08-01 11:55:21.479  2220  3334 I chatty  : uid=1000(system) Binder:2220_8 expire 2 lines
08-01 11:55:21.524  2220  4737 I chatty  : uid=1000(system) Binder:2220_19 expire 3 lines
08-01 11:55:21.526  2220  2344 I chatty  : uid=1000(system) ActivityManager expire 3 lines
08-01 11:55:21.805  2220  4739 I chatty  : uid=1000(system) Binder:2220_1B expire 2 lines
08-01 11:55:21.807  2220  2585 I chatty  : uid=1000(system) Binder:2220_3 expire 3 lines
08-01 11:55:21.918  2220  4744 I chatty  : uid=1000(system) Binder:2220_1F expire 1 line
08-01 11:55:21.979  2220  4741 I chatty  : uid=1000(system) Binder:2220_1D expire 7 lines
08-01 11:55:22.027 19459 19557 D ActivityThread: Loading provider call_log_shadow: com.android.providers.contacts.ShadowCallLogProvider
08-01 11:55:22.069  2220  2626 I chatty  : uid=1000(system) ClientModeImpl expire 1 line
08-01 11:55:22.088 19459 19459 D ActivityThread: Loading provider contacts;com.android.contacts: com.android.providers.contacts.ContactsProvider2
08-01 11:55:22.240  2220  4733 I chatty  : uid=1000(system) Binder:2220_15 expire 2 lines
08-01 11:55:22.288  2220  2310 I chatty  : uid=1000(system) Binder:2220_2 expire 1 line
08-01 11:55:22.288  2220  2633 I chatty  : uid=1000(system) ConnectivitySer expire 6 lines
08-01 11:55:22.438  2220  2809 I chatty  : uid=1000(system) Binder:2220_6 expire 2 lines
08-01 11:55:23.370  2220  3972 I chatty  : uid=1000(system) Binder:2220_D expire 4 lines
08-01 11:55:23.632  2220  3895 I chatty  : uid=1000(system) android.fg expire 1 line
08-01 11:55:23.640  2220  4014 I chatty  : uid=1000(system) Binder:2220_F expire 1 line
08-01 11:55:23.764  2220  4081 I chatty  : uid=1000(system) Binder:2220_13 expire 1 line
08-01 11:55:23.828  2220  3588 I chatty  : uid=1000(system) Binder:2220_A expire 3 lines
08-01 11:55:24.945  2220  2776 I chatty  : uid=1000(system) Binder:2220_4 expire 11 lines
08-01 11:55:25.055  2220  2333 I chatty  : uid=1000(system) android.ui expire 1 line
08-01 11:55:25.069  2220  4745 I chatty  : uid=1000(system) Binder:2220_20 expire 6 lines
08-01 11:55:25.082  2220  2335 I chatty  : uid=1000(system) android.display expire 4 lines
08-01 11:55:25.097  2220  2336 I chatty  : uid=1000(system) android.anim expire 22 lines
08-01 11:55:25.573  2220  4738 I chatty  : uid=1000(system) Binder:2220_1A expire 2 lines
08-01 11:55:25.688  2220  4017 I chatty  : uid=1000(system) Binder:2220_10 expire 3 lines
08-01 11:55:25.688  2220  4020 I chatty  : uid=1000(system) Binder:2220_12 expire 8 lines
08-01 11:55:29.579  2220  4743 I chatty  : uid=1000(system) Binder:2220_1E expire 8 lines
08-01 11:55:33.395  2220  4740 I chatty  : uid=1000(system) Binder:2220_1C expire 3 lines
08-01 11:55:33.635  2220  2309 I chatty  : uid=1000(system) Binder:2220_1 expire 1 line
08-01 11:55:34.088  2220  2590 D BatteryService: uevent={POWER_SUPPLY_DP_DM=0, POWER_SUPPLY_VOLTAGE_QNOVO=-22, POWER_SUPPLY_VOLTAGE_NOW=4364734, POWER_SUPPLY_SW_JEITA_ENABLED=0, POWER_SUPPLY_HEALTH=Good, POWER_SUPPLY_TECHNOLOGY=Li-ion, POWER_SUPPLY_CHARGER_TEMP_MAX=812, POWER_SUPPLY_FCC_STEPPER_ENABLE=0, SEQNUM=4905, POWER_SUPPLY_INPUT_CURRENT_LIMITED=0, POWER_SUPPLY_STATUS=Full, POWER_SUPPLY_BATTERY_CHARGING_ENABLED=0, POWER_SUPPLY_CURRENT_MAX=3000000, POWER_SUPPLY_CAPACITY=100, DEVPATH=/devices/soc/800f000.qcom,spmi/spmi-0/spmi0-00/800f000.qcom,spmi:qcom,pm660@0:qcom,qpnp-smb2/power_supply/battery, POWER_SUPPLY_CHARGE_DONE=1, POWER_SUPPLY_CHARGE_TYPE=N/A, POWER_SUPPLY_CHARGER_TEMP=345, POWER_SUPPLY_CHARGE_RATE=Normal, POWER_SUPPLY_CURRENT_QNOVO=-22, POWER_SUPPLY_CURRENT_NOW=8300, POWER_SUPPLY_SYSTEM_TEMP_LEVEL=0, POWER_SUPPLY_PRESENT=1, POWER_SUPPLY_PARALLEL_DISABLE=0, SUBSYSTEM=power_supply, POWER_SUPPLY_SET_SHIP_MODE=0, POWER_SUPPLY_TEMP=290, ACTION=change, POWER_SUPPLY_RERUN_AICL=0, POWER_SUPPLY_AGE=100, POWER_SUPPLY_NAME=battery, POWER_SUPPLY_VOLTAGE_MAX=-22, POWER_SUPPLY_CONSTANT_CHARGE_CURRENT_MAX=3000000, POWER_SUPPLY_CHARGE_COUNTER=5011657, POWER_SUPPLY_STEP_CHARGING_ENABLED=0, POWER_SUPPLY_NUM_SYSTEM_TEMP_LEVELS=8, POWER_SUPPLY_DIE_HEALTH=Cool, POWER_SUPPLY_INPUT_SUSPEND=0}
08-01 11:55:34.105  2220  4018 W ActivityManager: Background start not allowed: service Intent { cmp=com.google.android.apps.messaging/.shared.datamodel.action.execution.ActionExecutorImpl$EmptyService } to com.google.android.apps.messaging/.shared.datamodel.action.execution.ActionExecutorImpl$EmptyService from pid=19396 uid=10158 pkg=com.google.android.apps.messaging startFg?=false
08-01 11:55:34.136  2220  2633 D ConnectivityService: releasing NetworkRequest [ TRACK_DEFAULT id=155, [ Capabilities: INTERNET&NOT_RESTRICTED&TRUSTED Uid: 10163] ] (release request)
08-01 11:55:34.139  2220  4588 I ActivityManager: Killing 17598:com.android.settings.intelligence/u0a129 (adj 985): empty #17
08-01 11:55:34.144  2220  4588 I ActivityManager: Killing 19797:com.google.android.webview:sandboxed_process0:org.chromium.content.app.SandboxedProcessService0:0/u0a163i2 (adj 0): isolated not needed
08-01 11:55:34.173  2220  2335 W ActivityManager: setHasOverlayUi called on unknown pid: 17598
08-01 11:55:35.133 20224 20224 W ContextImpl: Calling a method in the system process without a qualified user: android.app.ContextImpl.sendBroadcast:1048 android.content.ContextWrapper.sendBroadcast:448 com.android.settings.bluetooth.DevicePickerFragment.sendDevicePickedIntent:197 com.android.settings.bluetooth.DevicePickerFragment.onDevicePreferenceClick:126 com.android.settings.bluetooth.DeviceListPreferenceFragment.onPreferenceTreeClick:157 
08-01 11:55:35.145  2220  2817 V WindowManager: Changing focus from Window{3cd1c8f u0 com.android.settings/com.android.settings.bluetooth.DevicePickerActivity} to null displayId=0
08-01 11:55:35.184  2220  2309 V WindowManager: Changing focus from null to Window{144055a u0 com.google.android.apps.nbu.files/com.google.android.apps.nbu.files.documentbrowser.filepreview.FilePreviewActivity} displayId=0
08-01 11:55:35.203  2220  2336 I WindowManager: Window drawn AppWindowToken{6ad8350 token=Token{b46e513 ActivityRecord{8737802 u0 com.google.android.apps.nbu.files/.documentbrowser.filepreview.FilePreviewActivity t49}}}
08-01 11:55:35.206  2220  2336 I WindowManager:   SURFACE show Surface(name=com.google.android.apps.nbu.files/com.google.android.apps.nbu.files.documentbrowser.filepreview.FilePreviewActivity)/@0x60140a on display:0: com.google.android.apps.nbu.files/com.google.android.apps.nbu.files.documentbrowser.filepreview.FilePreviewActivity
08-01 11:55:35.213  2220  2336 I WindowManager:   SURFACE show Surface(name=Toast)/@0xcfa0044 on display:0: Toast
08-01 11:55:35.616  2220  2809 I WindowManager: Window drawn AppWindowToken{9ccf401 token=Token{109d5e8 ActivityRecord{15d030b u0 com.android.settings/.bluetooth.DevicePickerActivity t49}}}
08-01 11:55:35.716  2220  2345 I ActivityManager: Start proc 20270:com.google.android.projection.gearhead:shared/u0a101 for broadcast {com.google.android.projection.gearhead/com.google.android.apps.auto.wireless.bluetooth.WifiBluetoothReceiver}
08-01 11:55:35.947  2220  3334 I ActivityManager: Killing 18604:com.google.android.youtube/u0a159 (adj 985): empty #17
08-01 11:55:35.982  2220  4018 D ConnectivityService: ConnectivityService NetworkRequestInfo binderDied(NetworkRequest [ TRACK_DEFAULT id=148, [ Capabilities: INTERNET&NOT_RESTRICTED&TRUSTED Uid: 10159] ], android.os.BinderProxy@e806635)
08-01 11:55:35.982  2220  2809 D ConnectivityService: ConnectivityService NetworkRequestInfo binderDied(NetworkRequest [ LISTEN id=147, [ Capabilities: INTERNET&NOT_RESTRICTED&TRUSTED&FOREGROUND Uid: 10159] ], android.os.BinderProxy@dcddaca)
08-01 11:55:35.982  2220  3334 D ConnectivityService: ConnectivityService NetworkRequestInfo binderDied(NetworkRequest [ TRACK_DEFAULT id=146, [ Capabilities: INTERNET&NOT_RESTRICTED&TRUSTED Uid: 10159] ], android.os.BinderProxy@b8be43b)
08-01 11:55:35.983  2220  2633 D ConnectivityService: releasing NetworkRequest [ TRACK_DEFAULT id=148, [ Capabilities: INTERNET&NOT_RESTRICTED&TRUSTED Uid: 10159] ] (release request)
08-01 11:55:35.983  2220  2633 D ConnectivityService: releasing NetworkRequest [ TRACK_DEFAULT id=146, [ Capabilities: INTERNET&NOT_RESTRICTED&TRUSTED Uid: 10159] ] (release request)
08-01 11:55:36.053  2220  2345 I ActivityManager: Start proc 20313:com.google.android.projection.gearhead:car/u0a101 for broadcast {com.google.android.projection.gearhead/com.google.android.apps.auto.carservice.gmscorecompat.CarBluetoothReceiver}
08-01 11:55:36.529  2220  4737 I WindowManager:   SURFACE SIZE set 1080x2246 on display:0: StatusBar
08-01 11:55:36.595  2220  4737 I ActivityManager: Killing 17310:com.motorola.dolby.dolbyui/u0a98 (adj 985): empty #17
08-01 11:55:36.634  2220  2345 I ActivityManager: Start proc 20353:com.google.android.gms:car/u0a110 for service {com.google.android.gms/com.google.android.gms.car.CarService}
08-01 11:55:37.179  2220  2809 W NotificationService: Toast already killed. pkg=com.android.bluetooth callback=android.app.ITransientNotification$Stub$Proxy@d7d43f4
08-01 11:55:37.190  2220  4738 W ActivityManager: Unable to start service Intent { act=local_action cmp=com.google.android.gms/.car.InCallService2 } U=0: not found
08-01 11:55:37.244  2220  4738 I ActivityManager: Killing 19383:org.videolan.vlc/u0a191 (adj 985): empty #17
08-01 11:55:38.667  2220  2335 W WindowManager: Unable to start animation, surface is null or no children.
08-01 11:55:39.362  2220  4745 I ActivityManager: Killing 19191:com.motorola.coresettingsext/u0a61 (adj 975): empty #17
08-01 11:55:42.682  2220  3588 I WindowManager:   SURFACE SIZE set 1080x86 on display:0: StatusBar
08-01 11:55:43.512  2220  2343 I ActivityManager: Killing 19459:android.process.acore/u0a53 (adj 985): empty #17
08-01 11:55:48.167  2220  2220 W WindowManager: removeWindowToken: Attempted to remove non-existing token: android.os.Binder@519f302
08-01 11:55:49.736  2220  3588 I ActivityManager: Killing 19396:com.google.android.apps.messaging/u0a158 (adj 985): empty #17
08-01 11:55:49.789  2220  3588 D ConnectivityService: ConnectivityService NetworkRequestInfo binderDied(NetworkRequest [ TRACK_DEFAULT id=159, [ Capabilities: INTERNET&NOT_RESTRICTED&TRUSTED Uid: 10158] ], android.os.BinderProxy@ce022d0)
08-01 11:55:49.789  2220  2809 D ConnectivityService: ConnectivityService NetworkRequestInfo binderDied(NetworkRequest [ LISTEN id=160, [ Capabilities: INTERNET&NOT_RESTRICTED&TRUSTED Uid: 10158] ], android.os.BinderProxy@92a5293)
08-01 11:55:49.789  2220  2809 D ConnectivityService: ConnectivityService NetworkRequestInfo binderDied(NetworkRequest [ TRACK_DEFAULT id=158, [ Capabilities: INTERNET&NOT_RESTRICTED&TRUSTED Uid: 10158] ], android.os.BinderProxy@2ea62c9)
08-01 11:55:49.791  2220  2633 D ConnectivityService: releasing NetworkRequest [ TRACK_DEFAULT id=158, [ Capabilities: INTERNET&NOT_RESTRICTED&TRUSTED Uid: 10158] ] (release request)
08-01 11:55:49.794  2220  2633 D ConnectivityService: releasing NetworkRequest [ TRACK_DEFAULT id=159, [ Capabilities: INTERNET&NOT_RESTRICTED&TRUSTED Uid: 10158] ] (release request)
08-01 11:55:55.705  2220  2345 I ActivityManager: Start proc 20480:com.motorola.dolby.dolbyui/u0a98 for service {com.motorola.dolby.dolbyui/com.motorola.dolby.dolbyui.AudioEffectTileService}
08-01 11:55:55.707  2220  4739 I WindowManager:   SURFACE SIZE set 1080x2246 on display:0: StatusBar
08-01 11:55:55.731  2220  4735 V WindowManager: Changing focus from Window{144055a u0 com.google.android.apps.nbu.files/com.google.android.apps.nbu.files.documentbrowser.filepreview.FilePreviewActivity} to Window{cfadc13 u0 StatusBar} displayId=0
08-01 11:56:01.616  2220  2309 I ActivityManager: Killing 19341:com.google.android.apps.youtube.music/u0a194 (adj 985): empty #17
08-01 11:56:01.726  2220  4735 D ConnectivityService: ConnectivityService NetworkRequestInfo binderDied(NetworkRequest [ TRACK_DEFAULT id=151, [ Capabilities: INTERNET&NOT_RESTRICTED&TRUSTED Uid: 10194] ], android.os.BinderProxy@2565db3)
08-01 11:56:01.726  2220  2809 D ConnectivityService: ConnectivityService NetworkRequestInfo binderDied(NetworkRequest [ LISTEN id=152, [ Capabilities: INTERNET&NOT_RESTRICTED&TRUSTED&FOREGROUND Uid: 10194] ], android.os.BinderProxy@e8ef22)
08-01 11:56:01.726  2220  4020 D ConnectivityService: ConnectivityService NetworkRequestInfo binderDied(NetworkRequest [ TRACK_DEFAULT id=154, [ Capabilities: INTERNET&NOT_RESTRICTED&TRUSTED Uid: 10194] ], android.os.BinderProxy@ac49f70)
08-01 11:56:01.726  2220  2777 D ConnectivityService: ConnectivityService NetworkRequestInfo binderDied(NetworkRequest [ TRACK_DEFAULT id=150, [ Capabilities: INTERNET&NOT_RESTRICTED&TRUSTED Uid: 10194] ], android.os.BinderProxy@eec32e9)
08-01 11:56:01.726  2220  2633 D ConnectivityService: releasing NetworkRequest [ TRACK_DEFAULT id=154, [ Capabilities: INTERNET&NOT_RESTRICTED&TRUSTED Uid: 10194] ] (release request)
08-01 11:56:01.727  2220  2633 D ConnectivityService: releasing NetworkRequest [ TRACK_DEFAULT id=150, [ Capabilities: INTERNET&NOT_RESTRICTED&TRUSTED Uid: 10194] ] (release request)
08-01 11:56:01.741  2220  2633 D ConnectivityService: releasing NetworkRequest [ TRACK_DEFAULT id=151, [ Capabilities: INTERNET&NOT_RESTRICTED&TRUSTED Uid: 10194] ] (release request)
08-01 11:56:05.771  2220  2336 I WindowManager:   SURFACE show Surface(name=Toast)/@0x22b4d06 on display:0: Toast
08-01 11:56:07.748  2220  4014 W NotificationService: Toast already killed. pkg=com.android.bluetooth callback=android.app.ITransientNotification$Stub$Proxy@a99a2ea
08-01 11:56:09.228  2220  2335 W WindowManager: Unable to start animation, surface is null or no children.
08-01 11:56:18.745  2220  2220 W WindowManager: removeWindowToken: Attempted to remove non-existing token: android.os.Binder@c80a62e
08-01 11:56:24.637  2220  4014 V WindowManager: Changing focus from Window{cfadc13 u0 StatusBar} to Window{144055a u0 com.google.android.apps.nbu.files/com.google.android.apps.nbu.files.documentbrowser.filepreview.FilePreviewActivity} displayId=0
08-01 11:56:24.658  2220  4014 I WindowManager:   SURFACE SIZE set 1080x86 on display:0: StatusBar
08-01 11:56:34.466  2220  2590 D BatteryService: uevent={POWER_SUPPLY_DP_DM=0, POWER_SUPPLY_VOLTAGE_QNOVO=-22, POWER_SUPPLY_VOLTAGE_NOW=4364734, POWER_SUPPLY_SW_JEITA_ENABLED=0, POWER_SUPPLY_HEALTH=Good, POWER_SUPPLY_TECHNOLOGY=Li-ion, POWER_SUPPLY_CHARGER_TEMP_MAX=812, POWER_SUPPLY_FCC_STEPPER_ENABLE=0, SEQNUM=4906, POWER_SUPPLY_INPUT_CURRENT_LIMITED=0, POWER_SUPPLY_STATUS=Full, POWER_SUPPLY_BATTERY_CHARGING_ENABLED=0, POWER_SUPPLY_CURRENT_MAX=3000000, POWER_SUPPLY_CAPACITY=100, DEVPATH=/devices/soc/800f000.qcom,spmi/spmi-0/spmi0-00/800f000.qcom,spmi:qcom,pm660@0:qcom,qpnp-smb2/power_supply/battery, POWER_SUPPLY_CHARGE_DONE=1, POWER_SUPPLY_CHARGE_TYPE=N/A, POWER_SUPPLY_CHARGER_TEMP=318, POWER_SUPPLY_CHARGE_RATE=Normal, POWER_SUPPLY_CURRENT_QNOVO=-22, POWER_SUPPLY_CURRENT_NOW=3417, POWER_SUPPLY_SYSTEM_TEMP_LEVEL=0, POWER_SUPPLY_PRESENT=1, POWER_SUPPLY_PARALLEL_DISABLE=0, SUBSYSTEM=power_supply, POWER_SUPPLY_SET_SHIP_MODE=0, POWER_SUPPLY_TEMP=290, ACTION=change, POWER_SUPPLY_RERUN_AICL=0, POWER_SUPPLY_AGE=100, POWER_SUPPLY_NAME=battery, POWER_SUPPLY_VOLTAGE_MAX=-22, POWER_SUPPLY_CONSTANT_CHARGE_CURRENT_MAX=3000000, POWER_SUPPLY_CHARGE_COUNTER=5011617, POWER_SUPPLY_STEP_CHARGING_ENABLED=0, POWER_SUPPLY_NUM_SYSTEM_TEMP_LEVELS=8, POWER_SUPPLY_DIE_HEALTH=Cool, POWER_SUPPLY_INPUT_SUSPEND=0}
08-01 11:56:44.894  2220  4741 I ActivityTaskManager: START u0 {act=android.intent.action.MAIN cat=[android.intent.category.HOME] flg=0x10000000 cmp=com.motorola.launcher3/com.android.a1launcher.AndroidOneLauncher (has extras)} from uid 10107
08-01 11:56:44.899  2220  4741 V WindowManager: Changing focus from Window{144055a u0 com.google.android.apps.nbu.files/com.google.android.apps.nbu.files.documentbrowser.filepreview.FilePreviewActivity} to null displayId=0
08-01 11:56:44.935  2220  4014 V WindowManager: Changing focus from null to Window{2b77e65 u0 com.motorola.launcher3/com.android.a1launcher.AndroidOneLauncher} displayId=0
08-01 11:56:44.950  2220  2336 I WindowManager:   SURFACE show Surface(name=com.android.systemui.ImageWallpaper)/@0xe08ac94 on display:0: com.android.systemui.ImageWallpaper
08-01 11:56:44.953  2220  2336 I LaunchCheckinHandler: Displayed com.motorola.launcher3/com.android.a1launcher.AndroidOneLauncher,wp,wa,59
08-01 11:56:44.953  2220  2336 I WindowManager: Window drawn AppWindowToken{3a2bed2 token=Token{299b55d ActivityRecord{2cd9334 u0 com.motorola.launcher3/com.android.a1launcher.AndroidOneLauncher t2}}}
08-01 11:56:44.965  2220  2336 I WindowManager:   SURFACE show Surface(name=com.motorola.launcher3/com.android.a1launcher.AndroidOneLauncher)/@0xf04898f on display:0: com.motorola.launcher3/com.android.a1launcher.AndroidOneLauncher
08-01 11:56:45.010  2220  2336 I WindowManager:   SURFACE show Surface(name=com.motorola.launcher3/com.android.a1launcher.AndroidOneLauncher)/@0x3a149aa on display:0: com.motorola.launcher3/com.android.a1launcher.AndroidOneLauncher
08-01 11:56:45.275  2220  2809 I WindowManager: Window drawn AppWindowToken{6ad8350 token=Token{b46e513 ActivityRecord{8737802 u0 com.google.android.apps.nbu.files/.documentbrowser.filepreview.FilePreviewActivity t49}}}
08-01 11:56:45.998  2220  2335 I ActivityManager: Killing 19305:com.alphainventor.filemanager/u0a177 (adj 985): empty #17
08-01 11:56:45.998  2220  2335 I ActivityManager: Killing 19213:com.android.printspooler/u0a94 (adj 985): empty #18
08-01 11:56:45.999  2220  2335 I ActivityManager: Killing 19996:com.google.android.apps.nbu.files/u0a136 (adj 905): remove task
08-01 11:56:46.063  2220  3590 I WindowManager: WIN DEATH: Window{435c81c u0 com.google.android.apps.nbu.files/com.google.android.apps.nbu.files.documentbrowser.filebrowser.FileBrowserRegularActivity}
08-01 11:56:46.065  2220  4738 I WindowManager: WIN DEATH: Window{154e91d u0 com.google.android.apps.nbu.files/com.google.android.apps.nbu.files.home.HomeActivity}
08-01 11:56:46.067  2220  2817 I WindowManager: WIN DEATH: Window{144055a u0 com.google.android.apps.nbu.files/com.google.android.apps.nbu.files.documentbrowser.filepreview.FilePreviewActivity}
08-01 11:56:46.079  2220  2335 W ActivityManager: setHasOverlayUi called on unknown pid: 19996
08-01 11:57:34.840  2220  2590 D BatteryService: uevent={POWER_SUPPLY_DP_DM=0, POWER_SUPPLY_VOLTAGE_QNOVO=-22, POWER_SUPPLY_VOLTAGE_NOW=4364734, POWER_SUPPLY_SW_JEITA_ENABLED=0, POWER_SUPPLY_HEALTH=Good, POWER_SUPPLY_TECHNOLOGY=Li-ion, POWER_SUPPLY_CHARGER_TEMP_MAX=812, POWER_SUPPLY_FCC_STEPPER_ENABLE=0, SEQNUM=4907, POWER_SUPPLY_INPUT_CURRENT_LIMITED=0, POWER_SUPPLY_STATUS=Full, POWER_SUPPLY_BATTERY_CHARGING_ENABLED=0, POWER_SUPPLY_CURRENT_MAX=3000000, POWER_SUPPLY_CAPACITY=100, DEVPATH=/devices/soc/800f000.qcom,spmi/spmi-0/spmi0-00/800f000.qcom,spmi:qcom,pm660@0:qcom,qpnp-smb2/power_supply/battery, POWER_SUPPLY_CHARGE_DONE=1, POWER_SUPPLY_CHARGE_TYPE=N/A, POWER_SUPPLY_CHARGER_TEMP=314, POWER_SUPPLY_CHARGE_RATE=Normal, POWER_SUPPLY_CURRENT_QNOVO=-22, POWER_SUPPLY_CURRENT_NOW=976, POWER_SUPPLY_SYSTEM_TEMP_LEVEL=0, POWER_SUPPLY_PRESENT=1, POWER_SUPPLY_PARALLEL_DISABLE=0, SUBSYSTEM=power_supply, POWER_SUPPLY_SET_SHIP_MODE=0, POWER_SUPPLY_TEMP=290, ACTION=change, POWER_SUPPLY_RERUN_AICL=0, POWER_SUPPLY_AGE=100, POWER_SUPPLY_NAME=battery, POWER_SUPPLY_VOLTAGE_MAX=-22, POWER_SUPPLY_CONSTANT_CHARGE_CURRENT_MAX=3000000, POWER_SUPPLY_CHARGE_COUNTER=5011562, POWER_SUPPLY_STEP_CHARGING_ENABLED=0, POWER_SUPPLY_NUM_SYSTEM_TEMP_LEVELS=8, POWER_SUPPLY_DIE_HEALTH=Cool, POWER_SUPPLY_INPUT_SUSPEND=0}
08-01 11:57:38.633  2220  2373 V DisplayPowerController: Brightness [10] reason changing to: 'manual [ dim ]', previous reason: 'manual'.
08-01 11:57:51.783  2220  2345 I ActivityManager: Start proc 20646:com.motorola.android.provisioning/u0a54 for broadcast {com.motorola.android.provisioning/com.motorola.android.provisioning.MsgReceiver}
08-01 11:57:51.810  2220  2345 I ActivityManager: Start proc 20663:com.google.android.apps.messaging/u0a158 for service {com.google.android.apps.messaging/com.google.android.apps.messaging.shared.datamodel.action.execution.ActionJobService}
08-01 11:57:51.948  2220  4012 I ActivityManager: Killing 19919:com.android.chrome/u0a156 (adj 985): empty #17
08-01 11:57:52.066  2220  4012 W ActivityManager: Background start not allowed: service Intent { cmp=com.google.android.apps.messaging/.shared.datamodel.action.execution.ActionExecutorImpl$EmptyService } to com.google.android.apps.messaging/.shared.datamodel.action.execution.ActionExecutorImpl$EmptyService from pid=20663 uid=10158 pkg=com.google.android.apps.messaging startFg?=false
08-01 11:57:52.129  2220  3334 I ActivityManager: Killing 19949:com.android.documentsui/u0a60 (adj 975): empty #17
08-01 11:57:54.664  2220  2626 E NotificationService: Suppressing notification from package by user request.
08-01 11:57:57.702  2220  4588 D ConnectivityService: requestNetwork for uid/pid:10158/20663 NetworkRequest [ TRACK_DEFAULT id=162, [ Capabilities: INTERNET&NOT_RESTRICTED&TRUSTED Uid: 10158] ]
08-01 11:57:57.762  2220  2817 D ConnectivityService: requestNetwork for uid/pid:10158/20663 NetworkRequest [ TRACK_DEFAULT id=163, [ Capabilities: INTERNET&NOT_RESTRICTED&TRUSTED Uid: 10158] ]
08-01 11:58:03.305  2220  4588 W ActivityManager: Background start not allowed: service Intent { cmp=com.google.android.apps.messaging/.shared.datamodel.action.execution.ActionExecutorImpl$EmptyService } to com.google.android.apps.messaging/.shared.datamodel.action.execution.ActionExecutorImpl$EmptyService from pid=20663 uid=10158 pkg=com.google.android.apps.messaging startFg?=false
08-01 11:58:03.312  2220  4588 I chatty  : uid=1000(system) Binder:2220_14 identical 1 line
08-01 11:58:03.793  2220  4588 W ActivityManager: Background start not allowed: service Intent { cmp=com.google.android.apps.messaging/.shared.datamodel.action.execution.ActionExecutorImpl$EmptyService } to com.google.android.apps.messaging/.shared.datamodel.action.execution.ActionExecutorImpl$EmptyService from pid=20663 uid=10158 pkg=com.google.android.apps.messaging startFg?=false
08-01 11:58:09.824  2220  2345 I ActivityManager: Start proc 20752:com.google.android.configupdater/u0a118 for broadcast {com.google.android.configupdater/com.google.android.configupdater.PhenotypeBroadcastReceiver}
08-01 11:58:09.857  2220  2345 W ActivityManager: Slow operation: 52ms so far, now at startProcess: returned from zygote!
08-01 11:58:09.858  2220  2345 W ActivityManager: Slow operation: 53ms so far, now at startProcess: done updating battery stats
08-01 11:58:09.858  2220  2345 W ActivityManager: Slow operation: 53ms so far, now at startProcess: building log message
08-01 11:58:09.858  2220  2345 I ActivityManager: Start proc 20768:com.antutu.ABenchMark:push/u0a183 for service {com.antutu.ABenchMark/com.antutu.benchmark.service.JobSchedulerService}
08-01 11:58:09.858  2220  2345 W ActivityManager: Slow operation: 53ms so far, now at startProcess: starting to update pids map
08-01 11:58:09.858  2220  2345 W ActivityManager: Slow operation: 53ms so far, now at startProcess: done updating pids map
08-01 11:58:09.869  2220  4588 W ActivityManager: Stopping service due to app idle: u0a183 -5m1s572ms com.antutu.ABenchMark/com.antutu.benchmark.service.BenchmarkMainService
08-01 11:58:10.092  2220  2345 I ActivityManager: Start proc 20796:com.antutu.ABenchMark/u0a183 for service {com.antutu.ABenchMark/com.antutu.benchmark.service.BenchmarkMainService}
08-01 11:58:10.291 20796 20824 E AndroidRuntime: FATAL EXCEPTION: Thread-3
08-01 11:58:10.291 20796 20824 E AndroidRuntime: Process: com.antutu.ABenchMark, PID: 20796
08-01 11:58:10.291 20796 20824 E AndroidRuntime: java.lang.NullPointerException: Attempt to invoke virtual method 'void android.content.ContentValues.putAll(android.content.ContentValues)' on a null object reference
08-01 11:58:10.291 20796 20824 E AndroidRuntime: 	at daozi-b.ij0.b(DataParseHandler.java:1)
08-01 11:58:10.291 20796 20824 E AndroidRuntime: 	at daozi-b.zi0.G(InfocSDK.java:9)
08-01 11:58:10.291 20796 20824 E AndroidRuntime: 	at daozi-b.aj0.L(InfocUtil.java:6)
08-01 11:58:10.291 20796 20824 E AndroidRuntime: 	at daozi-b.aj0.K(InfocUtil.java:5)
08-01 11:58:10.291 20796 20824 E AndroidRuntime: 	at daozi-b.aj0.q(InfocUtil.java:6)
08-01 11:58:10.291 20796 20824 E AndroidRuntime: 	at com.antutu.benchmark.service.BenchmarkMainService$f.e(BenchmarkMainService.java:4)
08-01 11:58:10.291 20796 20824 E AndroidRuntime: 	at daozi-b.k80.run(Unknown Source:2)
08-01 11:58:10.291 20796 20824 E AndroidRuntime: 	at java.lang.Thread.run(Thread.java:919)
08-01 11:58:10.297  2220 20826 I DropBoxManagerService: add tag=data_app_crash isTagEnabled=true flags=0x2
08-01 11:58:10.306  2220  2333 I ActivityManager: Showing crash dialog for package com.antutu.ABenchMark u0
08-01 11:58:10.315  2220  2344 W BroadcastQueue: Background execution not allowed: receiving Intent { act=android.intent.action.DROPBOX_ENTRY_ADDED flg=0x10 (has extras) } to com.google.android.gms/.stats.service.DropBoxEntryAddedReceiver
08-01 11:58:10.315  2220  2344 W BroadcastQueue: Background execution not allowed: receiving Intent { act=android.intent.action.DROPBOX_ENTRY_ADDED flg=0x10 (has extras) } to com.google.android.gms/.chimera.GmsIntentOperationService$PersistentTrustedReceiver
08-01 11:58:10.344  2220  2333 V WindowManager: Changing focus from Window{2b77e65 u0 com.motorola.launcher3/com.android.a1launcher.AndroidOneLauncher} to Window{f5fe569 u0 Application Error: com.antutu.ABenchMark} displayId=0
08-01 11:58:10.424  2220  2336 I WindowManager:   SURFACE show Surface(name=Application Error: com.antutu.ABenchMark)/@0x6752c11 on display:0: Application Error: com.antutu.ABenchMark
08-01 11:58:10.432  2220  3334 I ActivityManager: Process com.antutu.ABenchMark (pid 20796) has died: prcp FGS 
08-01 11:58:10.433  2220  3334 W ActivityManager: Scheduling restart of crashed service com.antutu.ABenchMark/com.antutu.benchmark.service.BenchmarkMainService in 1000ms
08-01 11:58:10.435  2220  4588 W ActivityManager: Ignoring remove of inactive process: ProcessRecord{b6f784d 0:com.antutu.ABenchMark/u0a183}
08-01 11:58:10.447  2220  2333 V WindowManager: Changing focus from Window{f5fe569 u0 Application Error: com.antutu.ABenchMark EXITING} to Window{2b77e65 u0 com.motorola.launcher3/com.android.a1launcher.AndroidOneLauncher} displayId=0
08-01 11:58:11.479  2220  2345 I ActivityManager: Start proc 20837:com.antutu.ABenchMark/u0a183 for service {com.antutu.ABenchMark/com.antutu.benchmark.service.BenchmarkMainService}
08-01 11:58:11.735 20837 20859 E AndroidRuntime: FATAL EXCEPTION: Thread-3
08-01 11:58:11.735 20837 20859 E AndroidRuntime: Process: com.antutu.ABenchMark, PID: 20837
08-01 11:58:11.735 20837 20859 E AndroidRuntime: java.lang.NullPointerException: Attempt to invoke virtual method 'void android.content.ContentValues.putAll(android.content.ContentValues)' on a null object reference
08-01 11:58:11.735 20837 20859 E AndroidRuntime: 	at daozi-b.ij0.b(DataParseHandler.java:1)
08-01 11:58:11.735 20837 20859 E AndroidRuntime: 	at daozi-b.zi0.G(InfocSDK.java:9)
08-01 11:58:11.735 20837 20859 E AndroidRuntime: 	at daozi-b.aj0.L(InfocUtil.java:6)
08-01 11:58:11.735 20837 20859 E AndroidRuntime: 	at daozi-b.aj0.K(InfocUtil.java:5)
08-01 11:58:11.735 20837 20859 E AndroidRuntime: 	at daozi-b.aj0.q(InfocUtil.java:6)
08-01 11:58:11.735 20837 20859 E AndroidRuntime: 	at com.antutu.benchmark.service.BenchmarkMainService$f.e(BenchmarkMainService.java:4)
08-01 11:58:11.735 20837 20859 E AndroidRuntime: 	at daozi-b.k80.run(Unknown Source:2)
08-01 11:58:11.735 20837 20859 E AndroidRuntime: 	at java.lang.Thread.run(Thread.java:919)
08-01 11:58:11.742  2220  2333 I ActivityManager: Showing crash dialog for package com.antutu.ABenchMark u0
08-01 11:58:11.761  2220 20860 I DropBoxManagerService: add tag=data_app_crash isTagEnabled=true flags=0x2
08-01 11:58:11.769  2220  2333 V WindowManager: Changing focus from Window{2b77e65 u0 com.motorola.launcher3/com.android.a1launcher.AndroidOneLauncher} to Window{3b6ffba u0 Application Error: com.antutu.ABenchMark} displayId=0
08-01 11:58:11.782  2220  2344 W BroadcastQueue: Background execution not allowed: receiving Intent { act=android.intent.action.DROPBOX_ENTRY_ADDED flg=0x10 (has extras) } to com.google.android.gms/.stats.service.DropBoxEntryAddedReceiver
08-01 11:58:11.782  2220  2344 W BroadcastQueue: Background execution not allowed: receiving Intent { act=android.intent.action.DROPBOX_ENTRY_ADDED flg=0x10 (has extras) } to com.google.android.gms/.chimera.GmsIntentOperationService$PersistentTrustedReceiver
08-01 11:58:11.878  2220  2333 W Looper  : Slow dispatch took 105ms android.ui h=android.view.Choreographer$FrameHandler c=android.view.Choreographer$FrameDisplayEventReceiver@7ba7a45 m=0
08-01 11:58:11.883  2220  2336 I WindowManager:   SURFACE show Surface(name=Application Error: com.antutu.ABenchMark)/@0x3663436 on display:0: Application Error: com.antutu.ABenchMark
08-01 11:58:11.887  2220  3590 I ActivityManager: Process com.antutu.ABenchMark (pid 20837) has died: prcp FGS 
08-01 11:58:11.888  2220  3590 W ActivityManager: Scheduling restart of crashed service com.antutu.ABenchMark/com.antutu.benchmark.service.BenchmarkMainService in 1800000ms
08-01 11:58:11.895  2220  3334 W ActivityManager: Ignoring remove of inactive process: ProcessRecord{1595dc2 0:com.antutu.ABenchMark/u0a183}
08-01 11:58:11.898  2220  2333 V WindowManager: Changing focus from Window{3b6ffba u0 Application Error: com.antutu.ABenchMark EXITING} to Window{2b77e65 u0 com.motorola.launcher3/com.android.a1launcher.AndroidOneLauncher} displayId=0
08-01 11:58:18.867  2220  4740 I ActivityManager: Killing 17027:com.google.android.apps.photos/u0a148 (adj 985): empty #17
08-01 11:58:18.922  2220  2817 I ActivityManager: Killing 17354:com.google.android.permissioncontroller/u0a49 (adj 985): empty #17
08-01 11:58:18.951  2220  2335 W ActivityManager: setHasOverlayUi called on unknown pid: 17354
08-01 11:58:35.160  2220  2590 D BatteryService: uevent={POWER_SUPPLY_DP_DM=0, POWER_SUPPLY_VOLTAGE_QNOVO=-22, POWER_SUPPLY_VOLTAGE_NOW=4364002, POWER_SUPPLY_SW_JEITA_ENABLED=0, POWER_SUPPLY_HEALTH=Good, POWER_SUPPLY_TECHNOLOGY=Li-ion, POWER_SUPPLY_CHARGER_TEMP_MAX=812, POWER_SUPPLY_FCC_STEPPER_ENABLE=0, SEQNUM=4908, POWER_SUPPLY_INPUT_CURRENT_LIMITED=0, POWER_SUPPLY_STATUS=Full, POWER_SUPPLY_BATTERY_CHARGING_ENABLED=0, POWER_SUPPLY_CURRENT_MAX=3000000, POWER_SUPPLY_CAPACITY=100, DEVPATH=/devices/soc/800f000.qcom,spmi/spmi-0/spmi0-00/800f000.qcom,spmi:qcom,pm660@0:qcom,qpnp-smb2/power_supply/battery, POWER_SUPPLY_CHARGE_DONE=1, POWER_SUPPLY_CHARGE_TYPE=N/A, POWER_SUPPLY_CHARGER_TEMP=323, POWER_SUPPLY_CHARGE_RATE=Normal, POWER_SUPPLY_CURRENT_QNOVO=-22, POWER_SUPPLY_CURRENT_NOW=3417, POWER_SUPPLY_SYSTEM_TEMP_LEVEL=0, POWER_SUPPLY_PRESENT=1, POWER_SUPPLY_PARALLEL_DISABLE=0, SUBSYSTEM=power_supply, POWER_SUPPLY_SET_SHIP_MODE=0, POWER_SUPPLY_TEMP=290, ACTION=change, POWER_SUPPLY_RERUN_AICL=0, POWER_SUPPLY_AGE=100, POWER_SUPPLY_NAME=battery, POWER_SUPPLY_VOLTAGE_MAX=-22, POWER_SUPPLY_CONSTANT_CHARGE_CURRENT_MAX=3000000, POWER_SUPPLY_CHARGE_COUNTER=5011499, POWER_SUPPLY_STEP_CHARGING_ENABLED=0, POWER_SUPPLY_NUM_SYSTEM_TEMP_LEVELS=8, POWER_SUPPLY_DIE_HEALTH=Cool, POWER_SUPPLY_INPUT_SUSPEND=0}
08-01 11:58:39.230  2220  2345 I ActivityManager: Start proc 20900:com.android.vending/u0a104 for service {com.android.vending/com.google.android.finsky.scheduler.process.mainimpl.PhoneskyJobServiceMain}
08-01 11:58:39.947  2220  2809 D ConnectivityService: requestNetwork for uid/pid:10104/20900 NetworkRequest [ TRACK_DEFAULT id=165, [ Capabilities: INTERNET&NOT_RESTRICTED&TRUSTED Uid: 10104] ]
08-01 11:58:40.090  2220  2345 I ActivityManager: Start proc 20968:com.google.process.gapps/u0a110 for content provider {com.google.android.gsf/com.google.android.gsf.settings.GoogleSettingsProvider}
