08-01 12:14:39.263 24379 24437 I TTS.VoiceDataDownloader: Adding pack en-us-x-hol-wavernn-r19 to superpack.
08-01 12:14:39.263 24379 24437 I TTS.VoiceDataDownloader: Getting pack name en-us-x-jmp-r19
08-01 12:14:39.263 24379 24437 I TTS.VoiceDataDownloader: Adding pack en-us-x-jmp-r19 to superpack.
08-01 12:14:39.263 24379 24437 I TTS.VoiceDataDownloader: Getting pack name en-us-x-jmp-wavernn-r19
08-01 12:14:39.263 24379 24437 I TTS.VoiceDataDownloader: Adding pack en-us-x-jmp-wavernn-r19 to superpack.
08-01 12:14:39.263 24379 24437 I TTS.VoiceDataDownloader: Getting pack name en-us-x-iod-r19
08-01 12:14:39.263 24379 24437 I TTS.VoiceDataDownloader: Adding pack en-us-x-iod-r19 to superpack.
08-01 12:14:39.263 24379 24437 I TTS.VoiceDataDownloader: Getting pack name en-us-x-iof-r19
08-01 12:14:39.263 24379 24437 I TTS.VoiceDataDownloader: Adding pack en-us-x-iof-r19 to superpack.
08-01 12:14:39.263 24379 24437 I TTS.VoiceDataDownloader: Getting pack name en-us-x-ioh-r19
08-01 12:14:39.263 24379 24437 I TTS.VoiceDataDownloader: Adding pack en-us-x-ioh-r19 to superpack.
08-01 12:14:39.263 24379 24437 I TTS.VoiceDataDownloader: Getting pack name en-us-x-ioj-r19
08-01 12:14:39.263 24379 24437 I TTS.VoiceDataDownloader: Adding pack en-us-x-ioj-r19 to superpack.
08-01 12:14:39.263 24379 24437 I TTS.VoiceDataDownloader: Getting pack name en-us-x-tme-r19
08-01 12:14:39.264 24379 24437 I TTS.VoiceDataDownloader: Adding pack en-us-x-tme-r19 to superpack.
08-01 12:14:39.264 24379 24437 I TTS.VoiceDataDownloader: Getting pack name en-us-x-tpd-r19
08-01 12:14:39.264 24379 24437 I TTS.VoiceDataDownloader: Adding pack en-us-x-tpd-r19 to superpack.
08-01 12:14:39.264 24379 24437 I TTS.VoiceDataDownloader: Getting pack name en-us-x-afh-r19
08-01 12:14:39.264 24379 24437 I TTS.VoiceDataDownloader: Adding pack en-us-x-afh-r19 to superpack.
08-01 12:14:39.264 24379 24437 I TTS.VoiceDataDownloader: Getting pack name en-us-x-fis-r19
08-01 12:14:39.264 24379 24437 I TTS.VoiceDataDownloader: Adding pack en-us-x-fis-r19 to superpack.
08-01 12:14:39.264 24379 24437 I TTS.VoiceDataDownloader: Syncing superpack en-us
08-01 12:14:39.284  3237 23048 W GetToken: [GetToken]GetToken failed with status code: BadAuthentication
08-01 12:14:39.289 24379 24440 I SP      : Syncing en-us (19) with slices: [{en-us-x-sfg-r19, m:*}, {en-us-x-hol-r19, m:*}, {en-us-x-jmp-r19, m:*}, {en-us-x-iod-r19, m:*}, {en-us-x-iof-r19, m:*}, {en-us-x-ioh-r19, m:*}, {en-us-x-ioj-r19, m:*}, {en-us-x-tme-r19, m:*}, {en-us-x-tpd-r19, m:*}, {en-us-x-afh-r19, m:*}, {en-us-x-fis-r19, m:*}], metadata: false
08-01 12:14:39.299 24379 24440 I SP      : Registering en-us.19, url: null, constraints: *:*, flags: *, requested: 19, current: 19
08-01 12:14:39.303  3237 23048 W Auth    : [GoogleAuthUtil] GoogleAuthUtil
08-01 12:14:39.303  3237 23048 W GoogleAuthUtil: Error when getting token
08-01 12:14:39.303  3237 23048 W GoogleAuthUtil: com.google.android.gms.auth.UserRecoverableAuthException: BadAuthentication
08-01 12:14:39.303  3237 23048 W GoogleAuthUtil: 	at fzr.a(:com.google.android.gms@203615039@20.36.15 (120408-333172415):3)
08-01 12:14:39.303  3237 23048 W GoogleAuthUtil: 	at fzl.a(:com.google.android.gms@203615039@20.36.15 (120408-333172415):0)
08-01 12:14:39.303  3237 23048 W GoogleAuthUtil: 	at fzr.a(:com.google.android.gms@203615039@20.36.15 (120408-333172415):8)
08-01 12:14:39.303  3237 23048 W GoogleAuthUtil: 	at fzr.d(:com.google.android.gms@203615039@20.36.15 (120408-333172415):15)
08-01 12:14:39.303  3237 23048 W GoogleAuthUtil: 	at fzk.b(:com.google.android.gms@203615039@20.36.15 (120408-333172415):5)
08-01 12:14:39.303  3237 23048 W GoogleAuthUtil: 	at com.google.android.gms.clearcut.uploader.QosUploaderChimeraService.a(:com.google.android.gms@203615039@20.36.15 (120408-333172415):97)
08-01 12:14:39.303  3237 23048 W GoogleAuthUtil: 	at com.google.android.gms.clearcut.uploader.QosUploaderChimeraService.a(:com.google.android.gms@203615039@20.36.15 (120408-333172415):2)
08-01 12:14:39.303  3237 23048 W GoogleAuthUtil: 	at afck.call(Unknown Source:0)
08-01 12:14:39.303  3237 23048 W GoogleAuthUtil: 	at java.util.concurrent.FutureTask.run(FutureTask.java:266)
08-01 12:14:39.303  3237 23048 W GoogleAuthUtil: 	at svu.b(:com.google.android.gms@203615039@20.36.15 (120408-333172415):12)
08-01 12:14:39.303  3237 23048 W GoogleAuthUtil: 	at svu.run(:com.google.android.gms@203615039@20.36.15 (120408-333172415):7)
08-01 12:14:39.303  3237 23048 W GoogleAuthUtil: 	at java.util.concurrent.ThreadPoolExecutor.runWorker(ThreadPoolExecutor.java:1167)
08-01 12:14:39.303  3237 23048 W GoogleAuthUtil: 	at java.util.concurrent.ThreadPoolExecutor$Worker.run(ThreadPoolExecutor.java:641)
08-01 12:14:39.303  3237 23048 W GoogleAuthUtil: 	at tbu.run(:com.google.android.gms@203615039@20.36.15 (120408-333172415):0)
08-01 12:14:39.303  3237 23048 W GoogleAuthUtil: 	at java.lang.Thread.run(Thread.java:919)
08-01 12:14:39.304  3237 23048 I CCTUploader: Failed to get auth token due to class fzz
08-01 12:14:39.502  3237 23048 W GetToken: [GetToken]GetToken failed with status code: BadAuthentication
08-01 12:14:39.513 24379 24440 I SP      : GC for 'en-us' (<bpn@95981f9 number=10 name=POST_SYNC_GC>) with ttl of 0 ms took 0 ms (0/0/0)
08-01 12:14:39.514 24379 24440 I SP      : GC for 'en-us' (<bpn@95981f9 number=10 name=POST_SYNC_GC>) with ttl of 0 ms took 0 ms (0/0/0)
08-01 12:14:39.514 24379 24437 E TTS.VoiceDataDownloader: Failed to download default voice
08-01 12:14:39.514 24379 24437 E TTS.VoiceDataDownloader: java.util.concurrent.CancellationException: Task was cancelled.
08-01 12:14:39.514 24379 24437 E TTS.VoiceDataDownloader: 	at dau.b(PG:132)
08-01 12:14:39.514 24379 24437 E TTS.VoiceDataDownloader: 	at dau.get(PG:82)
08-01 12:14:39.514 24379 24437 E TTS.VoiceDataDownloader: 	at dcn.a(PG:11)
08-01 12:14:39.514 24379 24437 E TTS.VoiceDataDownloader: 	at dbx.run(PG:5)
08-01 12:14:39.514 24379 24437 E TTS.VoiceDataDownloader: 	at java.util.concurrent.ThreadPoolExecutor.runWorker(ThreadPoolExecutor.java:1167)
08-01 12:14:39.514 24379 24437 E TTS.VoiceDataDownloader: 	at java.util.concurrent.ThreadPoolExecutor$Worker.run(ThreadPoolExecutor.java:641)
08-01 12:14:39.514 24379 24437 E TTS.VoiceDataDownloader: 	at java.lang.Thread.run(Thread.java:919)
08-01 12:14:39.515 24379 24437 I TTS.VoiceDataManager: failed to download voice en-us
08-01 12:14:39.515 24379 24437 I TTS.VoiceDataManager: cit: Failed to sync packs (Reason=SYNC_PACK_FAILED)
08-01 12:14:39.515 24379 24437 I TTS.VoiceDataManager: 	at cjg.a(PG:5)
08-01 12:14:39.515 24379 24437 I TTS.VoiceDataManager: 	at dbx.run(PG:6)
08-01 12:14:39.515 24379 24437 I TTS.VoiceDataManager: 	at java.util.concurrent.ThreadPoolExecutor.runWorker(ThreadPoolExecutor.java:1167)
08-01 12:14:39.515 24379 24437 I TTS.VoiceDataManager: 	at java.util.concurrent.ThreadPoolExecutor$Worker.run(ThreadPoolExecutor.java:641)
08-01 12:14:39.515 24379 24437 I TTS.VoiceDataManager: 	at java.lang.Thread.run(Thread.java:919)
08-01 12:14:39.515 24379 24437 I TTS.VoiceDataManager: Caused by: java.util.concurrent.CancellationException: Task was cancelled.
08-01 12:14:39.515 24379 24437 I TTS.VoiceDataManager: 	at dau.b(PG:132)
08-01 12:14:39.515 24379 24437 I TTS.VoiceDataManager: 	at dau.get(PG:82)
08-01 12:14:39.515 24379 24437 I TTS.VoiceDataManager: 	at dcn.a(PG:11)
08-01 12:14:39.515 24379 24437 I TTS.VoiceDataManager: 	at dbx.run(PG:5)
08-01 12:14:39.515 24379 24437 I TTS.VoiceDataManager: 	... 3 more
08-01 12:14:39.517 24060 24288 E WM-WorkerWrapper: Didn't find WorkSpec for id 9db1fe0a-b95d-4a23-97e1-2cb5ce87de79
08-01 12:14:39.524  3237 23048 W Auth    : [GoogleAuthUtil] GoogleAuthUtil
08-01 12:14:39.525  3237 23048 W GoogleAuthUtil: Error when getting token
08-01 12:14:39.525  3237 23048 W GoogleAuthUtil: com.google.android.gms.auth.UserRecoverableAuthException: BadAuthentication
08-01 12:14:39.525  3237 23048 W GoogleAuthUtil: 	at fzr.a(:com.google.android.gms@203615039@20.36.15 (120408-333172415):3)
08-01 12:14:39.525  3237 23048 W GoogleAuthUtil: 	at fzl.a(:com.google.android.gms@203615039@20.36.15 (120408-333172415):0)
08-01 12:14:39.525  3237 23048 W GoogleAuthUtil: 	at fzr.a(:com.google.android.gms@203615039@20.36.15 (120408-333172415):8)
08-01 12:14:39.525  3237 23048 W GoogleAuthUtil: 	at fzr.d(:com.google.android.gms@203615039@20.36.15 (120408-333172415):15)
08-01 12:14:39.525  3237 23048 W GoogleAuthUtil: 	at fzk.b(:com.google.android.gms@203615039@20.36.15 (120408-333172415):5)
08-01 12:14:39.525  3237 23048 W GoogleAuthUtil: 	at com.google.android.gms.clearcut.uploader.QosUploaderChimeraService.a(:com.google.android.gms@203615039@20.36.15 (120408-333172415):97)
08-01 12:14:39.525  3237 23048 W GoogleAuthUtil: 	at com.google.android.gms.clearcut.uploader.QosUploaderChimeraService.a(:com.google.android.gms@203615039@20.36.15 (120408-333172415):2)
08-01 12:14:39.525  3237 23048 W GoogleAuthUtil: 	at afck.call(Unknown Source:0)
08-01 12:14:39.525  3237 23048 W GoogleAuthUtil: 	at java.util.concurrent.FutureTask.run(FutureTask.java:266)
08-01 12:14:39.525  3237 23048 W GoogleAuthUtil: 	at svu.b(:com.google.android.gms@203615039@20.36.15 (120408-333172415):12)
08-01 12:14:39.525  3237 23048 W GoogleAuthUtil: 	at svu.run(:com.google.android.gms@203615039@20.36.15 (120408-333172415):7)
08-01 12:14:39.525  3237 23048 W GoogleAuthUtil: 	at java.util.concurrent.ThreadPoolExecutor.runWorker(ThreadPoolExecutor.java:1167)
08-01 12:14:39.525  3237 23048 W GoogleAuthUtil: 	at java.util.concurrent.ThreadPoolExecutor$Worker.run(ThreadPoolExecutor.java:641)
08-01 12:14:39.525  3237 23048 W GoogleAuthUtil: 	at tbu.run(:com.google.android.gms@203615039@20.36.15 (120408-333172415):0)
08-01 12:14:39.525  3237 23048 W GoogleAuthUtil: 	at java.lang.Thread.run(Thread.java:919)
08-01 12:14:39.525  3237 23048 I CCTUploader: Failed to get auth token due to class fzz
08-01 12:14:39.545 24379 24440 I SP      : Syncing en-us (19) with slices: [{en-us-x-sfg-r19, m:*}, {en-us-x-hol-r19, m:*}, {en-us-x-jmp-r19, m:*}, {en-us-x-iod-r19, m:*}, {en-us-x-iof-r19, m:*}, {en-us-x-ioh-r19, m:*}, {en-us-x-ioj-r19, m:*}, {en-us-x-tme-r19, m:*}, {en-us-x-tpd-r19, m:*}, {en-us-x-afh-r19, m:*}, {en-us-x-fis-r19, m:*}], metadata: false
08-01 12:14:39.644 24060 24287 E WM-WorkerWrapper: Didn't find WorkSpec for id 9db1fe0a-b95d-4a23-97e1-2cb5ce87de79
08-01 12:14:39.652 24379 24437 I TTS.VoiceDataDownloader: getAvailableVoicesInfo en-us
08-01 12:14:39.652 24379 24437 I TTS.VoiceGenerator: Cache cleared
08-01 12:14:39.738 24379 24440 I SP      : GC for 'en-us' (<bpn@95981f9 number=10 name=POST_SYNC_GC>) with ttl of 0 ms took 1 ms (0/1/0)
08-01 12:14:39.739 24379 24437 I TTS.VoiceDataManager: failed to download voice en-us
08-01 12:14:39.739 24379 24437 I TTS.VoiceDataManager: cit: Failed to sync packs (Reason=SYNC_PACK_FAILED)
08-01 12:14:39.739 24379 24437 I TTS.VoiceDataManager: 	at cjg.a(PG:5)
08-01 12:14:39.739 24379 24437 I TTS.VoiceDataManager: 	at dbx.run(PG:6)
08-01 12:14:39.739 24379 24437 I TTS.VoiceDataManager: 	at java.util.concurrent.ThreadPoolExecutor.runWorker(ThreadPoolExecutor.java:1167)
08-01 12:14:39.739 24379 24437 I TTS.VoiceDataManager: 	at java.util.concurrent.ThreadPoolExecutor$Worker.run(ThreadPoolExecutor.java:641)
08-01 12:14:39.739 24379 24437 I TTS.VoiceDataManager: 	at java.lang.Thread.run(Thread.java:919)
08-01 12:14:39.739 24379 24437 I TTS.VoiceDataManager: Caused by: java.util.concurrent.CancellationException: Task was cancelled.
08-01 12:14:39.739 24379 24437 I TTS.VoiceDataManager: 	at dau.b(PG:132)
08-01 12:14:39.739 24379 24437 I TTS.VoiceDataManager: 	at dau.get(PG:82)
08-01 12:14:39.739 24379 24437 I TTS.VoiceDataManager: 	at dcn.a(PG:11)
08-01 12:14:39.739 24379 24437 I TTS.VoiceDataManager: 	at dbx.run(PG:5)
08-01 12:14:39.739 24379 24437 I TTS.VoiceDataManager: 	... 3 more
08-01 12:14:39.829  3237 23048 W GetToken: [GetToken]GetToken failed with status code: BadAuthentication
08-01 12:14:39.840 24379 24440 I SP      : Sync for en-us succeeded in 326 ms: no changes
08-01 12:14:39.841 24379 24440 I SP      : GC for 'en-us' (<bpn@95981f9 number=10 name=POST_SYNC_GC>) with ttl of 0 ms took 1 ms (0/1/0)
08-01 12:14:39.844  3237 23048 W Auth    : [GoogleAuthUtil] GoogleAuthUtil
08-01 12:14:39.845  3237 23048 W GoogleAuthUtil: Error when getting token
08-01 12:14:39.845  3237 23048 W GoogleAuthUtil: com.google.android.gms.auth.UserRecoverableAuthException: BadAuthentication
08-01 12:14:39.845  3237 23048 W GoogleAuthUtil: 	at fzr.a(:com.google.android.gms@203615039@20.36.15 (120408-333172415):3)
08-01 12:14:39.845  3237 23048 W GoogleAuthUtil: 	at fzl.a(:com.google.android.gms@203615039@20.36.15 (120408-333172415):0)
08-01 12:14:39.845  3237 23048 W GoogleAuthUtil: 	at fzr.a(:com.google.android.gms@203615039@20.36.15 (120408-333172415):8)
08-01 12:14:39.845  3237 23048 W GoogleAuthUtil: 	at fzr.d(:com.google.android.gms@203615039@20.36.15 (120408-333172415):15)
08-01 12:14:39.845  3237 23048 W GoogleAuthUtil: 	at fzk.b(:com.google.android.gms@203615039@20.36.15 (120408-333172415):5)
08-01 12:14:39.845  3237 23048 W GoogleAuthUtil: 	at com.google.android.gms.clearcut.uploader.QosUploaderChimeraService.a(:com.google.android.gms@203615039@20.36.15 (120408-333172415):97)
08-01 12:14:39.845  3237 23048 W GoogleAuthUtil: 	at com.google.android.gms.clearcut.uploader.QosUploaderChimeraService.a(:com.google.android.gms@203615039@20.36.15 (120408-333172415):2)
08-01 12:14:39.845  3237 23048 W GoogleAuthUtil: 	at afck.call(Unknown Source:0)
08-01 12:14:39.845  3237 23048 W GoogleAuthUtil: 	at java.util.concurrent.FutureTask.run(FutureTask.java:266)
08-01 12:14:39.845  3237 23048 W GoogleAuthUtil: 	at svu.b(:com.google.android.gms@203615039@20.36.15 (120408-333172415):12)
08-01 12:14:39.845  3237 23048 W GoogleAuthUtil: 	at svu.run(:com.google.android.gms@203615039@20.36.15 (120408-333172415):7)
08-01 12:14:39.845  3237 23048 W GoogleAuthUtil: 	at java.util.concurrent.ThreadPoolExecutor.runWorker(ThreadPoolExecutor.java:1167)
08-01 12:14:39.845  3237 23048 W GoogleAuthUtil: 	at java.util.concurrent.ThreadPoolExecutor$Worker.run(ThreadPoolExecutor.java:641)
08-01 12:14:39.845  3237 23048 W GoogleAuthUtil: 	at tbu.run(:com.google.android.gms@203615039@20.36.15 (120408-333172415):0)
08-01 12:14:39.845  3237 23048 W GoogleAuthUtil: 	at java.lang.Thread.run(Thread.java:919)
08-01 12:14:39.845  3237 23048 I CCTUploader: Failed to get auth token due to class fzz
08-01 12:14:39.863 24379 24437 I TTS.VoiceDataDownloader: Superpack download completed.
08-01 12:14:39.864 24379 24437 I TTS.VoiceDataDownloader: getAvailableVoicesInfo en-us
08-01 12:14:39.864 24379 24437 I TTS.VoiceGenerator: Cache cleared
08-01 12:14:39.864 24379 24439 I TTS.VoiceDataManager: fetchBundledVoice en-us success path: /data/user_de/0/com.google.android.tts/files/superpacks/en-us/en-us-x-sfg-r19
08-01 12:14:39.865 24379 24439 I TTS.GoogleTTSServiceImp: TTS dispatch: en-us-x-sfg-lstm-embedded
08-01 12:14:39.865 24379 24439 I TTS.ControllerWrapper: Initializing en-us-x-sfg-lstm-embedded from disk
08-01 12:14:39.866 24379 24439 W TTS.ControllerWrapper: Failed to read /data/user_de/0/com.google.android.tts/files/superpacks/en-us/en-us-x-sfg-r19/pipeline.pb. Attempting to read from /data/user_de/0/com.google.android.tts/files/superpacks/en-us/en-us-x-sfg-r19/pipeline.
08-01 12:14:39.866 24379 24439 I TTS.ControllerWrapper: Initializing en-us-x-sfg-lstm-embedded from disk
08-01 12:14:39.911  3634 18187 W Conscrypt: Could not set socket write timeout: java.net.SocketException: Socket closed
08-01 12:14:39.912  3634 18187 W Conscrypt: 	at com.google.android.gms.org.conscrypt.Platform.setSocketWriteTimeout(:com.google.android.gms@203615039@20.36.15 (120408-333172415):2)
08-01 12:14:39.912  3634 18187 W Conscrypt: 	at com.google.android.gms.org.conscrypt.ConscryptFileDescriptorSocket.setSoWriteTimeout(:com.google.android.gms@203615039@20.36.15 (120408-333172415):0)
08-01 12:14:39.936 24379 24437 I TTS.VoiceDataDownloader: getAvailableVoicesInfo en-us
08-01 12:14:39.936 24379 24437 I TTS.VoiceGenerator: Cache cleared
08-01 12:14:39.941 24379 24439 E native  : homograph_disambiguation_rules_data.cc:53 There are token-only rules for "ne" but there are also word-only rules for this key. The token rules will not be applied.
08-01 12:14:40.036  3634 18187 W Conscrypt: Could not set socket write timeout: java.net.SocketException: Socket closed
08-01 12:14:40.036  3634 18187 W Conscrypt: 	at com.google.android.gms.org.conscrypt.Platform.setSocketWriteTimeout(:com.google.android.gms@203615039@20.36.15 (120408-333172415):2)
08-01 12:14:40.036  3634 18187 W Conscrypt: 	at com.google.android.gms.org.conscrypt.ConscryptFileDescriptorSocket.setSoWriteTimeout(:com.google.android.gms@203615039@20.36.15 (120408-333172415):0)
08-01 12:14:40.153  3237 23048 W GetToken: [GetToken]GetToken failed with status code: BadAuthentication
08-01 12:14:40.169  3237 23048 W Auth    : [GoogleAuthUtil] GoogleAuthUtil
08-01 12:14:40.170  3237 23048 W GoogleAuthUtil: Error when getting token
08-01 12:14:40.170  3237 23048 W GoogleAuthUtil: com.google.android.gms.auth.UserRecoverableAuthException: BadAuthentication
08-01 12:14:40.170  3237 23048 W GoogleAuthUtil: 	at fzr.a(:com.google.android.gms@203615039@20.36.15 (120408-333172415):3)
08-01 12:14:40.170  3237 23048 W GoogleAuthUtil: 	at fzl.a(:com.google.android.gms@203615039@20.36.15 (120408-333172415):0)
08-01 12:14:40.170  3237 23048 W GoogleAuthUtil: 	at fzr.a(:com.google.android.gms@203615039@20.36.15 (120408-333172415):8)
08-01 12:14:40.170  3237 23048 W GoogleAuthUtil: 	at fzr.d(:com.google.android.gms@203615039@20.36.15 (120408-333172415):15)
08-01 12:14:40.170  3237 23048 W GoogleAuthUtil: 	at fzk.b(:com.google.android.gms@203615039@20.36.15 (120408-333172415):5)
08-01 12:14:40.170  3237 23048 W GoogleAuthUtil: 	at com.google.android.gms.clearcut.uploader.QosUploaderChimeraService.a(:com.google.android.gms@203615039@20.36.15 (120408-333172415):97)
08-01 12:14:40.170  3237 23048 W GoogleAuthUtil: 	at com.google.android.gms.clearcut.uploader.QosUploaderChimeraService.a(:com.google.android.gms@203615039@20.36.15 (120408-333172415):2)
08-01 12:14:40.170  3237 23048 W GoogleAuthUtil: 	at afck.call(Unknown Source:0)
08-01 12:14:40.170  3237 23048 W GoogleAuthUtil: 	at java.util.concurrent.FutureTask.run(FutureTask.java:266)
08-01 12:14:40.170  3237 23048 W GoogleAuthUtil: 	at svu.b(:com.google.android.gms@203615039@20.36.15 (120408-333172415):12)
08-01 12:14:40.170  3237 23048 W GoogleAuthUtil: 	at svu.run(:com.google.android.gms@203615039@20.36.15 (120408-333172415):7)
08-01 12:14:40.170  3237 23048 W GoogleAuthUtil: 	at java.util.concurrent.ThreadPoolExecutor.runWorker(ThreadPoolExecutor.java:1167)
08-01 12:14:40.170  3237 23048 W GoogleAuthUtil: 	at java.util.concurrent.ThreadPoolExecutor$Worker.run(ThreadPoolExecutor.java:641)
08-01 12:14:40.170  3237 23048 W GoogleAuthUtil: 	at tbu.run(:com.google.android.gms@203615039@20.36.15 (120408-333172415):0)
08-01 12:14:40.170  3237 23048 W GoogleAuthUtil: 	at java.lang.Thread.run(Thread.java:919)
08-01 12:14:40.170  3237 23048 I CCTUploader: Failed to get auth token due to class fzz
08-01 12:14:40.217  3237 23048 W GetToken: [GetToken]GetToken failed with status code: BadAuthentication
08-01 12:14:40.236  3237 23048 W Auth    : [GoogleAuthUtil] GoogleAuthUtil
08-01 12:14:40.237  3237 23048 W GoogleAuthUtil: Error when getting token
08-01 12:14:40.237  3237 23048 W GoogleAuthUtil: com.google.android.gms.auth.UserRecoverableAuthException: BadAuthentication
08-01 12:14:40.237  3237 23048 W GoogleAuthUtil: 	at fzr.a(:com.google.android.gms@203615039@20.36.15 (120408-333172415):3)
08-01 12:14:40.237  3237 23048 W GoogleAuthUtil: 	at fzl.a(:com.google.android.gms@203615039@20.36.15 (120408-333172415):0)
08-01 12:14:40.237  3237 23048 W GoogleAuthUtil: 	at fzr.a(:com.google.android.gms@203615039@20.36.15 (120408-333172415):8)
08-01 12:14:40.237  3237 23048 W GoogleAuthUtil: 	at fzr.d(:com.google.android.gms@203615039@20.36.15 (120408-333172415):15)
08-01 12:14:40.237  3237 23048 W GoogleAuthUtil: 	at fzk.b(:com.google.android.gms@203615039@20.36.15 (120408-333172415):5)
08-01 12:14:40.237  3237 23048 W GoogleAuthUtil: 	at com.google.android.gms.clearcut.uploader.QosUploaderChimeraService.a(:com.google.android.gms@203615039@20.36.15 (120408-333172415):97)
08-01 12:14:40.237  3237 23048 W GoogleAuthUtil: 	at com.google.android.gms.clearcut.uploader.QosUploaderChimeraService.a(:com.google.android.gms@203615039@20.36.15 (120408-333172415):2)
08-01 12:14:40.237  3237 23048 W GoogleAuthUtil: 	at afck.call(Unknown Source:0)
08-01 12:14:40.237  3237 23048 W GoogleAuthUtil: 	at java.util.concurrent.FutureTask.run(FutureTask.java:266)
08-01 12:14:40.237  3237 23048 W GoogleAuthUtil: 	at svu.b(:com.google.android.gms@203615039@20.36.15 (120408-333172415):12)
08-01 12:14:40.237  3237 23048 W GoogleAuthUtil: 	at svu.run(:com.google.android.gms@203615039@20.36.15 (120408-333172415):7)
08-01 12:14:40.237  3237 23048 W GoogleAuthUtil: 	at java.util.concurrent.ThreadPoolExecutor.runWorker(ThreadPoolExecutor.java:1167)
08-01 12:14:40.237  3237 23048 W GoogleAuthUtil: 	at java.util.concurrent.ThreadPoolExecutor$Worker.run(ThreadPoolExecutor.java:641)
08-01 12:14:40.237  3237 23048 W GoogleAuthUtil: 	at tbu.run(:com.google.android.gms@203615039@20.36.15 (120408-333172415):0)
08-01 12:14:40.237  3237 23048 W GoogleAuthUtil: 	at java.lang.Thread.run(Thread.java:919)
08-01 12:14:40.237  3237 23048 I CCTUploader: Failed to get auth token due to class fzz
08-01 12:14:40.261 24304 24387 I DialerVerifiedCallRegistrationWorker: com.android.dialer.businessvoice.verifiedcall.impl.registration.VerifiedCallRegistrationWorker$1.onSuccess:198 subscribed to FCM topic
08-01 12:14:40.799  3237 23048 W GetToken: [GetToken]GetToken failed with status code: BadAuthentication
08-01 12:14:40.814  3237 23048 W Auth    : [GoogleAuthUtil] GoogleAuthUtil
08-01 12:14:40.814  3237 23048 W GoogleAuthUtil: Error when getting token
08-01 12:14:40.814  3237 23048 W GoogleAuthUtil: com.google.android.gms.auth.UserRecoverableAuthException: BadAuthentication
08-01 12:14:40.814  3237 23048 W GoogleAuthUtil: 	at fzr.a(:com.google.android.gms@203615039@20.36.15 (120408-333172415):3)
08-01 12:14:40.814  3237 23048 W GoogleAuthUtil: 	at fzl.a(:com.google.android.gms@203615039@20.36.15 (120408-333172415):0)
08-01 12:14:40.814  3237 23048 W GoogleAuthUtil: 	at fzr.a(:com.google.android.gms@203615039@20.36.15 (120408-333172415):8)
08-01 12:14:40.814  3237 23048 W GoogleAuthUtil: 	at fzr.d(:com.google.android.gms@203615039@20.36.15 (120408-333172415):15)
08-01 12:14:40.814  3237 23048 W GoogleAuthUtil: 	at fzk.b(:com.google.android.gms@203615039@20.36.15 (120408-333172415):5)
08-01 12:14:40.814  3237 23048 W GoogleAuthUtil: 	at com.google.android.gms.clearcut.uploader.QosUploaderChimeraService.a(:com.google.android.gms@203615039@20.36.15 (120408-333172415):97)
08-01 12:14:40.814  3237 23048 W GoogleAuthUtil: 	at com.google.android.gms.clearcut.uploader.QosUploaderChimeraService.a(:com.google.android.gms@203615039@20.36.15 (120408-333172415):2)
08-01 12:14:40.814  3237 23048 W GoogleAuthUtil: 	at afck.call(Unknown Source:0)
08-01 12:14:40.814  3237 23048 W GoogleAuthUtil: 	at java.util.concurrent.FutureTask.run(FutureTask.java:266)
08-01 12:14:40.814  3237 23048 W GoogleAuthUtil: 	at svu.b(:com.google.android.gms@203615039@20.36.15 (120408-333172415):12)
08-01 12:14:40.814  3237 23048 W GoogleAuthUtil: 	at svu.run(:com.google.android.gms@203615039@20.36.15 (120408-333172415):7)
08-01 12:14:40.814  3237 23048 W GoogleAuthUtil: 	at java.util.concurrent.ThreadPoolExecutor.runWorker(ThreadPoolExecutor.java:1167)
08-01 12:14:40.814  3237 23048 W GoogleAuthUtil: 	at java.util.concurrent.ThreadPoolExecutor$Worker.run(ThreadPoolExecutor.java:641)
08-01 12:14:40.814  3237 23048 W GoogleAuthUtil: 	at tbu.run(:com.google.android.gms@203615039@20.36.15 (120408-333172415):0)
08-01 12:14:40.814  3237 23048 W GoogleAuthUtil: 	at java.lang.Thread.run(Thread.java:919)
08-01 12:14:40.815  3237 23048 I CCTUploader: Failed to get auth token due to class fzz
08-01 12:14:40.948  3237 23048 W GetToken: [GetToken]GetToken failed with status code: BadAuthentication
08-01 12:14:40.962  3237 23048 W Auth    : [GoogleAuthUtil] GoogleAuthUtil
08-01 12:14:40.962  3237 23048 W GoogleAuthUtil: Error when getting token
08-01 12:14:40.962  3237 23048 W GoogleAuthUtil: com.google.android.gms.auth.UserRecoverableAuthException: BadAuthentication
08-01 12:14:40.962  3237 23048 W GoogleAuthUtil: 	at fzr.a(:com.google.android.gms@203615039@20.36.15 (120408-333172415):3)
08-01 12:14:40.962  3237 23048 W GoogleAuthUtil: 	at fzl.a(:com.google.android.gms@203615039@20.36.15 (120408-333172415):0)
08-01 12:14:40.962  3237 23048 W GoogleAuthUtil: 	at fzr.a(:com.google.android.gms@203615039@20.36.15 (120408-333172415):8)
08-01 12:14:40.962  3237 23048 W GoogleAuthUtil: 	at fzr.d(:com.google.android.gms@203615039@20.36.15 (120408-333172415):15)
08-01 12:14:40.962  3237 23048 W GoogleAuthUtil: 	at fzk.b(:com.google.android.gms@203615039@20.36.15 (120408-333172415):5)
08-01 12:14:40.962  3237 23048 W GoogleAuthUtil: 	at com.google.android.gms.clearcut.uploader.QosUploaderChimeraService.a(:com.google.android.gms@203615039@20.36.15 (120408-333172415):97)
08-01 12:14:40.962  3237 23048 W GoogleAuthUtil: 	at com.google.android.gms.clearcut.uploader.QosUploaderChimeraService.a(:com.google.android.gms@203615039@20.36.15 (120408-333172415):2)
08-01 12:14:40.962  3237 23048 W GoogleAuthUtil: 	at afck.call(Unknown Source:0)
08-01 12:14:40.962  3237 23048 W GoogleAuthUtil: 	at java.util.concurrent.FutureTask.run(FutureTask.java:266)
08-01 12:14:40.962  3237 23048 W GoogleAuthUtil: 	at svu.b(:com.google.android.gms@203615039@20.36.15 (120408-333172415):12)
08-01 12:14:40.962  3237 23048 W GoogleAuthUtil: 	at svu.run(:com.google.android.gms@203615039@20.36.15 (120408-333172415):7)
08-01 12:14:40.962  3237 23048 W GoogleAuthUtil: 	at java.util.concurrent.ThreadPoolExecutor.runWorker(ThreadPoolExecutor.java:1167)
08-01 12:14:40.962  3237 23048 W GoogleAuthUtil: 	at java.util.concurrent.ThreadPoolExecutor$Worker.run(ThreadPoolExecutor.java:641)
08-01 12:14:40.962  3237 23048 W GoogleAuthUtil: 	at tbu.run(:com.google.android.gms@203615039@20.36.15 (120408-333172415):0)
08-01 12:14:40.962  3237 23048 W GoogleAuthUtil: 	at java.lang.Thread.run(Thread.java:919)
08-01 12:14:40.963  3237 23048 I CCTUploader: Failed to get auth token due to class fzz
08-01 12:14:41.071  3237 12927 I NetworkScheduler.Stats: Task com.google.android.gms/com.google.android.gms.clearcut.uploader.QosUploaderService finished executing. cause:5 result: 1 elapsed_millis: 4282 uptime_millis: 4282 exec_start_elapsed_seconds: 1955 [CONTEXT service_id=218 ]
08-01 12:14:41.485 24379 24439 I tflite  : Initialized TensorFlow Lite runtime.
08-01 12:14:41.559 24379 24439 W native  : phonology.cc:77 Phonemes ax, er have non-distinctive features.
08-01 12:14:41.559 24379 24439 W native  : phonology.cc:77 Phonemes l, r have non-distinctive features.
08-01 12:14:41.646  3634 24428 I constellation: [verification_manager] Device is not consented
08-01 12:14:41.648 24304 24370 W DialerVerifiedNumberProvider: com.android.dialer.businessvoice.verifiedcall.impl.constellation.VerifiedNumberProvider.lambda$getConstellationInfo$1:129 Failed to get constellation token because there is no consent.
08-01 12:14:41.648 24304 24370 W DialerVerifiedNumberProvider: ljr: 5001: 
08-01 12:14:41.648 24304 24370 W DialerVerifiedNumberProvider: 	at lpw.a(PG:6)
08-01 12:14:41.648 24304 24370 W DialerVerifiedNumberProvider: 	at lqi.a(Unknown Source:2)
08-01 12:14:41.648 24304 24370 W DialerVerifiedNumberProvider: 	at lqu.a(PG:4)
08-01 12:14:41.648 24304 24370 W DialerVerifiedNumberProvider: 	at lci.onTransact(PG:4)
08-01 12:14:41.648 24304 24370 W DialerVerifiedNumberProvider: 	at android.os.Binder.execTransactInternal(Binder.java:1036)
08-01 12:14:41.648 24304 24370 W DialerVerifiedNumberProvider: 	at android.os.Binder.execTransact(Binder.java:1003)
08-01 12:14:41.649 24304 24370 W DialerVerifiedCallRegistrationWorker: com.android.dialer.businessvoice.verifiedcall.impl.registration.VerifiedCallRegistrationWorker.sendUserConsent:318 no constellation token available
08-01 12:14:41.657 24304 24368 I WM-WorkerWrapper: Worker result RETRY for Work [ id=d63e9118-0622-4d28-8506-9bca9744ffd9, tags={ com.google.apps.tiktok.contrib.work.TikTokListenableWorker, TikTokWorker#com.android.dialer.businessvoice.verifiedcall.impl.registration.VerifiedCallRegistrationWorker } ]
08-01 12:14:41.669  1059  1642 I netd    : firewallSetUidRule(2, 10103, 2) <4.50ms>
08-01 12:14:41.675  2220  2777 I ActivityManager: Killing 22286:com.android.settings/1000 (adj 985): empty #17
08-01 12:14:41.676  2220  2777 I ActivityManager: Killing 22168:android:ui/1000 (adj 985): empty #18
08-01 12:14:41.721  1060  1060 I Zygote  : Process 22168 exited due to signal 9 (Killed)
08-01 12:14:41.721  2220  2335 W ActivityManager: setHasOverlayUi called on unknown pid: 22168
08-01 12:14:41.771  2220  2335 W ActivityManager: setHasOverlayUi called on unknown pid: 22286
08-01 12:14:41.772  1060  1060 I Zygote  : Process 22286 exited due to signal 9 (Killed)
08-01 12:14:41.779  2220  2346 I libprocessgroup: Successfully killed process cgroup uid 1000 pid 22286 in 102ms
08-01 12:14:41.779  2220  2346 I libprocessgroup: Successfully killed process cgroup uid 1000 pid 22168 in 0ms
08-01 12:14:42.497  3634  3659 I gle.android.gm: Background concurrent copying GC freed 53615(2838KB) AllocSpace objects, 20(1040KB) LOS objects, 49% free, 12MB/25MB, paused 127us total 111.723ms
08-01 12:14:42.564  2220  3972 I ActivityManager: Killing 22897:com.android.vending:instant_app_installer/u0a104 (adj 985): empty #17
08-01 12:14:42.593  1060  1060 I Zygote  : Process 22897 exited due to signal 9 (Killed)
08-01 12:14:42.593  1107  1779 D NativeSensors: CapSensor:  mPendingEvent.distance=1.000000
08-01 12:14:42.600  2220  2346 I libprocessgroup: Successfully killed process cgroup uid 10104 pid 22897 in 34ms
08-01 12:14:42.775 24379 24439 I TTS.ControllerWrapper: Done initializing en-us-x-sfg-lstm-embedded
08-01 12:14:42.783 24379 24439 I TTS.GoogleTTSServiceImp: Did not cache synthesis request.
08-01 12:14:42.957  2678  2678 D StatusBar: disable<e i a s b h r c s > disable2<q i n >
08-01 12:14:43.049  2220  3972 V WindowManager: Changing focus from Window{cfadc13 u0 StatusBar} to Window{fd3f730 u0 com.google.android.gms/com.google.android.gms.auth.uiflows.addaccount.ErrorActivity} displayId=0
08-01 12:14:43.061  2678  2678 D StatusBar: disable<e i a s b h r c s > disable2<q i n >
08-01 12:14:43.067  2220  2776 I WindowManager:   SURFACE SIZE set 1080x86 on display:0: StatusBar
08-01 12:14:43.077 23912 23912 D DolbyDaxUI: onStopListening: 
08-01 12:14:43.530  2220  2590 D BatteryService: uevent={POWER_SUPPLY_DP_DM=0, POWER_SUPPLY_VOLTAGE_QNOVO=-22, POWER_SUPPLY_VOLTAGE_NOW=4391346, POWER_SUPPLY_SW_JEITA_ENABLED=0, POWER_SUPPLY_HEALTH=Good, POWER_SUPPLY_TECHNOLOGY=Li-ion, POWER_SUPPLY_CHARGER_TEMP_MAX=812, POWER_SUPPLY_FCC_STEPPER_ENABLE=0, SEQNUM=4968, POWER_SUPPLY_INPUT_CURRENT_LIMITED=0, POWER_SUPPLY_STATUS=Charging, POWER_SUPPLY_BATTERY_CHARGING_ENABLED=1, POWER_SUPPLY_CURRENT_MAX=3000000, POWER_SUPPLY_CAPACITY=100, DEVPATH=/devices/soc/800f000.qcom,spmi/spmi-0/spmi0-00/800f000.qcom,spmi:qcom,pm660@0:qcom,qpnp-smb2/power_supply/battery, POWER_SUPPLY_CHARGE_DONE=0, POWER_SUPPLY_CHARGE_TYPE=Fast, POWER_SUPPLY_CHARGER_TEMP=341, POWER_SUPPLY_CHARGE_RATE=Normal, POWER_SUPPLY_CURRENT_QNOVO=-22, POWER_SUPPLY_CURRENT_NOW=-155761, POWER_SUPPLY_SYSTEM_TEMP_LEVEL=0, POWER_SUPPLY_PRESENT=1, POWER_SUPPLY_PARALLEL_DISABLE=0, SUBSYSTEM=power_supply, POWER_SUPPLY_SET_SHIP_MODE=0, POWER_SUPPLY_TEMP=290, ACTION=change, POWER_SUPPLY_RERUN_AICL=0, POWER_SUPPLY_AGE=100, POWER_SUPPLY_NAME=battery, POWER_SUPPLY_VOLTAGE_MAX=-22, POWER_SUPPLY_CONSTANT_CHARGE_CURRENT_MAX=3000000, POWER_SUPPLY_CHARGE_COUNTER=4961825, POWER_SUPPLY_STEP_CHARGING_ENABLED=0, POWER_SUPPLY_NUM_SYSTEM_TEMP_LEVELS=8, POWER_SUPPLY_DIE_HEALTH=Cool, POWER_SUPPLY_INPUT_SUSPEND=0}
08-01 12:14:43.544  4031  4031 D CmdCenter: - RowBuilder2: setUseWhiteRes useOrNot = true
08-01 12:14:43.545  2954  2954 D QtiCarrierConfigHelper: WARNING, no carrier configs on phone Id: 0
08-01 12:14:43.547 19152 19152 D UIABatteryMonitor: notify battery changed. current level 100
08-01 12:14:43.841  2220  2590 D BatteryService: uevent={POWER_SUPPLY_DP_DM=0, POWER_SUPPLY_VOLTAGE_QNOVO=-22, POWER_SUPPLY_VOLTAGE_NOW=4391346, POWER_SUPPLY_SW_JEITA_ENABLED=0, POWER_SUPPLY_HEALTH=Good, POWER_SUPPLY_TECHNOLOGY=Li-ion, POWER_SUPPLY_CHARGER_TEMP_MAX=812, POWER_SUPPLY_FCC_STEPPER_ENABLE=0, SEQNUM=4969, POWER_SUPPLY_INPUT_CURRENT_LIMITED=0, POWER_SUPPLY_STATUS=Charging, POWER_SUPPLY_BATTERY_CHARGING_ENABLED=1, POWER_SUPPLY_CURRENT_MAX=3000000, POWER_SUPPLY_CAPACITY=100, DEVPATH=/devices/soc/800f000.qcom,spmi/spmi-0/spmi0-00/800f000.qcom,spmi:qcom,pm660@0:qcom,qpnp-smb2/power_supply/battery, POWER_SUPPLY_CHARGE_DONE=0, POWER_SUPPLY_CHARGE_TYPE=Taper, POWER_SUPPLY_CHARGER_TEMP=341, POWER_SUPPLY_CHARGE_RATE=Normal, POWER_SUPPLY_CURRENT_QNOVO=-22, POWER_SUPPLY_CURRENT_NOW=-155761, POWER_SUPPLY_SYSTEM_TEMP_LEVEL=0, POWER_SUPPLY_PRESENT=1, POWER_SUPPLY_PARALLEL_DISABLE=0, SUBSYSTEM=power_supply, POWER_SUPPLY_SET_SHIP_MODE=0, POWER_SUPPLY_TEMP=290, ACTION=change, POWER_SUPPLY_RERUN_AICL=0, POWER_SUPPLY_AGE=100, POWER_SUPPLY_NAME=battery, POWER_SUPPLY_VOLTAGE_MAX=-22, POWER_SUPPLY_CONSTANT_CHARGE_CURRENT_MAX=3000000, POWER_SUPPLY_CHARGE_COUNTER=4961825, POWER_SUPPLY_STEP_CHARGING_ENABLED=0, POWER_SUPPLY_NUM_SYSTEM_TEMP_LEVELS=8, POWER_SUPPLY_DIE_HEALTH=Cool, POWER_SUPPLY_INPUT_SUSPEND=0}
08-01 12:14:44.237  1107  1779 D NativeSensors: CapSensor:  mPendingEvent.distance=0.000000
08-01 12:14:45.725 23912 23912 D DolbyDaxUI: onStartListening: 
08-01 12:14:45.729 23912 23933 D DolbyDaxUI: getDeviceType, active device is 0x2
08-01 12:14:45.729 23912 23938 D DolbyDaxUI: getDeviceType, active device is 0x2
08-01 12:14:45.730 23912 23933 D DolbyDaxUI: getDeviceType, active device is 0x2
08-01 12:14:45.731 23912 23933 D DolbyDaxUI: getDeviceType, active device is 0x2
08-01 12:14:45.733  2918 23940 D DolbyProvider: query() get dolby status
08-01 12:14:45.733 23912 23933 D DolbyDaxUI: getDeviceType, active device is 0x2
08-01 12:14:45.735  2918 23940 D DolbyAudioEffectHelper: getDolbyStatus enabled=true profile=0
08-01 12:14:45.735  2918 10877 D DolbyProvider: query() get dolby status
08-01 12:14:45.738  2918 10877 D DolbyAudioEffectHelper: getDolbyStatus enabled=true profile=0
08-01 12:14:45.739  2678  2678 D StatusBar: disable<e i a s b h r c s > disable2<q i n >
08-01 12:14:45.740  2918 23940 D DolbyProvider: query() get dolby status
08-01 12:14:45.745  2918 23940 D DolbyAudioEffectHelper: getDolbyStatus enabled=true profile=0
08-01 12:14:45.747  2220  2776 I WindowManager:   SURFACE SIZE set 1080x2246 on display:0: StatusBar
08-01 12:14:45.750 23912 23912 D DolbyDaxUI: getDeviceType, active device is 0x2
08-01 12:14:45.750  2918 23940 D DolbyProvider: update() set intelligent_eq_preset to 2
08-01 12:14:45.758  2918 23940 D DolbyProvider: update() set volume_leveler to 2
08-01 12:14:45.761  2918 23940 D DolbyAudioEffectHelper: setVolumeLevellerEnabled(), same value: false
08-01 12:14:45.765  2678  2678 D StatusBar: disable<e i a s b h r c s > disable2<q i n >
08-01 12:14:45.770  2220  4735 V WindowManager: Changing focus from Window{fd3f730 u0 com.google.android.gms/com.google.android.gms.auth.uiflows.addaccount.ErrorActivity} to Window{cfadc13 u0 StatusBar} displayId=0
08-01 12:14:45.770  2918 23940 D DolbyProvider: update() set speaker_surround_virtualizer to 2
08-01 12:14:45.777  2918 23940 D DolbyAudioEffectHelper: setSpeakerVirtualizerEnabled(), same value: false
08-01 12:14:45.796  2918 23940 D DolbyProvider: update() set intelligent_eq_preset to 1
08-01 12:14:45.807  2918 23940 D DolbyProvider: update() set volume_leveler to 1
08-01 12:14:45.812  2918 23940 D DolbyAudioEffectHelper: setVolumeLevellerEnabled(), same value: false
08-01 12:14:45.816  2918 23940 D DolbyProvider: update() set speaker_surround_virtualizer to 1
08-01 12:14:45.819  2918 23940 D DolbyAudioEffectHelper: setSpeakerVirtualizerEnabled(), same value: false
08-01 12:14:45.825  2678  2678 D StatusBar: disable<e i a s b h r c s > disable2<q i n >
08-01 12:14:45.828  2918 23940 D DolbyProvider: update() set intelligent_eq_preset to 3
08-01 12:14:45.834  2918 23940 D DolbyProvider: update() set volume_leveler to 3
08-01 12:14:45.835  2918 23940 D DolbyAudioEffectHelper: setVolumeLevellerEnabled(), same value: false
08-01 12:14:45.838  2918 23940 D DolbyProvider: update() set speaker_surround_virtualizer to 3
08-01 12:14:45.842  2918 23940 D DolbyAudioEffectHelper: setSpeakerVirtualizerEnabled(), same value: false
08-01 12:14:45.846 23912 23933 D DolbyDaxUI: getDeviceType, active device is 0x2
08-01 12:14:45.850  2918 23940 D DolbyProvider: query() get dolby status
08-01 12:14:45.852  2918 23940 D DolbyAudioEffectHelper: getDolbyStatus enabled=true profile=0
08-01 12:14:49.991  2678  2678 D StatusBar: disable<e i a s b h r c s > disable2<q i n >
08-01 12:14:50.051  2220  4735 V WindowManager: Changing focus from Window{cfadc13 u0 StatusBar} to Window{fd3f730 u0 com.google.android.gms/com.google.android.gms.auth.uiflows.addaccount.ErrorActivity} displayId=0
08-01 12:14:50.067  2678  2678 D StatusBar: disable<e i a s b h r c s > disable2<q i n >
08-01 12:14:50.073  2220  3972 I WindowManager:   SURFACE SIZE set 1080x86 on display:0: StatusBar
08-01 12:14:50.089 23912 23912 D DolbyDaxUI: onStopListening: 
08-01 12:14:50.557  2220  2626 W AlarmManager: Unrecognized alarm listener com.android.server.wifi.WifiConfigStore$2@686eaa5
08-01 12:14:50.582  2220  2626 D WifiConfigStore: Writing to stores completed in 26 ms.
08-01 12:14:53.883  2220  2590 D BatteryService: uevent={POWER_SUPPLY_DP_DM=0, POWER_SUPPLY_VOLTAGE_QNOVO=-22, POWER_SUPPLY_VOLTAGE_NOW=4391102, POWER_SUPPLY_SW_JEITA_ENABLED=0, POWER_SUPPLY_HEALTH=Good, POWER_SUPPLY_TECHNOLOGY=Li-ion, POWER_SUPPLY_CHARGER_TEMP_MAX=812, POWER_SUPPLY_FCC_STEPPER_ENABLE=0, SEQNUM=4970, POWER_SUPPLY_INPUT_CURRENT_LIMITED=0, POWER_SUPPLY_STATUS=Charging, POWER_SUPPLY_BATTERY_CHARGING_ENABLED=1, POWER_SUPPLY_CURRENT_MAX=3000000, POWER_SUPPLY_CAPACITY=100, DEVPATH=/devices/soc/800f000.qcom,spmi/spmi-0/spmi0-00/800f000.qcom,spmi:qcom,pm660@0:qcom,qpnp-smb2/power_supply/battery, POWER_SUPPLY_CHARGE_DONE=0, POWER_SUPPLY_CHARGE_TYPE=Taper, POWER_SUPPLY_CHARGER_TEMP=341, POWER_SUPPLY_CHARGE_RATE=Normal, POWER_SUPPLY_CURRENT_QNOVO=-22, POWER_SUPPLY_CURRENT_NOW=-143066, POWER_SUPPLY_SYSTEM_TEMP_LEVEL=0, POWER_SUPPLY_PRESENT=1, POWER_SUPPLY_PARALLEL_DISABLE=0, SUBSYSTEM=power_supply, POWER_SUPPLY_SET_SHIP_MODE=0, POWER_SUPPLY_TEMP=290, ACTION=change, POWER_SUPPLY_RERUN_AICL=0, POWER_SUPPLY_AGE=100, POWER_SUPPLY_NAME=battery, POWER_SUPPLY_VOLTAGE_MAX=-22, POWER_SUPPLY_CONSTANT_CHARGE_CURRENT_MAX=3000000, POWER_SUPPLY_CHARGE_COUNTER=4962257, POWER_SUPPLY_STEP_CHARGING_ENABLED=0, POWER_SUPPLY_NUM_SYSTEM_TEMP_LEVELS=8, POWER_SUPPLY_DIE_HEALTH=Cool, POWER_SUPPLY_INPUT_SUSPEND=0}
08-01 12:14:53.894  2954  2954 D QtiCarrierConfigHelper: WARNING, no carrier configs on phone Id: 0
08-01 12:14:53.895  4031  4031 D CmdCenter: - RowBuilder2: setUseWhiteRes useOrNot = true
08-01 12:14:53.898 19152 19152 D UIABatteryMonitor: notify battery changed. current level 100
08-01 12:14:55.027  2220  2344 W ActivityManager: Stopping service due to app idle: u0a183 -1m10s14ms com.antutu.ABenchMark/com.antutu.benchmark.service.BenchmarkMainService
08-01 12:14:55.857  2220  3972 D WificondControl: Scan result ready event
08-01 12:14:55.904  2220  2631 D WificondScannerImpl: Filtering out 62 scan results.
08-01 12:14:55.915  2220  2626 D ANQPRequestManager: Not allowed to send ANQP request to 119072405138556 for another 617 seconds
08-01 12:14:55.915  2220  2626 D PasspointManager: ANQP entry not found for: 6c:4b:b4:69:2c:7c:<ATTvzr3ufe880>
08-01 12:14:55.915  2220  2626 D ANQPRequestManager: Not allowed to send ANQP request to 119072405137032 for another 537 seconds
08-01 12:14:55.915  2220  2626 D PasspointManager: ANQP entry not found for: 6c:4b:b4:69:26:88:<ATTwh9CKSp>
08-01 12:14:55.915  2220  2626 D ANQPRequestManager: Not allowed to send ANQP request to 119072405137036 for another 537 seconds
08-01 12:14:55.915  2220  2626 D PasspointManager: ANQP entry not found for: 6c:4b:b4:69:26:8c:<ATTwh9CKSp>
08-01 12:14:55.915  2220  2626 D ANQPRequestManager: Not allowed to send ANQP request to 119072405137028 for another 325 seconds
08-01 12:14:55.915  2220  2626 D PasspointManager: ANQP entry not found for: 6c:4b:b4:69:26:84:<ATTwh9CKSp>
08-01 12:14:55.917  2700  2700 I wpa_supplicant: wlan0: GAS-QUERY-START addr=38:b8:00:1d:fc:58 dialog_token=71 freq=2412
08-01 12:14:55.919  2220  2626 D HS20    : ANQP initiated on 38:b8:00:1d:fc:58
08-01 12:14:55.919  2220  2626 D PasspointManager: ANQP entry not found for: 38:b8:00:1d:fc:58:<cgw~2gg>
08-01 12:14:55.933  2220  2626 D ANQPRequestManager: Not allowed to send ANQP request to 119072405137028 for another 325 seconds
08-01 12:14:55.933  2220  2626 D PasspointManager: ANQP entry not found for: 6c:4b:b4:69:26:84:<ATTwh9CKSp>
08-01 12:14:55.934  2220  2626 D ANQPRequestManager: Not allowed to send ANQP request to 62362927103064 for another 9 seconds
08-01 12:14:55.934  2220  2626 D PasspointManager: ANQP entry not found for: 38:b8:00:1d:fc:58:<cgw~2gg>
08-01 12:14:56.224  2700  2700 I wpa_supplicant: wlan0: GAS-QUERY-DONE addr=38:b8:00:1d:fc:58 dialog_token=71 freq=2412 status_code=0 result=TIMEOUT
08-01 12:14:56.226  2700  2700 I wpa_supplicant: wlan0: ANQP-QUERY-DONE addr=38:b8:00:1d:fc:58 result=FAILURE
08-01 12:15:01.561  2220  4735 I ActivityManager: Killing 23016:com.android.providers.calendar/u0a56 (adj 985): empty #17
08-01 12:15:01.562  2220  4735 I ActivityManager: Killing 22860:com.android.vending:background/u0a104 (adj 985): empty #18
08-01 12:15:01.603  1060  1060 I Zygote  : Process 23016 exited due to signal 9 (Killed)
08-01 12:15:01.608  2220  4744 D ConnectivityService: ConnectivityService NetworkRequestInfo binderDied(NetworkRequest [ TRACK_DEFAULT id=178, [ Capabilities: INTERNET&NOT_RESTRICTED&TRUSTED Uid: 10104] ], android.os.BinderProxy@e13740a)
08-01 12:15:01.609  2220  2633 D ConnectivityService: releasing NetworkRequest [ TRACK_DEFAULT id=178, [ Capabilities: INTERNET&NOT_RESTRICTED&TRUSTED Uid: 10104] ] (release request)
08-01 12:15:01.610  1060  1060 I Zygote  : Process 22860 exited due to signal 9 (Killed)
08-01 12:15:01.610  2220  2346 I libprocessgroup: Successfully killed process cgroup uid 10056 pid 23016 in 48ms
08-01 12:15:01.612  2220  2346 I libprocessgroup: Successfully killed process cgroup uid 10104 pid 22860 in 0ms
08-01 12:15:03.066  1110 21381 I chatty  : uid=1002 bluetooth@1.0-s expire 12 lines
08-01 12:15:04.325  2220  2590 D BatteryService: uevent={POWER_SUPPLY_DP_DM=0, POWER_SUPPLY_VOLTAGE_QNOVO=-22, POWER_SUPPLY_VOLTAGE_NOW=4392322, POWER_SUPPLY_SW_JEITA_ENABLED=0, POWER_SUPPLY_HEALTH=Good, POWER_SUPPLY_TECHNOLOGY=Li-ion, POWER_SUPPLY_CHARGER_TEMP_MAX=812, POWER_SUPPLY_FCC_STEPPER_ENABLE=0, SEQNUM=4972, POWER_SUPPLY_INPUT_CURRENT_LIMITED=0, POWER_SUPPLY_STATUS=Charging, POWER_SUPPLY_BATTERY_CHARGING_ENABLED=1, POWER_SUPPLY_CURRENT_MAX=3000000, POWER_SUPPLY_CAPACITY=100, DEVPATH=/devices/soc/800f000.qcom,spmi/spmi-0/spmi0-00/800f000.qcom,spmi:qcom,pm660@0:qcom,qpnp-smb2/power_supply/battery, POWER_SUPPLY_CHARGE_DONE=0, POWER_SUPPLY_CHARGE_TYPE=Taper, POWER_SUPPLY_CHARGER_TEMP=323, POWER_SUPPLY_CHARGE_RATE=Normal, POWER_SUPPLY_CURRENT_QNOVO=-22, POWER_SUPPLY_CURRENT_NOW=-165527, POWER_SUPPLY_SYSTEM_TEMP_LEVEL=0, POWER_SUPPLY_PRESENT=1, POWER_SUPPLY_PARALLEL_DISABLE=0, SUBSYSTEM=power_supply, POWER_SUPPLY_SET_SHIP_MODE=0, POWER_SUPPLY_TEMP=290, ACTION=change, POWER_SUPPLY_RERUN_AICL=0, POWER_SUPPLY_AGE=100, POWER_SUPPLY_NAME=battery, POWER_SUPPLY_VOLTAGE_MAX=-22, POWER_SUPPLY_CONSTANT_CHARGE_CURRENT_MAX=3000000, POWER_SUPPLY_CHARGE_COUNTER=4962725, POWER_SUPPLY_STEP_CHARGING_ENABLED=0, POWER_SUPPLY_NUM_SYSTEM_TEMP_LEVELS=8, POWER_SUPPLY_DIE_HEALTH=Cool, POWER_SUPPLY_INPUT_SUSPEND=0}
08-01 12:15:04.347  2954  2954 D QtiCarrierConfigHelper: WARNING, no carrier configs on phone Id: 0
08-01 12:15:04.349  4031  4031 D CmdCenter: - RowBuilder2: setUseWhiteRes useOrNot = true
08-01 12:15:04.354 19152 19152 D UIABatteryMonitor: notify battery changed. current level 100
08-01 12:15:06.664  2887  4342 D QCNEJ/WlanStaInfoRelay: Received action: android.net.wifi.RSSI_CHANGED
08-01 12:15:06.665  2887  4342 I QCNEJ/NativeHalConnector: -> SND notifyWlanStaStatusChanged([WlanStaInfo]: wifiSwitchState = 1 rssi = -56 ssid = krishnagadu bssid = 42:e0:75:00:6e:59 dnsInfo = 2401:4900:33bb:a35c::d2;192.168.122.178;0.0.0.0;0.0.0.0; freqBand = _2GHz countryCode = in[RatInfo]: networkType = 1 subType = 101 networkState = CONNECTED netHdl = 437197393933 ipAddrV4 = 192.168.122.158 ipAddrV6 = 2401:4900:33bb:a35c:15bc:bae8:36b9:740 ifNameV4 = wlan0 ifNameV6 = wlan0 slotIdx = 0 isAndroidValidated = true) timeStamp = 2022-08-01 12:15:06.665
08-01 12:15:06.674  2954  2991 E PhoneInterfaceManager: [PhoneIntfMgr] getCarrierPrivilegeStatus: No UICC
08-01 12:15:06.676  4503  4764 I CarrierServices: [267] cno.onConnectivityChange: FiST: Wifi connectivity status true
08-01 12:15:06.704  4503  4952 I CarrierServices: [295] cvm.c: (PEv2-SM): DisabledState: event Connectivity event [null]
08-01 12:15:06.707  4503  4764 I CarrierServices: [267] cod.d: Connected state: [1], networkType: [WIFI]
08-01 12:15:06.715  2954  2991 E PhoneInterfaceManager: [PhoneIntfMgr] getCarrierPrivilegeStatus: No UICC
08-01 12:15:06.716  4503  5005 I CarrierServices: [297] day.d: RCS Configuration storage in Bugle is disabled by p/h flag, using ProvisioningEngineStateCacheUtil.getProvisioningConfigurationForGivenSim()
08-01 12:15:08.572  2220  4588 I ActivityManager: Killing 22409:com.google.android.gms:car/u0a110 (adj 985): empty #17
08-01 12:15:08.614 22376 22393 I GH.DelegateMngCarSvc: Retries remaining: 20. Refreshing delegate.
08-01 12:15:08.615  2220  4588 W ActivityManager: Scheduling restart of crashed service com.google.android.gms/.car.CarService in 1000ms
08-01 12:15:08.616 22376 23046 I GH.DelegateICarSupplier: Calling release callback on delegate com.google.android.gms.car.ICar$Stub$Proxy@a4ba070
08-01 12:15:08.616 22376 23046 I GH.DelegateICarSupplier: Releasing delegate ICar.
08-01 12:15:08.616 22376 22393 I GH.DelegateICarSupplier: Acquisition start recorded at 1986955.[Generation: 2]
08-01 12:15:08.616  1060  1060 I Zygote  : Process 22409 exited due to signal 9 (Killed)
08-01 12:15:08.621  2220  2346 I libprocessgroup: Successfully killed process cgroup uid 10110 pid 22409 in 45ms
08-01 12:15:08.644  1060  1060 D Zygote  : Forked child process 24483
08-01 12:15:08.646  2220  2345 I ActivityManager: Start proc 24483:com.google.android.gms:car/u0a110 for service {com.google.android.gms/com.google.android.gms.car.CarService}
08-01 12:15:08.664 24483 24483 E android.gms:ca: Not starting debugger since process cannot load the jdwp agent.
08-01 12:15:08.703 24483 24483 I android.gms:ca: The ClassLoaderContext is a special shared library.
08-01 12:15:08.710 24483 24483 I chatty  : uid=10110 com.google.android.gms:car identical 13 lines
08-01 12:15:08.885 22376 23046 W GH.DelegateICarSupplier: ICar release task did not finish.
08-01 12:15:08.885 22376 23046 W GH.DelegateICarSupplier: java.util.concurrent.TimeoutException: Waited 250 milliseconds (plus 5 milliseconds, 68984 nanoseconds delay) for pkj@47c7346[status=PENDING, info=[inputFuture=[pmc@2409907[status=PENDING]], function=[bvp@68b7a34]]]
08-01 12:15:08.885 22376 23046 W GH.DelegateICarSupplier: 	at pkg.get(SourceFile:120)
08-01 12:15:08.885 22376 23046 W GH.DelegateICarSupplier: 	at bvt.a(Unknown Source:122)
08-01 12:15:08.885 22376 23046 W GH.DelegateICarSupplier: 	at bvo.a(Unknown Source:4)
08-01 12:15:08.885 22376 23046 W GH.DelegateICarSupplier: 	at oht.a(SourceFile:2)
08-01 12:15:08.885 22376 23046 W GH.DelegateICarSupplier: 	at bvr.a(Unknown Source:33)
08-01 12:15:08.885 22376 23046 W GH.DelegateICarSupplier: 	at plk.run(SourceFile:7)
08-01 12:15:08.885 22376 23046 W GH.DelegateICarSupplier: 	at java.util.concurrent.ThreadPoolExecutor.runWorker(ThreadPoolExecutor.java:1167)
08-01 12:15:08.885 22376 23046 W GH.DelegateICarSupplier: 	at java.util.concurrent.ThreadPoolExecutor$Worker.run(ThreadPoolExecutor.java:641)
08-01 12:15:08.885 22376 23046 W GH.DelegateICarSupplier: 	at java.lang.Thread.run(Thread.java:919)
08-01 12:15:08.886 22376 23046 I GH.DelegateICarSupplier: Logging successful delegate lifespan (216950 ms). Delay at start (0 ms). Acquisition (81 ms). [Generation: 1]
08-01 12:15:08.993  2678  2678 I KeyButtonView: Back button event: ACTION_DOWN
08-01 12:15:09.001  2220  2611 V InputDispatcher: Asynchronous input event injection succeeded.
08-01 12:15:09.046  2678  2678 I KeyButtonView: Back button event: ACTION_UP
08-01 12:15:09.047  2220  2611 V InputDispatcher: Asynchronous input event injection succeeded.
08-01 12:15:09.048 23873 23873 I chatty  : uid=10110 com.google.android.gms.ui expire 1 line
08-01 12:15:09.082  2220  4745 V WindowManager: Changing focus from Window{fd3f730 u0 com.google.android.gms/com.google.android.gms.auth.uiflows.addaccount.ErrorActivity} to null displayId=0
