08-01 11:42:28.207  5256  5324 W SystemConfig: No directory /oem/etc/motorola/sysconfig, skipping
08-01 11:42:28.207  5256  5324 W SystemConfig: No directory /product/etc/motorola/sysconfig, skipping
08-01 11:42:28.453  2220  2352 I chatty  : uid=1000(system) batterystats-wo expire 1 line
08-01 11:42:29.155  2220  2614 I chatty  : uid=1000(system) NetworkWatchlis expire 1 line
08-01 11:42:30.693  2220  4733 I chatty  : uid=1000(system) Binder:2220_15 expire 2 lines
08-01 11:42:30.803  2220  5648 I chatty  : uid=1000 system_server expire 13 lines
08-01 11:42:31.031  5630  5691 E AndroidRuntime: FATAL EXCEPTION: Thread-3
08-01 11:42:31.031  5630  5691 E AndroidRuntime: Process: com.antutu.ABenchMark, PID: 5630
08-01 11:42:31.031  5630  5691 E AndroidRuntime: java.lang.NullPointerException: Attempt to invoke virtual method 'void android.content.ContentValues.putAll(android.content.ContentValues)' on a null object reference
08-01 11:42:31.031  5630  5691 E AndroidRuntime: 	at daozi-b.ij0.b(DataParseHandler.java:1)
08-01 11:42:31.031  5630  5691 E AndroidRuntime: 	at daozi-b.zi0.G(InfocSDK.java:9)
08-01 11:42:31.031  5630  5691 E AndroidRuntime: 	at daozi-b.aj0.L(InfocUtil.java:6)
08-01 11:42:31.031  5630  5691 E AndroidRuntime: 	at daozi-b.aj0.K(InfocUtil.java:5)
08-01 11:42:31.031  5630  5691 E AndroidRuntime: 	at daozi-b.aj0.q(InfocUtil.java:6)
08-01 11:42:31.031  5630  5691 E AndroidRuntime: 	at com.antutu.benchmark.service.BenchmarkMainService$f.e(BenchmarkMainService.java:4)
08-01 11:42:31.031  5630  5691 E AndroidRuntime: 	at daozi-b.k80.run(Unknown Source:2)
08-01 11:42:31.031  5630  5691 E AndroidRuntime: 	at java.lang.Thread.run(Thread.java:919)
08-01 11:42:31.040  2220  5696 I chatty  : uid=1000 system_server expire 1 line
08-01 11:42:31.048  2220  2333 I chatty  : uid=1000(system) android.ui expire 6 lines
08-01 11:42:31.174  2220  2344 I chatty  : uid=1000(system) ActivityManager expire 3 lines
08-01 11:42:31.175  2220  2384 I chatty  : uid=1000(system) PackageManager expire 3 lines
08-01 11:42:31.321  2220  2336 I chatty  : uid=1000(system) android.anim expire 2 lines
08-01 11:42:31.705  2220  4736 I chatty  : uid=1000(system) Binder:2220_18 expire 1 line
08-01 11:42:32.471  5782  5829 E AndroidRuntime: FATAL EXCEPTION: Thread-3
08-01 11:42:32.471  5782  5829 E AndroidRuntime: Process: com.antutu.ABenchMark, PID: 5782
08-01 11:42:32.471  5782  5829 E AndroidRuntime: java.lang.NullPointerException: Attempt to invoke virtual method 'void android.content.ContentValues.putAll(android.content.ContentValues)' on a null object reference
08-01 11:42:32.471  5782  5829 E AndroidRuntime: 	at daozi-b.ij0.b(DataParseHandler.java:1)
08-01 11:42:32.471  5782  5829 E AndroidRuntime: 	at daozi-b.zi0.G(InfocSDK.java:9)
08-01 11:42:32.471  5782  5829 E AndroidRuntime: 	at daozi-b.aj0.L(InfocUtil.java:6)
08-01 11:42:32.471  5782  5829 E AndroidRuntime: 	at daozi-b.aj0.K(InfocUtil.java:5)
08-01 11:42:32.471  5782  5829 E AndroidRuntime: 	at daozi-b.aj0.q(InfocUtil.java:6)
08-01 11:42:32.471  5782  5829 E AndroidRuntime: 	at com.antutu.benchmark.service.BenchmarkMainService$f.e(BenchmarkMainService.java:4)
08-01 11:42:32.471  5782  5829 E AndroidRuntime: 	at daozi-b.k80.run(Unknown Source:2)
08-01 11:42:32.471  5782  5829 E AndroidRuntime: 	at java.lang.Thread.run(Thread.java:919)
08-01 11:42:32.484  2220  5833 I chatty  : uid=1000 system_server expire 1 line
08-01 11:42:32.515  2220  3972 I chatty  : uid=1000(system) Binder:2220_D expire 5 lines
08-01 11:42:32.600  2220  4737 I chatty  : uid=1000(system) Binder:2220_19 expire 1 line
08-01 11:42:32.734  2220  2335 I chatty  : uid=1000(system) android.display expire 2 lines
08-01 11:42:33.091  2220  2817 I chatty  : uid=1000(system) Binder:2220_7 expire 2 lines
08-01 11:42:33.373  2220  4588 I chatty  : uid=1000(system) Binder:2220_14 expire 1 line
08-01 11:42:35.725  2220  2220 I chatty  : uid=1000 system_server expire 9 lines
08-01 11:42:36.105  2220  2343 I chatty  : uid=1000(system) android.bg expire 1 line
08-01 11:42:36.264  3237  4836 E ActivityThread: Failed to find provider info for instantapp-dev-manager
08-01 11:42:36.604  2220  2345 I chatty  : uid=1000(system) ActivityManager expire 5 lines
08-01 11:42:36.785  2220  4744 I chatty  : uid=1000(system) Binder:2220_1F expire 2 lines
08-01 11:42:37.185  2220  4734 I chatty  : uid=1000(system) Binder:2220_16 expire 1 line
08-01 11:42:37.624  2220  3590 I chatty  : uid=1000(system) Binder:2220_B expire 1 line
08-01 11:42:38.744  2220  3334 I chatty  : uid=1000(system) Binder:2220_8 expire 2 lines
08-01 11:42:39.462  2220  2345 I chatty  : uid=1000(system) ActivityManager expire 40 lines
08-01 11:42:39.623  2220  4739 I chatty  : uid=1000(system) Binder:2220_1B expire 4 lines
08-01 11:42:39.640  2220  3972 I chatty  : uid=1000(system) Binder:2220_D expire 4 lines
08-01 11:42:39.690  2220  4736 I chatty  : uid=1000(system) Binder:2220_18 expire 1 line
08-01 11:42:39.690  2220  2633 I chatty  : uid=1000(system) ConnectivitySer expire 8 lines
08-01 11:42:39.693  2220  4014 I chatty  : uid=1000(system) Binder:2220_F expire 4 lines
08-01 11:42:39.748  2220  3590 I chatty  : uid=1000(system) Binder:2220_B expire 15 lines
08-01 11:42:39.760  2220  2220 I chatty  : uid=1000 system_server expire 5 lines
08-01 11:42:39.832  2220  2310 I chatty  : uid=1000(system) Binder:2220_2 expire 4 lines
08-01 11:42:40.102  2220  4733 I chatty  : uid=1000(system) Binder:2220_15 expire 6 lines
08-01 11:42:40.164  2220  3477 I chatty  : uid=1000(system) Binder:2220_9 expire 1 line
08-01 11:42:40.695  2220  4588 I chatty  : uid=1000(system) Binder:2220_14 expire 2 lines
08-01 11:42:41.011  2220  4743 I chatty  : uid=1000(system) Binder:2220_1E expire 6 lines
08-01 11:42:41.249  2220  4081 I chatty  : uid=1000(system) Binder:2220_13 expire 4 lines
08-01 11:42:41.332  2220  4744 I chatty  : uid=1000(system) Binder:2220_1F expire 10 lines
08-01 11:42:41.783  2220  2585 I chatty  : uid=1000(system) Binder:2220_3 expire 2 lines
08-01 11:42:41.948  2220  2776 I chatty  : uid=1000(system) Binder:2220_4 expire 4 lines
08-01 11:42:42.432  2220  4018 I chatty  : uid=1000(system) Binder:2220_11 expire 11 lines
08-01 11:42:42.432  2220  2373 I chatty  : uid=1000(system) PowerManagerSer expire 4 lines
08-01 11:42:47.120  2220  3588 I chatty  : uid=1000(system) Binder:2220_A expire 6 lines
08-01 11:42:47.303  2220  4012 I chatty  : uid=1000(system) Binder:2220_E expire 1 line
08-01 11:42:47.366  2220  4745 I chatty  : uid=1000(system) Binder:2220_20 expire 3 lines
08-01 11:42:47.990  2220  4734 I chatty  : uid=1000(system) Binder:2220_16 expire 3 lines
08-01 11:42:48.901  2220  4735 I chatty  : uid=1000(system) Binder:2220_17 expire 2 lines
08-01 11:42:50.863  2220  2590 I chatty  : uid=1000(system) UEventObserver expire 1 line
08-01 11:42:51.127  2220  4737 I chatty  : uid=1000(system) Binder:2220_19 expire 1 line
08-01 11:42:52.014  3488  3488 W ContextImpl: Calling a method in the system process without a qualified user: android.app.ContextImpl.startService:1585 android.content.ContextWrapper.startService:669 android.content.ContextWrapper.startService:669 com.motorola.ccc.plm.launchmanager.LaunchManagerReceiver.onReceive:18 android.app.ActivityThread.handleReceiver:4003 
08-01 11:42:53.095  2220  2345 I chatty  : uid=1000(system) ActivityManager expire 11 lines
08-01 11:42:54.222  2220  2809 I chatty  : uid=1000(system) Binder:2220_6 expire 1 line
08-01 11:42:54.700  2220  3929 I chatty  : uid=1000(system) Binder:2220_C expire 4 lines
08-01 11:42:56.889  2220  2345 I chatty  : uid=1000(system) ActivityManager expire 19 lines
08-01 11:42:57.314  2220  4014 I chatty  : uid=1000(system) Binder:2220_F expire 3 lines
08-01 11:42:58.727  2220  3895 I chatty  : uid=1000(system) android.fg expire 2 lines
08-01 11:42:58.831  2220  2220 I chatty  : uid=1000 system_server expire 6 lines
08-01 11:42:58.936  2220  4743 I chatty  : uid=1000(system) Binder:2220_1E expire 7 lines
08-01 11:43:00.130  2220  2777 I chatty  : uid=1000(system) Binder:2220_5 expire 4 lines
08-01 11:43:00.272  2220  2633 I chatty  : uid=1000(system) ConnectivitySer expire 7 lines
08-01 11:43:00.416  2220  4740 I chatty  : uid=1000(system) Binder:2220_1C expire 3 lines
08-01 11:43:00.771  2220  4744 I chatty  : uid=1000(system) Binder:2220_1F expire 7 lines
08-01 11:43:02.397  2220  4738 I chatty  : uid=1000(system) Binder:2220_1A expire 5 lines
08-01 11:43:04.667  8248  8762 E ActivityThread: Failed to find provider info for com.android.launcher3.cornermark.unreadbadge
08-01 11:43:04.696  2220  4081 I chatty  : uid=1000(system) Binder:2220_13 expire 1 line
08-01 11:43:07.714  2220  3334 I chatty  : uid=1000(system) Binder:2220_8 expire 4 lines
08-01 11:43:07.927  2220  4737 I chatty  : uid=1000(system) Binder:2220_19 expire 3 lines
08-01 11:43:07.946  2220  4736 I chatty  : uid=1000(system) Binder:2220_18 expire 7 lines
08-01 11:43:08.029  2220  2344 I chatty  : uid=1000(system) ActivityManager expire 37 lines
08-01 11:43:08.717  2220  4012 I chatty  : uid=1000(system) Binder:2220_E expire 6 lines
08-01 11:43:08.763  2220  4020 I chatty  : uid=1000(system) Binder:2220_12 expire 1 line
08-01 11:43:08.787  2220  2309 I chatty  : uid=1000(system) Binder:2220_1 expire 10 lines
08-01 11:43:10.341  2220  2585 I chatty  : uid=1000(system) Binder:2220_3 expire 1 line
08-01 11:43:10.965  2220  4735 I chatty  : uid=1000(system) Binder:2220_17 expire 1 line
08-01 11:43:11.216  2220  4017 I chatty  : uid=1000(system) Binder:2220_10 expire 2 lines
08-01 11:43:11.321  2220  3972 I chatty  : uid=1000(system) Binder:2220_D expire 6 lines
08-01 11:43:12.280  3488  3488 W ContextImpl: Calling a method in the system process without a qualified user: android.app.ContextImpl.startService:1585 android.content.ContextWrapper.startService:669 android.content.ContextWrapper.startService:669 com.motorola.ccc.main.StartUpReceiver.onReceive:21 android.app.ActivityThread.handleReceiver:4003 
08-01 11:43:12.732  2220  2345 I chatty  : uid=1000(system) ActivityManager expire 2 lines
08-01 11:43:13.008  9590  9590 D ActivityThread: Loading provider contacts;com.android.contacts: com.android.providers.contacts.ContactsProvider2
08-01 11:43:13.564  2220  2336 I chatty  : uid=1000(system) android.anim expire 5 lines
08-01 11:43:14.209  3634  9125 W PackageParser: Unknown element under <manifest>: queries at /data/user_de/0/com.google.android.gms/app_chimera/m/00000011/dl-AdsFdrDynamite.integ_21880100008.apk Binary XML file line #5
08-01 11:43:14.271  3634  9125 W PackageParser: Unknown element under <manifest>: queries at /data/user_de/0/com.google.android.gms/app_chimera/m/00000015/dl-AdsFdrDynamite.integ_22060100008.apk Binary XML file line #5
08-01 11:43:14.290  3634  9125 W PackageParser: Unknown element under <manifest>: queries at /data/user_de/0/com.google.android.gms/app_chimera/m/00000030/dl-Payments.integ_203402508100408.apk Binary XML file line #5
08-01 11:43:14.420  3634  9125 W PackageParser: Unknown element under <manifest>: queries at /data/user_de/0/com.google.android.gms/app_chimera/m/00000011/dl-AdsFdrDynamite.integ_21880100008.apk Binary XML file line #5
08-01 11:43:14.479  3634  9125 W PackageParser: Unknown element under <manifest>: queries at /data/user_de/0/com.google.android.gms/app_chimera/m/00000015/dl-AdsFdrDynamite.integ_22060100008.apk Binary XML file line #5
08-01 11:43:14.497  3634  9125 W PackageParser: Unknown element under <manifest>: queries at /data/user_de/0/com.google.android.gms/app_chimera/m/00000023/dl-Payments.integ_203090301100408.apk Binary XML file line #5
08-01 11:43:14.601  3634  9125 W PackageParser: Unknown element under <manifest>: queries at /data/user_de/0/com.google.android.gms/app_chimera/m/00000011/dl-AdsFdrDynamite.integ_21880100008.apk Binary XML file line #5
08-01 11:43:14.668  3634  9125 W PackageParser: Unknown element under <manifest>: queries at /data/user_de/0/com.google.android.gms/app_chimera/m/00000015/dl-AdsFdrDynamite.integ_22060100008.apk Binary XML file line #5
08-01 11:43:14.777  2220  4588 I chatty  : uid=1000(system) Binder:2220_14 expire 1 line
08-01 11:43:14.850  3634  4692 W PackageParser: Unknown element under <manifest>: queries at /data/user_de/0/com.google.android.gms/app_chimera/m/00000011/dl-AdsFdrDynamite.integ_21880100008.apk Binary XML file line #5
08-01 11:43:14.978  2220  4745 I chatty  : uid=1000(system) Binder:2220_20 expire 2 lines
08-01 11:43:14.997  3634  4692 W PackageParser: Unknown element under <manifest>: queries at /data/user_de/0/com.google.android.gms/app_chimera/m/00000015/dl-AdsFdrDynamite.integ_22060100008.apk Binary XML file line #5
08-01 11:43:15.041  3634  4692 W PackageParser: Unknown element under <manifest>: queries at /data/user_de/0/com.google.android.gms/app_chimera/m/00000030/dl-Payments.integ_203402508100408.apk Binary XML file line #5
08-01 11:43:15.234  3634  4692 W PackageParser: Unknown element under <manifest>: queries at /data/user_de/0/com.google.android.gms/app_chimera/m/00000011/dl-AdsFdrDynamite.integ_21880100008.apk Binary XML file line #5
08-01 11:43:15.415  3634  4692 W PackageParser: Unknown element under <manifest>: queries at /data/user_de/0/com.google.android.gms/app_chimera/m/00000015/dl-AdsFdrDynamite.integ_22060100008.apk Binary XML file line #5
08-01 11:43:15.448  3634  4692 W PackageParser: Unknown element under <manifest>: queries at /data/user_de/0/com.google.android.gms/app_chimera/m/00000023/dl-Payments.integ_203090301100408.apk Binary XML file line #5
08-01 11:43:15.594  3634  4692 W PackageParser: Unknown element under <manifest>: queries at /data/user_de/0/com.google.android.gms/app_chimera/m/00000011/dl-AdsFdrDynamite.integ_21880100008.apk Binary XML file line #5
08-01 11:43:15.677  3634  4692 W PackageParser: Unknown element under <manifest>: queries at /data/user_de/0/com.google.android.gms/app_chimera/m/00000015/dl-AdsFdrDynamite.integ_22060100008.apk Binary XML file line #5
08-01 11:43:17.102  2220  2310 I chatty  : uid=1000(system) Binder:2220_2 expire 14 lines
08-01 11:43:18.692  2220  2336 I chatty  : uid=1000(system) android.anim expire 22 lines
08-01 11:43:20.626  2220  4588 I chatty  : uid=1000(system) Binder:2220_14 expire 5 lines
08-01 11:43:21.518  2220  2590 I chatty  : uid=1000(system) UEventObserver expire 6 lines
08-01 11:43:22.396  2220  4745 I chatty  : uid=1000(system) Binder:2220_20 expire 3 lines
08-01 11:43:22.442  2220  2345 I chatty  : uid=1000(system) ActivityManager expire 17 lines
08-01 11:43:22.515  2220  2777 I chatty  : uid=1000(system) Binder:2220_5 expire 2 lines
08-01 11:43:22.515  2220  2585 I chatty  : uid=1000(system) Binder:2220_3 expire 1 line
08-01 11:43:22.516  2220  2633 I chatty  : uid=1000(system) ConnectivitySer expire 6 lines
08-01 11:43:22.722  2220  4736 I chatty  : uid=1000(system) Binder:2220_18 expire 7 lines
08-01 11:43:25.921  2220  2352 I chatty  : uid=1000(system) batterystats-wo expire 7 lines
08-01 11:43:27.135  2220  2220 I chatty  : uid=1000 system_server expire 16 lines
08-01 11:43:30.140  2220  4743 I chatty  : uid=1000(system) Binder:2220_1E expire 2 lines
08-01 11:43:30.554  2220  3477 I chatty  : uid=1000(system) Binder:2220_9 expire 9 lines
08-01 11:43:33.480 10119 10119 E AndroidRuntime: FATAL EXCEPTION: main
08-01 11:43:33.480 10119 10119 E AndroidRuntime: Process: com.github.uiautomator, PID: 10119
08-01 11:43:33.480 10119 10119 E AndroidRuntime: java.lang.RuntimeException: Unable to start activity ComponentInfo{com.github.uiautomator/com.github.uiautomator.ToastActivity}: android.view.WindowManager$BadTokenException: Unable to add window android.view.ViewRootImpl$W@73a0775 -- permission denied for window type 2038
08-01 11:43:33.480 10119 10119 E AndroidRuntime: 	at android.app.ActivityThread.performLaunchActivity(ActivityThread.java:3477)
08-01 11:43:33.480 10119 10119 E AndroidRuntime: 	at android.app.ActivityThread.handleLaunchActivity(ActivityThread.java:3620)
08-01 11:43:33.480 10119 10119 E AndroidRuntime: 	at android.app.servertransaction.LaunchActivityItem.execute(LaunchActivityItem.java:83)
08-01 11:43:33.480 10119 10119 E AndroidRuntime: 	at android.app.servertransaction.TransactionExecutor.executeCallbacks(TransactionExecutor.java:135)
08-01 11:43:33.480 10119 10119 E AndroidRuntime: 	at android.app.servertransaction.TransactionExecutor.execute(TransactionExecutor.java:95)
08-01 11:43:33.480 10119 10119 E AndroidRuntime: 	at android.app.ActivityThread$H.handleMessage(ActivityThread.java:2183)
08-01 11:43:33.480 10119 10119 E AndroidRuntime: 	at android.os.Handler.dispatchMessage(Handler.java:107)
08-01 11:43:33.480 10119 10119 E AndroidRuntime: 	at android.os.Looper.loop(Looper.java:241)
08-01 11:43:33.480 10119 10119 E AndroidRuntime: 	at android.app.ActivityThread.main(ActivityThread.java:7617)
08-01 11:43:33.480 10119 10119 E AndroidRuntime: 	at java.lang.reflect.Method.invoke(Native Method)
08-01 11:43:33.480 10119 10119 E AndroidRuntime: 	at com.android.internal.os.RuntimeInit$MethodAndArgsCaller.run(RuntimeInit.java:492)
08-01 11:43:33.480 10119 10119 E AndroidRuntime: 	at com.android.internal.os.ZygoteInit.main(ZygoteInit.java:941)
08-01 11:43:33.480 10119 10119 E AndroidRuntime: Caused by: android.view.WindowManager$BadTokenException: Unable to add window android.view.ViewRootImpl$W@73a0775 -- permission denied for window type 2038
08-01 11:43:33.480 10119 10119 E AndroidRuntime: 	at android.view.ViewRootImpl.setView(ViewRootImpl.java:959)
08-01 11:43:33.480 10119 10119 E AndroidRuntime: 	at android.view.WindowManagerGlobal.addView(WindowManagerGlobal.java:387)
08-01 11:43:33.480 10119 10119 E AndroidRuntime: 	at android.view.WindowManagerImpl.addView(WindowManagerImpl.java:95)
08-01 11:43:33.480 10119 10119 E AndroidRuntime: 	at com.github.uiautomator.FloatView.show(FloatView.java:109)
08-01 11:43:33.480 10119 10119 E AndroidRuntime: 	at com.github.uiautomator.ToastActivity.onCreate(ToastActivity.java:30)
08-01 11:43:33.480 10119 10119 E AndroidRuntime: 	at android.app.Activity.performCreate(Activity.java:7810)
08-01 11:43:33.480 10119 10119 E AndroidRuntime: 	at android.app.Activity.performCreate(Activity.java:7799)
08-01 11:43:33.480 10119 10119 E AndroidRuntime: 	at android.app.Instrumentation.callActivityOnCreate(Instrumentation.java:1328)
08-01 11:43:33.480 10119 10119 E AndroidRuntime: 	at androidx.test.runner.MonitoringInstrumentation.callActivityOnCreate(MonitoringInstrumentation.java:711)
08-01 11:43:33.480 10119 10119 E AndroidRuntime: 	at android.app.ActivityThread.performLaunchActivity(ActivityThread.java:3452)
08-01 11:43:33.480 10119 10119 E AndroidRuntime: 	... 11 more
08-01 11:43:33.490  2220 10170 I chatty  : uid=1000 system_server expire 1 line
08-01 11:43:33.500  2220  2344 I chatty  : uid=1000(system) ActivityManager expire 2 lines
08-01 11:43:34.545  2220  2309 I chatty  : uid=1000(system) Binder:2220_1 expire 2 lines
08-01 11:43:40.699  2220  4735 I chatty  : uid=1000(system) Binder:2220_17 expire 3 lines
08-01 11:43:40.767  2220  2776 I chatty  : uid=1000(system) Binder:2220_4 expire 3 lines
08-01 11:43:40.767  2220  4017 I chatty  : uid=1000(system) Binder:2220_10 expire 2 lines
08-01 11:43:41.571  2220  4012 I chatty  : uid=1000(system) Binder:2220_E expire 1 line
08-01 11:43:41.943  2220  2607 I chatty  : uid=1000(system) AlarmManager expire 1 line
08-01 11:43:42.067  2220  4014 I chatty  : uid=1000(system) Binder:2220_F expire 3 lines
08-01 11:43:42.190  2220  4020 I chatty  : uid=1000(system) Binder:2220_12 expire 3 lines
08-01 11:43:43.762  2220  2334 I chatty  : uid=1000(system) android.io expire 14 lines
08-01 11:43:43.968  2220  4081 I chatty  : uid=1000(system) Binder:2220_13 expire 2 lines
08-01 11:43:44.804  2220  2626 I chatty  : uid=1000(system) ClientModeImpl expire 1 line
08-01 11:43:45.452  2220  2345 I chatty  : uid=1000(system) ActivityManager expire 25 lines
08-01 11:43:45.659  2220  2334 I chatty  : uid=1000(system) android.io expire 4 lines
08-01 11:43:45.683  2220  2220 I chatty  : uid=1000 system_server expire 10 lines
08-01 11:43:45.796  2220  3477 I chatty  : uid=1000(system) Binder:2220_9 expire 5 lines
08-01 11:43:45.799  2220  2344 I chatty  : uid=1000(system) ActivityManager expire 4 lines
08-01 11:43:46.042  2220  2590 I chatty  : uid=1000(system) UEventObserver expire 6 lines
08-01 11:43:46.127  2220  2585 I chatty  : uid=1000(system) Binder:2220_3 expire 2 lines
08-01 11:43:46.153  2220  4081 I chatty  : uid=1000(system) Binder:2220_13 expire 2 lines
08-01 11:43:46.228  2220  4588 I chatty  : uid=1000(system) Binder:2220_14 expire 1 line
08-01 11:43:46.321  2220  4736 I chatty  : uid=1000(system) Binder:2220_18 expire 7 lines
08-01 11:43:46.729  2220  4020 I chatty  : uid=1000(system) Binder:2220_12 expire 1 line
08-01 11:43:46.779  2220  3929 I chatty  : uid=1000(system) Binder:2220_C expire 1 line
08-01 11:43:47.606  2220  4735 I chatty  : uid=1000(system) Binder:2220_17 expire 2 lines
08-01 11:43:47.607  2220  4012 I chatty  : uid=1000(system) Binder:2220_E expire 9 lines
08-01 11:43:47.607  2220  2633 I chatty  : uid=1000(system) ConnectivitySer expire 7 lines
08-01 11:43:47.608  2220  4017 I chatty  : uid=1000(system) Binder:2220_10 expire 1 line
08-01 11:43:47.944  2220  2817 I chatty  : uid=1000(system) Binder:2220_7 expire 1 line
08-01 11:44:05.092  2220  2309 I chatty  : uid=1000(system) Binder:2220_1 expire 12 lines
08-01 11:44:05.190  2220  3334 I chatty  : uid=1000(system) Binder:2220_8 expire 1 line
08-01 11:44:05.206  2220  2335 I chatty  : uid=1000(system) android.display expire 1 line
08-01 11:44:05.279  2220  2336 I chatty  : uid=1000(system) android.anim expire 17 lines
08-01 11:44:06.688  2220  4745 I chatty  : uid=1000(system) Binder:2220_20 expire 2 lines
08-01 11:44:07.259  2220  2310 I chatty  : uid=1000(system) Binder:2220_2 expire 2 lines
08-01 11:44:07.361  2220  4733 I chatty  : uid=1000(system) Binder:2220_15 expire 2 lines
08-01 11:44:07.682  2220  2776 I chatty  : uid=1000(system) Binder:2220_4 expire 3 lines
08-01 11:44:07.732  2220  4734 I chatty  : uid=1000(system) Binder:2220_16 expire 1 line
08-01 11:44:07.732  2220  3590 I chatty  : uid=1000(system) Binder:2220_B expire 2 lines
08-01 11:44:07.732  2220  4014 I chatty  : uid=1000(system) Binder:2220_F expire 1 line
08-01 11:44:07.821  2220  4741 I chatty  : uid=1000(system) Binder:2220_1D expire 1 line
08-01 11:44:07.915 10916 11181 W SystemConfig: No directory /oem/etc/sysconfig, skipping
08-01 11:44:07.915 10916 11181 W SystemConfig: No directory /oem/etc/permissions, skipping
08-01 11:44:07.954  2220  2345 I chatty  : uid=1000(system) ActivityManager expire 6 lines
08-01 11:44:07.991  2220  3972 I chatty  : uid=1000(system) Binder:2220_D expire 6 lines
08-01 11:44:08.111 10916 11181 W SystemConfig: No directory /oem/etc/motorola/bgintents, skipping
08-01 11:44:08.127 10916 11181 W SystemConfig: No directory /product_services/etc/sysconfig, skipping
08-01 11:44:08.128 10916 11181 W SystemConfig: No directory /product_services/etc/permissions, skipping
08-01 11:44:08.128 10916 11181 W SystemConfig: No directory /system/etc/motorola/sysconfig, skipping
08-01 11:44:08.129 10916 11181 W SystemConfig: No directory /oem/etc/motorola/sysconfig, skipping
08-01 11:44:08.129 10916 11181 W SystemConfig: No directory /product/etc/motorola/sysconfig, skipping
08-01 11:44:08.639  2220  2777 I chatty  : uid=1000(system) Binder:2220_5 expire 7 lines
08-01 11:44:13.256  2220  3588 I chatty  : uid=1000(system) Binder:2220_A expire 14 lines
08-01 11:44:14.315  2220  4740 I chatty  : uid=1000(system) Binder:2220_1C expire 2 lines
08-01 11:44:14.317  2220  4736 I chatty  : uid=1000(system) Binder:2220_18 expire 2 lines
08-01 11:44:14.377  2220  4081 I chatty  : uid=1000(system) Binder:2220_13 expire 5 lines
08-01 11:44:14.384  2220  2336 I chatty  : uid=1000(system) android.anim expire 12 lines
08-01 11:44:14.403  2220  2345 I chatty  : uid=1000(system) ActivityManager expire 7 lines
08-01 11:44:14.473  2220  4741 I chatty  : uid=1000(system) Binder:2220_1D expire 4 lines
08-01 11:44:14.894  2220  2777 I chatty  : uid=1000(system) Binder:2220_5 expire 3 lines
08-01 11:44:14.907  2220  2335 I chatty  : uid=1000(system) android.display expire 10 lines
08-01 11:44:14.970  2220  4733 I chatty  : uid=1000(system) Binder:2220_15 expire 1 line
08-01 11:44:14.970  2220  4743 I chatty  : uid=1000(system) Binder:2220_1E expire 1 line
08-01 11:44:14.970  2220  2633 I chatty  : uid=1000(system) ConnectivitySer expire 6 lines
08-01 11:44:16.417 11594 11594 W ContextImpl: Calling a method in the system process without a qualified user: android.app.ContextImpl.sendBroadcast:1048 android.content.ContextWrapper.sendBroadcast:448 com.android.settings.bluetooth.DevicePickerFragment.sendDevicePickedIntent:197 com.android.settings.bluetooth.DevicePickerFragment.onDevicePreferenceClick:126 com.android.settings.bluetooth.DeviceListPreferenceFragment.onPreferenceTreeClick:157 
08-01 11:44:16.917  2220  4012 I chatty  : uid=1000(system) Binder:2220_E expire 6 lines
08-01 11:44:17.122  2220  2809 I chatty  : uid=1000(system) Binder:2220_6 expire 4 lines
08-01 11:44:17.160  2220  4734 I chatty  : uid=1000(system) Binder:2220_16 expire 1 line
08-01 11:44:17.604  2220  2590 I chatty  : uid=1000(system) UEventObserver expire 7 lines
08-01 11:44:18.482  2220  3929 I chatty  : uid=1000(system) Binder:2220_C expire 4 lines
08-01 11:44:20.009  2220  3590 I chatty  : uid=1000(system) Binder:2220_B expire 1 line
08-01 11:44:20.009  2220  2310 I chatty  : uid=1000(system) Binder:2220_2 expire 16 lines
08-01 11:44:23.710  2220  2344 I chatty  : uid=1000(system) ActivityManager expire 1 line
08-01 11:44:29.479  2220  2220 I chatty  : uid=1000 system_server expire 7 lines
08-01 11:44:44.989  2220  2817 I chatty  : uid=1000(system) Binder:2220_7 expire 14 lines
08-01 11:45:04.882  2220  2626 I chatty  : uid=1000(system) ClientModeImpl expire 1 line
08-01 11:45:13.217  2220  4018 I chatty  : uid=1000(system) Binder:2220_11 expire 2 lines
08-01 11:45:14.991  3589  9674 E ActivityThread: Failed to find provider info for com.motorola.ccc.cce.datausage
08-01 11:45:27.770  2220  2336 I chatty  : uid=1000(system) android.anim expire 13 lines
08-01 11:45:35.485  2220  2333 I chatty  : uid=1000(system) android.ui expire 2 lines
08-01 11:46:09.218  2220  4017 I chatty  : uid=1000(system) Binder:2220_10 expire 2 lines
08-01 11:46:12.900  2220  2334 I chatty  : uid=1000(system) android.io expire 17 lines
08-01 11:46:13.021  2220  4741 I chatty  : uid=1000(system) Binder:2220_1D expire 3 lines
08-01 11:46:13.318  2220  2590 I chatty  : uid=1000(system) UEventObserver expire 6 lines
08-01 11:46:13.502  2220  4020 I chatty  : uid=1000(system) Binder:2220_12 expire 7 lines
08-01 11:46:13.504  2220  2335 I chatty  : uid=1000(system) android.display expire 1 line
08-01 11:46:15.601  2220  2817 I chatty  : uid=1000(system) Binder:2220_7 expire 7 lines
08-01 11:46:16.252  2220  4739 I chatty  : uid=1000(system) Binder:2220_1B expire 4 lines
08-01 11:46:21.387  2220  2809 I chatty  : uid=1000(system) Binder:2220_6 expire 2 lines
08-01 11:46:24.846  2220  2626 I chatty  : uid=1000(system) ClientModeImpl expire 3 lines
08-01 11:46:32.142  2220  2336 I chatty  : uid=1000(system) android.anim expire 13 lines
08-01 11:47:11.196  2220  3477 I chatty  : uid=1000(system) Binder:2220_9 expire 2 lines
08-01 11:47:11.246  2220  2345 I chatty  : uid=1000(system) ActivityManager expire 35 lines
08-01 11:47:11.661  2220  2776 I chatty  : uid=1000(system) Binder:2220_4 expire 4 lines
08-01 11:47:11.755  2220  3588 I chatty  : uid=1000(system) Binder:2220_A expire 4 lines
08-01 11:47:15.753  3634 12511 W PackageParser: Unknown element under <manifest>: queries at /data/user_de/0/com.google.android.gms/app_chimera/m/00000011/dl-AdsFdrDynamite.integ_21880100008.apk Binary XML file line #5
08-01 11:47:15.808  3634 12511 W PackageParser: Unknown element under <manifest>: queries at /data/user_de/0/com.google.android.gms/app_chimera/m/00000015/dl-AdsFdrDynamite.integ_22060100008.apk Binary XML file line #5
08-01 11:47:15.824  3634 12511 W PackageParser: Unknown element under <manifest>: queries at /data/user_de/0/com.google.android.gms/app_chimera/m/00000030/dl-Payments.integ_203402508100408.apk Binary XML file line #5
08-01 11:47:15.925  3634 12511 W PackageParser: Unknown element under <manifest>: queries at /data/user_de/0/com.google.android.gms/app_chimera/m/00000011/dl-AdsFdrDynamite.integ_21880100008.apk Binary XML file line #5
08-01 11:47:15.986  3634 12511 W PackageParser: Unknown element under <manifest>: queries at /data/user_de/0/com.google.android.gms/app_chimera/m/00000015/dl-AdsFdrDynamite.integ_22060100008.apk Binary XML file line #5
08-01 11:47:16.003  3634 12511 W PackageParser: Unknown element under <manifest>: queries at /data/user_de/0/com.google.android.gms/app_chimera/m/00000023/dl-Payments.integ_203090301100408.apk Binary XML file line #5
08-01 11:47:16.079  3634 12511 W PackageParser: Unknown element under <manifest>: queries at /data/user_de/0/com.google.android.gms/app_chimera/m/00000011/dl-AdsFdrDynamite.integ_21880100008.apk Binary XML file line #5
08-01 11:47:16.132  3634 12511 W PackageParser: Unknown element under <manifest>: queries at /data/user_de/0/com.google.android.gms/app_chimera/m/00000015/dl-AdsFdrDynamite.integ_22060100008.apk Binary XML file line #5
08-01 11:47:16.241  3634  4690 W PackageParser: Unknown element under <manifest>: queries at /data/user_de/0/com.google.android.gms/app_chimera/m/00000011/dl-AdsFdrDynamite.integ_21880100008.apk Binary XML file line #5
08-01 11:47:16.305  3634  4690 W PackageParser: Unknown element under <manifest>: queries at /data/user_de/0/com.google.android.gms/app_chimera/m/00000015/dl-AdsFdrDynamite.integ_22060100008.apk Binary XML file line #5
08-01 11:47:16.323  3634  4690 W PackageParser: Unknown element under <manifest>: queries at /data/user_de/0/com.google.android.gms/app_chimera/m/00000030/dl-Payments.integ_203402508100408.apk Binary XML file line #5
08-01 11:47:16.437  3634  4690 W PackageParser: Unknown element under <manifest>: queries at /data/user_de/0/com.google.android.gms/app_chimera/m/00000011/dl-AdsFdrDynamite.integ_21880100008.apk Binary XML file line #5
08-01 11:47:16.504  3634  4690 W PackageParser: Unknown element under <manifest>: queries at /data/user_de/0/com.google.android.gms/app_chimera/m/00000015/dl-AdsFdrDynamite.integ_22060100008.apk Binary XML file line #5
08-01 11:47:16.521  3634  4690 W PackageParser: Unknown element under <manifest>: queries at /data/user_de/0/com.google.android.gms/app_chimera/m/00000023/dl-Payments.integ_203090301100408.apk Binary XML file line #5
08-01 11:47:16.606  3634  4690 W PackageParser: Unknown element under <manifest>: queries at /data/user_de/0/com.google.android.gms/app_chimera/m/00000011/dl-AdsFdrDynamite.integ_21880100008.apk Binary XML file line #5
08-01 11:47:16.666  3634  4690 W PackageParser: Unknown element under <manifest>: queries at /data/user_de/0/com.google.android.gms/app_chimera/m/00000015/dl-AdsFdrDynamite.integ_22060100008.apk Binary XML file line #5
08-01 11:47:16.867  2220  2309 I chatty  : uid=1000(system) Binder:2220_1 expire 1 line
08-01 11:47:16.904  2220  3334 I chatty  : uid=1000(system) Binder:2220_8 expire 6 lines
08-01 11:47:18.087  2220  4018 I chatty  : uid=1000(system) Binder:2220_11 expire 1 line
08-01 11:47:18.127  2220  2352 I chatty  : uid=1000(system) batterystats-wo expire 3 lines
08-01 11:47:35.122  2220  2310 I chatty  : uid=1000(system) Binder:2220_2 expire 5 lines
08-01 11:47:35.171  2220  4745 I chatty  : uid=1000(system) Binder:2220_20 expire 3 lines
08-01 11:47:35.874  2220  2633 I chatty  : uid=1000(system) ConnectivitySer expire 19 lines
08-01 11:47:38.629  1417  1417 W wificond: Scan is not started. Ignore abort request
08-01 11:47:38.729  2220  2345 I chatty  : uid=1000(system) ActivityManager expire 6 lines
08-01 11:47:39.542 12747 12769 E AndroidRuntime: FATAL EXCEPTION: Thread-3
08-01 11:47:39.542 12747 12769 E AndroidRuntime: Process: com.antutu.ABenchMark, PID: 12747
08-01 11:47:39.542 12747 12769 E AndroidRuntime: java.lang.NullPointerException: Attempt to invoke virtual method 'void android.content.ContentValues.putAll(android.content.ContentValues)' on a null object reference
08-01 11:47:39.542 12747 12769 E AndroidRuntime: 	at daozi-b.ij0.b(DataParseHandler.java:1)
08-01 11:47:39.542 12747 12769 E AndroidRuntime: 	at daozi-b.zi0.G(InfocSDK.java:9)
08-01 11:47:39.542 12747 12769 E AndroidRuntime: 	at daozi-b.aj0.L(InfocUtil.java:6)
08-01 11:47:39.542 12747 12769 E AndroidRuntime: 	at daozi-b.aj0.K(InfocUtil.java:5)
08-01 11:47:39.542 12747 12769 E AndroidRuntime: 	at daozi-b.aj0.q(InfocUtil.java:6)
08-01 11:47:39.542 12747 12769 E AndroidRuntime: 	at com.antutu.benchmark.service.BenchmarkMainService$f.e(BenchmarkMainService.java:4)
08-01 11:47:39.542 12747 12769 E AndroidRuntime: 	at daozi-b.k80.run(Unknown Source:2)
08-01 11:47:39.542 12747 12769 E AndroidRuntime: 	at java.lang.Thread.run(Thread.java:919)
08-01 11:47:39.545  2220 12770 I chatty  : uid=1000 system_server expire 1 line
08-01 11:47:39.554  2220  2333 I chatty  : uid=1000(system) android.ui expire 7 lines
08-01 11:47:39.555  2220  2344 I chatty  : uid=1000(system) ActivityManager expire 4 lines
08-01 11:47:39.687  2220  2336 I chatty  : uid=1000(system) android.anim expire 2 lines
08-01 11:47:40.946 12781 12803 E AndroidRuntime: FATAL EXCEPTION: Thread-3
08-01 11:47:40.946 12781 12803 E AndroidRuntime: Process: com.antutu.ABenchMark, PID: 12781
08-01 11:47:40.946 12781 12803 E AndroidRuntime: java.lang.NullPointerException: Attempt to invoke virtual method 'void android.content.ContentValues.putAll(android.content.ContentValues)' on a null object reference
08-01 11:47:40.946 12781 12803 E AndroidRuntime: 	at daozi-b.ij0.b(DataParseHandler.java:1)
08-01 11:47:40.946 12781 12803 E AndroidRuntime: 	at daozi-b.zi0.G(InfocSDK.java:9)
08-01 11:47:40.946 12781 12803 E AndroidRuntime: 	at daozi-b.aj0.L(InfocUtil.java:6)
08-01 11:47:40.946 12781 12803 E AndroidRuntime: 	at daozi-b.aj0.K(InfocUtil.java:5)
08-01 11:47:40.946 12781 12803 E AndroidRuntime: 	at daozi-b.aj0.q(InfocUtil.java:6)
08-01 11:47:40.946 12781 12803 E AndroidRuntime: 	at com.antutu.benchmark.service.BenchmarkMainService$f.e(BenchmarkMainService.java:4)
08-01 11:47:40.946 12781 12803 E AndroidRuntime: 	at daozi-b.k80.run(Unknown Source:2)
08-01 11:47:40.946 12781 12803 E AndroidRuntime: 	at java.lang.Thread.run(Thread.java:919)
08-01 11:47:40.976  2220 12804 I chatty  : uid=1000 system_server expire 1 line
08-01 11:47:41.504  1417  1417 I wificond: Received external scan result notification from kernel.
08-01 11:47:42.361  1059  1625 E NetlinkEvent: NetlinkEvent::FindParam(): Parameter 'INTERFACE' not found
08-01 11:47:42.361  1059  1625 E NetlinkEvent: NetlinkEvent::FindParam(): Parameter 'STATE' not found
08-01 11:47:42.361  1059  1625 E NetlinkEvent: NetlinkEvent::FindParam(): Parameter 'TIME_NS' not found
08-01 11:47:42.361  1059  1625 E NetlinkEvent: NetlinkEvent::FindParam(): Parameter 'UID' not found
08-01 11:47:42.374  2220  4012 I chatty  : uid=1000(system) Binder:2220_E expire 1 line
08-01 11:48:04.309  2220  2607 I chatty  : uid=1000(system) AlarmManager expire 1 line
08-01 11:48:04.311  2220  2220 I chatty  : uid=1000 system_server expire 12 lines
08-01 11:48:04.342  2220  2345 I chatty  : uid=1000(system) ActivityManager expire 47 lines
08-01 11:48:04.432  2220  2633 I chatty  : uid=1000(system) ConnectivitySer expire 17 lines
08-01 11:48:04.455  2220  2343 I chatty  : uid=1000(system) android.bg expire 4 lines
08-01 11:48:04.983  2220  3334 I chatty  : uid=1000(system) Binder:2220_8 expire 3 lines
08-01 11:48:05.830  2220  2777 I chatty  : uid=1000(system) Binder:2220_5 expire 2 lines
08-01 11:48:05.981  2220  2817 I chatty  : uid=1000(system) Binder:2220_7 expire 3 lines
08-01 11:48:06.002  2220  4017 I chatty  : uid=1000(system) Binder:2220_10 expire 8 lines
08-01 11:48:06.015  2220  2333 I chatty  : uid=1000(system) android.ui expire 2 lines
08-01 11:48:06.119  2220  4744 I chatty  : uid=1000(system) Binder:2220_1F expire 5 lines
08-01 11:48:06.182  2220  2336 I chatty  : uid=1000(system) android.anim expire 9 lines
08-01 11:48:06.245  2220  4738 I chatty  : uid=1000(system) Binder:2220_1A expire 4 lines
08-01 11:48:06.270  2220  4081 I chatty  : uid=1000(system) Binder:2220_13 expire 6 lines
08-01 11:48:06.348  2220  2310 I chatty  : uid=1000(system) Binder:2220_2 expire 1 line
08-01 11:48:06.349  2220  2809 I chatty  : uid=1000(system) Binder:2220_6 expire 4 lines
08-01 11:48:06.704  2220  4012 I chatty  : uid=1000(system) Binder:2220_E expire 6 lines
08-01 11:48:07.563  2220  2776 I chatty  : uid=1000(system) Binder:2220_4 expire 1 line
08-01 11:48:07.575  2220  4020 I chatty  : uid=1000(system) Binder:2220_12 expire 4 lines
08-01 11:48:07.751  2220  4735 I chatty  : uid=1000(system) Binder:2220_17 expire 2 lines
08-01 11:48:07.979  2220  2309 I chatty  : uid=1000(system) Binder:2220_1 expire 3 lines
08-01 11:48:07.996  3237 13684 D ActivityThread: Loading provider com.google.android.gms.fitness: com.google.android.gms.fitness.sync.FitnessContentProvider
08-01 11:48:08.308 13216 13216 W ActivityThread: serviceCreate starts in 2649 ms, CreateServiceData = CreateServiceData{token=android.os.BinderProxy@3ded400 className=com.google.android.libraries.notifications.entrypoints.scheduled.ScheduledTaskService packageName=com.google.android.calendar intent=null}
08-01 11:48:08.488  2220  3588 I chatty  : uid=1000(system) Binder:2220_A expire 3 lines
08-01 11:48:08.865  2220  2335 I chatty  : uid=1000(system) android.display expire 1 line
08-01 11:48:09.450  3634  8408 W PackageParser: Unknown element under <manifest>: queries at /data/user_de/0/com.google.android.gms/app_chimera/m/00000011/dl-AdsFdrDynamite.integ_21880100008.apk Binary XML file line #5
08-01 11:48:09.555 13823 13823 D ActivityThread: Loading provider contacts;com.android.contacts: com.android.providers.contacts.ContactsProvider2
08-01 11:48:09.569  3634  8408 W PackageParser: Unknown element under <manifest>: queries at /data/user_de/0/com.google.android.gms/app_chimera/m/00000015/dl-AdsFdrDynamite.integ_22060100008.apk Binary XML file line #5
08-01 11:48:09.606  3634  8408 W PackageParser: Unknown element under <manifest>: queries at /data/user_de/0/com.google.android.gms/app_chimera/m/00000030/dl-Payments.integ_203402508100408.apk Binary XML file line #5
08-01 11:48:09.613  3237 13867 D ActivityThread: Loading provider com.google.android.location.reporting: com.google.android.location.reporting.service.utils.ReportingContentProvider
08-01 11:48:10.047  3634  8408 W PackageParser: Unknown element under <manifest>: queries at /data/user_de/0/com.google.android.gms/app_chimera/m/00000011/dl-AdsFdrDynamite.integ_21880100008.apk Binary XML file line #5
08-01 11:48:10.059  2220  2344 I chatty  : uid=1000(system) ActivityManager expire 1 line
08-01 11:48:10.276  3634  8408 W PackageParser: Unknown element under <manifest>: queries at /data/user_de/0/com.google.android.gms/app_chimera/m/00000015/dl-AdsFdrDynamite.integ_22060100008.apk Binary XML file line #5
08-01 11:48:10.371  3634  8408 W PackageParser: Unknown element under <manifest>: queries at /data/user_de/0/com.google.android.gms/app_chimera/m/00000023/dl-Payments.integ_203090301100408.apk Binary XML file line #5
08-01 11:48:10.570  2220  2590 I chatty  : uid=1000(system) UEventObserver expire 1 line
08-01 11:48:10.752  3237 13978 D ActivityThread: Loading provider com.google.android.gms.auth.accountstate: com.google.android.gms.auth.account.be.accountstate.AccountStateContentProvider
08-01 11:48:10.886  3634  8408 W PackageParser: Unknown element under <manifest>: queries at /data/user_de/0/com.google.android.gms/app_chimera/m/00000011/dl-AdsFdrDynamite.integ_21880100008.apk Binary XML file line #5
08-01 11:48:10.921  3237 13988 D ActivityThread: Loading provider com.google.android.gms.auth.confirm: com.google.android.gms.auth.account.be.accountstate.CredentialStateContentProvider
08-01 11:48:11.007  3634  8408 W PackageParser: Unknown element under <manifest>: queries at /data/user_de/0/com.google.android.gms/app_chimera/m/00000015/dl-AdsFdrDynamite.integ_22060100008.apk Binary XML file line #5
08-01 11:48:12.022  2220  4737 I chatty  : uid=1000(system) Binder:2220_19 expire 2 lines
08-01 11:48:12.626  2220  4745 I chatty  : uid=1000(system) Binder:2220_20 expire 2 lines
08-01 11:48:15.343  2220  2585 I chatty  : uid=1000(system) Binder:2220_3 expire 2 lines
08-01 11:48:18.997  2220  3895 I chatty  : uid=1000(system) android.fg expire 1 line
08-01 11:48:19.306  2220  2332 I chatty  : uid=1000(system) android.fg expire 2 lines
08-01 11:48:19.620  2220  4733 I chatty  : uid=1000(system) Binder:2220_15 expire 2 lines
08-01 11:48:19.785  2220  4734 I chatty  : uid=1000(system) Binder:2220_16 expire 3 lines
08-01 11:48:21.647  2220  4588 I chatty  : uid=1000(system) Binder:2220_14 expire 1 line
08-01 11:48:23.992  2220  2777 I chatty  : uid=1000(system) Binder:2220_5 expire 3 lines
08-01 11:48:24.006  2220  2345 I chatty  : uid=1000(system) ActivityManager expire 16 lines
08-01 11:48:24.053  2220  2633 I chatty  : uid=1000(system) ConnectivitySer expire 12 lines
08-01 11:48:24.133  2220  4738 I chatty  : uid=1000(system) Binder:2220_1A expire 6 lines
08-01 11:48:24.134  2220  2344 I chatty  : uid=1000(system) ActivityManager expire 2 lines
08-01 11:48:24.946  2220  2809 I chatty  : uid=1000(system) Binder:2220_6 expire 4 lines
08-01 11:48:24.988  2220  4739 I chatty  : uid=1000(system) Binder:2220_1B expire 6 lines
08-01 11:48:25.002  2220  4081 I chatty  : uid=1000(system) Binder:2220_13 expire 2 lines
08-01 11:48:25.485  2220  2585 I chatty  : uid=1000(system) Binder:2220_3 expire 8 lines
08-01 11:48:25.700  3589  9828 E ActivityThread: Failed to find provider info for com.motorola.ccc.cce.datausage
08-01 11:48:25.754  2220  4740 I chatty  : uid=1000(system) Binder:2220_1C expire 4 lines
08-01 11:48:27.041  2220  2776 I chatty  : uid=1000(system) Binder:2220_4 expire 3 lines
08-01 11:48:28.565  2220  2309 I chatty  : uid=1000(system) Binder:2220_1 expire 2 lines
08-01 11:48:31.585  2220  4741 I chatty  : uid=1000(system) Binder:2220_1D expire 4 lines
08-01 11:48:31.636  2220  3334 I chatty  : uid=1000(system) Binder:2220_8 expire 6 lines
08-01 11:48:31.732  2220  4733 I chatty  : uid=1000(system) Binder:2220_15 expire 2 lines
08-01 11:48:31.733  2220  4734 I chatty  : uid=1000(system) Binder:2220_16 expire 1 line
08-01 11:48:33.856  2220  2310 I chatty  : uid=1000(system) Binder:2220_2 expire 2 lines
08-01 11:48:34.373  2220  4018 I chatty  : uid=1000(system) Binder:2220_11 expire 4 lines
08-01 11:48:34.880  3589  9658 E ActivityThread: Failed to find provider info for com.motorola.ccc.cce.datausage
08-01 11:48:36.055  2220  3477 I chatty  : uid=1000(system) Binder:2220_9 expire 2 lines
08-01 11:48:36.381  2220  4020 I chatty  : uid=1000(system) Binder:2220_12 expire 4 lines
08-01 11:48:36.512  2220  2633 I chatty  : uid=1000(system) ConnectivitySer expire 18 lines
08-01 11:48:37.848  2220  4014 I chatty  : uid=1000(system) Binder:2220_F expire 3 lines
08-01 11:48:39.087  2220  2336 I chatty  : uid=1000(system) android.anim expire 8 lines
08-01 11:48:45.494 16117 16117 W ActivityThread: serviceCreate starts in 3351 ms, CreateServiceData = CreateServiceData{token=android.os.BinderProxy@eef112e className=com.google.android.finsky.contentfilterui.ContentFiltersService packageName=com.android.vending intent=null}
08-01 11:48:49.280  2220  4735 I chatty  : uid=1000(system) Binder:2220_17 expire 4 lines
08-01 11:48:49.347  2220  3929 I chatty  : uid=1000(system) Binder:2220_C expire 7 lines
08-01 11:49:01.083  2220  2333 I chatty  : uid=1000(system) android.ui expire 2 lines
08-01 11:49:01.805  2220  4017 I chatty  : uid=1000(system) Binder:2220_10 expire 2 lines
08-01 11:49:07.850  2220  2345 I chatty  : uid=1000(system) ActivityManager expire 3 lines
08-01 11:49:09.871  2220  3588 I chatty  : uid=1000(system) Binder:2220_A expire 2 lines
08-01 11:49:10.942  2220  2590 I chatty  : uid=1000(system) UEventObserver expire 1 line
08-01 11:49:11.014  2220  2335 I chatty  : uid=1000(system) android.display expire 11 lines
08-01 11:49:11.086  2220  4737 I chatty  : uid=1000(system) Binder:2220_19 expire 2 lines
08-01 11:49:11.089  2220  2352 I chatty  : uid=1000(system) batterystats-wo expire 1 line
08-01 11:49:11.160  2220  4743 I chatty  : uid=1000(system) Binder:2220_1E expire 1 line
08-01 11:49:11.163  2220  3590 I chatty  : uid=1000(system) Binder:2220_B expire 1 line
08-01 11:49:11.381  2220  4020 I chatty  : uid=1000(system) Binder:2220_12 expire 1 line
08-01 11:49:11.396  2220  2335 I chatty  : uid=1000(system) android.display expire 2 lines
08-01 11:49:12.569  2220  4736 I chatty  : uid=1000(system) Binder:2220_18 expire 3 lines
08-01 11:49:12.620  2220  2590 I chatty  : uid=1000(system) UEventObserver expire 13 lines
08-01 11:49:14.862  2220  4740 I chatty  : uid=1000(system) Binder:2220_1C expire 1 line
08-01 11:49:14.938  2220  2345 I chatty  : uid=1000(system) ActivityManager expire 12 lines
08-01 11:49:14.944  2220  2336 I chatty  : uid=1000(system) android.anim expire 11 lines
08-01 11:49:15.455  2220  2309 I chatty  : uid=1000(system) Binder:2220_1 expire 11 lines
08-01 11:49:15.484  2220  2809 I chatty  : uid=1000(system) Binder:2220_6 expire 4 lines
08-01 11:49:18.899  2220  4743 I chatty  : uid=1000(system) Binder:2220_1E expire 2 lines
08-01 11:49:22.832  2220  2633 I chatty  : uid=1000(system) ConnectivitySer expire 18 lines
08-01 11:49:46.569  2220  2220 I chatty  : uid=1000 system_server expire 1 line
08-01 11:50:13.038  2220  2373 I chatty  : uid=1000(system) PowerManagerSer expire 2 lines
08-01 11:50:22.029  2220  4745 I chatty  : uid=1000(system) Binder:2220_20 expire 10 lines
08-01 11:51:22.682  2220  4081 I chatty  : uid=1000(system) Binder:2220_13 expire 1 line
08-01 11:52:33.759  2220  4734 I chatty  : uid=1000(system) Binder:2220_16 expire 4 lines
08-01 11:52:34.057 17269 17269 E AndroidRuntime: FATAL EXCEPTION: main
08-01 11:52:34.057 17269 17269 E AndroidRuntime: PID: 17269
08-01 11:52:34.057 17269 17269 E AndroidRuntime: java.lang.IllegalStateException: UiAutomationService android.accessibilityservice.IAccessibilityServiceClient$Stub$Proxy@edc3e8aalready registered!
08-01 11:52:34.057 17269 17269 E AndroidRuntime: 	at android.os.Parcel.createException(Parcel.java:2079)
08-01 11:52:34.057 17269 17269 E AndroidRuntime: 	at android.os.Parcel.readException(Parcel.java:2039)
08-01 11:52:34.057 17269 17269 E AndroidRuntime: 	at android.os.Parcel.readException(Parcel.java:1987)
08-01 11:52:34.057 17269 17269 E AndroidRuntime: 	at android.view.accessibility.IAccessibilityManager$Stub$Proxy.registerUiTestAutomationService(IAccessibilityManager.java:642)
08-01 11:52:34.057 17269 17269 E AndroidRuntime: 	at android.app.UiAutomationConnection.registerUiTestAutomationServiceLocked(UiAutomationConnection.java:451)
08-01 11:52:34.057 17269 17269 E AndroidRuntime: 	at android.app.UiAutomationConnection.connect(UiAutomationConnection.java:101)
08-01 11:52:34.057 17269 17269 E AndroidRuntime: 	at android.app.UiAutomation.connect(UiAutomation.java:241)
08-01 11:52:34.057 17269 17269 E AndroidRuntime: 	at android.app.UiAutomation.connect(UiAutomation.java:217)
08-01 11:52:34.057 17269 17269 E AndroidRuntime: 	at com.android.uiautomator.core.UiAutomationShellWrapper.connect(UiAutomationShellWrapper.java:31)
08-01 11:52:34.057 17269 17269 E AndroidRuntime: 	at com.android.commands.uiautomator.DumpCommand.run(DumpCommand.java:89)
08-01 11:52:34.057 17269 17269 E AndroidRuntime: 	at com.android.commands.uiautomator.Launcher.main(Launcher.java:83)
08-01 11:52:34.057 17269 17269 E AndroidRuntime: 	at com.android.internal.os.RuntimeInit.nativeFinishInit(Native Method)
08-01 11:52:34.057 17269 17269 E AndroidRuntime: 	at com.android.internal.os.RuntimeInit.main(RuntimeInit.java:338)
08-01 11:52:34.057 17269 17269 E AndroidRuntime: Caused by: android.os.RemoteException: Remote stack trace:
08-01 11:52:34.057 17269 17269 E AndroidRuntime: 	at com.android.server.accessibility.UiAutomationManager.registerUiTestAutomationServiceLocked(UiAutomationManager.java:93)
08-01 11:52:34.057 17269 17269 E AndroidRuntime: 	at com.android.server.accessibility.AccessibilityManagerService.registerUiTestAutomationService(AccessibilityManagerService.java:852)
08-01 11:52:34.057 17269 17269 E AndroidRuntime: 	at android.view.accessibility.IAccessibilityManager$Stub.onTransact(IAccessibilityManager.java:332)
08-01 11:52:34.057 17269 17269 E AndroidRuntime: 	at android.os.Binder.execTransactInternal(Binder.java:1036)
08-01 11:52:34.057 17269 17269 E AndroidRuntime: 	at android.os.Binder.execTransact(Binder.java:1003)
08-01 11:52:34.057 17269 17269 E AndroidRuntime: 
08-01 11:52:34.058 17269 17269 E AndroidRuntime: Error reporting crash
08-01 11:52:34.058 17269 17269 E AndroidRuntime: java.lang.RuntimeException: Bad file descriptor
08-01 11:52:34.058 17269 17269 E AndroidRuntime: 	at android.os.BinderProxy.transactNative(Native Method)
08-01 11:52:34.058 17269 17269 E AndroidRuntime: 	at android.os.BinderProxy.transact(BinderProxy.java:510)
08-01 11:52:34.058 17269 17269 E AndroidRuntime: 	at android.os.ServiceManagerProxy.getService(ServiceManagerNative.java:128)
