08-01 12:15:09.112  3237  3261 I chatty  : uid=10110(com.google.android.gms) Binder:3237_3 expire 1 line
08-01 12:15:09.126  3237  7376 I chatty  : uid=10110(com.google.android.gms) Binder:3237_C expire 1 line
08-01 12:15:09.129 24080 24518 W Auth    : [GoogleAuthUtil] GoogleAuthUtil
08-01 12:15:09.141  2220  4588 V WindowManager: Changing focus from null to Window{a171a59 u0 com.google.android.apps.youtube.music/com.google.android.apps.youtube.music.activities.MusicActivity} displayId=0
08-01 12:15:09.144 24080 24518 E ChimeUtils: Chime registration failed for account: fzs{name=aniltakda123@gmail.com}
08-01 12:15:09.144 24080 24518 E ChimeUtils: com.google.android.gms.auth.UserRecoverableAuthException: BadAuthentication
08-01 12:15:09.144 24080 24518 E ChimeUtils: 	at dqb.a(PG:76)
08-01 12:15:09.144 24080 24518 E ChimeUtils: 	at dpw.a(Unknown Source:62)
08-01 12:15:09.144 24080 24518 E ChimeUtils: 	at dqb.a(PG:50)
08-01 12:15:09.144 24080 24518 E ChimeUtils: 	at dqb.b(PG:123)
08-01 12:15:09.144 24080 24518 E ChimeUtils: 	at dqb.a(PG:96)
08-01 12:15:09.144 24080 24518 E ChimeUtils: 	at dqb.a(PG:94)
08-01 12:15:09.144 24080 24518 E ChimeUtils: 	at gjy.a(PG:4)
08-01 12:15:09.144 24080 24518 E ChimeUtils: 	at gll.a(PG:24)
08-01 12:15:09.144 24080 24518 E ChimeUtils: 	at glj.a(PG:16)
08-01 12:15:09.144 24080 24518 E ChimeUtils: 	at gfm.a(PG:228)
08-01 12:15:09.144 24080 24518 E ChimeUtils: 	at ghj.b(PG:3)
08-01 12:15:09.144 24080 24518 E ChimeUtils: 	at ghg.a(PG:2)
08-01 12:15:09.144 24080 24518 E ChimeUtils: 	at gbe.run(Unknown Source:18)
08-01 12:15:09.144 24080 24518 E ChimeUtils: 	at java.util.concurrent.ThreadPoolExecutor.runWorker(ThreadPoolExecutor.java:1167)
08-01 12:15:09.144 24080 24518 E ChimeUtils: 	at java.util.concurrent.ThreadPoolExecutor$Worker.run(ThreadPoolExecutor.java:641)
08-01 12:15:09.144 24080 24518 E ChimeUtils: 	at java.lang.Thread.run(Thread.java:919)
08-01 12:15:09.144 24080 24518 E Notifications: [ScheduledTaskServiceHandler] Job finished with PERMANENT_FAILURE. Job ID: '111001001', key: 'RPC_STORE_TARGET'
08-01 12:15:09.144 24080 24518 E Notifications: com.google.android.gms.auth.UserRecoverableAuthException: BadAuthentication
08-01 12:15:09.144 24080 24518 E Notifications: 	at dqb.a(PG:76)
08-01 12:15:09.144 24080 24518 E Notifications: 	at dpw.a(Unknown Source:62)
08-01 12:15:09.144 24080 24518 E Notifications: 	at dqb.a(PG:50)
08-01 12:15:09.144 24080 24518 E Notifications: 	at dqb.b(PG:123)
08-01 12:15:09.144 24080 24518 E Notifications: 	at dqb.a(PG:96)
08-01 12:15:09.144 24080 24518 E Notifications: 	at dqb.a(PG:94)
08-01 12:15:09.144 24080 24518 E Notifications: 	at gjy.a(PG:4)
08-01 12:15:09.144 24080 24518 E Notifications: 	at gll.a(PG:24)
08-01 12:15:09.144 24080 24518 E Notifications: 	at glj.a(PG:16)
08-01 12:15:09.144 24080 24518 E Notifications: 	at gfm.a(PG:228)
08-01 12:15:09.144 24080 24518 E Notifications: 	at ghj.b(PG:3)
08-01 12:15:09.144 24080 24518 E Notifications: 	at ghg.a(PG:2)
08-01 12:15:09.144 24080 24518 E Notifications: 	at gbe.run(Unknown Source:18)
08-01 12:15:09.144 24080 24518 E Notifications: 	at java.util.concurrent.ThreadPoolExecutor.runWorker(ThreadPoolExecutor.java:1167)
08-01 12:15:09.144 24080 24518 E Notifications: 	at java.util.concurrent.ThreadPoolExecutor$Worker.run(ThreadPoolExecutor.java:641)
08-01 12:15:09.144 24080 24518 E Notifications: 	at java.lang.Thread.run(Thread.java:919)
08-01 12:15:09.150 24080 24512 W Auth    : [GoogleAuthUtil] GoogleAuthUtil
08-01 12:15:09.151 24080 24512 W GoogleAuthUtil: Error when getting token
08-01 12:15:09.151 24080 24512 W GoogleAuthUtil: com.google.android.gms.auth.UserRecoverableAuthException: BadAuthentication
08-01 12:15:09.151 24080 24512 W GoogleAuthUtil: 	at dqb.a(PG:76)
08-01 12:15:09.151 24080 24512 W GoogleAuthUtil: 	at dpw.a(Unknown Source:62)
08-01 12:15:09.151 24080 24512 W GoogleAuthUtil: 	at dqb.a(PG:50)
08-01 12:15:09.151 24080 24512 W GoogleAuthUtil: 	at dqb.b(PG:123)
08-01 12:15:09.151 24080 24512 W GoogleAuthUtil: 	at dqb.c(PG:26)
08-01 12:15:09.151 24080 24512 W GoogleAuthUtil: 	at dqb.a(PG:25)
08-01 12:15:09.151 24080 24512 W GoogleAuthUtil: 	at bkc.b(PG:5)
08-01 12:15:09.151 24080 24512 W GoogleAuthUtil: 	at cld.b(PG:2)
08-01 12:15:09.151 24080 24512 W GoogleAuthUtil: 	at jih.a(PG:8)
08-01 12:15:09.151 24080 24512 W GoogleAuthUtil: 	at jhp.c(PG:23)
08-01 12:15:09.151 24080 24512 W GoogleAuthUtil: 	at cmr.a(PG:1)
08-01 12:15:09.151 24080 24512 W GoogleAuthUtil: 	at cet.onPerformSync(PG:220)
08-01 12:15:09.151 24080 24512 W GoogleAuthUtil: 	at android.content.AbstractThreadedSyncAdapter$SyncThread.run(AbstractThreadedSyncAdapter.java:334)
08-01 12:15:09.151 24080 24512 E KeepSyncAdapter: IOException
08-01 12:15:09.151 24080 24512 E KeepSyncAdapter: bka: Could not get an auth token
08-01 12:15:09.151 24080 24512 E KeepSyncAdapter: 	at bkc.b(PG:11)
08-01 12:15:09.151 24080 24512 E KeepSyncAdapter: 	at cld.b(PG:2)
08-01 12:15:09.151 24080 24512 E KeepSyncAdapter: 	at jih.a(PG:8)
08-01 12:15:09.151 24080 24512 E KeepSyncAdapter: 	at jhp.c(PG:23)
08-01 12:15:09.151 24080 24512 E KeepSyncAdapter: 	at cmr.a(PG:1)
08-01 12:15:09.151 24080 24512 E KeepSyncAdapter: 	at cet.onPerformSync(PG:220)
08-01 12:15:09.151 24080 24512 E KeepSyncAdapter: 	at android.content.AbstractThreadedSyncAdapter$SyncThread.run(AbstractThreadedSyncAdapter.java:334)
08-01 12:15:09.151 24080 24512 E KeepSyncAdapter: Caused by: dqe: User intervention required. Notification has been pushed.
08-01 12:15:09.151 24080 24512 E KeepSyncAdapter: 	at dqb.c(PG:30)
08-01 12:15:09.151 24080 24512 E KeepSyncAdapter: 	at dqb.a(PG:25)
08-01 12:15:09.151 24080 24512 E KeepSyncAdapter: 	at bkc.b(PG:5)
08-01 12:15:09.151 24080 24512 E KeepSyncAdapter: 	... 6 more
08-01 12:15:09.169  1366  5238 D NuPlayerDriver: NuPlayerDriver(0xf1840500) created, clientPid(23683)
08-01 12:15:09.172 24080 24512 W KeepSyncAdapter: Sync result: false (success=false,partial=false,lastResult=SYNC_FAILURE_MISSING_AUTH_TOKEN)
08-01 12:15:09.173  1366  5238 I Codec2Client: Creating a Codec2 client to service "software"
08-01 12:15:09.174  1366  5238 I Codec2Client: Client to Codec2 service "software" created
08-01 12:15:09.175  1366  5238 I NuPlayer: setDataSourceAsync(URL suppressed)
08-01 12:15:09.176  1366  5238 D SurfaceUtils: connecting to surface 0xf18a1808, reason setVideoSurfaceTexture
08-01 12:15:09.177  1366 24524 D NuPlayer: onSetVideoSurface(0xf18a1000, no video decoder)
08-01 12:15:09.183  1366 24525 E ClearFileSource: Failed to open file 'android.resource://com.google.android.apps.youtube.music/2131951647'. (No such file or directory)
08-01 12:15:09.185  1366 24525 E GenericSource: Failed to create data source!
08-01 12:15:09.186 24080 24512 W KeepSyncAdapter: ExecutorService shutting down with 0 pending tasks.
08-01 12:15:09.192 23683 23790 I chatty  : uid=10194(com.google.android.apps.youtube.music) expire 1 line
08-01 12:15:09.204  2220  2336 I WindowManager:   SURFACE show Surface(name=com.google.android.apps.youtube.music/com.google.android.apps.youtube.music.activities.MusicActivity)/@0xeca9e32 on display:0: com.google.android.apps.youtube.music/com.google.android.apps.youtube.music.activities.MusicActivity
08-01 12:15:09.222  2220  2677 W SyncManager: failed sync operation JobId=105107 ***/com.google u0 [com.google.android.keep] PERIODIC ExpectedIn=0s Reason=Periodic Retries=262, SyncResult: stats [ numIoExceptions: 1]
08-01 12:15:09.240 24483 24483 I chatty  : uid=10110 com.google.android.gms:car expire 3 lines
08-01 12:15:09.243  2220  3334 W ActivityManager: Unable to start service Intent { act=local_action cmp=com.google.android.gms/.car.InCallService2 } U=0: not found
08-01 12:15:09.246  2220  2336 I WindowManager: Window drawn AppWindowToken{36c8f55 token=Token{84c3a0c ActivityRecord{67f913f u0 com.google.android.apps.youtube.music/.activities.MusicActivity t54}}}
08-01 12:15:09.249  2220  2336 I WindowManager:   SURFACE show Surface(name=com.google.android.apps.youtube.music/com.google.android.apps.youtube.music.activities.MusicActivity)/@0x2648065 on display:0: com.google.android.apps.youtube.music/com.google.android.apps.youtube.music.activities.MusicActivity
08-01 12:15:09.263  2220  3929 W ActivityManager: Permission Denial: Accessing service com.google.android.music/.dial.DialMediaRouteProviderService from pid=23683, uid=10194 that is not exported from uid 10164
08-01 12:15:09.272 23683 23683 I chatty  : uid=10194(com.google.android.apps.youtube.music) expire 3 lines
08-01 12:15:09.273 21337 21399 I chatty  : uid=1002(bluetooth) BluetoothAvrcpH expire 11 lines
08-01 12:15:09.275  3054  3054 I GoogleInputMethodService: GoogleInputMethodService.onFinishInput():3184 
08-01 12:15:09.276  3054  3054 I GoogleInputMethodService: GoogleInputMethodService.onStartInput():1830 
08-01 12:15:09.290  3237  4805 I chatty  : uid=10110(com.google.android.gms) Binder:3237_A expire 1 line
08-01 12:15:09.300  3634  3634 I chatty  : uid=10110(com.google.android.gms) expire 2 lines
08-01 12:15:09.303  3634 19049 I chatty  : uid=10110(com.google.android.gms) lowpool[48] expire 2 lines
08-01 12:15:09.321 23683 23717 I chatty  : uid=10194(com.google.android.apps.youtube.music) expire 2 lines
08-01 12:15:09.325 24483 24501 I chatty  : uid=10110(com.google.android.gms) Binder:24483_3 expire 2 lines
08-01 12:15:09.335  3237  3237 I chatty  : uid=10110 com.google.android.gms.persistent expire 2 lines
08-01 12:15:09.339  3237  3261 I chatty  : uid=10110(com.google.android.gms) Binder:3237_3 expire 1 line
08-01 12:15:09.340 24483 24483 I chatty  : uid=10110 com.google.android.gms:car expire 1 line
08-01 12:15:09.344  3237 13467 I chatty  : uid=10110(com.google.android.gms) Binder:3237_F expire 1 line
08-01 12:15:09.354  2220  4733 I WifiService: startScan uid=10110
08-01 12:15:09.358  3634 19049 I chatty  : uid=10110(com.google.android.gms) lowpool[48] expire 4 lines
08-01 12:15:09.364 23683 23724 I chatty  : uid=10194(com.google.android.apps.youtube.music) expire 1 line
08-01 12:15:09.382  2220  3477 I WifiService: acquireMulticastLock uid=10110
08-01 12:15:09.429 22376 24538 I GH.DelegateICarSupplier: Supplied ICar: com.google.android.gms.car.ICar$Stub$Proxy@c9a1ff
08-01 12:15:09.430 22376 24538 I GH.DelegateICarSupplier: Successful acquisition recorded at 1987769.[Generation: 2]
08-01 12:15:09.430 22376 24538 I GH.DelegateMngCarSvc: Successfully acquired new delegate: com.google.android.gms.car.ICar$Stub$Proxy@c9a1ff
08-01 12:15:09.430 22376 24538 I GH.DelegateICarSupplier: Opening acquisitionComplete latch.
08-01 12:15:09.447  2220  2590 D BatteryService: uevent={POWER_SUPPLY_DP_DM=0, POWER_SUPPLY_VOLTAGE_QNOVO=-22, POWER_SUPPLY_VOLTAGE_NOW=4392811, POWER_SUPPLY_SW_JEITA_ENABLED=0, POWER_SUPPLY_HEALTH=Good, POWER_SUPPLY_TECHNOLOGY=Li-ion, POWER_SUPPLY_CHARGER_TEMP_MAX=812, POWER_SUPPLY_FCC_STEPPER_ENABLE=0, SEQNUM=4974, POWER_SUPPLY_INPUT_CURRENT_LIMITED=1, POWER_SUPPLY_STATUS=Charging, POWER_SUPPLY_BATTERY_CHARGING_ENABLED=1, POWER_SUPPLY_CURRENT_MAX=3000000, POWER_SUPPLY_CAPACITY=100, DEVPATH=/devices/soc/800f000.qcom,spmi/spmi-0/spmi0-00/800f000.qcom,spmi:qcom,pm660@0:qcom,qpnp-smb2/power_supply/battery, POWER_SUPPLY_CHARGE_DONE=0, POWER_SUPPLY_CHARGE_TYPE=Fast, POWER_SUPPLY_CHARGER_TEMP=332, POWER_SUPPLY_CHARGE_RATE=Normal, POWER_SUPPLY_CURRENT_QNOVO=-22, POWER_SUPPLY_CURRENT_NOW=-164550, POWER_SUPPLY_SYSTEM_TEMP_LEVEL=0, POWER_SUPPLY_PRESENT=1, POWER_SUPPLY_PARALLEL_DISABLE=0, SUBSYSTEM=power_supply, POWER_SUPPLY_SET_SHIP_MODE=0, POWER_SUPPLY_TEMP=290, ACTION=change, POWER_SUPPLY_RERUN_AICL=0, POWER_SUPPLY_AGE=100, POWER_SUPPLY_NAME=battery, POWER_SUPPLY_VOLTAGE_MAX=-22, POWER_SUPPLY_CONSTANT_CHARGE_CURRENT_MAX=3000000, POWER_SUPPLY_CHARGE_COUNTER=4962930, POWER_SUPPLY_STEP_CHARGING_ENABLED=0, POWER_SUPPLY_NUM_SYSTEM_TEMP_LEVELS=8, POWER_SUPPLY_DIE_HEALTH=Cool, POWER_SUPPLY_INPUT_SUSPEND=0}
08-01 12:15:09.452  2954  2954 D QtiCarrierConfigHelper: WARNING, no carrier configs on phone Id: 0
08-01 12:15:09.453  4031  4031 D CmdCenter: - RowBuilder2: setUseWhiteRes useOrNot = true
08-01 12:15:09.454 19152 19152 D UIABatteryMonitor: notify battery changed. current level 100
08-01 12:15:09.518  2220  2335 I ActivityManager: Killing 22376:com.google.android.projection.gearhead:car/u0a101 (adj 985): empty #17
08-01 12:15:09.519  1180  1180 E lowmemorykiller: Error writing /proc/22376/oom_score_adj; errno=22
08-01 12:15:09.535  2220  3477 I WindowManager: Window drawn AppWindowToken{d47ba8a token=Token{bbaecf5 ActivityRecord{7c90a2c u0 com.google.android.gms/.auth.uiflows.addaccount.ErrorActivity t54}}}
08-01 12:15:09.567  1060  1060 I Zygote  : Process 22376 exited due to signal 9 (Killed)
08-01 12:15:09.568  2220  4017 W ActivityManager: Scheduling restart of crashed service com.google.android.projection.gearhead/com.google.android.apps.auto.carservice.service.impl.GearheadCarStartupService in 1000ms
08-01 12:15:09.572 22330 22330 I GH.GhCarClientCtor: onConnectionLost: Gearhead Car Startup Service unexpectedly disconnected.
08-01 12:15:09.572 22330 22330 I GH.GhCarClientCtor: com.google.android.gms.car.api.CarServiceCrashedException: Gearhead Car Startup Service unexpectedly disconnected.
08-01 12:15:09.572 22330 22330 I GH.GhCarClientCtor: 	at jxy.onServiceDisconnected(SourceFile:5)
08-01 12:15:09.572 22330 22330 I GH.GhCarClientCtor: 	at android.app.LoadedApk$ServiceDispatcher.doDeath(LoadedApk.java:1976)
08-01 12:15:09.572 22330 22330 I GH.GhCarClientCtor: 	at android.app.LoadedApk$ServiceDispatcher$RunConnection.run(LoadedApk.java:1991)
08-01 12:15:09.572 22330 22330 I GH.GhCarClientCtor: 	at android.os.Handler.handleCallback(Handler.java:883)
08-01 12:15:09.572 22330 22330 I GH.GhCarClientCtor: 	at android.os.Handler.dispatchMessage(Handler.java:100)
08-01 12:15:09.572 22330 22330 I GH.GhCarClientCtor: 	at android.os.Looper.loop(Looper.java:241)
08-01 12:15:09.572 22330 22330 I GH.GhCarClientCtor: 	at android.app.ActivityThread.main(ActivityThread.java:7617)
08-01 12:15:09.572 22330 22330 I GH.GhCarClientCtor: 	at java.lang.reflect.Method.invoke(Native Method)
08-01 12:15:09.572 22330 22330 I GH.GhCarClientCtor: 	at com.android.internal.os.RuntimeInit$MethodAndArgsCaller.run(RuntimeInit.java:492)
08-01 12:15:09.572 22330 22330 I GH.GhCarClientCtor: 	at com.android.internal.os.ZygoteInit.main(ZygoteInit.java:941)
08-01 12:15:09.572 22330 22330 W CAR.TOKEN: CarClient connection lost.
08-01 12:15:09.574  2220  2346 I libprocessgroup: Successfully killed process cgroup uid 10101 pid 22376 in 54ms
08-01 12:15:09.574 22330 22330 I GH.CarClientManager: connection suspended: SERVICE_DISCONNECTED
08-01 12:15:09.574 22330 22330 D GH.CarClientManager: notifyListenersOnConnectionSuspended entered
08-01 12:15:09.575 22330 22330 D GH.CarClientManager: calling onConnectionSuspended on cky@ebc8354
08-01 12:15:09.575 22330 22330 D GH.CarClientManager: calling onConnectionSuspended on eow@d3fb2fd
08-01 12:15:09.575 22330 22330 D GH.CarClientManager: calling onConnectionSuspended on cxx@f8b0f2e
08-01 12:15:09.575 22330 22330 I CAR.TOKEN: Disconnecting com.google.android.gms.car.api.impl.GearheadCarClientToken@eef26e7 (cx attempt: 2).
08-01 12:15:09.575 22330 22330 I GH.GhCarClientCtor: Disconnecting GearheadCarClientConnector.
08-01 12:15:09.575 22330 22330 I GH.GhCarClientCtor: Unbinding service connection.
08-01 12:15:09.576 22330 22330 I CAR.TOKEN: Disconnected jyf@4c08ea1 using class com.google.android.gms.car.api.impl.CarClientImpl@58790800/class com.google.android.gms.car.api.impl.GearheadCarClientConnector@241798739 (cx attempt 2)
08-01 12:15:09.578 24483 24483 I chatty  : uid=10110 com.google.android.gms:car expire 5 lines
08-01 12:15:09.582 22330 22330 I CAR.TOKEN: Connecting com.google.android.gms.car.api.impl.GearheadCarClientToken@eef26e7 using class com.google.android.gms.car.api.impl.CarClientImpl@8666036/class com.google.android.gms.car.api.impl.GearheadCarClientConnector@8745095 (cx attempt 3)
08-01 12:15:09.586 22330 22330 I GH.GhCarClientCtor: onConnectionLost: Gearhead Car Startup Service unexpectedly disconnected.
08-01 12:15:09.586 22330 22330 I GH.GhCarClientCtor: com.google.android.gms.car.api.CarServiceCrashedException: Gearhead Car Startup Service unexpectedly disconnected.
08-01 12:15:09.586 22330 22330 I GH.GhCarClientCtor: 	at jxy.onServiceDisconnected(SourceFile:5)
08-01 12:15:09.586 22330 22330 I GH.GhCarClientCtor: 	at android.app.LoadedApk$ServiceDispatcher.doDeath(LoadedApk.java:1976)
08-01 12:15:09.586 22330 22330 I GH.GhCarClientCtor: 	at android.app.LoadedApk$ServiceDispatcher$RunConnection.run(LoadedApk.java:1991)
08-01 12:15:09.586 22330 22330 I GH.GhCarClientCtor: 	at android.os.Handler.handleCallback(Handler.java:883)
08-01 12:15:09.586 22330 22330 I GH.GhCarClientCtor: 	at android.os.Handler.dispatchMessage(Handler.java:100)
08-01 12:15:09.586 22330 22330 I GH.GhCarClientCtor: 	at android.os.Looper.loop(Looper.java:241)
08-01 12:15:09.586 22330 22330 I GH.GhCarClientCtor: 	at android.app.ActivityThread.main(ActivityThread.java:7617)
08-01 12:15:09.586 22330 22330 I GH.GhCarClientCtor: 	at java.lang.reflect.Method.invoke(Native Method)
08-01 12:15:09.586 22330 22330 I GH.GhCarClientCtor: 	at com.android.internal.os.RuntimeInit$MethodAndArgsCaller.run(RuntimeInit.java:492)
08-01 12:15:09.586 22330 22330 I GH.GhCarClientCtor: 	at com.android.internal.os.ZygoteInit.main(ZygoteInit.java:941)
08-01 12:15:09.586 22330 22330 W GH.CarClientManager: GearheadCarClientConnector connection lost.
08-01 12:15:09.599  1060  1060 D Zygote  : Forked child process 24543
08-01 12:15:09.602  2220  2345 I ActivityManager: Start proc 24543:com.google.android.projection.gearhead:car/u0a101 for service {com.google.android.projection.gearhead/com.google.android.apps.auto.carservice.service.impl.GearheadCarStartupService}
08-01 12:15:09.617 24543 24543 E on.gearhead:ca: Not starting debugger since process cannot load the jdwp agent.
08-01 12:15:09.636  2220  4734 I ActivityManager: Killing 22330:com.google.android.projection.gearhead:shared/u0a101 (adj 985): empty #17
08-01 12:15:09.637  1180  1180 E lowmemorykiller: Error writing /proc/22330/oom_score_adj; errno=22
08-01 12:15:09.656 24543 24543 I on.gearhead:ca: The ClassLoaderContext is a special shared library.
08-01 12:15:09.661  1060  1060 I Zygote  : Process 22330 exited due to signal 9 (Killed)
08-01 12:15:09.661  2220  4734 D ConnectivityService: ConnectivityService NetworkRequestInfo binderDied(NetworkRequest [ LISTEN id=175, [ Capabilities: INTERNET&NOT_RESTRICTED&TRUSTED&NOT_VPN Uid: 10101] ], android.os.BinderProxy@9b49681)
08-01 12:15:09.662  2220  4736 W ActivityManager: Failure disconnecting service com.google.android.projection.gearhead/com.google.android.gearhead.service.SharedService to connection android.os.BinderProxy@96167e0 (in com.google.android.projection.gearhead:shared)
08-01 12:15:09.662  2220  4736 W ActivityManager: android.os.DeadObjectException
08-01 12:15:09.662  2220  4736 W ActivityManager: 	at android.os.BinderProxy.transactNative(Native Method)
08-01 12:15:09.662  2220  4736 W ActivityManager: 	at android.os.BinderProxy.transact(BinderProxy.java:510)
08-01 12:15:09.662  2220  4736 W ActivityManager: 	at android.app.IServiceConnection$Stub$Proxy.connected(IServiceConnection.java:129)
08-01 12:15:09.662  2220  4736 W ActivityManager: 	at com.android.server.am.ActiveServices.bringDownServiceLocked(ActiveServices.java:2941)
08-01 12:15:09.662  2220  4736 W ActivityManager: 	at com.android.server.am.ActiveServices.bringDownServiceIfNeededLocked(ActiveServices.java:2922)
08-01 12:15:09.662  2220  4736 W ActivityManager: 	at com.android.server.am.ActiveServices.removeConnectionLocked(ActiveServices.java:3211)
08-01 12:15:09.662  2220  4736 W ActivityManager: 	at com.android.server.am.ActiveServices.killServicesLocked(ActiveServices.java:3594)
08-01 12:15:09.662  2220  4736 W ActivityManager: 	at com.android.server.am.ActivityManagerService.cleanUpApplicationRecordLocked(ActivityManagerService.java:14170)
08-01 12:15:09.662  2220  4736 W ActivityManager: 	at com.android.server.am.ActivityManagerService.handleAppDiedLocked(ActivityManagerService.java:3849)
08-01 12:15:09.662  2220  4736 W ActivityManager: 	at com.android.server.am.ActivityManagerService.appDiedLocked(ActivityManagerService.java:4023)
08-01 12:15:09.662  2220  4736 W ActivityManager: 	at com.android.server.am.ActivityManagerService$AppDeathRecipient.binderDied(ActivityManagerService.java:1661)
08-01 12:15:09.662  2220  4736 W ActivityManager: 	at android.os.BinderProxy.sendDeathNotice(BinderProxy.java:620)
08-01 12:15:09.664  2220  2346 I libprocessgroup: Successfully killed process cgroup uid 10101 pid 22330 in 26ms
08-01 12:15:09.703 24543 24543 I MultiDex: VM with version 2.1.0 has multidex support
08-01 12:15:09.703 24543 24543 I MultiDex: install
08-01 12:15:09.703 24543 24543 I MultiDex: VM has multidex support, MultiDex support library is disabled.
08-01 12:15:09.716 24543 24562 W on.gearhead:ca: Accessing hidden field Ljava/util/Collections$SynchronizedCollection;->mutex:Ljava/lang/Object; (greylist-max-o, reflection, denied)
08-01 12:15:09.716 24543 24562 W on.gearhead:ca: Accessing hidden method Ljava/util/Collections$SynchronizedSet;-><init>(Ljava/util/Set;Ljava/lang/Object;)V (greylist-max-o, reflection, denied)
08-01 12:15:09.716 24543 24562 W on.gearhead:ca: Accessing hidden method Ljava/util/Collections$SynchronizedCollection;-><init>(Ljava/util/Collection;Ljava/lang/Object;)V (greylist-max-o, reflection, denied)
08-01 12:15:09.725  2887  4342 D QCNEJ/WlanStaInfoRelay: Received action: android.net.wifi.RSSI_CHANGED
08-01 12:15:09.725  2887  4342 I QCNEJ/NativeHalConnector: -> SND notifyWlanStaStatusChanged([WlanStaInfo]: wifiSwitchState = 1 rssi = -53 ssid = krishnagadu bssid = 42:e0:75:00:6e:59 dnsInfo = 2401:4900:33bb:a35c::d2;192.168.122.178;0.0.0.0;0.0.0.0; freqBand = _2GHz countryCode = in[RatInfo]: networkType = 1 subType = 101 networkState = CONNECTED netHdl = 437197393933 ipAddrV4 = 192.168.122.158 ipAddrV6 = 2401:4900:33bb:a35c:15bc:bae8:36b9:740 ifNameV4 = wlan0 ifNameV6 = wlan0 slotIdx = 0 isAndroidValidated = true) timeStamp = 2022-08-01 12:15:09.725
08-01 12:15:09.729 24543 24543 I Primes  : Primes not initialized, returning default (no-op) Primes instance which will ignore all calls. Please call Primes.initialize(...) before using any Primes API.
08-01 12:15:09.729 24543 24543 I CAR.GH  : onCreate
08-01 12:15:09.730 24543 24543 I CAR.GH  : Process: CAR
08-01 12:15:09.730 24543 24543 I PrimesApiImpl: background initialization
08-01 12:15:09.748  2954  2991 E PhoneInterfaceManager: [PhoneIntfMgr] getCarrierPrivilegeStatus: No UICC
08-01 12:15:09.749  4503  4764 I CarrierServices: [267] cno.onConnectivityChange: FiST: Wifi connectivity status true
08-01 12:15:09.767  4503  4952 I CarrierServices: [295] cvm.c: (PEv2-SM): DisabledState: event Connectivity event [null]
08-01 12:15:09.768  4503  4764 I CarrierServices: [267] cod.d: Connected state: [1], networkType: [WIFI]
08-01 12:15:09.769  2954  2991 E PhoneInterfaceManager: [PhoneIntfMgr] getCarrierPrivilegeStatus: No UICC
08-01 12:15:09.770  4503  5005 I CarrierServices: [297] day.d: RCS Configuration storage in Bugle is disabled by p/h flag, using ProvisioningEngineStateCacheUtil.getProvisioningConfigurationForGivenSim()
08-01 12:15:09.819  3237  3683 I chatty  : uid=10110(com.google.android.gms) Binder:3237_4 expire 7 lines
08-01 12:15:10.315 23683 23717 I chatty  : uid=10194(com.google.android.apps.youtube.music) expire 2 lines
08-01 12:15:10.368 23683 23769 I chatty  : uid=10194(com.google.android.apps.youtube.music) expire 1 line
08-01 12:15:10.384  3237  3683 W GetToken: [GetToken]GetToken failed with status code: BadAuthentication
08-01 12:15:10.404 23683 23766 I chatty  : uid=10194(com.google.android.apps.youtube.music) expire 2 lines
08-01 12:15:10.526  3237  3683 W GetToken: [GetToken]GetToken failed with status code: BadAuthentication
08-01 12:15:10.546 23683 23769 I chatty  : uid=10194(com.google.android.apps.youtube.music) expire 1 line
08-01 12:15:10.611  3237  3683 W GetToken: [GetToken]GetToken failed with status code: BadAuthentication
08-01 12:15:10.777 23683 23717 I chatty  : uid=10194(com.google.android.apps.youtube.music) expire 1 line
08-01 12:15:10.991 23683 23724 I chatty  : uid=10194(com.google.android.apps.youtube.music) expire 1 line
08-01 12:15:11.051  2220  2585 I WindowManager:   SURFACE SIZE set 1152x1038 on display:0: com.google.android.apps.youtube.music/com.google.android.apps.youtube.music.activities.MusicActivity
08-01 12:15:12.359  3634 19049 W AdaptiveDiscoveryWorker: Exiting Adaptive Discovery. Current NetworkInfo is NULL.
08-01 12:15:12.678 23683 23683 I chatty  : uid=10194(com.google.android.apps.youtube.music) expire 2 lines
08-01 12:15:12.882 23683 23777 I chatty  : uid=10194(com.google.android.apps.youtube.music) expire 1 line
08-01 12:15:12.884  2220  2585 V WindowManager: Changing focus from Window{a171a59 u0 com.google.android.apps.youtube.music/com.google.android.apps.youtube.music.activities.MusicActivity EXITING} to Window{b1b2d42 u0 com.google.android.apps.youtube.music/com.google.android.apps.youtube.music.activities.MusicActivity} displayId=0
08-01 12:15:12.891  2220  4017 E InputDispatcher: Window handle Window{a171a59 u0 com.google.android.apps.youtube.music/com.google.android.apps.youtube.music.activities.MusicActivity} has no registered input channel
08-01 12:15:12.920  3054  3054 I GoogleInputMethodService: GoogleInputMethodService.onFinishInput():3184 
08-01 12:15:12.921  3054  3054 I GoogleInputMethodService: GoogleInputMethodService.onStartInput():1830 
08-01 12:15:13.094  2220  4017 I ActivityManager: Killing 22996:com.google.android.apps.turbo/u0a124 (adj 985): empty #17
08-01 12:15:13.116  1060  1060 I Zygote  : Process 22996 exited due to signal 9 (Killed)
08-01 12:15:13.121  2220  2346 I libprocessgroup: Successfully killed process cgroup uid 10124 pid 22996 in 26ms
08-01 12:15:13.856  2220  2590 D BatteryService: uevent={POWER_SUPPLY_DP_DM=0, POWER_SUPPLY_VOLTAGE_QNOVO=-22, POWER_SUPPLY_VOLTAGE_NOW=4386219, POWER_SUPPLY_SW_JEITA_ENABLED=0, POWER_SUPPLY_HEALTH=Good, POWER_SUPPLY_TECHNOLOGY=Li-ion, POWER_SUPPLY_CHARGER_TEMP_MAX=812, POWER_SUPPLY_FCC_STEPPER_ENABLE=0, SEQNUM=4975, POWER_SUPPLY_INPUT_CURRENT_LIMITED=0, POWER_SUPPLY_STATUS=Charging, POWER_SUPPLY_BATTERY_CHARGING_ENABLED=1, POWER_SUPPLY_CURRENT_MAX=3000000, POWER_SUPPLY_CAPACITY=100, DEVPATH=/devices/soc/800f000.qcom,spmi/spmi-0/spmi0-00/800f000.qcom,spmi:qcom,pm660@0:qcom,qpnp-smb2/power_supply/battery, POWER_SUPPLY_CHARGE_DONE=0, POWER_SUPPLY_CHARGE_TYPE=Taper, POWER_SUPPLY_CHARGER_TEMP=336, POWER_SUPPLY_CHARGE_RATE=Normal, POWER_SUPPLY_CURRENT_QNOVO=-22, POWER_SUPPLY_CURRENT_NOW=-91796, POWER_SUPPLY_SYSTEM_TEMP_LEVEL=0, POWER_SUPPLY_PRESENT=1, POWER_SUPPLY_PARALLEL_DISABLE=0, SUBSYSTEM=power_supply, POWER_SUPPLY_SET_SHIP_MODE=0, POWER_SUPPLY_TEMP=290, ACTION=change, POWER_SUPPLY_RERUN_AICL=0, POWER_SUPPLY_AGE=100, POWER_SUPPLY_NAME=battery, POWER_SUPPLY_VOLTAGE_MAX=-22, POWER_SUPPLY_CONSTANT_CHARGE_CURRENT_MAX=3000000, POWER_SUPPLY_CHARGE_COUNTER=4963071, POWER_SUPPLY_STEP_CHARGING_ENABLED=0, POWER_SUPPLY_NUM_SYSTEM_TEMP_LEVELS=8, POWER_SUPPLY_DIE_HEALTH=Cool, POWER_SUPPLY_INPUT_SUSPEND=0}
08-01 12:15:13.864  2954  2954 D QtiCarrierConfigHelper: WARNING, no carrier configs on phone Id: 0
08-01 12:15:13.866  4031  4031 D CmdCenter: - RowBuilder2: setUseWhiteRes useOrNot = true
08-01 12:15:13.868 19152 19152 D UIABatteryMonitor: notify battery changed. current level 100
08-01 12:15:14.129 23683 23683 I chatty  : uid=10194(com.google.android.apps.youtube.music) expire 9 lines
08-01 12:15:14.523  2220  4017 D WificondControl: Scan result ready event
08-01 12:15:14.543  2220  2631 D WificondScannerImpl: Filtering out 54 scan results.
08-01 12:15:14.549  2220  2626 D ANQPRequestManager: Not allowed to send ANQP request to 119072405138556 for another 598 seconds
08-01 12:15:14.550  2220  2626 D PasspointManager: ANQP entry not found for: 6c:4b:b4:69:2c:7c:<ATTvzr3ufe880>
08-01 12:15:14.550  2220  2626 D ANQPRequestManager: Not allowed to send ANQP request to 119072405137032 for another 518 seconds
08-01 12:15:14.550  2220  2626 D PasspointManager: ANQP entry not found for: 6c:4b:b4:69:26:88:<ATTwh9CKSp>
08-01 12:15:14.550  2220  2626 D ANQPRequestManager: Not allowed to send ANQP request to 62362927102928 for another 306 seconds
08-01 12:15:14.550  2220  2626 D PasspointManager: ANQP entry not found for: 38:b8:00:1d:fb:d0:<TS3._pm_5>
08-01 12:15:14.550  2220  2626 D ANQPRequestManager: Not allowed to send ANQP request to 62362927103072 for another 14 seconds
08-01 12:15:14.550  2220  2626 D PasspointManager: ANQP entry not found for: 38:b8:00:1d:fc:60:<cgw~5g>
08-01 12:15:14.550  2220  2626 D ANQPRequestManager: Not allowed to send ANQP request to 119072405137036 for another 518 seconds
08-01 12:15:14.550  2220  2626 D PasspointManager: ANQP entry not found for: 6c:4b:b4:69:26:8c:<ATTwh9CKSp>
08-01 12:15:14.551  2700  2700 I wpa_supplicant: wlan0: GAS-QUERY-START addr=38:b8:00:1d:fc:58 dialog_token=72 freq=2412
08-01 12:15:14.552  2220  2626 D HS20    : ANQP initiated on 38:b8:00:1d:fc:58
08-01 12:15:14.552  2220  2626 D PasspointManager: ANQP entry not found for: 38:b8:00:1d:fc:58:<cgw~2gg>
08-01 12:15:14.553  2700  2700 I wpa_supplicant: wlan0: GAS-QUERY-START addr=6c:4b:b4:69:2c:78 dialog_token=73 freq=5240
08-01 12:15:14.553  2220  2626 D HS20    : ANQP initiated on 6c:4b:b4:69:2c:78
08-01 12:15:14.554  2220  2626 D PasspointManager: ANQP entry not found for: 6c:4b:b4:69:2c:78:<ATTvzr3ufe880>
08-01 12:15:14.566  2220  2626 D ANQPRequestManager: Not allowed to send ANQP request to 62362927102928 for another 306 seconds
08-01 12:15:14.566  2220  2626 D PasspointManager: ANQP entry not found for: 38:b8:00:1d:fb:d0:<TS3._pm_5>
08-01 12:15:14.566  2220  2626 D ANQPRequestManager: Not allowed to send ANQP request to 62362927103064 for another 19 seconds
08-01 12:15:14.566  2220  2626 D PasspointManager: ANQP entry not found for: 38:b8:00:1d:fc:58:<cgw~2gg>
08-01 12:15:14.572  3634 19049 W DatabaseProcessor: processLocalDevices: failed to get the network info with non-null bssid.
08-01 12:15:14.932  2700  2700 I wpa_supplicant: wlan0: GAS-QUERY-DONE addr=38:b8:00:1d:fc:58 dialog_token=72 freq=2412 status_code=0 result=TIMEOUT
08-01 12:15:14.933  2700  2700 I wpa_supplicant: wlan0: ANQP-QUERY-DONE addr=38:b8:00:1d:fc:58 result=FAILURE
08-01 12:15:17.048  2700  2700 I wpa_supplicant: wlan0: GAS-QUERY-DONE addr=6c:4b:b4:69:2c:78 dialog_token=73 freq=5240 status_code=0 result=TIMEOUT
08-01 12:15:17.048  2700  2700 I wpa_supplicant: wlan0: ANQP-QUERY-DONE addr=6c:4b:b4:69:2c:78 result=FAILURE
08-01 12:15:17.708  1366  5238 D NuPlayerDriver: reset(0xf1840500) at state 2
08-01 12:15:17.709  1366 24524 D NuPlayerDriver: notifyResetComplete(0xf1840500)
08-01 12:15:17.710  1366  5238 D NuPlayerDriver: reset(0xf1840500) at state 0
08-01 12:15:17.710  1366  5238 D SurfaceUtils: disconnecting from surface 0xf18a1808, reason disconnectNativeWindow
08-01 12:15:17.819 23683 23821 I chatty  : uid=10194(com.google.android.apps.youtube.music) expire 1 line
08-01 12:15:17.921  2220  2590 D BatteryService: uevent={POWER_SUPPLY_DP_DM=0, POWER_SUPPLY_VOLTAGE_QNOVO=-22, POWER_SUPPLY_VOLTAGE_NOW=4391346, POWER_SUPPLY_SW_JEITA_ENABLED=0, POWER_SUPPLY_HEALTH=Good, POWER_SUPPLY_TECHNOLOGY=Li-ion, POWER_SUPPLY_CHARGER_TEMP_MAX=812, POWER_SUPPLY_FCC_STEPPER_ENABLE=0, SEQNUM=4976, POWER_SUPPLY_INPUT_CURRENT_LIMITED=0, POWER_SUPPLY_STATUS=Charging, POWER_SUPPLY_BATTERY_CHARGING_ENABLED=1, POWER_SUPPLY_CURRENT_MAX=3000000, POWER_SUPPLY_CAPACITY=100, DEVPATH=/devices/soc/800f000.qcom,spmi/spmi-0/spmi0-00/800f000.qcom,spmi:qcom,pm660@0:qcom,qpnp-smb2/power_supply/battery, POWER_SUPPLY_CHARGE_DONE=0, POWER_SUPPLY_CHARGE_TYPE=Fast, POWER_SUPPLY_CHARGER_TEMP=345, POWER_SUPPLY_CHARGE_RATE=Normal, POWER_SUPPLY_CURRENT_QNOVO=-22, POWER_SUPPLY_CURRENT_NOW=-142578, POWER_SUPPLY_SYSTEM_TEMP_LEVEL=0, POWER_SUPPLY_PRESENT=1, POWER_SUPPLY_PARALLEL_DISABLE=0, SUBSYSTEM=power_supply, POWER_SUPPLY_SET_SHIP_MODE=0, POWER_SUPPLY_TEMP=290, ACTION=change, POWER_SUPPLY_RERUN_AICL=0, POWER_SUPPLY_AGE=100, POWER_SUPPLY_NAME=battery, POWER_SUPPLY_VOLTAGE_MAX=-22, POWER_SUPPLY_CONSTANT_CHARGE_CURRENT_MAX=3000000, POWER_SUPPLY_CHARGE_COUNTER=4963260, POWER_SUPPLY_STEP_CHARGING_ENABLED=0, POWER_SUPPLY_NUM_SYSTEM_TEMP_LEVELS=8, POWER_SUPPLY_DIE_HEALTH=Cool, POWER_SUPPLY_INPUT_SUSPEND=0}
08-01 12:15:17.936  2954  2954 D QtiCarrierConfigHelper: WARNING, no carrier configs on phone Id: 0
08-01 12:15:17.937  4031  4031 D CmdCenter: - RowBuilder2: setUseWhiteRes useOrNot = true
08-01 12:15:17.939 19152 19152 D UIABatteryMonitor: notify battery changed. current level 100
08-01 12:15:19.099  2220  2590 D BatteryService: uevent={POWER_SUPPLY_DP_DM=0, POWER_SUPPLY_VOLTAGE_QNOVO=-22, POWER_SUPPLY_VOLTAGE_NOW=4390857, POWER_SUPPLY_SW_JEITA_ENABLED=0, POWER_SUPPLY_HEALTH=Good, POWER_SUPPLY_TECHNOLOGY=Li-ion, POWER_SUPPLY_CHARGER_TEMP_MAX=812, POWER_SUPPLY_FCC_STEPPER_ENABLE=0, SEQNUM=4977, POWER_SUPPLY_INPUT_CURRENT_LIMITED=0, POWER_SUPPLY_STATUS=Charging, POWER_SUPPLY_BATTERY_CHARGING_ENABLED=1, POWER_SUPPLY_CURRENT_MAX=3000000, POWER_SUPPLY_CAPACITY=100, DEVPATH=/devices/soc/800f000.qcom,spmi/spmi-0/spmi0-00/800f000.qcom,spmi:qcom,pm660@0:qcom,qpnp-smb2/power_supply/battery, POWER_SUPPLY_CHARGE_DONE=0, POWER_SUPPLY_CHARGE_TYPE=Taper, POWER_SUPPLY_CHARGER_TEMP=336, POWER_SUPPLY_CHARGE_RATE=Normal, POWER_SUPPLY_CURRENT_QNOVO=-22, POWER_SUPPLY_CURRENT_NOW=-133788, POWER_SUPPLY_SYSTEM_TEMP_LEVEL=0, POWER_SUPPLY_PRESENT=1, POWER_SUPPLY_PARALLEL_DISABLE=0, SUBSYSTEM=power_supply, POWER_SUPPLY_SET_SHIP_MODE=0, POWER_SUPPLY_TEMP=290, ACTION=change, POWER_SUPPLY_RERUN_AICL=0, POWER_SUPPLY_AGE=100, POWER_SUPPLY_NAME=battery, POWER_SUPPLY_VOLTAGE_MAX=-22, POWER_SUPPLY_CONSTANT_CHARGE_CURRENT_MAX=3000000, POWER_SUPPLY_CHARGE_COUNTER=4963316, POWER_SUPPLY_STEP_CHARGING_ENABLED=0, POWER_SUPPLY_NUM_SYSTEM_TEMP_LEVELS=8, POWER_SUPPLY_DIE_HEALTH=Cool, POWER_SUPPLY_INPUT_SUSPEND=0}
08-01 12:15:19.113  2954  2954 D QtiCarrierConfigHelper: WARNING, no carrier configs on phone Id: 0
08-01 12:15:19.114  4031  4031 D CmdCenter: - RowBuilder2: setUseWhiteRes useOrNot = true
08-01 12:15:19.114 19152 19152 D UIABatteryMonitor: notify battery changed. current level 100
08-01 12:15:20.183  1107  1779 D NativeSensors: CapSensor:  mPendingEvent.distance=1.000000
08-01 12:15:20.893  2678  2782 I vol.Events: writeEvent active_stream_changed STREAM_MUSIC
08-01 12:15:20.971  2678  2678 I vol.Events: writeEvent show_dialog volume_changed keyguard=false
08-01 12:15:20.999  2220  2336 E system_server: No package ID ff found for ID 0xffffffff.
08-01 12:15:20.999  2220  2336 I WindowManager:   SURFACE show Surface(name=VolumeDialogImpl)/@0xe104000 on display:0: VolumeDialogImpl
08-01 12:15:21.294  1107  1779 D NativeSensors: CapSensor:  mPendingEvent.distance=0.000000
08-01 12:15:21.998  1107  1779 D NativeSensors: CapSensor:  mPendingEvent.distance=1.000000
08-01 12:15:22.055  2678  2678 I vol.Events: writeEvent dismiss_dialog touch_outside
08-01 12:15:22.062  2678  2782 I vol.Events: writeEvent active_stream_changed UNKNOWN_STREAM_-1
08-01 12:15:22.175 21337 21399 I chatty  : uid=1002(bluetooth) BluetoothAvrcpH expire 102 lines
08-01 12:15:22.183 23683 23683 I chatty  : uid=10194(com.google.android.apps.youtube.music) expire 4 lines
08-01 12:15:22.349  1107  1779 D NativeSensors: CapSensor:  mPendingEvent.distance=0.000000
08-01 12:15:22.374  2678  2678 D vol.VolumeDialogImpl: mDialog.dismiss()
08-01 12:15:22.560  2220  2590 D BatteryService: uevent={POWER_SUPPLY_DP_DM=0, POWER_SUPPLY_VOLTAGE_QNOVO=-22, POWER_SUPPLY_VOLTAGE_NOW=4392566, POWER_SUPPLY_SW_JEITA_ENABLED=0, POWER_SUPPLY_HEALTH=Good, POWER_SUPPLY_TECHNOLOGY=Li-ion, POWER_SUPPLY_CHARGER_TEMP_MAX=812, POWER_SUPPLY_FCC_STEPPER_ENABLE=0, SEQNUM=4978, POWER_SUPPLY_INPUT_CURRENT_LIMITED=1, POWER_SUPPLY_STATUS=Charging, POWER_SUPPLY_BATTERY_CHARGING_ENABLED=1, POWER_SUPPLY_CURRENT_MAX=3000000, POWER_SUPPLY_CAPACITY=100, DEVPATH=/devices/soc/800f000.qcom,spmi/spmi-0/spmi0-00/800f000.qcom,spmi:qcom,pm660@0:qcom,qpnp-smb2/power_supply/battery, POWER_SUPPLY_CHARGE_DONE=0, POWER_SUPPLY_CHARGE_TYPE=Fast, POWER_SUPPLY_CHARGER_TEMP=341, POWER_SUPPLY_CHARGE_RATE=Normal, POWER_SUPPLY_CURRENT_QNOVO=-22, POWER_SUPPLY_CURRENT_NOW=-148925, POWER_SUPPLY_SYSTEM_TEMP_LEVEL=0, POWER_SUPPLY_PRESENT=1, POWER_SUPPLY_PARALLEL_DISABLE=0, SUBSYSTEM=power_supply, POWER_SUPPLY_SET_SHIP_MODE=0, POWER_SUPPLY_TEMP=290, ACTION=change, POWER_SUPPLY_RERUN_AICL=0, POWER_SUPPLY_AGE=100, POWER_SUPPLY_NAME=battery, POWER_SUPPLY_VOLTAGE_MAX=-22, POWER_SUPPLY_CONSTANT_CHARGE_CURRENT_MAX=3000000, POWER_SUPPLY_CHARGE_COUNTER=4963439, POWER_SUPPLY_STEP_CHARGING_ENABLED=0, POWER_SUPPLY_NUM_SYSTEM_TEMP_LEVELS=8, POWER_SUPPLY_DIE_HEALTH=Cool, POWER_SUPPLY_INPUT_SUSPEND=0}
08-01 12:15:22.567  4031  4031 D CmdCenter: - RowBuilder2: setUseWhiteRes useOrNot = true
08-01 12:15:22.567  2954  2954 D QtiCarrierConfigHelper: WARNING, no carrier configs on phone Id: 0
08-01 12:15:22.570 19152 19152 D UIABatteryMonitor: notify battery changed. current level 100
08-01 12:15:22.595 23683 23789 I chatty  : uid=10194(com.google.android.apps.youtube.music) expire 1 line
08-01 12:15:22.599 23683 24632 I chatty  : uid=10194(com.google.android.apps.youtube.music) expire 2 lines
08-01 12:15:22.602  1419  1687 I OMXMaster: makeComponentInstance(OMX.google.aac.decoder) in android.hardwar process
08-01 12:15:22.620 23683 23695 I chatty  : uid=10194(com.google.android.apps.youtube.music) expire 1 line
08-01 12:15:22.714 23683 23789 I chatty  : uid=10194(com.google.android.apps.youtube.music) expire 2 lines
08-01 12:15:22.716  1419  5677 E OMXNodeInstance: setConfig(0xf3e377e0:google.aac.decoder, ConfigPriority(0x6f800002)) ERROR: Undefined(0x80001001)
08-01 12:15:22.716 23683 24632 I chatty  : uid=10194(com.google.android.apps.youtube.music) expire 3 lines
08-01 12:15:22.717  1419  1687 E OMXNodeInstance: getConfig(0xf3e377e0:google.aac.decoder, ConfigAndroidVendorExtension(0x6f100004)) ERROR: Undefined(0x80001001)
08-01 12:15:22.717 23683 23789 I chatty  : uid=10194(com.google.android.apps.youtube.music) expire 2 lines
08-01 12:15:22.743  1419 24636 I SoftAAC2: Reconfiguring decoder: 0->44100 Hz, 0->2 channels
08-01 12:15:22.758 23683 23683 I chatty  : uid=10194(com.google.android.apps.youtube.music) expire 2 lines
08-01 12:15:22.775  1166 18235 D AudioFlinger: Client defaulted notificationFrames to 5512 for frameCount 11025
08-01 12:15:22.779  1166 18235 D AF::TrackHandle: OpPlayAudio: track:57 usage:1 not muted
08-01 12:15:23.566  2220  2220 W AS.AudioService: couldn't find receiver package for effect intent
08-01 12:15:23.571 23683 23737 I chatty  : uid=10194(com.google.android.apps.youtube.music) expire 1 line
08-01 12:15:23.607 23683 23683 I chatty  : uid=10194(com.google.android.apps.youtube.music) expire 2 lines
08-01 12:15:23.613 23683 23789 I chatty  : uid=10194(com.google.android.apps.youtube.music) expire 1 line
08-01 12:15:23.614 23683 24631 I chatty  : uid=10194(com.google.android.apps.youtube.music) expire 1 line
08-01 12:15:23.624 23683 23683 I chatty  : uid=10194(com.google.android.apps.youtube.music) expire 3 lines
08-01 12:15:23.643  1166  1852 D AudioFlinger: Client defaulted notificationFrames to 5512 for frameCount 11025
08-01 12:15:23.644  1166  1852 D AF::TrackHandle: OpPlayAudio: track:58 usage:1 not muted
08-01 12:15:23.651 23683 23819 I chatty  : uid=10194(com.google.android.apps.youtube.music) expire 6 lines
08-01 12:15:23.652  2220  2220 D MediaSessionService: Media button session is changed to com.google.android.apps.youtube.music/YouTube playerlib (userId=0)
08-01 12:15:23.654  2220  2220 V SettingsProvider: Notifying for 0: content://settings/secure/media_button_receiver
08-01 12:15:23.655 21337 21337 I chatty  : uid=1002(bluetooth) com.android.bluetooth expire 134 lines
08-01 12:15:23.674 21337 21399 I chatty  : uid=1002(bluetooth) BluetoothAvrcpH expire 702 lines
08-01 12:15:23.710  1166 18235 D APM_AudioPolicyManager: startOutput() output 21, stream 3, session 185
08-01 12:15:23.717  1106  1106 D DlbDlbEffect: handle_EFFECT_CMD_DISABLE()
08-01 12:15:23.717  1106  1106 D DlbCrossfadeProcess: setEnabled transitioning from DAP_ACTIVE state to FADE_TO_BYPASS
08-01 12:15:23.718 23683 23683 E Widget.RecentlyPlayed: Filling bundle but recently played items are EMPTY.
08-01 12:15:23.721  1106  1106 D DlbDlbEffect: handle_EFFECT_CMD_SET_CONFIG()
08-01 12:15:23.721  1106  1106 D DlbDlbEffect: handle_EFFECT_CMD_SET_DEVICE(device=0x00000002)
08-01 12:15:23.721  1106  1106 D DlbDapEndpointParamCache: setDevice(device=0x00000002)
08-01 12:15:23.729  1134  1134 D DMSService: setActiveDevice called with device = 0x2
08-01 12:15:23.729 23683 23683 W YouTubeMusic: Missing Vss3Config
08-01 12:15:23.729  1106  1220 D DlbEffectDap: setAudioMode(mode = 0)
08-01 12:15:23.730  1106  1953 D DlbDlbEffect: handle_EFFECT_CMD_ENABLE()
08-01 12:15:23.730  1106  1953 D DlbCrossfadeProcess: setEnabled transitioning from FADE_TO_BYPASS state to FADE_TO_ACTIVE
08-01 12:15:23.762  1106 16564 D DlbDlbBufferProvider: updateCapacity(): update capacity to 1920
08-01 12:15:23.762  1106 16564 D DlbDlbBufferProvider: updateCapacity() Allocating new memory for the buffer.
08-01 12:15:23.765  1106 16564 D DlbCrossfadeProcess: process transitioning from FADE_TO_ACTIVE state to DAP_ACTIVE
08-01 12:15:23.768  1106 16562 V msm8974_platform: platform_get_output_snd_device: enter: output devices(0x2)
08-01 12:15:23.768  1106 16562 V msm8974_platform: platform_get_output_snd_device: exit: snd_device(speaker)
08-01 12:15:23.768  1106 16562 V msm8974_platform: platform_get_backend_index:napb: backend port - 0 device - 2 
08-01 12:15:23.768  1106 16562 V msm8974_platform: platform_check_and_set_playback_backend_cfg: usecase->stream.out->config.format (0)
08-01 12:15:23.768  1106 16562 V msm8974_platform: platform_check_and_set_playback_backend_cfg:becf: afe: bitwidth 16, samplerate 48000 channels 2, backend_idx 0 usecase = 0 device (speaker)
08-01 12:15:23.768  1106 16562 V msm8974_platform: platform_check_and_set_playback_backend_cfg: new_snd_devices[0] is 2
08-01 12:15:23.768  1106 16562 V msm8974_platform: platform_get_backend_index:napb: backend port - 0 device - 2 
08-01 12:15:23.768  1106 16562 V msm8974_platform: platform_check_playback_backend_cfg:becf: afe: bitwidth 16, samplerate 48000 channels 2, backend_idx 0 usecase = 0 device (speaker)
08-01 12:15:23.768  1106 16562 V msm8974_platform: platform_check_playback_backend_cfg:becf: afe: Codec selected backend: 0 updated bit width: 16 andsample rate: 48000
08-01 12:15:23.768  1106 16562 V msm8974_platform: platform_send_audio_calibration: sending audio calibration for snd_device(2) acdb_id(14)
08-01 12:15:23.770  1106 16562 D ACDB-LOADER: ACDB -> send_audio_cal, acdb_id = 14, path = 0, app id = 0x11130, sample rate = 48000
08-01 12:15:23.770  1106 16562 D ACDB-LOADER: ACDB -> send_asm_topology
08-01 12:15:23.770  1106 16562 D ACDB-LOADER: ACDB -> ACDB_CMD_GET_AUDPROC_STREAM_TOPOLOGY_ID
08-01 12:15:23.770  1106 16562 D ACDB-LOADER: ACDB -> send_adm_topology
08-01 12:15:23.770  1106 16562 D ACDB-LOADER: ACDB -> ACDB_CMD_GET_AUDPROC_COMMON_TOPOLOGY_ID
08-01 12:15:23.770  1106 16562 D ACDB-LOADER: ACDB -> send_audtable
08-01 12:15:23.770  1106 16562 D ACDB-LOADER: ACDB -> ACDB_CMD_GET_AUDPROC_COMMON_TABLE_SIZE
08-01 12:15:23.770  1106 16562 D ACDB-LOADER: ACDB -> ACDB_CMD_GET_AUDPROC_COMMON_TABLE
08-01 12:15:23.770  1106 16562 D ACDB-LOADER: ACDB -> AUDIO_SET_AUDPROC_CAL
08-01 12:15:23.771  1106 16562 D ACDB-LOADER: ACDB -> send_audvoltable
08-01 12:15:23.771  1106 16562 D ACDB-LOADER: ACDB -> ACDB_CMD_GET_AUDPROC_VOL_STEP_TABLE_SIZE
08-01 12:15:23.771  1106 16562 D ACDB-LOADER: ACDB -> ACDB_CMD_GET_AUDPROC_GAIN_DEP_STEP_TABLE, vol index 0
08-01 12:15:23.772  1106 16562 D         : Failed to fetch the lookup information of the device 0000000E 
08-01 12:15:23.772  1106 16562 E ACDB-LOADER: Error: ACDB AudProc vol returned = -19
08-01 12:15:23.772  1106 16562 D ACDB-LOADER: ACDB -> AUDIO_SET_VOL_CAL cal type = 12
08-01 12:15:23.773  1106 16562 D ACDB-LOADER: ACDB -> ACDB_CMD_GET_AUDPROC_STREAM_TABLE_SIZE
08-01 12:15:23.773  1106 16562 D ACDB-LOADER: ACDB -> send_audstrmtable
08-01 12:15:23.773  1106 16562 D ACDB-LOADER: ACDB -> ACDB_CMD_GET_AUDPROC_STREAM_TABLE_V2
08-01 12:15:23.773  1106 16562 D ACDB-LOADER: ACDB -> audstrm_cal->cal_type.cal_data.cal_size = 456
08-01 12:15:23.773  1106 16562 D ACDB-LOADER: ACDB -> send_afe_topology
08-01 12:15:23.773  1106 16562 D ACDB-LOADER: ACDB -> ACDB_CMD_GET_AFE_TOPOLOGY_ID
08-01 12:15:23.773  1106 16562 D ACDB-LOADER: ACDB -> GET_AFE_TOPOLOGY_ID for adcd_id 14, Topology Id 112fc
08-01 12:15:23.773  1106 16562 D ACDB-LOADER: ACDB -> send_afe_cal
08-01 12:15:23.773  1106 16562 D ACDB-LOADER: ACDB -> ACDB_CMD_GET_AFE_COMMON_TABLE_SIZE
08-01 12:15:23.773  1106 16562 D         : Failed to fetch the lookup information of the device 0000000E 
08-01 12:15:23.773  1106 16562 E ACDB-LOADER: Error: ACDB_CMD_GET_AFE_COMMON_TABLE_SIZE Returned = -19
08-01 12:15:23.773  1106 16562 D ACDB-LOADER: ACDB -> ACDB_CMD_GET_AFE_COMMON_TABLE
08-01 12:15:23.773  1106 16562 D         : Failed to fetch the lookup information of the device 0000000E 
08-01 12:15:23.773  1106 16562 E ACDB-LOADER: Error: ACDB AFE returned = -19
08-01 12:15:23.773  1106 16562 D ACDB-LOADER: ACDB -> AUDIO_SET_AFE_CAL
08-01 12:15:23.773  1106 16562 D ACDB-LOADER: ACDB -> send_hw_delay : acdb_id = 14 path = 0
08-01 12:15:23.773 23683 23753 W YTPL.audiomanager: AudioFocus Requested
08-01 12:15:23.773  1106 16562 D ACDB-LOADER: ACDB -> ACDB_AVSYNC_INFO: ACDB_CMD_GET_DEVICE_PROPERTY
08-01 12:15:23.773 23683 23753 W AudioManager: Use of stream types is deprecated for operations other than volume control
08-01 12:15:23.773 23683 23753 W AudioManager: See the documentation of requestAudioFocus() for what to use instead with android.media.AudioAttributes to qualify your playback use case
08-01 12:15:23.775 23683 23683 V MediaRouter: Selecting route: RouteInfo{ name=Phone, description=null, status=null, category=RouteCategory{ name=System types=ROUTE_TYPE_LIVE_AUDIO ROUTE_TYPE_LIVE_VIDEO  groupable=false }, supportedTypes=ROUTE_TYPE_LIVE_AUDIO ROUTE_TYPE_LIVE_VIDEO , presentationDisplay=null }
08-01 12:15:23.776  2220  4744 I MediaFocusControl: requestAudioFocus() from uid/pid 10194/23683 clientId=android.media.AudioManager@ff78646aenj@771b007 callingPack=com.google.android.apps.youtube.music req=1 flags=0x0 sdk=31
08-01 12:15:23.780 23683 23753 W YTPL.audiomanager: AudioFocus Granted
08-01 12:15:23.786 23683 23683 W View    : requestLayout() improperly called by android.widget.LinearLayout{fde5c4f V.E...... ......ID 0,0-1080,840 #7f0b0066 app:id/actions_container} during layout: running second layout pass
08-01 12:15:23.793 23683 23683 W YouTubeMusic: Warning: Sending VSS ping without a format parameter.
08-01 12:15:23.802 23683 23683 E Widget.RecentlyPlayed: Filling bundle but recently played items are EMPTY.
08-01 12:15:23.820 23683 23683 E Widget.RecentlyPlayed: Filling bundle but recently played items are EMPTY.
08-01 12:15:23.824  1106 16562 D audio_mot_sp: TAS2560_ALGO:audio_extn_mot_spkr_send_cal send Rdc,7.127701
08-01 12:15:23.859  1106 16562 D audio_hw_primary: enable_snd_device: snd_device(2: speaker)
08-01 12:15:23.861  1106 16562 D audio_route: Apply path: speaker
08-01 12:15:23.864  1106 16562 V msm8974_platform: platform_get_snd_device_backend_index: enter with device 2
08-01 12:15:23.864  1106 16562 V msm8974_platform: platform_get_backend_index:napb: backend port - 0 device - 2 
08-01 12:15:23.864  1106 16562 I audio_hw_utils: Set Audio Stream 0 App Type Cfg: app_type 69936, acdb_dev_id 14, sample_rate 48000, snd_device_be_idx 45
08-01 12:15:23.865  1106 16562 D audio_hw_primary: enable_audio_route: usecase(0) apply and update mixer path: deep-buffer-playback speaker
08-01 12:15:23.865  1106 16562 D audio_route: Apply path: deep-buffer-playback speaker
08-01 12:15:23.866  1106  1858 D MotSpeakerHelper: Speaker ON: volume 0.500000 (step 12), usecase SAFE
08-01 12:15:23.867 23683 23789 I MediaCodec: (0x799b2e1e00) init name(OMX.qcom.video.decoder.vp9)
08-01 12:15:23.870 23683 24649 I OMXClient: IOmx service obtained
08-01 12:15:23.870  1419  5677 I OMXMaster: makeComponentInstance(OMX.qcom.video.decoder.vp9) in android.hardwar process
08-01 12:15:23.888  1106 16562 D audio_hw_primary: out_write: retry previous failed cal level set
08-01 12:15:23.927  1419  5677 I OMX-VDEC-1080P: Video slvp perflock acquired
08-01 12:15:23.928  1419  5677 I OMX-VDEC-1080P: component_init: OMX.qcom.video.decoder.vp9 : fd=11
08-01 12:15:23.939  1419  5677 I OMX-VDEC-1080P: omx_vdec::component_init() success : fd=11
08-01 12:15:23.939 23683 24647 I MediaCodec: (0x799b2e1e00) Component Allocated (OMX.qcom.video.decoder.vp9)
08-01 12:15:23.940 23683 23743 W YT.mediacache: Unable to sniff SegmentMap extractor [CONTEXT ratelimit_period="5000 MILLISECONDS" ]
08-01 12:15:23.943 23683 23789 I MediaCodec: (0x799b2e1e00) configure surface(0x799aeec000) crypto(0x0) flags(0)
08-01 12:15:23.943 23683 23789 D MediaCodec: (0x799b2e1e00) configure format: AMessage(what = 0x00000000) = {
08-01 12:15:23.943 23683 23789 D MediaCodec:       int32_t color-transfer = 3
08-01 12:15:23.943 23683 23789 D MediaCodec:       int32_t max-height = 1080
