08-01 11:52:34.058 17269 17269 E AndroidRuntime: 	at android.os.ServiceManager.rawGetService(ServiceManager.java:263)
08-01 11:52:34.058 17269 17269 E AndroidRuntime: 	at android.os.ServiceManager.getService(ServiceManager.java:129)
08-01 11:52:34.058 17269 17269 E AndroidRuntime: 	at android.app.ActivityManager$1.create(ActivityManager.java:4058)
08-01 11:52:34.058 17269 17269 E AndroidRuntime: 	at android.app.ActivityManager$1.create(ActivityManager.java:4055)
08-01 11:52:34.058 17269 17269 E AndroidRuntime: 	at android.util.Singleton.get(Singleton.java:38)
08-01 11:52:34.058 17269 17269 E AndroidRuntime: 	at android.app.ActivityManager.getService(ActivityManager.java:4046)
08-01 11:52:34.058 17269 17269 E AndroidRuntime: 	at com.android.internal.os.RuntimeInit$KillApplicationHandler.uncaughtException(RuntimeInit.java:145)
08-01 11:52:34.058 17269 17269 E AndroidRuntime: 	at java.lang.ThreadGroup.uncaughtException(ThreadGroup.java:1073)
08-01 11:52:34.058 17269 17269 E AndroidRuntime: 	at java.lang.ThreadGroup.uncaughtException(ThreadGroup.java:1068)
08-01 11:52:34.058 17269 17269 E AndroidRuntime: 	at java.lang.Thread.dispatchUncaughtException(Thread.java:2187)
08-01 11:52:59.342  2220  2776 I chatty  : uid=1000(system) Binder:2220_4 expire 2 lines
08-01 11:52:59.845  2220  2777 I chatty  : uid=1000(system) Binder:2220_5 expire 1 line
08-01 11:53:00.069 17354 17354 W SystemConfig: No directory /oem/etc/sysconfig, skipping
08-01 11:53:00.070 17354 17354 W SystemConfig: No directory /oem/etc/permissions, skipping
08-01 11:53:00.161 17354 17354 W SystemConfig: No directory /oem/etc/motorola/bgintents, skipping
08-01 11:53:00.167 17354 17354 W SystemConfig: No directory /product_services/etc/sysconfig, skipping
08-01 11:53:00.167 17354 17354 W SystemConfig: No directory /product_services/etc/permissions, skipping
08-01 11:53:00.167 17354 17354 W SystemConfig: No directory /system/etc/motorola/sysconfig, skipping
08-01 11:53:00.167 17354 17354 W SystemConfig: No directory /oem/etc/motorola/sysconfig, skipping
08-01 11:53:00.167 17354 17354 W SystemConfig: No directory /product/etc/motorola/sysconfig, skipping
08-01 11:53:00.221  2220  4733 I chatty  : uid=1000(system) Binder:2220_15 expire 6 lines
08-01 11:53:00.266  2220  2336 I chatty  : uid=1000(system) android.anim expire 16 lines
08-01 11:53:02.449  2220  3972 I chatty  : uid=1000(system) Binder:2220_D expire 4 lines
08-01 11:53:02.523  2220  4012 I chatty  : uid=1000(system) Binder:2220_E expire 1 line
08-01 11:53:02.523  2220  2633 I chatty  : uid=1000(system) ConnectivitySer expire 2 lines
08-01 11:53:03.368  2220  4018 I chatty  : uid=1000(system) Binder:2220_11 expire 3 lines
08-01 11:53:07.831  2220  2333 I chatty  : uid=1000(system) android.ui expire 6 lines
08-01 11:53:08.513 17480 17504 E AndroidRuntime: FATAL EXCEPTION: Thread-3
08-01 11:53:08.513 17480 17504 E AndroidRuntime: Process: com.antutu.ABenchMark, PID: 17480
08-01 11:53:08.513 17480 17504 E AndroidRuntime: java.lang.NullPointerException: Attempt to invoke virtual method 'void android.content.ContentValues.putAll(android.content.ContentValues)' on a null object reference
08-01 11:53:08.513 17480 17504 E AndroidRuntime: 	at daozi-b.ij0.b(DataParseHandler.java:1)
08-01 11:53:08.513 17480 17504 E AndroidRuntime: 	at daozi-b.zi0.G(InfocSDK.java:9)
08-01 11:53:08.513 17480 17504 E AndroidRuntime: 	at daozi-b.aj0.L(InfocUtil.java:6)
08-01 11:53:08.513 17480 17504 E AndroidRuntime: 	at daozi-b.aj0.K(InfocUtil.java:5)
08-01 11:53:08.513 17480 17504 E AndroidRuntime: 	at daozi-b.aj0.q(InfocUtil.java:6)
08-01 11:53:08.513 17480 17504 E AndroidRuntime: 	at com.antutu.benchmark.service.BenchmarkMainService$f.e(BenchmarkMainService.java:4)
08-01 11:53:08.513 17480 17504 E AndroidRuntime: 	at daozi-b.k80.run(Unknown Source:2)
08-01 11:53:08.513 17480 17504 E AndroidRuntime: 	at java.lang.Thread.run(Thread.java:919)
08-01 11:53:08.519  2220 17505 I chatty  : uid=1000 system_server expire 1 line
08-01 11:53:08.535  2220  2344 I chatty  : uid=1000(system) ActivityManager expire 6 lines
08-01 11:53:08.644  2220  4014 I chatty  : uid=1000(system) Binder:2220_F expire 3 lines
08-01 11:53:09.119  2220  3929 I chatty  : uid=1000(system) Binder:2220_C expire 3 lines
08-01 11:53:09.793 17519 17541 E AndroidRuntime: FATAL EXCEPTION: Thread-3
08-01 11:53:09.793 17519 17541 E AndroidRuntime: Process: com.antutu.ABenchMark, PID: 17519
08-01 11:53:09.793 17519 17541 E AndroidRuntime: java.lang.NullPointerException: Attempt to invoke virtual method 'void android.content.ContentValues.putAll(android.content.ContentValues)' on a null object reference
08-01 11:53:09.793 17519 17541 E AndroidRuntime: 	at daozi-b.ij0.b(DataParseHandler.java:1)
08-01 11:53:09.793 17519 17541 E AndroidRuntime: 	at daozi-b.zi0.G(InfocSDK.java:9)
08-01 11:53:09.793 17519 17541 E AndroidRuntime: 	at daozi-b.aj0.L(InfocUtil.java:6)
08-01 11:53:09.793 17519 17541 E AndroidRuntime: 	at daozi-b.aj0.K(InfocUtil.java:5)
08-01 11:53:09.793 17519 17541 E AndroidRuntime: 	at daozi-b.aj0.q(InfocUtil.java:6)
08-01 11:53:09.793 17519 17541 E AndroidRuntime: 	at com.antutu.benchmark.service.BenchmarkMainService$f.e(BenchmarkMainService.java:4)
08-01 11:53:09.793 17519 17541 E AndroidRuntime: 	at daozi-b.k80.run(Unknown Source:2)
08-01 11:53:09.793 17519 17541 E AndroidRuntime: 	at java.lang.Thread.run(Thread.java:919)
08-01 11:53:09.797  2220 17542 I chatty  : uid=1000 system_server expire 1 line
08-01 11:53:11.890  2220  4017 I chatty  : uid=1000(system) Binder:2220_10 expire 3 lines
08-01 11:53:11.942  2220  2352 I chatty  : uid=1000(system) batterystats-wo expire 11 lines
08-01 11:53:12.658  2220  2590 I chatty  : uid=1000(system) UEventObserver expire 8 lines
08-01 11:53:13.429  2220  3929 I chatty  : uid=1000(system) Binder:2220_C expire 8 lines
08-01 11:53:13.585  2220  4745 I chatty  : uid=1000(system) Binder:2220_20 expire 3 lines
08-01 11:53:13.664  2220  2336 I chatty  : uid=1000(system) android.anim expire 29 lines
08-01 11:53:13.671  2220  2345 I chatty  : uid=1000(system) ActivityManager expire 16 lines
08-01 11:53:14.083  2220  4733 I chatty  : uid=1000(system) Binder:2220_15 expire 7 lines
08-01 11:53:18.282  2220  4734 I chatty  : uid=1000(system) Binder:2220_16 expire 3 lines
08-01 11:53:18.303  2220  2776 I chatty  : uid=1000(system) Binder:2220_4 expire 4 lines
08-01 11:53:18.405  2220  2310 I chatty  : uid=1000(system) Binder:2220_2 expire 12 lines
08-01 11:53:18.793  2220  2633 I chatty  : uid=1000(system) ConnectivitySer expire 5 lines
08-01 11:53:22.820  2220  2344 I chatty  : uid=1000(system) ActivityManager expire 19 lines
08-01 11:53:22.856  2220  3972 I chatty  : uid=1000(system) Binder:2220_D expire 2 lines
08-01 11:53:22.884  2220  4017 I chatty  : uid=1000(system) Binder:2220_10 expire 2 lines
08-01 11:53:22.948  2220 18102 I chatty  : uid=1000 system_server expire 1 line
08-01 11:53:23.034  2220  2335 I chatty  : uid=1000(system) android.display expire 2 lines
08-01 11:53:23.037  2220  2220 I chatty  : uid=1000 system_server expire 9 lines
08-01 11:53:23.132  2220  3389 I chatty  : uid=1000(system) LazyTaskWriterT expire 1 line
08-01 11:53:23.269  2220  2384 I chatty  : uid=1000(system) PackageManager expire 2 lines
08-01 11:53:23.338  2220  3895 I chatty  : uid=1000(system) android.fg expire 1 line
08-01 11:53:23.422  2220  4744 I chatty  : uid=1000(system) Binder:2220_1F expire 1 line
08-01 11:53:23.651  2220  2332 I chatty  : uid=1000(system) android.fg expire 2 lines
08-01 11:53:23.881  2220  2343 I chatty  : uid=1000(system) android.bg expire 2 lines
08-01 11:53:23.963  2220  4743 I chatty  : uid=1000(system) Binder:2220_1E expire 1 line
08-01 11:53:24.032  2220  3334 I chatty  : uid=1000(system) Binder:2220_8 expire 1 line
08-01 11:53:24.113  2220  2777 I chatty  : uid=1000(system) Binder:2220_5 expire 3 lines
08-01 11:53:24.545  2220  2585 I chatty  : uid=1000(system) Binder:2220_3 expire 3 lines
08-01 11:53:25.252  2220  4014 I chatty  : uid=1000(system) Binder:2220_F expire 3 lines
08-01 11:53:25.395  2220  3590 I chatty  : uid=1000(system) Binder:2220_B expire 2 lines
08-01 11:53:25.730  2220  2309 I chatty  : uid=1000(system) Binder:2220_1 expire 2 lines
08-01 11:53:26.889  2220  4741 I chatty  : uid=1000(system) Binder:2220_1D expire 3 lines
08-01 11:53:27.233  2220  4740 I chatty  : uid=1000(system) Binder:2220_1C expire 3 lines
08-01 11:53:29.936  2220  3588 I chatty  : uid=1000(system) Binder:2220_A expire 2 lines
08-01 11:53:33.543  2220  4738 I chatty  : uid=1000(system) Binder:2220_1A expire 1 line
08-01 11:53:34.696  2220  4739 I chatty  : uid=1000(system) Binder:2220_1B expire 1 line
08-01 11:53:36.943  2220  4018 I chatty  : uid=1000(system) Binder:2220_11 expire 1 line
08-01 11:53:37.629  2220  4735 I chatty  : uid=1000(system) Binder:2220_17 expire 3 lines
08-01 11:53:38.649  2220  3588 I chatty  : uid=1000(system) Binder:2220_A expire 4 lines
08-01 11:53:38.983  2220  4741 I chatty  : uid=1000(system) Binder:2220_1D expire 4 lines
08-01 11:53:39.764  2220  2777 I chatty  : uid=1000(system) Binder:2220_5 expire 1 line
08-01 11:53:39.786  2220  4020 I chatty  : uid=1000(system) Binder:2220_12 expire 3 lines
08-01 11:53:40.812  2220  2345 I chatty  : uid=1000(system) ActivityManager expire 24 lines
08-01 11:53:41.272  2220  2335 I chatty  : uid=1000(system) android.display expire 5 lines
08-01 11:53:59.958  2220  3590 I chatty  : uid=1000(system) Binder:2220_B expire 2 lines
08-01 11:54:19.774  2220  2373 I chatty  : uid=1000(system) PowerManagerSer expire 2 lines
08-01 11:54:33.720  2220  2590 I chatty  : uid=1000(system) UEventObserver expire 1 line
08-01 11:54:33.843  2220  4734 I chatty  : uid=1000(system) Binder:2220_16 expire 2 lines
08-01 11:54:33.867  2220  4081 I chatty  : uid=1000(system) Binder:2220_13 expire 4 lines
08-01 11:54:41.093  2220  2633 I chatty  : uid=1000(system) ConnectivitySer expire 3 lines
08-01 11:54:41.131  2220  2352 I chatty  : uid=1000(system) batterystats-wo expire 13 lines
08-01 11:54:42.878  2678  2678 V DeadZone: consuming errant click: (816.2442,68.033936)
08-01 11:54:42.878  2678  2678 V DeadZone: consuming errant click: (816.2442,68.033936)
08-01 11:54:43.710  2220  4014 I chatty  : uid=1000(system) Binder:2220_F expire 2 lines
08-01 11:54:43.763  2220  2336 I chatty  : uid=1000(system) android.anim expire 10 lines
08-01 11:54:43.965  2220  2626 I chatty  : uid=1000(system) ClientModeImpl expire 1 line
08-01 11:54:44.068  2220  4745 I chatty  : uid=1000(system) Binder:2220_20 expire 1 line
08-01 11:54:44.570  2220  4017 I chatty  : uid=1000(system) Binder:2220_10 expire 1 line
08-01 11:54:44.572  2220  4012 I chatty  : uid=1000(system) Binder:2220_E expire 1 line
08-01 11:54:48.670  2220  2809 I chatty  : uid=1000(system) Binder:2220_6 expire 2 lines
08-01 11:54:58.978  2220  2776 I chatty  : uid=1000(system) Binder:2220_4 expire 2 lines
08-01 11:54:59.261  2220  2384 I chatty  : uid=1000(system) PackageManager expire 50 lines
08-01 11:54:59.361  2220  2344 I chatty  : uid=1000(system) ActivityManager expire 14 lines
08-01 11:54:59.634  2220  4737 I chatty  : uid=1000(system) Binder:2220_19 expire 2 lines
08-01 11:54:59.719  2220  2220 I chatty  : uid=1000 system_server expire 5 lines
08-01 11:54:59.725  2220  3895 I chatty  : uid=1000(system) android.fg expire 1 line
08-01 11:55:00.331  2220  2343 I chatty  : uid=1000(system) android.bg expire 2 lines
08-01 11:55:00.347  2220  2384 I chatty  : uid=1000(system) PackageManager expire 149 lines
08-01 11:55:00.483  2220  2601 I chatty  : uid=1000(system) AccountManagerS expire 1 line
08-01 11:55:00.484  2220  2220 I chatty  : uid=1000 system_server expire 5 lines
08-01 11:55:00.508  2220  3895 I chatty  : uid=1000(system) android.fg expire 1 line
08-01 11:55:00.773  2220  2332 I chatty  : uid=1000(system) android.fg expire 4 lines
08-01 11:55:01.207  2220  2384 I chatty  : uid=1000(system) PackageManager expire 1 line
08-01 11:55:01.228  2220  2601 I chatty  : uid=1000(system) AccountManagerS expire 1 line
08-01 11:55:01.230  2220  2220 I chatty  : uid=1000 system_server expire 23 lines
08-01 11:55:01.244  2220  3895 I chatty  : uid=1000(system) android.fg expire 1 line
08-01 11:55:01.945  2220  2343 I chatty  : uid=1000(system) android.bg expire 1 line
08-01 11:55:02.244  2220  3334 I chatty  : uid=1000(system) Binder:2220_8 expire 1 line
08-01 11:55:02.246  2220  2344 I chatty  : uid=1000(system) ActivityManager expire 22 lines
08-01 11:55:02.265  2220  2345 I chatty  : uid=1000(system) ActivityManager expire 25 lines
08-01 11:55:02.295  2220  3477 I chatty  : uid=1000(system) Binder:2220_9 expire 2 lines
08-01 11:55:02.400  2220  2585 I chatty  : uid=1000(system) Binder:2220_3 expire 5 lines
08-01 11:55:02.425  2220  4741 I chatty  : uid=1000(system) Binder:2220_1D expire 5 lines
08-01 11:55:07.297  2220  4014 I chatty  : uid=1000(system) Binder:2220_F expire 6 lines
08-01 11:55:07.357  2220  4736 I chatty  : uid=1000(system) Binder:2220_18 expire 1 line
08-01 11:55:07.357  2220  2776 I chatty  : uid=1000(system) Binder:2220_4 expire 1 line
08-01 11:55:07.358  2220  2633 I chatty  : uid=1000(system) ConnectivitySer expire 2 lines
08-01 11:55:09.312  2220  4081 I chatty  : uid=1000(system) Binder:2220_13 expire 4 lines
08-01 11:55:09.417  2220  2336 I chatty  : uid=1000(system) android.anim expire 14 lines
08-01 11:55:09.455 19084 19084 E AndroidRuntime: FATAL EXCEPTION: main
08-01 11:55:09.455 19084 19084 E AndroidRuntime: Process: com.github.uiautomator, PID: 19084
08-01 11:55:09.455 19084 19084 E AndroidRuntime: java.lang.RuntimeException: Unable to start activity ComponentInfo{com.github.uiautomator/com.github.uiautomator.ToastActivity}: android.view.WindowManager$BadTokenException: Unable to add window android.view.ViewRootImpl$W@73a0775 -- permission denied for window type 2038
08-01 11:55:09.455 19084 19084 E AndroidRuntime: 	at android.app.ActivityThread.performLaunchActivity(ActivityThread.java:3477)
08-01 11:55:09.455 19084 19084 E AndroidRuntime: 	at android.app.ActivityThread.handleLaunchActivity(ActivityThread.java:3620)
08-01 11:55:09.455 19084 19084 E AndroidRuntime: 	at android.app.servertransaction.LaunchActivityItem.execute(LaunchActivityItem.java:83)
08-01 11:55:09.455 19084 19084 E AndroidRuntime: 	at android.app.servertransaction.TransactionExecutor.executeCallbacks(TransactionExecutor.java:135)
08-01 11:55:09.455 19084 19084 E AndroidRuntime: 	at android.app.servertransaction.TransactionExecutor.execute(TransactionExecutor.java:95)
08-01 11:55:09.455 19084 19084 E AndroidRuntime: 	at android.app.ActivityThread$H.handleMessage(ActivityThread.java:2183)
08-01 11:55:09.455 19084 19084 E AndroidRuntime: 	at android.os.Handler.dispatchMessage(Handler.java:107)
08-01 11:55:09.455 19084 19084 E AndroidRuntime: 	at android.os.Looper.loop(Looper.java:241)
08-01 11:55:09.455 19084 19084 E AndroidRuntime: 	at android.app.ActivityThread.main(ActivityThread.java:7617)
08-01 11:55:09.455 19084 19084 E AndroidRuntime: 	at java.lang.reflect.Method.invoke(Native Method)
08-01 11:55:09.455 19084 19084 E AndroidRuntime: 	at com.android.internal.os.RuntimeInit$MethodAndArgsCaller.run(RuntimeInit.java:492)
08-01 11:55:09.455 19084 19084 E AndroidRuntime: 	at com.android.internal.os.ZygoteInit.main(ZygoteInit.java:941)
08-01 11:55:09.455 19084 19084 E AndroidRuntime: Caused by: android.view.WindowManager$BadTokenException: Unable to add window android.view.ViewRootImpl$W@73a0775 -- permission denied for window type 2038
08-01 11:55:09.455 19084 19084 E AndroidRuntime: 	at android.view.ViewRootImpl.setView(ViewRootImpl.java:959)
08-01 11:55:09.455 19084 19084 E AndroidRuntime: 	at android.view.WindowManagerGlobal.addView(WindowManagerGlobal.java:387)
08-01 11:55:09.455 19084 19084 E AndroidRuntime: 	at android.view.WindowManagerImpl.addView(WindowManagerImpl.java:95)
08-01 11:55:09.455 19084 19084 E AndroidRuntime: 	at com.github.uiautomator.FloatView.show(FloatView.java:109)
08-01 11:55:09.455 19084 19084 E AndroidRuntime: 	at com.github.uiautomator.ToastActivity.onCreate(ToastActivity.java:30)
08-01 11:55:09.455 19084 19084 E AndroidRuntime: 	at android.app.Activity.performCreate(Activity.java:7810)
08-01 11:55:09.455 19084 19084 E AndroidRuntime: 	at android.app.Activity.performCreate(Activity.java:7799)
08-01 11:55:09.455 19084 19084 E AndroidRuntime: 	at android.app.Instrumentation.callActivityOnCreate(Instrumentation.java:1328)
08-01 11:55:09.455 19084 19084 E AndroidRuntime: 	at androidx.test.runner.MonitoringInstrumentation.callActivityOnCreate(MonitoringInstrumentation.java:711)
08-01 11:55:09.455 19084 19084 E AndroidRuntime: 	at android.app.ActivityThread.performLaunchActivity(ActivityThread.java:3452)
08-01 11:55:09.455 19084 19084 E AndroidRuntime: 	... 11 more
08-01 11:55:09.466  2220 19129 I chatty  : uid=1000 system_server expire 1 line
08-01 11:55:09.487  2220  2310 I chatty  : uid=1000(system) Binder:2220_2 expire 13 lines
08-01 11:55:18.086  2220  4733 I chatty  : uid=1000(system) Binder:2220_15 expire 8 lines
08-01 11:55:19.588  2220  2334 I chatty  : uid=1000(system) android.io expire 14 lines
08-01 11:55:19.774  2220  4012 I chatty  : uid=1000(system) Binder:2220_E expire 1 line
08-01 11:55:21.309  2220  2345 I chatty  : uid=1000(system) ActivityManager expire 12 lines
08-01 11:55:21.421  2220  2334 I chatty  : uid=1000(system) android.io expire 4 lines
08-01 11:55:21.468  2220  2220 I chatty  : uid=1000 system_server expire 9 lines
08-01 11:55:21.479  2220  3334 I chatty  : uid=1000(system) Binder:2220_8 expire 2 lines
08-01 11:55:21.524  2220  4737 I chatty  : uid=1000(system) Binder:2220_19 expire 3 lines
08-01 11:55:21.526  2220  2344 I chatty  : uid=1000(system) ActivityManager expire 3 lines
08-01 11:55:21.805  2220  4739 I chatty  : uid=1000(system) Binder:2220_1B expire 2 lines
08-01 11:55:21.807  2220  2585 I chatty  : uid=1000(system) Binder:2220_3 expire 3 lines
08-01 11:55:21.918  2220  4744 I chatty  : uid=1000(system) Binder:2220_1F expire 1 line
08-01 11:55:21.979  2220  4741 I chatty  : uid=1000(system) Binder:2220_1D expire 7 lines
08-01 11:55:22.027 19459 19557 D ActivityThread: Loading provider call_log_shadow: com.android.providers.contacts.ShadowCallLogProvider
08-01 11:55:22.069  2220  2626 I chatty  : uid=1000(system) ClientModeImpl expire 1 line
08-01 11:55:22.088 19459 19459 D ActivityThread: Loading provider contacts;com.android.contacts: com.android.providers.contacts.ContactsProvider2
08-01 11:55:22.240  2220  4733 I chatty  : uid=1000(system) Binder:2220_15 expire 2 lines
08-01 11:55:22.288  2220  2310 I chatty  : uid=1000(system) Binder:2220_2 expire 1 line
08-01 11:55:22.288  2220  2633 I chatty  : uid=1000(system) ConnectivitySer expire 6 lines
08-01 11:55:22.438  2220  2809 I chatty  : uid=1000(system) Binder:2220_6 expire 2 lines
08-01 11:55:23.370  2220  3972 I chatty  : uid=1000(system) Binder:2220_D expire 4 lines
08-01 11:55:23.632  2220  3895 I chatty  : uid=1000(system) android.fg expire 1 line
08-01 11:55:23.640  2220  4014 I chatty  : uid=1000(system) Binder:2220_F expire 1 line
08-01 11:55:23.764  2220  4081 I chatty  : uid=1000(system) Binder:2220_13 expire 1 line
08-01 11:55:23.828  2220  3588 I chatty  : uid=1000(system) Binder:2220_A expire 3 lines
08-01 11:55:24.945  2220  2776 I chatty  : uid=1000(system) Binder:2220_4 expire 11 lines
08-01 11:55:25.055  2220  2333 I chatty  : uid=1000(system) android.ui expire 1 line
08-01 11:55:25.069  2220  4745 I chatty  : uid=1000(system) Binder:2220_20 expire 6 lines
08-01 11:55:25.082  2220  2335 I chatty  : uid=1000(system) android.display expire 4 lines
08-01 11:55:25.097  2220  2336 I chatty  : uid=1000(system) android.anim expire 22 lines
08-01 11:55:25.573  2220  4738 I chatty  : uid=1000(system) Binder:2220_1A expire 2 lines
08-01 11:55:25.688  2220  4017 I chatty  : uid=1000(system) Binder:2220_10 expire 3 lines
08-01 11:55:25.688  2220  4020 I chatty  : uid=1000(system) Binder:2220_12 expire 8 lines
08-01 11:55:29.579  2220  4743 I chatty  : uid=1000(system) Binder:2220_1E expire 8 lines
08-01 11:55:33.395  2220  4740 I chatty  : uid=1000(system) Binder:2220_1C expire 3 lines
08-01 11:55:33.635  2220  2309 I chatty  : uid=1000(system) Binder:2220_1 expire 3 lines
08-01 11:55:34.088  2220  2590 I chatty  : uid=1000(system) UEventObserver expire 7 lines
08-01 11:55:34.105  2220  4018 I chatty  : uid=1000(system) Binder:2220_11 expire 2 lines
08-01 11:55:34.136  2220  2633 I chatty  : uid=1000(system) ConnectivitySer expire 8 lines
08-01 11:55:34.139  2220  4588 I chatty  : uid=1000(system) Binder:2220_14 expire 8 lines
08-01 11:55:34.173  2220  2335 I chatty  : uid=1000(system) android.display expire 8 lines
08-01 11:55:35.133 20224 20224 W ContextImpl: Calling a method in the system process without a qualified user: android.app.ContextImpl.sendBroadcast:1048 android.content.ContextWrapper.sendBroadcast:448 com.android.settings.bluetooth.DevicePickerFragment.sendDevicePickedIntent:197 com.android.settings.bluetooth.DevicePickerFragment.onDevicePreferenceClick:126 com.android.settings.bluetooth.DeviceListPreferenceFragment.onPreferenceTreeClick:157 
08-01 11:55:35.145  2220  2817 I chatty  : uid=1000(system) Binder:2220_7 expire 4 lines
08-01 11:55:35.203  2220  2336 I chatty  : uid=1000(system) android.anim expire 11 lines
08-01 11:55:35.616  2220  2809 I chatty  : uid=1000(system) Binder:2220_6 expire 8 lines
08-01 11:55:35.716  2220  2345 I chatty  : uid=1000(system) ActivityManager expire 18 lines
08-01 11:55:35.947  2220  3334 I chatty  : uid=1000(system) Binder:2220_8 expire 6 lines
08-01 11:55:36.529  2220  4737 I chatty  : uid=1000(system) Binder:2220_19 expire 3 lines
08-01 11:55:37.190  2220  4738 I chatty  : uid=1000(system) Binder:2220_1A expire 3 lines
08-01 11:55:39.362  2220  4745 I chatty  : uid=1000(system) Binder:2220_20 expire 1 line
08-01 11:55:42.682  2220  3588 I chatty  : uid=1000(system) Binder:2220_A expire 3 lines
08-01 11:55:43.512  2220  2343 I chatty  : uid=1000(system) android.bg expire 1 line
08-01 11:55:48.167  2220  2220 I chatty  : uid=1000 system_server expire 3 lines
08-01 11:55:55.707  2220  4739 I chatty  : uid=1000(system) Binder:2220_1B expire 1 line
08-01 11:55:55.731  2220  4735 I chatty  : uid=1000(system) Binder:2220_17 expire 2 lines
08-01 11:56:01.726  2220  4020 I chatty  : uid=1000(system) Binder:2220_12 expire 3 lines
08-01 11:56:01.726  2220  2777 I chatty  : uid=1000(system) Binder:2220_5 expire 1 line
08-01 11:56:07.748  2220  4014 I chatty  : uid=1000(system) Binder:2220_F expire 6 lines
08-01 11:56:44.894  2220  4741 I chatty  : uid=1000(system) Binder:2220_1D expire 2 lines
08-01 11:56:46.063  2220  3590 I chatty  : uid=1000(system) Binder:2220_B expire 3 lines
08-01 11:57:38.633  2220  2373 I chatty  : uid=1000(system) PowerManagerSer expire 2 lines
08-01 11:57:51.948  2220  4012 I chatty  : uid=1000(system) Binder:2220_E expire 2 lines
08-01 11:57:54.664  2220  2626 I chatty  : uid=1000(system) ClientModeImpl expire 1 line
08-01 11:58:10.291 20796 20824 E AndroidRuntime: FATAL EXCEPTION: Thread-3
08-01 11:58:10.291 20796 20824 E AndroidRuntime: Process: com.antutu.ABenchMark, PID: 20796
08-01 11:58:10.291 20796 20824 E AndroidRuntime: java.lang.NullPointerException: Attempt to invoke virtual method 'void android.content.ContentValues.putAll(android.content.ContentValues)' on a null object reference
08-01 11:58:10.291 20796 20824 E AndroidRuntime: 	at daozi-b.ij0.b(DataParseHandler.java:1)
08-01 11:58:10.291 20796 20824 E AndroidRuntime: 	at daozi-b.zi0.G(InfocSDK.java:9)
08-01 11:58:10.291 20796 20824 E AndroidRuntime: 	at daozi-b.aj0.L(InfocUtil.java:6)
08-01 11:58:10.291 20796 20824 E AndroidRuntime: 	at daozi-b.aj0.K(InfocUtil.java:5)
08-01 11:58:10.291 20796 20824 E AndroidRuntime: 	at daozi-b.aj0.q(InfocUtil.java:6)
08-01 11:58:10.291 20796 20824 E AndroidRuntime: 	at com.antutu.benchmark.service.BenchmarkMainService$f.e(BenchmarkMainService.java:4)
08-01 11:58:10.291 20796 20824 E AndroidRuntime: 	at daozi-b.k80.run(Unknown Source:2)
08-01 11:58:10.291 20796 20824 E AndroidRuntime: 	at java.lang.Thread.run(Thread.java:919)
08-01 11:58:10.297  2220 20826 I chatty  : uid=1000 system_server expire 1 line
08-01 11:58:10.306  2220  2333 I chatty  : uid=1000(system) android.ui expire 7 lines
08-01 11:58:10.315  2220  2344 I chatty  : uid=1000(system) ActivityManager expire 5 lines
08-01 11:58:11.735 20837 20859 E AndroidRuntime: FATAL EXCEPTION: Thread-3
08-01 11:58:11.735 20837 20859 E AndroidRuntime: Process: com.antutu.ABenchMark, PID: 20837
08-01 11:58:11.735 20837 20859 E AndroidRuntime: java.lang.NullPointerException: Attempt to invoke virtual method 'void android.content.ContentValues.putAll(android.content.ContentValues)' on a null object reference
08-01 11:58:11.735 20837 20859 E AndroidRuntime: 	at daozi-b.ij0.b(DataParseHandler.java:1)
08-01 11:58:11.735 20837 20859 E AndroidRuntime: 	at daozi-b.zi0.G(InfocSDK.java:9)
08-01 11:58:11.735 20837 20859 E AndroidRuntime: 	at daozi-b.aj0.L(InfocUtil.java:6)
08-01 11:58:11.735 20837 20859 E AndroidRuntime: 	at daozi-b.aj0.K(InfocUtil.java:5)
08-01 11:58:11.735 20837 20859 E AndroidRuntime: 	at daozi-b.aj0.q(InfocUtil.java:6)
08-01 11:58:11.735 20837 20859 E AndroidRuntime: 	at com.antutu.benchmark.service.BenchmarkMainService$f.e(BenchmarkMainService.java:4)
08-01 11:58:11.735 20837 20859 E AndroidRuntime: 	at daozi-b.k80.run(Unknown Source:2)
08-01 11:58:11.735 20837 20859 E AndroidRuntime: 	at java.lang.Thread.run(Thread.java:919)
08-01 11:58:11.761  2220 20860 I chatty  : uid=1000 system_server expire 1 line
08-01 11:58:18.867  2220  4740 I chatty  : uid=1000(system) Binder:2220_1C expire 1 line
08-01 11:58:40.760  2220  2776 I chatty  : uid=1000(system) Binder:2220_4 expire 1 line
08-01 11:58:41.809  2220  4733 I chatty  : uid=1000(system) Binder:2220_15 expire 1 line
08-01 11:59:07.724  2220  4736 I chatty  : uid=1000(system) Binder:2220_18 expire 2 lines
08-01 11:59:25.705 10950 11381 W SystemConfig: No directory /oem/etc/sysconfig, skipping
08-01 11:59:25.705 10950 11381 W SystemConfig: No directory /oem/etc/permissions, skipping
08-01 11:59:25.851 10950 11381 W SystemConfig: No directory /oem/etc/motorola/bgintents, skipping
08-01 11:59:25.855 10950 11381 W SystemConfig: No directory /product_services/etc/sysconfig, skipping
08-01 11:59:25.855 10950 11381 W SystemConfig: No directory /product_services/etc/permissions, skipping
08-01 11:59:25.855 10950 11381 W SystemConfig: No directory /system/etc/motorola/sysconfig, skipping
08-01 11:59:25.855 10950 11381 W SystemConfig: No directory /oem/etc/motorola/sysconfig, skipping
08-01 11:59:25.856 10950 11381 W SystemConfig: No directory /product/etc/motorola/sysconfig, skipping
08-01 11:59:57.634  2220  2345 I chatty  : uid=1000(system) ActivityManager expire 1 line
08-01 11:59:57.815 21084 21084 D ActivityThread: Loading provider contacts;com.android.contacts: com.android.providers.contacts.ContactsProvider2
08-01 12:02:01.701  2220  3972 I chatty  : uid=1000(system) Binder:2220_D expire 3 lines
08-01 12:02:02.414  2220  2334 I chatty  : uid=1000(system) android.io expire 34 lines
08-01 12:02:02.415  2220  2220 I chatty  : uid=1000 system_server expire 15 lines
08-01 12:02:02.464  2220  4081 I chatty  : uid=1000(system) Binder:2220_13 expire 5 lines
08-01 12:02:02.556 19239 19239 E ActivityThread: Service com.android.bluetooth.a2dp.A2dpService has leaked ServiceConnection android.media.browse.MediaBrowser$MediaServiceConnection@77c7dd2 that was originally bound here
08-01 12:02:02.556 19239 19239 E ActivityThread: android.app.ServiceConnectionLeaked: Service com.android.bluetooth.a2dp.A2dpService has leaked ServiceConnection android.media.browse.MediaBrowser$MediaServiceConnection@77c7dd2 that was originally bound here
08-01 12:02:02.556 19239 19239 E ActivityThread: 	at android.app.LoadedApk$ServiceDispatcher.<init>(LoadedApk.java:1814)
08-01 12:02:02.556 19239 19239 E ActivityThread: 	at android.app.LoadedApk.getServiceDispatcherCommon(LoadedApk.java:1686)
08-01 12:02:02.556 19239 19239 E ActivityThread: 	at android.app.LoadedApk.getServiceDispatcher(LoadedApk.java:1665)
08-01 12:02:02.556 19239 19239 E ActivityThread: 	at android.app.ContextImpl.bindServiceCommon(ContextImpl.java:1736)
08-01 12:02:02.556 19239 19239 E ActivityThread: 	at android.app.ContextImpl.bindService(ContextImpl.java:1665)
08-01 12:02:02.556 19239 19239 E ActivityThread: 	at android.content.ContextWrapper.bindService(ContextWrapper.java:705)
08-01 12:02:02.556 19239 19239 E ActivityThread: 	at android.media.browse.MediaBrowser$1.run(MediaBrowser.java:187)
08-01 12:02:02.556 19239 19239 E ActivityThread: 	at android.os.Handler.handleCallback(Handler.java:883)
08-01 12:02:02.556 19239 19239 E ActivityThread: 	at android.os.Handler.dispatchMessage(Handler.java:100)
08-01 12:02:02.556 19239 19239 E ActivityThread: 	at android.os.Looper.loop(Looper.java:241)
08-01 12:02:02.556 19239 19239 E ActivityThread: 	at android.os.HandlerThread.run(HandlerThread.java:67)
08-01 12:02:02.572  2220  4737 I chatty  : uid=1000(system) Binder:2220_19 expire 1 line
08-01 12:02:03.070  2220  2809 I chatty  : uid=1000(system) Binder:2220_6 expire 8 lines
08-01 12:02:03.072  2220  2335 I chatty  : uid=1000(system) android.display expire 1 line
08-01 12:02:04.097  2220  4014 I chatty  : uid=1000(system) Binder:2220_F expire 3 lines
08-01 12:02:04.113  2220  4740 I chatty  : uid=1000(system) Binder:2220_1C expire 5 lines
08-01 12:02:29.193  2220  2343 I chatty  : uid=1000(system) android.bg expire 2 lines
08-01 12:02:36.706  2220  2590 I chatty  : uid=1000(system) UEventObserver expire 1 line
08-01 12:02:50.044  2220  4020 I chatty  : uid=1000(system) Binder:2220_12 expire 3 lines
08-01 12:02:50.118  2220  2336 I chatty  : uid=1000(system) android.anim expire 15 lines
08-01 12:02:50.221  2220  2345 I chatty  : uid=1000(system) ActivityManager expire 27 lines
08-01 12:02:50.233  2220  2352 I chatty  : uid=1000(system) batterystats-wo expire 7 lines
08-01 12:02:51.493  2220  3588 I chatty  : uid=1000(system) Binder:2220_A expire 5 lines
08-01 12:02:52.254  2220  4733 I chatty  : uid=1000(system) Binder:2220_15 expire 3 lines
08-01 12:02:55.320  2220  2626 I chatty  : uid=1000(system) ClientModeImpl expire 1 line
08-01 12:02:55.487  2220  2344 I chatty  : uid=1000(system) ActivityManager expire 9 lines
08-01 12:02:55.506  2220  2220 I chatty  : uid=1000 system_server expire 9 lines
08-01 12:02:55.526  2220  2809 I chatty  : uid=1000(system) Binder:2220_6 expire 1 line
08-01 12:02:55.631  2220  4081 I chatty  : uid=1000(system) Binder:2220_13 expire 3 lines
08-01 12:02:55.891  2220  4740 I chatty  : uid=1000(system) Binder:2220_1C expire 6 lines
08-01 12:02:55.913  2220  4734 I chatty  : uid=1000(system) Binder:2220_16 expire 1 line
08-01 12:02:56.027  2220  2309 I chatty  : uid=1000(system) Binder:2220_1 expire 1 line
08-01 12:02:56.070  2220  4738 I chatty  : uid=1000(system) Binder:2220_1A expire 14 lines
08-01 12:02:56.332  2220  4733 I chatty  : uid=1000(system) Binder:2220_15 expire 5 lines
08-01 12:02:56.371  2220  2335 I chatty  : uid=1000(system) android.display expire 2 lines
08-01 12:02:56.466  2220  4014 I chatty  : uid=1000(system) Binder:2220_F expire 1 line
08-01 12:02:56.507  2220  4017 I chatty  : uid=1000(system) Binder:2220_10 expire 2 lines
08-01 12:02:56.736  2220  4743 I chatty  : uid=1000(system) Binder:2220_1E expire 1 line
08-01 12:02:57.233  2220  3895 I chatty  : uid=1000(system) android.fg expire 1 line
08-01 12:02:57.237  2220  4739 I chatty  : uid=1000(system) Binder:2220_1B expire 1 line
08-01 12:03:01.746  2220  3972 I chatty  : uid=1000(system) Binder:2220_D expire 1 line
08-01 12:03:02.037  2220  4744 I chatty  : uid=1000(system) Binder:2220_1F expire 3 lines
08-01 12:03:16.528  2220  4741 I chatty  : uid=1000(system) Binder:2220_1D expire 1 line
08-01 12:03:16.528  2220  4020 I chatty  : uid=1000(system) Binder:2220_12 expire 1 line
08-01 12:03:16.529  2220  4018 I chatty  : uid=1000(system) Binder:2220_11 expire 1 line
08-01 12:03:16.529  2220  2633 I chatty  : uid=1000(system) ConnectivitySer expire 4 lines
08-01 12:03:16.545  2220  2336 I chatty  : uid=1000(system) android.anim expire 21 lines
08-01 12:03:16.603  2220  2345 I chatty  : uid=1000(system) ActivityManager expire 11 lines
08-01 12:03:16.787  2220  2776 I chatty  : uid=1000(system) Binder:2220_4 expire 6 lines
08-01 12:03:16.947 21925 21976 E AndroidRuntime: FATAL EXCEPTION: Thread-3
08-01 12:03:16.947 21925 21976 E AndroidRuntime: Process: com.antutu.ABenchMark, PID: 21925
08-01 12:03:16.947 21925 21976 E AndroidRuntime: java.lang.NullPointerException: Attempt to invoke virtual method 'void android.content.ContentValues.putAll(android.content.ContentValues)' on a null object reference
08-01 12:03:16.947 21925 21976 E AndroidRuntime: 	at daozi-b.ij0.b(DataParseHandler.java:1)
08-01 12:03:16.947 21925 21976 E AndroidRuntime: 	at daozi-b.zi0.G(InfocSDK.java:9)
08-01 12:03:16.947 21925 21976 E AndroidRuntime: 	at daozi-b.aj0.L(InfocUtil.java:6)
08-01 12:03:16.947 21925 21976 E AndroidRuntime: 	at daozi-b.aj0.K(InfocUtil.java:5)
08-01 12:03:16.947 21925 21976 E AndroidRuntime: 	at daozi-b.aj0.q(InfocUtil.java:6)
08-01 12:03:16.947 21925 21976 E AndroidRuntime: 	at com.antutu.benchmark.service.BenchmarkMainService$f.e(BenchmarkMainService.java:4)
08-01 12:03:16.947 21925 21976 E AndroidRuntime: 	at daozi-b.k80.run(Unknown Source:2)
08-01 12:03:16.947 21925 21976 E AndroidRuntime: 	at java.lang.Thread.run(Thread.java:919)
08-01 12:03:16.951  2220 21981 I chatty  : uid=1000 system_server expire 1 line
08-01 12:03:16.960  2220  2333 I chatty  : uid=1000(system) android.ui expire 7 lines
08-01 12:03:17.118  2220  3477 I chatty  : uid=1000(system) Binder:2220_9 expire 3 lines
08-01 12:03:18.416 22039 22060 E AndroidRuntime: FATAL EXCEPTION: Thread-3
08-01 12:03:18.416 22039 22060 E AndroidRuntime: Process: com.antutu.ABenchMark, PID: 22039
08-01 12:03:18.416 22039 22060 E AndroidRuntime: java.lang.NullPointerException: Attempt to invoke virtual method 'void android.content.ContentValues.putAll(android.content.ContentValues)' on a null object reference
08-01 12:03:18.416 22039 22060 E AndroidRuntime: 	at daozi-b.ij0.b(DataParseHandler.java:1)
08-01 12:03:18.416 22039 22060 E AndroidRuntime: 	at daozi-b.zi0.G(InfocSDK.java:9)
08-01 12:03:18.416 22039 22060 E AndroidRuntime: 	at daozi-b.aj0.L(InfocUtil.java:6)
08-01 12:03:18.416 22039 22060 E AndroidRuntime: 	at daozi-b.aj0.K(InfocUtil.java:5)
08-01 12:03:18.416 22039 22060 E AndroidRuntime: 	at daozi-b.aj0.q(InfocUtil.java:6)
08-01 12:03:18.416 22039 22060 E AndroidRuntime: 	at com.antutu.benchmark.service.BenchmarkMainService$f.e(BenchmarkMainService.java:4)
08-01 12:03:18.416 22039 22060 E AndroidRuntime: 	at daozi-b.k80.run(Unknown Source:2)
08-01 12:03:18.416 22039 22060 E AndroidRuntime: 	at java.lang.Thread.run(Thread.java:919)
08-01 12:03:18.421  2220 22062 I chatty  : uid=1000 system_server expire 1 line
08-01 12:03:18.577  2220  3590 I chatty  : uid=1000(system) Binder:2220_B expire 3 lines
08-01 12:03:19.687  2220  4736 I chatty  : uid=1000(system) Binder:2220_18 expire 4 lines
08-01 12:03:20.769  2220  2585 I chatty  : uid=1000(system) Binder:2220_3 expire 3 lines
08-01 12:03:23.829  2220  4735 I chatty  : uid=1000(system) Binder:2220_17 expire 3 lines
08-01 12:03:24.031  2220  4012 I chatty  : uid=1000(system) Binder:2220_E expire 7 lines
08-01 12:03:24.181  2220  4735 I chatty  : uid=1000(system) Binder:2220_17 expire 3 lines
08-01 12:03:24.524  2220  2336 I chatty  : uid=1000(system) android.anim expire 9 lines
08-01 12:03:24.585  2220  4018 I chatty  : uid=1000(system) Binder:2220_11 expire 2 lines
08-01 12:03:24.591  2220  4740 I chatty  : uid=1000(system) Binder:2220_1C expire 1 line
08-01 12:03:24.602  2220  2335 I chatty  : uid=1000(system) android.display expire 6 lines
08-01 12:03:24.665  2220  3929 I chatty  : uid=1000(system) Binder:2220_C expire 7 lines
08-01 12:03:24.665  2220  2777 I chatty  : uid=1000(system) Binder:2220_5 expire 1 line
08-01 12:03:24.666  2220  2633 I chatty  : uid=1000(system) ConnectivitySer expire 8 lines
08-01 12:03:26.431 22286 22286 W ContextImpl: Calling a method in the system process without a qualified user: android.app.ContextImpl.sendBroadcast:1048 android.content.ContextWrapper.sendBroadcast:448 com.android.settings.bluetooth.DevicePickerFragment.sendDevicePickedIntent:197 com.android.settings.bluetooth.DevicePickerFragment.onDevicePreferenceClick:126 com.android.settings.bluetooth.DeviceListPreferenceFragment.onPreferenceTreeClick:157 
08-01 12:03:26.755  2220  2345 I chatty  : uid=1000(system) ActivityManager expire 16 lines
08-01 12:03:27.072  2220  3972 I chatty  : uid=1000(system) Binder:2220_D expire 3 lines
08-01 12:03:27.386  2220  4017 I chatty  : uid=1000(system) Binder:2220_10 expire 3 lines
08-01 12:03:27.446  2220  4733 I chatty  : uid=1000(system) Binder:2220_15 expire 4 lines
08-01 12:03:27.752  2220  4014 I chatty  : uid=1000(system) Binder:2220_F expire 5 lines
08-01 12:03:28.832  2220  2626 I chatty  : uid=1000(system) ClientModeImpl expire 6 lines
08-01 12:03:29.041  2220  2344 I chatty  : uid=1000(system) ActivityManager expire 18 lines
08-01 12:03:29.097  2220  4739 I chatty  : uid=1000(system) Binder:2220_1B expire 1 line
08-01 12:03:37.077  2220  2590 I chatty  : uid=1000(system) UEventObserver expire 9 lines
08-01 12:03:39.471  2220  2220 I chatty  : uid=1000 system_server expire 2 lines
08-01 12:03:58.306  2220  2585 I chatty  : uid=1000(system) Binder:2220_3 expire 4 lines
08-01 12:04:51.821  2220  2373 I chatty  : uid=1000(system) PowerManagerSer expire 3 lines
08-01 12:08:18.693 22675 22697 E AndroidRuntime: FATAL EXCEPTION: Thread-3
08-01 12:08:18.693 22675 22697 E AndroidRuntime: Process: com.antutu.ABenchMark, PID: 22675
08-01 12:08:18.693 22675 22697 E AndroidRuntime: java.lang.NullPointerException: Attempt to invoke virtual method 'void android.content.ContentValues.putAll(android.content.ContentValues)' on a null object reference
08-01 12:08:18.693 22675 22697 E AndroidRuntime: 	at daozi-b.ij0.b(DataParseHandler.java:1)
08-01 12:08:18.693 22675 22697 E AndroidRuntime: 	at daozi-b.zi0.G(InfocSDK.java:9)
08-01 12:08:18.693 22675 22697 E AndroidRuntime: 	at daozi-b.aj0.L(InfocUtil.java:6)
08-01 12:08:18.693 22675 22697 E AndroidRuntime: 	at daozi-b.aj0.K(InfocUtil.java:5)
08-01 12:08:18.693 22675 22697 E AndroidRuntime: 	at daozi-b.aj0.q(InfocUtil.java:6)
08-01 12:08:18.693 22675 22697 E AndroidRuntime: 	at com.antutu.benchmark.service.BenchmarkMainService$f.e(BenchmarkMainService.java:4)
08-01 12:08:18.693 22675 22697 E AndroidRuntime: 	at daozi-b.k80.run(Unknown Source:2)
08-01 12:08:18.693 22675 22697 E AndroidRuntime: 	at java.lang.Thread.run(Thread.java:919)
08-01 12:08:18.704  2220 22698 I chatty  : uid=1000 system_server expire 1 line
08-01 12:08:18.706  2220  2333 I chatty  : uid=1000(system) android.ui expire 7 lines
08-01 12:08:20.100 22711 22733 E AndroidRuntime: FATAL EXCEPTION: Thread-3
08-01 12:08:20.100 22711 22733 E AndroidRuntime: Process: com.antutu.ABenchMark, PID: 22711
08-01 12:08:20.100 22711 22733 E AndroidRuntime: java.lang.NullPointerException: Attempt to invoke virtual method 'void android.content.ContentValues.putAll(android.content.ContentValues)' on a null object reference
08-01 12:08:20.100 22711 22733 E AndroidRuntime: 	at daozi-b.ij0.b(DataParseHandler.java:1)
08-01 12:08:20.100 22711 22733 E AndroidRuntime: 	at daozi-b.zi0.G(InfocSDK.java:9)
08-01 12:08:20.100 22711 22733 E AndroidRuntime: 	at daozi-b.aj0.L(InfocUtil.java:6)
08-01 12:08:20.100 22711 22733 E AndroidRuntime: 	at daozi-b.aj0.K(InfocUtil.java:5)
08-01 12:08:20.100 22711 22733 E AndroidRuntime: 	at daozi-b.aj0.q(InfocUtil.java:6)
08-01 12:08:20.100 22711 22733 E AndroidRuntime: 	at com.antutu.benchmark.service.BenchmarkMainService$f.e(BenchmarkMainService.java:4)
08-01 12:08:20.100 22711 22733 E AndroidRuntime: 	at daozi-b.k80.run(Unknown Source:2)
08-01 12:08:20.100 22711 22733 E AndroidRuntime: 	at java.lang.Thread.run(Thread.java:919)
08-01 12:08:20.111  2220 22734 I chatty  : uid=1000 system_server expire 1 line
08-01 12:08:20.240  2220  4588 I chatty  : uid=1000(system) Binder:2220_14 expire 1 line
08-01 12:08:27.197  2220  4738 I chatty  : uid=1000(system) Binder:2220_1A expire 1 line
08-01 12:08:55.237  2220  4736 I chatty  : uid=1000(system) Binder:2220_18 expire 1 line
08-01 12:09:01.602  2220  3590 I chatty  : uid=1000(system) Binder:2220_B expire 2 lines
08-01 12:11:31.510  2220  2352 I chatty  : uid=1000(system) batterystats-wo expire 1 line
08-01 12:11:31.548  2220  3337 I chatty  : uid=1000(system) AdbDebuggingMan expire 1 line
08-01 12:11:31.551  2220  2332 I chatty  : uid=1000(system) android.fg expire 1 line
08-01 12:11:31.602  2220  3588 I chatty  : uid=1000(system) Binder:2220_A expire 1 line
08-01 12:11:31.611  2220  2698 I chatty  : uid=1000(system) HwBinder:2220_4 expire 1 line
08-01 12:11:31.617  2220  2343 W ProcessCpuTracker: Failed to stat(/proc/22992): android.system.ErrnoException: stat failed: ENOENT (No such file or directory)
08-01 12:11:31.617  2220  2343 W ProcessCpuTracker: Skipping unknown process pid 22992
08-01 12:11:31.618  2220  2343 W ProcessCpuTracker: Failed to stat(/proc/23002): android.system.ErrnoException: stat failed: ENOENT (No such file or directory)
08-01 12:11:31.618  2220  2343 W ProcessCpuTracker: Skipping unknown process pid 23002
08-01 12:11:31.757  2220  2332 W Looper  : Slow dispatch took 206ms android.fg h=com.android.server.adb.AdbDebuggingManager$AdbDebuggingHandler c=null m=8
08-01 12:11:31.758  2220  2332 I UsbPortManager: USB port changed: port=UsbPort{id=otg_default, supportedModes=dualsupportedContaminantProtectionModes=0supportsEnableContaminantPresenceProtection=falsesupportsEnableContaminantPresenceDetection=false, status=UsbPortStatus{connected=false, currentMode=none, currentPowerRole=no-power, currentDataRole=no-data, supportedRoleCombinations=[no-power:no-data], contaminantDetectionStatus=0, contaminantProtectionStatus=0}, canChangeMode=false, canChangePowerRole=false, canChangeDataRole=false, connectedAtMillis=0, lastConnectDurationMillis=1741487
08-01 12:11:31.831  2220  4012 I ActivityManager: Killing 21993:com.google.android.apps.photos/u0a148 (adj 985): empty #17
08-01 12:11:32.942  2220  2332 D UsbDeviceManager: Clear notification
08-01 12:11:32.952  2220  2332 D UsbDeviceManager: applyOemOverride usbfunctions=adb bootmode=normal
08-01 12:11:36.954  2220  2333 I ActivityTaskManager: START u0 {act=android.intent.action.MAIN cat=[android.intent.category.HOME] flg=0x10000100 cmp=com.motorola.launcher3/com.android.a1launcher.AndroidOneLauncher (has extras)} from uid 0
08-01 12:11:36.959  2220  2333 V WindowManager: Changing focus from Window{75c446c u0 com.google.android.apps.nbu.files/com.google.android.apps.nbu.files.documentbrowser.filepreview.FilePreviewActivity} to null displayId=0
08-01 12:11:37.004  2220  2309 V WindowManager: Changing focus from null to Window{2b77e65 u0 com.motorola.launcher3/com.android.a1launcher.AndroidOneLauncher} displayId=0
08-01 12:11:37.021  2220  2336 I WindowManager:   SURFACE show Surface(name=com.android.systemui.ImageWallpaper)/@0xe08ac94 on display:0: com.android.systemui.ImageWallpaper
08-01 12:11:37.034  2220  2336 I LaunchCheckinHandler: Displayed com.motorola.launcher3/com.android.a1launcher.AndroidOneLauncher,wp,wa,80
08-01 12:11:37.034  2220  2336 I WindowManager: Window drawn AppWindowToken{3a2bed2 token=Token{299b55d ActivityRecord{2cd9334 u0 com.motorola.launcher3/com.android.a1launcher.AndroidOneLauncher t2}}}
08-01 12:11:37.044  2220  2336 I WindowManager:   SURFACE show Surface(name=com.motorola.launcher3/com.android.a1launcher.AndroidOneLauncher)/@0x47f8a48 on display:0: com.motorola.launcher3/com.android.a1launcher.AndroidOneLauncher
08-01 12:11:37.044  2220  2336 I WindowManager:   SURFACE show Surface(name=com.motorola.launcher3/com.android.a1launcher.AndroidOneLauncher)/@0x22000e1 on display:0: com.motorola.launcher3/com.android.a1launcher.AndroidOneLauncher
08-01 12:11:37.271  2220  3929 I WindowManager: Window drawn AppWindowToken{5ea9372 token=Token{bf787d ActivityRecord{3f1eed4 u0 com.google.android.apps.nbu.files/.documentbrowser.filepreview.FilePreviewActivity t51}}}
08-01 12:11:38.132  2220  2335 I ActivityManager: Killing 22206:com.google.android.apps.docs:UploadToFolder/u0a166 (adj 975): empty #17
08-01 12:11:38.133  2220  2335 I ActivityManager: Killing 22071:com.google.android.apps.nbu.files/u0a136 (adj 905): remove task
08-01 12:11:38.179  2220  3590 I WindowManager: WIN DEATH: Window{75c446c u0 com.google.android.apps.nbu.files/com.google.android.apps.nbu.files.documentbrowser.filepreview.FilePreviewActivity}
08-01 12:11:38.181  2220  4736 I WindowManager: WIN DEATH: Window{16a6099 u0 com.google.android.apps.nbu.files/com.google.android.apps.nbu.files.documentbrowser.filebrowser.FileBrowserRegularActivity}
08-01 12:11:38.182  2220  4012 I WindowManager: WIN DEATH: Window{73bf74c u0 com.google.android.apps.nbu.files/com.google.android.apps.nbu.files.home.HomeActivity}
08-01 12:11:38.194  2220  2335 W ActivityManager: setHasOverlayUi called on unknown pid: 22071
08-01 12:11:38.546  2220  2334 I EntropyMixer: Writing entropy...
08-01 12:11:38.547  2220  2344 W BroadcastQueue: Background execution not allowed: receiving Intent { act=android.intent.action.ACTION_POWER_CONNECTED flg=0x4000010 (has extras) } to com.antutu.ABenchMark/com.antutu.benchmark.receiver.KeepAliveReceiver
08-01 12:11:38.547  2220  2344 W BroadcastQueue: Background execution not allowed: receiving Intent { act=android.intent.action.ACTION_POWER_CONNECTED flg=0x4000010 (has extras) } to com.google.android.apps.turbo/.nudges.broadcasts.BatteryStatusChangedReceiver
08-01 12:11:38.547  2220  2373 I PowerManagerService: Waking up from Awake (uid=1000, reason=WAKE_REASON_PLUGGED_IN, details=android.server.power:PLUGGED:true)...
08-01 12:11:38.550  2220  2344 W BroadcastQueue: Background execution not allowed: receiving Intent { act=android.intent.action.ACTION_POWER_CONNECTED flg=0x4000010 (has extras) } to com.google.android.gms/.gcm.nts.SchedulerReceiver
08-01 12:11:38.550  2220  2344 W BroadcastQueue: Background execution not allowed: receiving Intent { act=android.intent.action.ACTION_POWER_CONNECTED flg=0x4000010 (has extras) } to com.google.android.gms/.chimera.GmsIntentOperationService$PersistentTrustedReceiver
08-01 12:11:38.551  2220  2344 W BroadcastQueue: Background execution not allowed: receiving Intent { act=android.intent.action.ACTION_POWER_CONNECTED flg=0x4000010 (has extras) } to com.google.android.projection.gearhead/com.google.android.apps.auto.components.connectivity.impl.ConnectivityEventHandlerImpl$ConnectivityEventBroadcastReceiver
08-01 12:11:38.551  2220  2344 W BroadcastQueue: Background execution not allowed: receiving Intent { act=android.intent.action.ACTION_POWER_CONNECTED flg=0x4000010 (has extras) } to com.estrongs.android.pop/.app.StartServiceReceiver
08-01 12:11:38.551  2220  2344 W BroadcastQueue: Background execution not allowed: receiving Intent { act=android.intent.action.ACTION_POWER_CONNECTED flg=0x4000010 (has extras) } to com.estrongs.android.pop/.app.ReportAliveReceiver
08-01 12:11:38.551  2220  2344 W BroadcastQueue: Background execution not allowed: receiving Intent { act=android.intent.action.ACTION_POWER_CONNECTED flg=0x4000010 (has extras) } to com.facebook.katana/com.facebook.battery.monitor.ContinuousBatteryMonitorService$BroadcastReceiver
08-01 12:11:39.285  2220  2698 I UsbPortManager: ClientCallback V1_0: otg_default
08-01 12:11:39.286  2220  2332 I UsbPortManager: USB port changed: port=UsbPort{id=otg_default, supportedModes=dualsupportedContaminantProtectionModes=0supportsEnableContaminantPresenceProtection=falsesupportsEnableContaminantPresenceDetection=false, status=UsbPortStatus{connected=true, currentMode=ufp, currentPowerRole=sink, currentDataRole=device, supportedRoleCombinations=[sink:device], contaminantDetectionStatus=0, contaminantProtectionStatus=0}, canChangeMode=false, canChangePowerRole=false, canChangeDataRole=false, connectedAtMillis=1777625, lastConnectDurationMillis=0
