08-01 12:26:46.834 26353 26353 W RenderThread: type=1400 audit(0.0:474): avc: denied { read } for uid=10194 name="gpu_model" dev="sysfs" ino=30970 scontext=u:r:untrusted_app:s0:c194,c256,c512,c768 tcontext=u:object_r:sysfs_kgsl:s0 tclass=file permissive=0
08-01 12:26:46.835 26353 26449 I AdrenoGLES: PFP: 0x005ff112, ME: 0x005ff066
08-01 12:26:46.836 26353 26353 W View    : requestLayout() improperly called by androidx.coordinatorlayout.widget.CoordinatorLayout{e5e6a68 V.E...... ......ID 0,2102-1080,2102 #7f0b02d3 app:id/floating_layout} during layout: running second layout pass
08-01 12:26:46.838 26353 26449 W AdrenoUtils: <ReadGpuID_from_sysfs:194>: Failed to open /sys/class/kgsl/kgsl-3d0/gpu_model
08-01 12:26:46.838 26353 26449 W AdrenoUtils: <ReadGpuID:218>: Failed to read chip ID from gpu_model. Fallback to use the GSL path
08-01 12:26:46.854 26353 26353 W YTPL.mediasession: MediaSession created
08-01 12:26:46.856  2220  2310 D MediaSessionService: Media button session is changed to com.google.android.apps.youtube.music/YouTube playerlib (userId=0)
08-01 12:26:46.857  2220  2220 V SettingsProvider: Notifying for 0: content://settings/secure/media_button_receiver
08-01 12:26:46.858 21337 21399 I chatty  : uid=1002(bluetooth) BluetoothAvrcpH expire 832 lines
08-01 12:26:46.859  2220  2220 V SettingsProvider: Notifying for 0: content://settings/secure/media_button_receiver
08-01 12:26:46.871   847   847 I hwservicemanager: getTransport: Cannot find entry android.hardware.graphics.mapper@3.0::IMapper/default in either framework or device manifest.
08-01 12:26:46.871 26353 26449 W Gralloc3: mapper 3.x is not supported
08-01 12:26:46.896  2220  2336 I LaunchCheckinHandler: Displayed com.google.android.apps.youtube.music/.activities.MusicActivity,cp,ca,931
08-01 12:26:46.896  2220  2336 I WindowManager: Window drawn AppWindowToken{287e1a5 token=Token{e73239c ActivityRecord{550e70f u0 com.google.android.apps.youtube.music/.activities.MusicActivity t58}}}
08-01 12:26:46.896  2220  2336 I WindowManager:   SURFACE show Surface(name=com.google.android.apps.youtube.music/com.google.android.apps.youtube.music.activities.MusicActivity)/@0xf3d146b on display:0: com.google.android.apps.youtube.music/com.google.android.apps.youtube.music.activities.MusicActivity
08-01 12:26:46.902  2220  2343 I ActivityTaskManager: Displayed com.google.android.apps.youtube.music/.activities.MusicActivity: +948ms
08-01 12:26:46.902 26353 26391 W GoogleApiManager: njr could not execute call because it requires feature (integer_to_integer_map, 1).
08-01 12:26:46.904  2220  4744 W ActivityManager: Permission Denial: Accessing service com.google.android.music/.dial.DialMediaRouteProviderService from pid=26353, uid=10194 that is not exported from uid 10164
08-01 12:26:46.931  2220  2343 I ActivityTaskManager: Fully drawn com.google.android.apps.youtube.music/.activities.MusicActivity: +983ms
08-01 12:26:46.932  3054  3054 I GoogleInputMethodService: GoogleInputMethodService.onFinishInput():3184 
08-01 12:26:46.933  3054  3054 I GoogleInputMethodService: GoogleInputMethodService.onStartInput():1830 
08-01 12:26:46.976  3634  3634 I chatty  : uid=10110(com.google.android.gms) expire 2 lines
08-01 12:26:46.979  3634 17219 I chatty  : uid=10110(com.google.android.gms) expire 6 lines
08-01 12:26:46.988  2220  3929 I WifiService: startScan uid=10110
08-01 12:26:46.989  1059 26529 E ResolverController: No valid NAT64 prefix (101, <unspecified>/0)
08-01 12:26:47.013  2220  4588 I WifiService: acquireMulticastLock uid=10110
08-01 12:26:47.025 26353 26425 D NetworkSecurityConfig: Using Network Security Config from resource network_security_config debugBuild: false
08-01 12:26:47.036 26353 26523 W DynamiteModule: Local module descriptor class for com.google.android.gms.providerinstaller.dynamite not found.
08-01 12:26:47.037  3237  7867 I chatty  : uid=10110(com.google.android.gms) Binder:3237_D expire 1 line
08-01 12:26:47.039 26353 26523 W ProviderInstaller: Failed to load providerinstaller module: No acceptable module com.google.android.gms.providerinstaller.dynamite found. Local version is 0 and remote version is 0.
08-01 12:26:47.041 26353 26523 W ProviderInstaller: Failed to report request stats: com.google.android.gms.common.security.ProviderInstallerImpl.reportRequestStats [class android.content.Context, long, long]
08-01 12:26:47.051 26353 26523 V NativeCrypto: Registering com/google/android/gms/org/conscrypt/NativeCrypto's 288 native methods...
08-01 12:26:47.074 26353 26523 I ProviderInstaller: Installed default security provider GmsCore_OpenSSL
08-01 12:26:47.254  3686 23662 I PBSessionCacheImpl: Deleted sessionId[16212858774266635] from persistence.
08-01 12:26:47.261  3686  4185 W SearchServiceCore: Abort, client detached.
08-01 12:26:47.709 26353 26523 W DynamiteModule: Local module descriptor class for com.google.android.gms.providerinstaller.dynamite not found.
08-01 12:26:47.710  3237  4805 I chatty  : uid=10110(com.google.android.gms) Binder:3237_A expire 1 line
08-01 12:26:47.712 26353 26523 W ProviderInstaller: Failed to load providerinstaller module: No acceptable module com.google.android.gms.providerinstaller.dynamite found. Local version is 0 and remote version is 0.
08-01 12:26:47.713 26353 26523 W ProviderInstaller: Failed to report request stats: com.google.android.gms.common.security.ProviderInstallerImpl.reportRequestStats [class android.content.Context, long, long]
08-01 12:26:48.086 26353 26353 W YTPL.mediasession: MediaSession setActive(true)
08-01 12:26:48.114 26353 26353 E YT.mlplayer: MedialibPlayer.stopVideo()
08-01 12:26:48.131 26353 26365 I s.youtube.musi: Background young concurrent copying GC freed 326995(15MB) AllocSpace objects, 78(3108KB) LOS objects, 52% free, 21MB/45MB, paused 310us total 140.262ms
08-01 12:26:48.155 26353 26353 W VideoCapabilities: Unrecognized profile/level 0/3 for video/mpeg2
08-01 12:26:48.193 26353 26353 W YouTubeMusic: Failed to set parent screen
08-01 12:26:48.277 26353 26433 W YT.mediacache: Unable to sniff SegmentMap extractor [CONTEXT ratelimit_period="5000 MILLISECONDS" ]
08-01 12:26:48.336 26353 26493 D StrictMode: StrictMode policy violation: android.os.strictmode.DiskReadViolation
08-01 12:26:48.336 26353 26493 D StrictMode: 	at android.os.StrictMode$AndroidBlockGuardPolicy.onReadFromDisk(StrictMode.java:1571)
08-01 12:26:48.336 26353 26493 D StrictMode: 	at libcore.io.BlockGuardOs.open(BlockGuardOs.java:247)
08-01 12:26:48.336 26353 26493 D StrictMode: 	at libcore.io.ForwardingOs.open(ForwardingOs.java:167)
08-01 12:26:48.336 26353 26493 D StrictMode: 	at android.app.ActivityThread$AndroidOs.open(ActivityThread.java:7512)
08-01 12:26:48.336 26353 26493 D StrictMode: 	at libcore.io.IoUtils.canOpenReadOnly(IoUtils.java:288)
08-01 12:26:48.336 26353 26493 D StrictMode: 	at dalvik.system.DexPathList$NativeLibraryElement.findNativeLibrary(DexPathList.java:889)
08-01 12:26:48.336 26353 26493 D StrictMode: 	at dalvik.system.DexPathList.findLibrary(DexPathList.java:600)
08-01 12:26:48.336 26353 26493 D StrictMode: 	at dalvik.system.BaseDexClassLoader.findLibrary(BaseDexClassLoader.java:270)
08-01 12:26:48.336 26353 26493 D StrictMode: 	at java.lang.Runtime.loadLibrary0(Runtime.java:1060)
08-01 12:26:48.336 26353 26493 D StrictMode: 	at java.lang.Runtime.loadLibrary0(Runtime.java:1007)
08-01 12:26:48.336 26353 26493 D StrictMode: 	at java.lang.System.loadLibrary(System.java:1667)
08-01 12:26:48.336 26353 26493 D StrictMode: 	at fal.c(PG:2)
08-01 12:26:48.336 26353 26493 D StrictMode: 	at wur.a(PG:7)
08-01 12:26:48.336 26353 26493 D StrictMode: 	at fxw.a(PG:1)
08-01 12:26:48.336 26353 26493 D StrictMode: 	at aluk.b(PG:8)
08-01 12:26:48.336 26353 26493 D StrictMode: 	at aluk.c(PG:5)
08-01 12:26:48.336 26353 26493 D StrictMode: 	at aluk.a(PG:1)
08-01 12:26:48.336 26353 26493 D StrictMode: 	at agvu.run(PG:1)
08-01 12:26:48.336 26353 26493 D StrictMode: 	at qlc.run(PG:1)
08-01 12:26:48.336 26353 26493 D StrictMode: 	at java.util.concurrent.ThreadPoolExecutor.runWorker(ThreadPoolExecutor.java:1167)
08-01 12:26:48.336 26353 26493 D StrictMode: 	at java.util.concurrent.ThreadPoolExecutor$Worker.run(ThreadPoolExecutor.java:641)
08-01 12:26:48.336 26353 26493 D StrictMode: 	at qke.run(PG:2)
08-01 12:26:48.336 26353 26493 D StrictMode: 	at qko.run(PG:4)
08-01 12:26:48.336 26353 26493 D StrictMode: 	at java.lang.Thread.run(Thread.java:919)
08-01 12:26:49.050 26353 26365 I s.youtube.musi: Background concurrent copying GC freed 1287493(32MB) AllocSpace objects, 142(6952KB) LOS objects, 49% free, 18MB/37MB, paused 252us total 170.506ms
08-01 12:26:49.053 26353 26367 W System  : A resource failed to call end. 
08-01 12:26:49.085  1059 26550 E ResolverController: No valid NAT64 prefix (101, <unspecified>/0)
08-01 12:26:49.320 26551 26551 W app_process: type=1400 audit(0.0:475): avc: denied { read } for uid=2000 name="u:object_r:device_config_runtime_native_boot_prop:s0" dev="tmpfs" ino=12142 scontext=u:r:shell:s0 tcontext=u:object_r:device_config_runtime_native_boot_prop:s0 tclass=file permissive=0
08-01 12:26:49.320 26551 26551 I chatty  : uid=2000(shell) app_process identical 1 line
08-01 12:26:49.320 26551 26551 W app_process: type=1400 audit(0.0:477): avc: denied { read } for uid=2000 name="u:object_r:device_config_runtime_native_boot_prop:s0" dev="tmpfs" ino=12142 scontext=u:r:shell:s0 tcontext=u:object_r:device_config_runtime_native_boot_prop:s0 tclass=file permissive=0
08-01 12:26:49.320 26551 26551 D AndroidRuntime: >>>>>> START com.android.internal.os.RuntimeInit uid 2000 <<<<<<
08-01 12:26:49.325 26551 26551 E libc    : Access denied finding property "persist.device_config.runtime_native_boot.enable_apex_image"
08-01 12:26:49.325 26551 26551 I AndroidRuntime: Using default boot image
08-01 12:26:49.325 26551 26551 E libc    : Access denied finding property "persist.device_config.runtime_native_boot.disable_lock_profiling"
08-01 12:26:49.325 26551 26551 I AndroidRuntime: Leaving lock profiling enabled
08-01 12:26:49.326 26551 26551 E libc    : Access denied finding property "persist.device_config.runtime_native_boot.enable_generational_cc"
08-01 12:26:49.451 26551 26551 D ICU     : Time zone APEX file found: /apex/com.android.tzdata/etc/icu/icu_tzdata.dat
08-01 12:26:49.468 26551 26551 I app_process: The ClassLoaderContext is a special shared library.
08-01 12:26:49.494 26551 26551 W app_process: JNI RegisterNativeMethods: attempt to register 0 native methods for android.media.AudioAttributes
08-01 12:26:49.501 26551 26551 D AndroidRuntime: Calling main entry com.android.commands.input.Input
08-01 12:26:49.507 26551 26551 D AndroidRuntime: Shutting down VM
08-01 12:26:49.618  1059  1642 I netd    : tetherGetStats() <3.50ms>
08-01 12:26:49.659  1059  1642 I netd    : bandwidthSetGlobalAlert(2097152) <0.66ms>
08-01 12:26:49.994  3634 26534 I chatty  : uid=10110(com.google.android.gms) lowpool[58] expire 2 lines
08-01 12:26:52.447  2220  4744 D WificondControl: Scan result ready event
08-01 12:26:52.475  2700  2700 I wpa_supplicant: wlan0: GAS-QUERY-START addr=6c:4b:b4:69:2c:74 dialog_token=82 freq=2462
08-01 12:26:52.478  2220  2626 D HS20    : ANQP initiated on 6c:4b:b4:69:2c:74
08-01 12:26:52.478  2220  2626 D PasspointManager: ANQP entry not found for: 6c:4b:b4:69:2c:74:<ATTvzr3ufe552>
08-01 12:26:52.478  2220  2626 D ANQPRequestManager: Not allowed to send ANQP request to 119072405137032 for another 469 seconds
08-01 12:26:52.478  2220  2626 D PasspointManager: ANQP entry not found for: 6c:4b:b4:69:26:88:<ATTwh9CKSp>
08-01 12:26:52.956  2700  2700 I wpa_supplicant: wlan0: GAS-QUERY-DONE addr=6c:4b:b4:69:2c:74 dialog_token=82 freq=2462 status_code=0 result=TIMEOUT
08-01 12:26:52.957  2700  2700 I wpa_supplicant: wlan0: ANQP-QUERY-DONE addr=6c:4b:b4:69:2c:74 result=FAILURE
08-01 12:26:58.761 26353 26365 I s.youtube.musi: Background young concurrent copying GC freed 618378(17MB) AllocSpace objects, 3(476KB) LOS objects, 48% free, 19MB/37MB, paused 297us total 131.164ms
08-01 12:26:59.755  2220  3929 I ActivityManager: Force stopping com.google.android.apps.youtube.music appid=10194 user=0: from pid 26575
08-01 12:26:59.756  2220  3929 I ActivityManager: Killing 26353:com.google.android.apps.youtube.music/u0a194 (adj 0): stop com.google.android.apps.youtube.music
08-01 12:26:59.779  2220  3929 W ActivityTaskManager: Force removing ActivityRecord{550e70f u0 com.google.android.apps.youtube.music/.activities.MusicActivity t58 f}: app died, no saved state
08-01 12:26:59.780  2220  3929 V WindowManager: Changing focus from Window{155f74e u0 com.google.android.apps.youtube.music/com.google.android.apps.youtube.music.activities.MusicActivity} to null displayId=0
08-01 12:26:59.786  2220  3929 I WindowManager: Window drawn AppWindowToken{287e1a5 token=Token{e73239c ActivityRecord{550e70f u0 com.google.android.apps.youtube.music/.activities.MusicActivity t58}}}
08-01 12:26:59.790  2220  3929 I ActivityTaskManager: moveHomeStack, setupComplete:true
08-01 12:26:59.804  1060  1060 I Zygote  : Process 26353 exited due to signal 9 (Killed)
08-01 12:26:59.805  2220  2809 D MediaSessionService: Media button session is changed to null
08-01 12:26:59.806  2220  4739 D ConnectivityService: ConnectivityService NetworkRequestInfo binderDied(NetworkRequest [ TRACK_DEFAULT id=221, [ Capabilities: INTERNET&NOT_RESTRICTED&TRUSTED Uid: 10194] ], android.os.BinderProxy@83f54f6)
08-01 12:26:59.806  2220  4735 D ConnectivityService: ConnectivityService NetworkRequestInfo binderDied(NetworkRequest [ TRACK_DEFAULT id=218, [ Capabilities: INTERNET&NOT_RESTRICTED&TRUSTED Uid: 10194] ], android.os.BinderProxy@b1e50f7)
08-01 12:26:59.806  2220  4743 D ConnectivityService: ConnectivityService NetworkRequestInfo binderDied(NetworkRequest [ TRACK_DEFAULT id=222, [ Capabilities: INTERNET&NOT_RESTRICTED&TRUSTED Uid: 10194] ], android.os.BinderProxy@e9deb64)
08-01 12:26:59.806  2220  4018 D ConnectivityService: ConnectivityService NetworkRequestInfo binderDied(NetworkRequest [ LISTEN id=220, [ Capabilities: INTERNET&NOT_RESTRICTED&TRUSTED&FOREGROUND Uid: 10194] ], android.os.BinderProxy@a4de1cd)
08-01 12:26:59.806  2220  4017 D ConnectivityService: ConnectivityService NetworkRequestInfo binderDied(NetworkRequest [ TRACK_DEFAULT id=219, [ Capabilities: INTERNET&NOT_RESTRICTED&TRUSTED Uid: 10194] ], android.os.BinderProxy@f83ca82)
08-01 12:26:59.806  2220  2633 D ConnectivityService: releasing NetworkRequest [ TRACK_DEFAULT id=221, [ Capabilities: INTERNET&NOT_RESTRICTED&TRUSTED Uid: 10194] ] (release request)
08-01 12:26:59.806 21337 21337 I chatty  : uid=1002(bluetooth) com.android.bluetooth expire 68 lines
08-01 12:26:59.806 21337 21399 I chatty  : uid=1002(bluetooth) BluetoothAvrcpH expire 118 lines
08-01 12:26:59.807  2220  2633 D ConnectivityService: releasing NetworkRequest [ TRACK_DEFAULT id=218, [ Capabilities: INTERNET&NOT_RESTRICTED&TRUSTED Uid: 10194] ] (release request)
08-01 12:26:59.807  2220  2633 D ConnectivityService: releasing NetworkRequest [ TRACK_DEFAULT id=222, [ Capabilities: INTERNET&NOT_RESTRICTED&TRUSTED Uid: 10194] ] (release request)
08-01 12:26:59.807  2220  2633 D ConnectivityService: releasing NetworkRequest [ TRACK_DEFAULT id=219, [ Capabilities: INTERNET&NOT_RESTRICTED&TRUSTED Uid: 10194] ] (release request)
08-01 12:26:59.816 21337 21374 I chatty  : uid=1002(bluetooth) BluetoothScanMa expire 4 lines
08-01 12:26:59.819  2220  2346 I libprocessgroup: Successfully killed process cgroup uid 10194 pid 26353 in 59ms
08-01 12:26:59.826  3634 24536 I chatty  : uid=10110(com.google.android.gms) lowpool[53] expire 2 lines
08-01 12:26:59.836  2954  2954 E PhoneInterfaceManager: [PhoneIntfMgr] getCarrierPackageNamesForIntent: No UICC
08-01 12:26:59.836  2954  2954 D CarrierSvcBindHelper: No carrier app for: 0
08-01 12:26:59.836  2220  2335 W ActivityManager: setHasOverlayUi called on unknown pid: 26353
08-01 12:26:59.837  2954  2954 E PhoneInterfaceManager: [PhoneIntfMgr] getCarrierPackageNamesForIntent: No UICC
08-01 12:26:59.841  2954  2954 D CarrierSvcBindHelper: No carrier app for: 1
08-01 12:26:59.842  2220  4744 I WifiService: releaseMulticastLock uid=10110
08-01 12:26:59.847  2220  4735 V WindowManager: Changing focus from null to Window{2b77e65 u0 com.motorola.launcher3/com.android.a1launcher.AndroidOneLauncher} displayId=0
08-01 12:26:59.856  4031  4052 D AssistReceiver: call: lightWakeup | null | null
08-01 12:26:59.873  2220  2336 I WindowManager:   SURFACE show Surface(name=com.android.systemui.ImageWallpaper)/@0xe08ac94 on display:0: com.android.systemui.ImageWallpaper
08-01 12:26:59.878  3054  3054 I GoogleInputMethodService: GoogleInputMethodService.onFinishInput():3184 
08-01 12:26:59.878  3054  3054 I GoogleInputMethodService: GoogleInputMethodService.onStartInput():1830 
08-01 12:26:59.887  2220  2336 I WindowManager: Window drawn AppWindowToken{3a2bed2 token=Token{299b55d ActivityRecord{2cd9334 u0 com.motorola.launcher3/com.android.a1launcher.AndroidOneLauncher t2}}}
08-01 12:26:59.889  2220  2336 I WindowManager:   SURFACE show Surface(name=com.motorola.launcher3/com.android.a1launcher.AndroidOneLauncher)/@0xbfebb39 on display:0: com.motorola.launcher3/com.android.a1launcher.AndroidOneLauncher
08-01 12:26:59.889  2220  2336 I WindowManager:   SURFACE show Surface(name=com.motorola.launcher3/com.android.a1launcher.AndroidOneLauncher)/@0xf97457e on display:0: com.motorola.launcher3/com.android.a1launcher.AndroidOneLauncher
08-01 12:26:59.899  3686  4185 W ThreadPoolDumper: Queue length for executor EventBus is now 11. Perhaps some tasks are too long, or the pool is too small.
08-01 12:26:59.903  3686  3915 W LocationOracle: No location history returned by ContextManager
08-01 12:26:59.918  3237  4446 I chatty  : uid=10110(com.google.android.gms) FlpThread expire 1 line
08-01 12:26:59.922  3686  3686 I BgTaskExecutorImpl: Starting EXCLUSIVE background task TNG_MINUS_ONE_SYNC.
08-01 12:26:59.922  3686  3844 W LocationOracle: No location returned by GMS core getLastLocation()
08-01 12:26:59.925  3686  3686 I BgTaskExecutorImpl: Starting EXCLUSIVE background task TNG_VOICE_SEARCH_SYNC.
08-01 12:26:59.927  3686  4185 I TngMinusOneSync: Syncing TNG:-1
08-01 12:26:59.927  3686  4185 I TngVoiceSearchSync: Syncing TNG:VoiceSearch
08-01 12:26:59.930  3686  3921 E MDD     : DownloadProgressMonitor: Can't find file for uri: android://com.google.android.googlequicksearchbox/files/sharedminusonemodule/shared/SharedMinusOneData.pb.tmp
08-01 12:27:00.117  2783  2799 W System  : A resource failed to call release. 
08-01 12:27:00.117  2783  2799 I chatty  : uid=10107(com.motorola.launcher3) FinalizerDaemon identical 2 lines
08-01 12:27:00.117  2783  2799 W System  : A resource failed to call release. 
08-01 12:27:00.961 10950 11426 W System.err: java.net.SocketTimeoutException: failed to connect to gjapplog.uc.cn/13.127.247.216 (port 443) from /192.168.122.158 (port 39609) after 20000ms
08-01 12:27:00.961 10950 11426 W System.err: 	at libcore.io.IoBridge.connectErrno(IoBridge.java:191)
08-01 12:27:00.961 10950 11426 W System.err: 	at libcore.io.IoBridge.connect(IoBridge.java:135)
08-01 12:27:00.961 10950 11426 W System.err: 	at java.net.PlainSocketImpl.socketConnect(PlainSocketImpl.java:142)
08-01 12:27:00.961 10950 11426 W System.err: 	at java.net.AbstractPlainSocketImpl.doConnect(AbstractPlainSocketImpl.java:390)
08-01 12:27:00.961 10950 11426 W System.err: 	at java.net.AbstractPlainSocketImpl.connectToAddress(AbstractPlainSocketImpl.java:230)
08-01 12:27:00.961 10950 11426 W System.err: 	at java.net.AbstractPlainSocketImpl.connect(AbstractPlainSocketImpl.java:212)
08-01 12:27:00.961 10950 11426 W System.err: 	at java.net.SocksSocketImpl.connect(SocksSocketImpl.java:436)
08-01 12:27:00.961 10950 11426 W System.err: 	at java.net.Socket.connect(Socket.java:621)
08-01 12:27:00.961 10950 11426 W System.err: 	at b.a.g.a.a(Unknown Source:0)
08-01 12:27:00.961 10950 11426 W System.err: 	at b.a.b.c.a(Unknown Source:56)
08-01 12:27:00.962 10950 11426 W System.err: 	at b.a.b.c.a(Unknown Source:157)
08-01 12:27:00.962 10950 11426 W System.err: 	at b.a.b.g.a(Unknown Source:139)
08-01 12:27:00.962 10950 11426 W System.err: 	at b.a.b.g.a(Unknown Source:0)
08-01 12:27:00.962 10950 11426 W System.err: 	at b.a.b.g.a(Unknown Source:18)
08-01 12:27:00.962 10950 11426 W System.err: 	at b.a.b.a.a(Unknown Source:26)
08-01 12:27:00.962 10950 11426 W System.err: 	at b.a.c.g.a(Unknown Source:158)
08-01 12:27:00.962 10950 11426 W System.err: 	at b.a.c.g.a(Unknown Source:6)
08-01 12:27:00.962 10950 11426 W System.err: 	at b.a.a.a.a(Unknown Source:138)
08-01 12:27:00.962 10950 11426 W System.err: 	at b.a.c.g.a(Unknown Source:158)
08-01 12:27:00.962 10950 11426 W System.err: 	at b.a.c.g.a(Unknown Source:6)
08-01 12:27:00.962 10950 11426 W System.err: 	at b.a.c.a.a(Unknown Source:175)
08-01 12:27:00.962 10950 11426 W System.err: 	at b.a.c.g.a(Unknown Source:158)
08-01 12:27:00.962 10950 11426 W System.err: 	at b.a.c.j.a(Unknown Source:58)
08-01 12:27:00.962 10950 11426 W System.err: 	at b.a.c.g.a(Unknown Source:158)
08-01 12:27:00.962 10950 11426 W System.err: 	at b.a.c.g.a(Unknown Source:6)
08-01 12:27:00.962 10950 11426 W System.err: 	at com.mobile.indiapp.n.h.a(Unknown Source:14)
08-01 12:27:00.962 10950 11426 W System.err: 	at b.a.c.g.a(Unknown Source:158)
08-01 12:27:00.962 10950 11426 W System.err: 	at b.a.c.g.a(Unknown Source:6)
08-01 12:27:00.962 10950 11426 W System.err: 	at b.z.h(Unknown Source:93)
08-01 12:27:00.962 10950 11426 W System.err: 	at b.z.b(Unknown Source:33)
08-01 12:27:00.962 10950 11426 W System.err: 	at com.mobile.indiapp.x.a.a(Unknown Source:55)
08-01 12:27:00.962 10950 11426 W System.err: 	at com.wa.base.wa.e.a$b.a(Unknown Source:388)
08-01 12:27:00.962 10950 11426 W System.err: 	at com.wa.base.wa.e.a$b$d.run(Unknown Source:171)
08-01 12:27:00.962 10950 11426 W System.err: 	at com.wa.base.wa.e.a$a.run(Unknown Source:8)
08-01 12:27:00.962 10950 11426 W System.err: 	at com.wa.base.wa.g.a$1.run(Unknown Source:9)
08-01 12:27:00.962 10950 11426 W System.err: 	at android.os.Handler.handleCallback(Handler.java:883)
08-01 12:27:00.962 10950 11426 W System.err: 	at android.os.Handler.dispatchMessage(Handler.java:100)
08-01 12:27:00.962 10950 11426 W System.err: 	at android.os.Looper.loop(Looper.java:241)
08-01 12:27:00.962 10950 11426 W System.err: 	at android.os.HandlerThread.run(HandlerThread.java:67)
08-01 12:27:00.963 10950 11426 I gzm_wa_WaNet: response == null
08-01 12:27:00.963 10950 11426 I gzm_wa_WaNet: java.lang.Throwable
08-01 12:27:00.963 10950 11426 I gzm_wa_WaNet: 	at com.wa.base.wa.e.a$b.a(Unknown Source:411)
08-01 12:27:00.963 10950 11426 I gzm_wa_WaNet: 	at com.wa.base.wa.e.a$b$d.run(Unknown Source:171)
08-01 12:27:00.963 10950 11426 I gzm_wa_WaNet: 	at com.wa.base.wa.e.a$a.run(Unknown Source:8)
08-01 12:27:00.963 10950 11426 I gzm_wa_WaNet: 	at com.wa.base.wa.g.a$1.run(Unknown Source:9)
08-01 12:27:00.963 10950 11426 I gzm_wa_WaNet: 	at android.os.Handler.handleCallback(Handler.java:883)
08-01 12:27:00.963 10950 11426 I gzm_wa_WaNet: 	at android.os.Handler.dispatchMessage(Handler.java:100)
08-01 12:27:00.963 10950 11426 I gzm_wa_WaNet: 	at android.os.Looper.loop(Looper.java:241)
08-01 12:27:00.963 10950 11426 I gzm_wa_WaNet: 	at android.os.HandlerThread.run(HandlerThread.java:67)
08-01 12:27:00.963 10950 11426 I gzm_wa_WaNet: ret: 7
08-01 12:27:00.977  2220  3929 W DevicePolicyManager: Package com.mobile.indiapp (uid=10193, pid=10950) cannot access Device IDs
08-01 12:27:00.979  2954 25525 W TelephonyPermissions: reportAccessDeniedToReadIdentifiers:com.mobile.indiapp:getSubscriberId:isPreinstalled=false:isPrivApp=false
08-01 12:27:00.997  2220  3929 W DevicePolicyManager: Package com.mobile.indiapp (uid=10193, pid=10950) cannot access Device IDs
08-01 12:27:00.998  2954  3833 W TelephonyPermissions: reportAccessDeniedToReadIdentifiers:com.mobile.indiapp:getDeviceId:isPreinstalled=false:isPrivApp=false
08-01 12:27:01.011  2220  3929 W DevicePolicyManager: Package com.mobile.indiapp (uid=10193, pid=10950) cannot access Device IDs
08-01 12:27:01.012  2954 25525 W TelephonyPermissions: reportAccessDeniedToReadIdentifiers:com.mobile.indiapp:getSubscriberId:isPreinstalled=false:isPrivApp=false
08-01 12:27:01.026  2220  3929 W DevicePolicyManager: Package com.mobile.indiapp (uid=10193, pid=10950) cannot access Device IDs
08-01 12:27:01.027  2954 25525 W TelephonyPermissions: reportAccessDeniedToReadIdentifiers:com.mobile.indiapp:getDeviceId:isPreinstalled=false:isPrivApp=false
08-01 12:27:01.063 10950 11426 D gzm_wa_WaNet: upload file : /data/user/0/com.mobile.indiapp/app_wa/wa/ul/wf/41tztufn_1653900723709008978.wa
08-01 12:27:01.072 10950 11426 D gzm_wa_WaNet: upload, afterGzipSize = 1184,  preGzipSize = 63057, compRatio = 0.018776663
08-01 12:27:01.072 10950 11426 D gzm_wa_WaNet: request url count: 1
08-01 12:27:01.073 10950 11426 D gzm_wa_WaNet: request url: https://gjapplog.uc.cn/collect?uc_param_str=&chk=b358c7b5&vno=41tztufn_1653900723709008978&zip=gzip&uuid=00009a530340-601f-4451-b35f-db76ec6c1dc91602215962577&app=4e4d2af43c01
08-01 12:27:04.903  2220  3929 I ActivityManager: Force stopping com.google.android.apps.youtube.music appid=10194 user=0: from pid 26587
08-01 12:27:04.911  2954  2954 E PhoneInterfaceManager: [PhoneIntfMgr] getCarrierPackageNamesForIntent: No UICC
08-01 12:27:04.911  2954  2954 D CarrierSvcBindHelper: No carrier app for: 0
08-01 12:27:04.913  2954  2954 E PhoneInterfaceManager: [PhoneIntfMgr] getCarrierPackageNamesForIntent: No UICC
08-01 12:27:04.913  2954  2954 D CarrierSvcBindHelper: No carrier app for: 1
08-01 12:27:06.464  3237 23048 I chatty  : uid=10110(com.google.android.gms) lowpool[42] expire 1 line
08-01 12:27:06.503  3237  7376 I chatty  : uid=10110(com.google.android.gms) Binder:3237_C expire 1 line
08-01 12:27:06.516  3634 24536 I chatty  : uid=10110(com.google.android.gms) lowpool[53] expire 1 line
08-01 12:27:06.520  3237 25881 I chatty  : uid=10110 com.google.android.gms.persistent expire 1 line
08-01 12:27:06.617  3237 23048 I chatty  : uid=10110(com.google.android.gms) lowpool[42] expire 16 lines
08-01 12:27:07.542  3237 23048 W Auth    : [GoogleAuthUtil] GoogleAuthUtil
08-01 12:27:07.543  3237 23048 W GoogleAuthUtil: Error when getting token
08-01 12:27:07.543  3237 23048 W GoogleAuthUtil: com.google.android.gms.auth.UserRecoverableAuthException: BadAuthentication
08-01 12:27:07.543  3237 23048 W GoogleAuthUtil: 	at fzr.a(:com.google.android.gms@203615039@20.36.15 (120408-333172415):3)
08-01 12:27:07.543  3237 23048 W GoogleAuthUtil: 	at fzl.a(:com.google.android.gms@203615039@20.36.15 (120408-333172415):0)
08-01 12:27:07.543  3237 23048 W GoogleAuthUtil: 	at fzr.a(:com.google.android.gms@203615039@20.36.15 (120408-333172415):8)
08-01 12:27:07.543  3237 23048 W GoogleAuthUtil: 	at fzr.d(:com.google.android.gms@203615039@20.36.15 (120408-333172415):15)
08-01 12:27:07.543  3237 23048 W GoogleAuthUtil: 	at fzk.b(:com.google.android.gms@203615039@20.36.15 (120408-333172415):5)
08-01 12:27:07.543  3237 23048 W GoogleAuthUtil: 	at com.google.android.gms.clearcut.uploader.QosUploaderChimeraService.a(:com.google.android.gms@203615039@20.36.15 (120408-333172415):97)
08-01 12:27:07.543  3237 23048 W GoogleAuthUtil: 	at com.google.android.gms.clearcut.uploader.QosUploaderChimeraService.a(:com.google.android.gms@203615039@20.36.15 (120408-333172415):2)
08-01 12:27:07.543  3237 23048 W GoogleAuthUtil: 	at afck.call(Unknown Source:0)
08-01 12:27:07.543  3237 23048 W GoogleAuthUtil: 	at java.util.concurrent.FutureTask.run(FutureTask.java:266)
08-01 12:27:07.543  3237 23048 W GoogleAuthUtil: 	at svu.b(:com.google.android.gms@203615039@20.36.15 (120408-333172415):12)
08-01 12:27:07.543  3237 23048 W GoogleAuthUtil: 	at svu.run(:com.google.android.gms@203615039@20.36.15 (120408-333172415):7)
08-01 12:27:07.543  3237 23048 W GoogleAuthUtil: 	at java.util.concurrent.ThreadPoolExecutor.runWorker(ThreadPoolExecutor.java:1167)
08-01 12:27:07.543  3237 23048 W GoogleAuthUtil: 	at java.util.concurrent.ThreadPoolExecutor$Worker.run(ThreadPoolExecutor.java:641)
08-01 12:27:07.543  3237 23048 W GoogleAuthUtil: 	at tbu.run(:com.google.android.gms@203615039@20.36.15 (120408-333172415):0)
08-01 12:27:07.543  3237 23048 W GoogleAuthUtil: 	at java.lang.Thread.run(Thread.java:919)
08-01 12:27:07.543  3237 23048 I CCTUploader: Failed to get auth token due to class fzz
08-01 12:27:07.561  3237 23048 W GetToken: [GetToken]GetToken failed with status code: BadAuthentication
08-01 12:27:07.575  3237 23048 W Auth    : [GoogleAuthUtil] GoogleAuthUtil
08-01 12:27:07.575  3237 23048 W GoogleAuthUtil: Error when getting token
08-01 12:27:07.575  3237 23048 W GoogleAuthUtil: com.google.android.gms.auth.UserRecoverableAuthException: BadAuthentication
08-01 12:27:07.575  3237 23048 W GoogleAuthUtil: 	at fzr.a(:com.google.android.gms@203615039@20.36.15 (120408-333172415):3)
08-01 12:27:07.575  3237 23048 W GoogleAuthUtil: 	at fzl.a(:com.google.android.gms@203615039@20.36.15 (120408-333172415):0)
08-01 12:27:07.575  3237 23048 W GoogleAuthUtil: 	at fzr.a(:com.google.android.gms@203615039@20.36.15 (120408-333172415):8)
08-01 12:27:07.575  3237 23048 W GoogleAuthUtil: 	at fzr.d(:com.google.android.gms@203615039@20.36.15 (120408-333172415):15)
08-01 12:27:07.575  3237 23048 W GoogleAuthUtil: 	at fzk.b(:com.google.android.gms@203615039@20.36.15 (120408-333172415):5)
08-01 12:27:07.575  3237 23048 W GoogleAuthUtil: 	at com.google.android.gms.clearcut.uploader.QosUploaderChimeraService.a(:com.google.android.gms@203615039@20.36.15 (120408-333172415):97)
08-01 12:27:07.575  3237 23048 W GoogleAuthUtil: 	at com.google.android.gms.clearcut.uploader.QosUploaderChimeraService.a(:com.google.android.gms@203615039@20.36.15 (120408-333172415):2)
08-01 12:27:07.575  3237 23048 W GoogleAuthUtil: 	at afck.call(Unknown Source:0)
08-01 12:27:07.575  3237 23048 W GoogleAuthUtil: 	at java.util.concurrent.FutureTask.run(FutureTask.java:266)
08-01 12:27:07.575  3237 23048 W GoogleAuthUtil: 	at svu.b(:com.google.android.gms@203615039@20.36.15 (120408-333172415):12)
08-01 12:27:07.575  3237 23048 W GoogleAuthUtil: 	at svu.run(:com.google.android.gms@203615039@20.36.15 (120408-333172415):7)
08-01 12:27:07.575  3237 23048 W GoogleAuthUtil: 	at java.util.concurrent.ThreadPoolExecutor.runWorker(ThreadPoolExecutor.java:1167)
08-01 12:27:07.575  3237 23048 W GoogleAuthUtil: 	at java.util.concurrent.ThreadPoolExecutor$Worker.run(ThreadPoolExecutor.java:641)
08-01 12:27:07.575  3237 23048 W GoogleAuthUtil: 	at tbu.run(:com.google.android.gms@203615039@20.36.15 (120408-333172415):0)
08-01 12:27:07.575  3237 23048 W GoogleAuthUtil: 	at java.lang.Thread.run(Thread.java:919)
08-01 12:27:07.576  3237 23048 I CCTUploader: Failed to get auth token due to class fzz
08-01 12:27:07.592  3237 23048 W GetToken: [GetToken]GetToken failed with status code: BadAuthentication
08-01 12:27:07.615  3237 23048 W Auth    : [GoogleAuthUtil] GoogleAuthUtil
08-01 12:27:07.615  3237 23048 W GoogleAuthUtil: Error when getting token
08-01 12:27:07.615  3237 23048 W GoogleAuthUtil: com.google.android.gms.auth.UserRecoverableAuthException: BadAuthentication
08-01 12:27:07.615  3237 23048 W GoogleAuthUtil: 	at fzr.a(:com.google.android.gms@203615039@20.36.15 (120408-333172415):3)
08-01 12:27:07.615  3237 23048 W GoogleAuthUtil: 	at fzl.a(:com.google.android.gms@203615039@20.36.15 (120408-333172415):0)
08-01 12:27:07.615  3237 23048 W GoogleAuthUtil: 	at fzr.a(:com.google.android.gms@203615039@20.36.15 (120408-333172415):8)
08-01 12:27:07.615  3237 23048 W GoogleAuthUtil: 	at fzr.d(:com.google.android.gms@203615039@20.36.15 (120408-333172415):15)
08-01 12:27:07.615  3237 23048 W GoogleAuthUtil: 	at fzk.b(:com.google.android.gms@203615039@20.36.15 (120408-333172415):5)
08-01 12:27:07.615  3237 23048 W GoogleAuthUtil: 	at com.google.android.gms.clearcut.uploader.QosUploaderChimeraService.a(:com.google.android.gms@203615039@20.36.15 (120408-333172415):97)
08-01 12:27:07.615  3237 23048 W GoogleAuthUtil: 	at com.google.android.gms.clearcut.uploader.QosUploaderChimeraService.a(:com.google.android.gms@203615039@20.36.15 (120408-333172415):2)
08-01 12:27:07.615  3237 23048 W GoogleAuthUtil: 	at afck.call(Unknown Source:0)
08-01 12:27:07.615  3237 23048 W GoogleAuthUtil: 	at java.util.concurrent.FutureTask.run(FutureTask.java:266)
08-01 12:27:07.615  3237 23048 W GoogleAuthUtil: 	at svu.b(:com.google.android.gms@203615039@20.36.15 (120408-333172415):12)
08-01 12:27:07.615  3237 23048 W GoogleAuthUtil: 	at svu.run(:com.google.android.gms@203615039@20.36.15 (120408-333172415):7)
08-01 12:27:07.615  3237 23048 W GoogleAuthUtil: 	at java.util.concurrent.ThreadPoolExecutor.runWorker(ThreadPoolExecutor.java:1167)
08-01 12:27:07.615  3237 23048 W GoogleAuthUtil: 	at java.util.concurrent.ThreadPoolExecutor$Worker.run(ThreadPoolExecutor.java:641)
08-01 12:27:07.615  3237 23048 W GoogleAuthUtil: 	at tbu.run(:com.google.android.gms@203615039@20.36.15 (120408-333172415):0)
08-01 12:27:07.615  3237 23048 W GoogleAuthUtil: 	at java.lang.Thread.run(Thread.java:919)
08-01 12:27:07.615  3237 23048 I CCTUploader: Failed to get auth token due to class fzz
08-01 12:27:07.619  3237  3254 I .gms.persisten: Background concurrent copying GC freed 290783(15MB) AllocSpace objects, 43(2536KB) LOS objects, 49% free, 16MB/32MB, paused 99us total 185.052ms
08-01 12:27:07.643  3237 23048 W GetToken: [GetToken]GetToken failed with status code: BadAuthentication
08-01 12:27:07.657  3237 23048 W Auth    : [GoogleAuthUtil] GoogleAuthUtil
08-01 12:27:07.658  3237 23048 W GoogleAuthUtil: Error when getting token
08-01 12:27:07.658  3237 23048 W GoogleAuthUtil: com.google.android.gms.auth.UserRecoverableAuthException: BadAuthentication
08-01 12:27:07.658  3237 23048 W GoogleAuthUtil: 	at fzr.a(:com.google.android.gms@203615039@20.36.15 (120408-333172415):3)
08-01 12:27:07.658  3237 23048 W GoogleAuthUtil: 	at fzl.a(:com.google.android.gms@203615039@20.36.15 (120408-333172415):0)
08-01 12:27:07.658  3237 23048 W GoogleAuthUtil: 	at fzr.a(:com.google.android.gms@203615039@20.36.15 (120408-333172415):8)
08-01 12:27:07.658  3237 23048 W GoogleAuthUtil: 	at fzr.d(:com.google.android.gms@203615039@20.36.15 (120408-333172415):15)
08-01 12:27:07.658  3237 23048 W GoogleAuthUtil: 	at fzk.b(:com.google.android.gms@203615039@20.36.15 (120408-333172415):5)
08-01 12:27:07.658  3237 23048 W GoogleAuthUtil: 	at com.google.android.gms.clearcut.uploader.QosUploaderChimeraService.a(:com.google.android.gms@203615039@20.36.15 (120408-333172415):97)
08-01 12:27:07.658  3237 23048 W GoogleAuthUtil: 	at com.google.android.gms.clearcut.uploader.QosUploaderChimeraService.a(:com.google.android.gms@203615039@20.36.15 (120408-333172415):2)
08-01 12:27:07.658  3237 23048 W GoogleAuthUtil: 	at afck.call(Unknown Source:0)
08-01 12:27:07.658  3237 23048 W GoogleAuthUtil: 	at java.util.concurrent.FutureTask.run(FutureTask.java:266)
08-01 12:27:07.658  3237 23048 W GoogleAuthUtil: 	at svu.b(:com.google.android.gms@203615039@20.36.15 (120408-333172415):12)
08-01 12:27:07.658  3237 23048 W GoogleAuthUtil: 	at svu.run(:com.google.android.gms@203615039@20.36.15 (120408-333172415):7)
08-01 12:27:07.658  3237 23048 W GoogleAuthUtil: 	at java.util.concurrent.ThreadPoolExecutor.runWorker(ThreadPoolExecutor.java:1167)
08-01 12:27:07.658  3237 23048 W GoogleAuthUtil: 	at java.util.concurrent.ThreadPoolExecutor$Worker.run(ThreadPoolExecutor.java:641)
08-01 12:27:07.658  3237 23048 W GoogleAuthUtil: 	at tbu.run(:com.google.android.gms@203615039@20.36.15 (120408-333172415):0)
08-01 12:27:07.658  3237 23048 W GoogleAuthUtil: 	at java.lang.Thread.run(Thread.java:919)
08-01 12:27:07.658  3237 23048 I CCTUploader: Failed to get auth token due to class fzz
08-01 12:27:07.670  3237 23048 W GetToken: [GetToken]GetToken failed with status code: BadAuthentication
08-01 12:27:07.683  3237 23048 W Auth    : [GoogleAuthUtil] GoogleAuthUtil
08-01 12:27:07.684  3237 23048 W GoogleAuthUtil: Error when getting token
08-01 12:27:07.684  3237 23048 W GoogleAuthUtil: com.google.android.gms.auth.UserRecoverableAuthException: BadAuthentication
08-01 12:27:07.684  3237 23048 W GoogleAuthUtil: 	at fzr.a(:com.google.android.gms@203615039@20.36.15 (120408-333172415):3)
08-01 12:27:07.684  3237 23048 W GoogleAuthUtil: 	at fzl.a(:com.google.android.gms@203615039@20.36.15 (120408-333172415):0)
08-01 12:27:07.684  3237 23048 W GoogleAuthUtil: 	at fzr.a(:com.google.android.gms@203615039@20.36.15 (120408-333172415):8)
08-01 12:27:07.684  3237 23048 W GoogleAuthUtil: 	at fzr.d(:com.google.android.gms@203615039@20.36.15 (120408-333172415):15)
08-01 12:27:07.684  3237 23048 W GoogleAuthUtil: 	at fzk.b(:com.google.android.gms@203615039@20.36.15 (120408-333172415):5)
08-01 12:27:07.684  3237 23048 W GoogleAuthUtil: 	at com.google.android.gms.clearcut.uploader.QosUploaderChimeraService.a(:com.google.android.gms@203615039@20.36.15 (120408-333172415):97)
08-01 12:27:07.684  3237 23048 W GoogleAuthUtil: 	at com.google.android.gms.clearcut.uploader.QosUploaderChimeraService.a(:com.google.android.gms@203615039@20.36.15 (120408-333172415):2)
08-01 12:27:07.684  3237 23048 W GoogleAuthUtil: 	at afck.call(Unknown Source:0)
08-01 12:27:07.684  3237 23048 W GoogleAuthUtil: 	at java.util.concurrent.FutureTask.run(FutureTask.java:266)
08-01 12:27:07.684  3237 23048 W GoogleAuthUtil: 	at svu.b(:com.google.android.gms@203615039@20.36.15 (120408-333172415):12)
08-01 12:27:07.684  3237 23048 W GoogleAuthUtil: 	at svu.run(:com.google.android.gms@203615039@20.36.15 (120408-333172415):7)
08-01 12:27:07.684  3237 23048 W GoogleAuthUtil: 	at java.util.concurrent.ThreadPoolExecutor.runWorker(ThreadPoolExecutor.java:1167)
08-01 12:27:07.684  3237 23048 W GoogleAuthUtil: 	at java.util.concurrent.ThreadPoolExecutor$Worker.run(ThreadPoolExecutor.java:641)
08-01 12:27:07.684  3237 23048 W GoogleAuthUtil: 	at tbu.run(:com.google.android.gms@203615039@20.36.15 (120408-333172415):0)
08-01 12:27:07.684  3237 23048 W GoogleAuthUtil: 	at java.lang.Thread.run(Thread.java:919)
08-01 12:27:07.684  3237 23048 I CCTUploader: Failed to get auth token due to class fzz
08-01 12:27:07.881  3237 23048 W Conscrypt: Could not set socket write timeout: java.net.SocketException: Socket closed
08-01 12:27:07.882  3237 23048 W Conscrypt: 	at com.google.android.gms.org.conscrypt.Platform.setSocketWriteTimeout(:com.google.android.gms@203615039@20.36.15 (120408-333172415):2)
08-01 12:27:07.882  3237 23048 W Conscrypt: 	at com.google.android.gms.org.conscrypt.ConscryptFileDescriptorSocket.setSoWriteTimeout(:com.google.android.gms@203615039@20.36.15 (120408-333172415):0)
08-01 12:27:08.184  3237 23048 W Conscrypt: Could not set socket write timeout: java.net.SocketException: Socket closed
08-01 12:27:08.184  3237 23048 W Conscrypt: 	at com.google.android.gms.org.conscrypt.Platform.setSocketWriteTimeout(:com.google.android.gms@203615039@20.36.15 (120408-333172415):2)
08-01 12:27:08.184  3237 23048 W Conscrypt: 	at com.google.android.gms.org.conscrypt.ConscryptFileDescriptorSocket.setSoWriteTimeout(:com.google.android.gms@203615039@20.36.15 (120408-333172415):0)
08-01 12:27:08.543  3237 23048 W GetToken: [GetToken]GetToken failed with status code: BadAuthentication
08-01 12:27:08.558  3237 23048 W Auth    : [GoogleAuthUtil] GoogleAuthUtil
08-01 12:27:08.558  3237 23048 W GoogleAuthUtil: Error when getting token
08-01 12:27:08.558  3237 23048 W GoogleAuthUtil: com.google.android.gms.auth.UserRecoverableAuthException: BadAuthentication
08-01 12:27:08.558  3237 23048 W GoogleAuthUtil: 	at fzr.a(:com.google.android.gms@203615039@20.36.15 (120408-333172415):3)
08-01 12:27:08.558  3237 23048 W GoogleAuthUtil: 	at fzl.a(:com.google.android.gms@203615039@20.36.15 (120408-333172415):0)
08-01 12:27:08.558  3237 23048 W GoogleAuthUtil: 	at fzr.a(:com.google.android.gms@203615039@20.36.15 (120408-333172415):8)
08-01 12:27:08.558  3237 23048 W GoogleAuthUtil: 	at fzr.d(:com.google.android.gms@203615039@20.36.15 (120408-333172415):15)
08-01 12:27:08.558  3237 23048 W GoogleAuthUtil: 	at fzk.b(:com.google.android.gms@203615039@20.36.15 (120408-333172415):5)
08-01 12:27:08.558  3237 23048 W GoogleAuthUtil: 	at com.google.android.gms.clearcut.uploader.QosUploaderChimeraService.a(:com.google.android.gms@203615039@20.36.15 (120408-333172415):97)
08-01 12:27:08.558  3237 23048 W GoogleAuthUtil: 	at com.google.android.gms.clearcut.uploader.QosUploaderChimeraService.a(:com.google.android.gms@203615039@20.36.15 (120408-333172415):2)
08-01 12:27:08.558  3237 23048 W GoogleAuthUtil: 	at afck.call(Unknown Source:0)
08-01 12:27:08.558  3237 23048 W GoogleAuthUtil: 	at java.util.concurrent.FutureTask.run(FutureTask.java:266)
08-01 12:27:08.558  3237 23048 W GoogleAuthUtil: 	at svu.b(:com.google.android.gms@203615039@20.36.15 (120408-333172415):12)
08-01 12:27:08.558  3237 23048 W GoogleAuthUtil: 	at svu.run(:com.google.android.gms@203615039@20.36.15 (120408-333172415):7)
08-01 12:27:08.558  3237 23048 W GoogleAuthUtil: 	at java.util.concurrent.ThreadPoolExecutor.runWorker(ThreadPoolExecutor.java:1167)
08-01 12:27:08.558  3237 23048 W GoogleAuthUtil: 	at java.util.concurrent.ThreadPoolExecutor$Worker.run(ThreadPoolExecutor.java:641)
08-01 12:27:08.558  3237 23048 W GoogleAuthUtil: 	at tbu.run(:com.google.android.gms@203615039@20.36.15 (120408-333172415):0)
08-01 12:27:08.558  3237 23048 W GoogleAuthUtil: 	at java.lang.Thread.run(Thread.java:919)
08-01 12:27:08.559  3237 23048 I CCTUploader: Failed to get auth token due to class fzz
08-01 12:27:08.648  3237 23048 W GetToken: [GetToken]GetToken failed with status code: BadAuthentication
08-01 12:27:08.669  3237 23048 W Auth    : [GoogleAuthUtil] GoogleAuthUtil
08-01 12:27:08.670  3237 23048 W GoogleAuthUtil: Error when getting token
08-01 12:27:08.670  3237 23048 W GoogleAuthUtil: com.google.android.gms.auth.UserRecoverableAuthException: BadAuthentication
08-01 12:27:08.670  3237 23048 W GoogleAuthUtil: 	at fzr.a(:com.google.android.gms@203615039@20.36.15 (120408-333172415):3)
08-01 12:27:08.670  3237 23048 W GoogleAuthUtil: 	at fzl.a(:com.google.android.gms@203615039@20.36.15 (120408-333172415):0)
08-01 12:27:08.670  3237 23048 W GoogleAuthUtil: 	at fzr.a(:com.google.android.gms@203615039@20.36.15 (120408-333172415):8)
08-01 12:27:08.670  3237 23048 W GoogleAuthUtil: 	at fzr.d(:com.google.android.gms@203615039@20.36.15 (120408-333172415):15)
08-01 12:27:08.670  3237 23048 W GoogleAuthUtil: 	at fzk.b(:com.google.android.gms@203615039@20.36.15 (120408-333172415):5)
08-01 12:27:08.670  3237 23048 W GoogleAuthUtil: 	at com.google.android.gms.clearcut.uploader.QosUploaderChimeraService.a(:com.google.android.gms@203615039@20.36.15 (120408-333172415):97)
08-01 12:27:08.670  3237 23048 W GoogleAuthUtil: 	at com.google.android.gms.clearcut.uploader.QosUploaderChimeraService.a(:com.google.android.gms@203615039@20.36.15 (120408-333172415):2)
08-01 12:27:08.670  3237 23048 W GoogleAuthUtil: 	at afck.call(Unknown Source:0)
08-01 12:27:08.670  3237 23048 W GoogleAuthUtil: 	at java.util.concurrent.FutureTask.run(FutureTask.java:266)
08-01 12:27:08.670  3237 23048 W GoogleAuthUtil: 	at svu.b(:com.google.android.gms@203615039@20.36.15 (120408-333172415):12)
08-01 12:27:08.670  3237 23048 W GoogleAuthUtil: 	at svu.run(:com.google.android.gms@203615039@20.36.15 (120408-333172415):7)
08-01 12:27:08.670  3237 23048 W GoogleAuthUtil: 	at java.util.concurrent.ThreadPoolExecutor.runWorker(ThreadPoolExecutor.java:1167)
08-01 12:27:08.670  3237 23048 W GoogleAuthUtil: 	at java.util.concurrent.ThreadPoolExecutor$Worker.run(ThreadPoolExecutor.java:641)
08-01 12:27:08.670  3237 23048 W GoogleAuthUtil: 	at tbu.run(:com.google.android.gms@203615039@20.36.15 (120408-333172415):0)
08-01 12:27:08.670  3237 23048 W GoogleAuthUtil: 	at java.lang.Thread.run(Thread.java:919)
08-01 12:27:08.670  3237 23048 I CCTUploader: Failed to get auth token due to class fzz
08-01 12:27:08.792  3237 23048 W GetToken: [GetToken]GetToken failed with status code: BadAuthentication
08-01 12:27:08.804  3237 23048 W Auth    : [GoogleAuthUtil] GoogleAuthUtil
08-01 12:27:08.805  3237 23048 W GoogleAuthUtil: Error when getting token
08-01 12:27:08.805  3237 23048 W GoogleAuthUtil: com.google.android.gms.auth.UserRecoverableAuthException: BadAuthentication
08-01 12:27:08.805  3237 23048 W GoogleAuthUtil: 	at fzr.a(:com.google.android.gms@203615039@20.36.15 (120408-333172415):3)
08-01 12:27:08.805  3237 23048 W GoogleAuthUtil: 	at fzl.a(:com.google.android.gms@203615039@20.36.15 (120408-333172415):0)
08-01 12:27:08.805  3237 23048 W GoogleAuthUtil: 	at fzr.a(:com.google.android.gms@203615039@20.36.15 (120408-333172415):8)
08-01 12:27:08.805  3237 23048 W GoogleAuthUtil: 	at fzr.d(:com.google.android.gms@203615039@20.36.15 (120408-333172415):15)
08-01 12:27:08.805  3237 23048 W GoogleAuthUtil: 	at fzk.b(:com.google.android.gms@203615039@20.36.15 (120408-333172415):5)
08-01 12:27:08.805  3237 23048 W GoogleAuthUtil: 	at com.google.android.gms.clearcut.uploader.QosUploaderChimeraService.a(:com.google.android.gms@203615039@20.36.15 (120408-333172415):97)
08-01 12:27:08.805  3237 23048 W GoogleAuthUtil: 	at com.google.android.gms.clearcut.uploader.QosUploaderChimeraService.a(:com.google.android.gms@203615039@20.36.15 (120408-333172415):2)
08-01 12:27:08.805  3237 23048 W GoogleAuthUtil: 	at afck.call(Unknown Source:0)
08-01 12:27:08.805  3237 23048 W GoogleAuthUtil: 	at java.util.concurrent.FutureTask.run(FutureTask.java:266)
08-01 12:27:08.805  3237 23048 W GoogleAuthUtil: 	at svu.b(:com.google.android.gms@203615039@20.36.15 (120408-333172415):12)
08-01 12:27:08.805  3237 23048 W GoogleAuthUtil: 	at svu.run(:com.google.android.gms@203615039@20.36.15 (120408-333172415):7)
08-01 12:27:08.805  3237 23048 W GoogleAuthUtil: 	at java.util.concurrent.ThreadPoolExecutor.runWorker(ThreadPoolExecutor.java:1167)
08-01 12:27:08.805  3237 23048 W GoogleAuthUtil: 	at java.util.concurrent.ThreadPoolExecutor$Worker.run(ThreadPoolExecutor.java:641)
08-01 12:27:08.805  3237 23048 W GoogleAuthUtil: 	at tbu.run(:com.google.android.gms@203615039@20.36.15 (120408-333172415):0)
08-01 12:27:08.805  3237 23048 W GoogleAuthUtil: 	at java.lang.Thread.run(Thread.java:919)
08-01 12:27:08.805  3237 23048 I CCTUploader: Failed to get auth token due to class fzz
08-01 12:27:08.950  3237 23048 W GetToken: [GetToken]GetToken failed with status code: BadAuthentication
08-01 12:27:08.961  3237 23048 W Auth    : [GoogleAuthUtil] GoogleAuthUtil
08-01 12:27:08.961  3237 23048 W GoogleAuthUtil: Error when getting token
08-01 12:27:08.961  3237 23048 W GoogleAuthUtil: com.google.android.gms.auth.UserRecoverableAuthException: BadAuthentication
08-01 12:27:08.961  3237 23048 W GoogleAuthUtil: 	at fzr.a(:com.google.android.gms@203615039@20.36.15 (120408-333172415):3)
08-01 12:27:08.961  3237 23048 W GoogleAuthUtil: 	at fzl.a(:com.google.android.gms@203615039@20.36.15 (120408-333172415):0)
08-01 12:27:08.961  3237 23048 W GoogleAuthUtil: 	at fzr.a(:com.google.android.gms@203615039@20.36.15 (120408-333172415):8)
08-01 12:27:08.961  3237 23048 W GoogleAuthUtil: 	at fzr.d(:com.google.android.gms@203615039@20.36.15 (120408-333172415):15)
08-01 12:27:08.961  3237 23048 W GoogleAuthUtil: 	at fzk.b(:com.google.android.gms@203615039@20.36.15 (120408-333172415):5)
08-01 12:27:08.961  3237 23048 W GoogleAuthUtil: 	at com.google.android.gms.clearcut.uploader.QosUploaderChimeraService.a(:com.google.android.gms@203615039@20.36.15 (120408-333172415):97)
08-01 12:27:08.961  3237 23048 W GoogleAuthUtil: 	at com.google.android.gms.clearcut.uploader.QosUploaderChimeraService.a(:com.google.android.gms@203615039@20.36.15 (120408-333172415):2)
08-01 12:27:08.961  3237 23048 W GoogleAuthUtil: 	at afck.call(Unknown Source:0)
08-01 12:27:08.961  3237 23048 W GoogleAuthUtil: 	at java.util.concurrent.FutureTask.run(FutureTask.java:266)
08-01 12:27:08.961  3237 23048 W GoogleAuthUtil: 	at svu.b(:com.google.android.gms@203615039@20.36.15 (120408-333172415):12)
08-01 12:27:08.961  3237 23048 W GoogleAuthUtil: 	at svu.run(:com.google.android.gms@203615039@20.36.15 (120408-333172415):7)
08-01 12:27:08.961  3237 23048 W GoogleAuthUtil: 	at java.util.concurrent.ThreadPoolExecutor.runWorker(ThreadPoolExecutor.java:1167)
08-01 12:27:08.961  3237 23048 W GoogleAuthUtil: 	at java.util.concurrent.ThreadPoolExecutor$Worker.run(ThreadPoolExecutor.java:641)
08-01 12:27:08.961  3237 23048 W GoogleAuthUtil: 	at tbu.run(:com.google.android.gms@203615039@20.36.15 (120408-333172415):0)
08-01 12:27:08.961  3237 23048 W GoogleAuthUtil: 	at java.lang.Thread.run(Thread.java:919)
08-01 12:27:08.962  3237 23048 I CCTUploader: Failed to get auth token due to class fzz
08-01 12:27:09.000  3237 23048 W GetToken: [GetToken]GetToken failed with status code: BadAuthentication
08-01 12:27:09.013  3237 23048 W Auth    : [GoogleAuthUtil] GoogleAuthUtil
08-01 12:27:09.014  3237 23048 W GoogleAuthUtil: Error when getting token
08-01 12:27:09.014  3237 23048 W GoogleAuthUtil: com.google.android.gms.auth.UserRecoverableAuthException: BadAuthentication
08-01 12:27:09.014  3237 23048 W GoogleAuthUtil: 	at fzr.a(:com.google.android.gms@203615039@20.36.15 (120408-333172415):3)
08-01 12:27:09.014  3237 23048 W GoogleAuthUtil: 	at fzl.a(:com.google.android.gms@203615039@20.36.15 (120408-333172415):0)
08-01 12:27:09.014  3237 23048 W GoogleAuthUtil: 	at fzr.a(:com.google.android.gms@203615039@20.36.15 (120408-333172415):8)
