08-01 12:27:24.365 21337 21399 V Avrcp_ext: updatePlaybackState, state: PlaybackState {state=2, position=0, buffered position=0, speed=1.0, updated=2722536, actions=12215, custom actions=[Action:mName='Repeat off, mIcon=2131231884, mExtras=null, Action:mName='Shuffle off, mIcon=2131231911, mExtras=null, Action:mName='Dislike, mIcon=2131232104, mExtras=null, Action:mName='Like, mIcon=2131232108, mExtras=null], active item id=1, error=null} device: null
08-01 12:27:24.365 21337 21399 V Avrcp_ext: Device: no name: 
08-01 12:27:24.365 21337 21399 V Avrcp_ext: Device: no name: 
08-01 12:27:24.365 21337 21399 V Avrcp_ext: updatePlayerStateAndPosition, old=PlaybackState {state=0, position=0, buffered position=0, speed=1.0, updated=2720357, actions=11828, custom actions=[], active item id=-1, error=null}, state=PlaybackState {state=2, position=0, buffered position=0, speed=1.0, updated=2722536, actions=12215, custom actions=[Action:mName='Repeat off, mIcon=2131231884, mExtras=null, Action:mName='Shuffle off, mIcon=2131231911, mExtras=null, Action:mName='Dislike, mIcon=2131232104, mExtras=null, Action:mName='Like, mIcon=2131232108, mExtras=null], active item id=1, error=null}
08-01 12:27:24.365 21337 21399 V Avrcp_ext: old state = PlaybackState {state=0, position=0, buffered position=0, speed=1.0, updated=2720357, actions=11828, custom actions=[], active item id=-1, error=null}, new state= PlaybackState {state=2, position=0, buffered position=0, speed=1.0, updated=2722536, actions=12215, custom actions=[Action:mName='Repeat off, mIcon=2131231884, mExtras=null, Action:mName='Shuffle off, mIcon=2131231911, mExtras=null, Action:mName='Dislike, mIcon=2131232104, mExtras=null, Action:mName='Like, mIcon=2131232108, mExtras=null], active item id=1, error=null}
08-01 12:27:24.365 21337 21399 D HeadsetService: getHeadsetService(): returning com.android.bluetooth.hfp.HeadsetService@786258b
08-01 12:27:24.366 21337 21399 D HeadsetService:  isAudioOn: The number of audio connected devices 0
08-01 12:27:24.366 21337 21399 D HeadsetService: isScoOrCallActive(): Call Active:falseCall is Ringing:falseSCO is Active:false
08-01 12:27:24.367 21337 21399 D HeadsetService:  isAudioOn: The number of audio connected devices 0
08-01 12:27:24.367 21337 21399 I Avrcp_ext: updatePlayStatusForDevice: device: null
08-01 12:27:24.367 21337 21399 V Avrcp_ext: updatePlaybackState (1): old=PlaybackState {state=0, position=0, buffered position=0, speed=1.0, updated=2720357, actions=11828, custom actions=[], active item id=-1, error=null}(0), new=PlaybackState {state=2, position=0, buffered position=0, speed=1.0, updated=2722536, actions=12215, custom actions=[Action:mName='Repeat off, mIcon=2131231884, mExtras=null, Action:mName='Shuffle off, mIcon=2131231911, mExtras=null, Action:mName='Dislike, mIcon=2131232104, mExtras=null, Action:mName='Like, mIcon=2131232108, mExtras=null], active item id=1, error=null}(2)
08-01 12:27:24.367 21337 21399 I Avrcp_ext: Exit updatePlayStatusForDevice
08-01 12:27:24.367 21337 21399 D HeadsetService:  isAudioOn: The number of audio connected devices 0
08-01 12:27:24.367 21337 21399 D HeadsetService: isScoOrCallActive(): Call Active:falseCall is Ringing:falseSCO is Active:false
08-01 12:27:24.368 21337 21399 D HeadsetService:  isAudioOn: The number of audio connected devices 0
08-01 12:27:24.368 21337 21399 I Avrcp_ext: updatePlayStatusForDevice: device: null
08-01 12:27:24.368 21337 21399 V Avrcp_ext: updatePlaybackState (1): old=PlaybackState {state=0, position=0, buffered position=0, speed=1.0, updated=2720357, actions=11828, custom actions=[], active item id=-1, error=null}(0), new=PlaybackState {state=2, position=0, buffered position=0, speed=1.0, updated=2722536, actions=12215, custom actions=[Action:mName='Repeat off, mIcon=2131231884, mExtras=null, Action:mName='Shuffle off, mIcon=2131231911, mExtras=null, Action:mName='Dislike, mIcon=2131232104, mExtras=null, Action:mName='Like, mIcon=2131232108, mExtras=null], active item id=1, error=null}(2)
08-01 12:27:24.368 21337 21399 I Avrcp_ext: Exit updatePlayStatusForDevice
08-01 12:27:24.368 21337 21399 D HeadsetService:  isAudioOn: The number of audio connected devices 0
08-01 12:27:24.368 21337 21399 D HeadsetService: isScoOrCallActive(): Call Active:falseCall is Ringing:falseSCO is Active:false
08-01 12:27:24.369 21337 21399 D HeadsetService:  isAudioOn: The number of audio connected devices 0
08-01 12:27:24.369 21337 21399 I Avrcp_ext: updatePlayStatusForDevice: device: null
08-01 12:27:24.369 21337 21399 V Avrcp_ext: updatePlaybackState (1): old=PlaybackState {state=0, position=0, buffered position=0, speed=1.0, updated=2720357, actions=11828, custom actions=[], active item id=-1, error=null}(0), new=PlaybackState {state=2, position=0, buffered position=0, speed=1.0, updated=2722536, actions=12215, custom actions=[Action:mName='Repeat off, mIcon=2131231884, mExtras=null, Action:mName='Shuffle off, mIcon=2131231911, mExtras=null, Action:mName='Dislike, mIcon=2131232104, mExtras=null, Action:mName='Like, mIcon=2131232108, mExtras=null], active item id=1, error=null}(2)
08-01 12:27:24.369 21337 21399 I Avrcp_ext: Exit updatePlayStatusForDevice
08-01 12:27:24.369 21337 21399 D HeadsetService:  isAudioOn: The number of audio connected devices 0
08-01 12:27:24.369 21337 21399 D HeadsetService: isScoOrCallActive(): Call Active:falseCall is Ringing:falseSCO is Active:false
08-01 12:27:24.369 21337 21399 D HeadsetService:  isAudioOn: The number of audio connected devices 0
08-01 12:27:24.369 21337 21399 I Avrcp_ext: updatePlayStatusForDevice: device: null
08-01 12:27:24.369 21337 21399 V Avrcp_ext: updatePlaybackState (1): old=PlaybackState {state=0, position=0, buffered position=0, speed=1.0, updated=2720357, actions=11828, custom actions=[], active item id=-1, error=null}(0), new=PlaybackState {state=2, position=0, buffered position=0, speed=1.0, updated=2722536, actions=12215, custom actions=[Action:mName='Repeat off, mIcon=2131231884, mExtras=null, Action:mName='Shuffle off, mIcon=2131231911, mExtras=null, Action:mName='Dislike, mIcon=2131232104, mExtras=null, Action:mName='Like, mIcon=2131232108, mExtras=null], active item id=1, error=null}(2)
08-01 12:27:24.369 21337 21399 I Avrcp_ext: Exit updatePlayStatusForDevice
08-01 12:27:24.369 21337 21399 D HeadsetService:  isAudioOn: The number of audio connected devices 0
08-01 12:27:24.370 21337 21399 D HeadsetService: isScoOrCallActive(): Call Active:falseCall is Ringing:falseSCO is Active:false
08-01 12:27:24.370 21337 21399 D HeadsetService:  isAudioOn: The number of audio connected devices 0
08-01 12:27:24.370 21337 21399 I Avrcp_ext: updatePlayStatusForDevice: device: null
08-01 12:27:24.370 21337 21399 V Avrcp_ext: updatePlaybackState (1): old=PlaybackState {state=0, position=0, buffered position=0, speed=1.0, updated=2720357, actions=11828, custom actions=[], active item id=-1, error=null}(0), new=PlaybackState {state=2, position=0, buffered position=0, speed=1.0, updated=2722536, actions=12215, custom actions=[Action:mName='Repeat off, mIcon=2131231884, mExtras=null, Action:mName='Shuffle off, mIcon=2131231911, mExtras=null, Action:mName='Dislike, mIcon=2131232104, mExtras=null, Action:mName='Like, mIcon=2131232108, mExtras=null], active item id=1, error=null}(2)
08-01 12:27:24.370 21337 21399 I Avrcp_ext: Exit updatePlayStatusForDevice
08-01 12:27:24.370 21337 21399 D Avrcp_ext: Enter sendPlayPosNotificationRsp
08-01 12:27:24.370 21337 21399 D Avrcp_ext: sendPlayPosNotificationRsp: Not registered or requesting.
08-01 12:27:24.370 21337 21399 D Avrcp_ext: Enter sendPlayPosNotificationRsp
08-01 12:27:24.370 21337 21399 D Avrcp_ext: sendPlayPosNotificationRsp: Not registered or requesting.
08-01 12:27:24.370 21337 21399 D Avrcp_ext: Enter sendPlayPosNotificationRsp
08-01 12:27:24.370 21337 21399 D Avrcp_ext: sendPlayPosNotificationRsp: Not registered or requesting.
08-01 12:27:24.370 21337 21399 D Avrcp_ext: Enter sendPlayPosNotificationRsp
08-01 12:27:24.370 21337 21399 D Avrcp_ext: sendPlayPosNotificationRsp: Not registered or requesting.
08-01 12:27:24.370 21337 21399 D Avrcp_ext: Enter sendPlayPosNotificationRsp
08-01 12:27:24.370 21337 21399 D Avrcp_ext: sendPlayPosNotificationRsp: Not registered or requesting.
08-01 12:27:24.370 21337 21399 V Avrcp_ext: Exit updatePlayerStateAndPosition
08-01 12:27:24.370 21337 21399 V Avrcp_ext:  Exit onPlaybackStateChanged
08-01 12:27:24.430 26796 26796 W app_process: type=1400 audit(0.0:479): avc: denied { read } for uid=2000 name="u:object_r:device_config_runtime_native_boot_prop:s0" dev="tmpfs" ino=12142 scontext=u:r:shell:s0 tcontext=u:object_r:device_config_runtime_native_boot_prop:s0 tclass=file permissive=0
08-01 12:27:24.431 26796 26796 D AndroidRuntime: >>>>>> START com.android.internal.os.RuntimeInit uid 2000 <<<<<<
08-01 12:27:24.434 26796 26796 I chatty  : uid=2000(shell) app_process identical 1 line
08-01 12:27:24.434 26796 26796 W app_process: type=1400 audit(0.0:481): avc: denied { read } for uid=2000 name="u:object_r:device_config_runtime_native_boot_prop:s0" dev="tmpfs" ino=12142 scontext=u:r:shell:s0 tcontext=u:object_r:device_config_runtime_native_boot_prop:s0 tclass=file permissive=0
08-01 12:27:24.437 26796 26796 E libc    : Access denied finding property "persist.device_config.runtime_native_boot.enable_apex_image"
08-01 12:27:24.437 26796 26796 I AndroidRuntime: Using default boot image
08-01 12:27:24.437 26796 26796 E libc    : Access denied finding property "persist.device_config.runtime_native_boot.disable_lock_profiling"
08-01 12:27:24.437 26796 26796 I AndroidRuntime: Leaving lock profiling enabled
08-01 12:27:24.437 26796 26796 E libc    : Access denied finding property "persist.device_config.runtime_native_boot.enable_generational_cc"
08-01 12:27:24.560 26796 26796 D ICU     : Time zone APEX file found: /apex/com.android.tzdata/etc/icu/icu_tzdata.dat
08-01 12:27:24.578 26796 26796 I app_process: The ClassLoaderContext is a special shared library.
08-01 12:27:24.605 26796 26796 W app_process: JNI RegisterNativeMethods: attempt to register 0 native methods for android.media.AudioAttributes
08-01 12:27:24.613 26796 26796 D AndroidRuntime: Calling main entry com.android.commands.input.Input
08-01 12:27:24.618 26796 26796 D AndroidRuntime: Shutting down VM
08-01 12:27:25.172  3634 24536 W AdaptiveDiscoveryWorker: Exiting Adaptive Discovery. Current NetworkInfo is NULL.
08-01 12:27:27.269  2220  4014 D WificondControl: Scan result ready event
08-01 12:27:27.294  2220  2631 D WificondScannerImpl: Filtering out 19 scan results.
08-01 12:27:27.317  2220  2626 D ANQPRequestManager: Not allowed to send ANQP request to 62362927102928 for another 223 seconds
08-01 12:27:27.317  2220  2626 D PasspointManager: ANQP entry not found for: 38:b8:00:1d:fb:d0:<TS3._pm_5>
08-01 12:27:27.318  2220  2626 D ANQPRequestManager: Not allowed to send ANQP request to 119072405138556 for another 623 seconds
08-01 12:27:27.318  2220  2626 D PasspointManager: ANQP entry not found for: 6c:4b:b4:69:2c:7c:<ATTvzr3ufe880>
08-01 12:27:27.318  2220  2626 D ANQPRequestManager: Not allowed to send ANQP request to 119072405137028 for another 348 seconds
08-01 12:27:27.318  2220  2626 D PasspointManager: ANQP entry not found for: 6c:4b:b4:69:26:84:<ATTwh9CKSp>
08-01 12:27:27.318  2220  2626 D ANQPRequestManager: Not allowed to send ANQP request to 62362927103072 for another 6 seconds
08-01 12:27:27.318  2220  2626 D PasspointManager: ANQP entry not found for: 38:b8:00:1d:fc:60:<cgw~5g>
08-01 12:27:27.319  2700  2700 I wpa_supplicant: wlan0: GAS-QUERY-START addr=6c:4b:b4:69:2c:78 dialog_token=84 freq=5240
08-01 12:27:27.320  2220  2626 D HS20    : ANQP initiated on 6c:4b:b4:69:2c:78
08-01 12:27:27.320  2220  2626 D PasspointManager: ANQP entry not found for: 6c:4b:b4:69:2c:78:<ATTvzr3ufe880>
08-01 12:27:27.331  3634 24536 W DatabaseProcessor: processLocalDevices: failed to get the network info with non-null bssid.
08-01 12:27:29.080  1110 21381 I vendor.qti.bluetooth@1.0-ibs_handler: ProcessIbsCmd: Received IBS_WAKE_IND: 0xFD
08-01 12:27:29.080  1110 21381 D vendor.qti.bluetooth@1.0-ibs_handler: SerialClockVote: vote for UART CLK ON
08-01 12:27:29.082  1110 21381 D vendor.qti.bluetooth@1.0-wake_lock: Acquire wakelock is acquired 
08-01 12:27:29.082  1110 21381 I vendor.qti.bluetooth@1.0-ibs_handler: ProcessIbsCmd: Writing IBS_WAKE_ACK
08-01 12:27:29.123  1110 21381 I vendor.qti.bluetooth@1.0-ibs_handler: ProcessIbsCmd: Received IBS_SLEEP_IND: 0xFE
08-01 12:27:29.123  1110 21381 D vendor.qti.bluetooth@1.0-ibs_handler: SerialClockVote: vote for UART CLK OFF
08-01 12:27:29.273  1110 21378 D vendor.qti.bluetooth@1.0-wake_lock: Release wakelock is released 
08-01 12:27:29.294  2220  2590 D BatteryService: uevent={POWER_SUPPLY_DP_DM=0, POWER_SUPPLY_VOLTAGE_QNOVO=-22, POWER_SUPPLY_VOLTAGE_NOW=4366443, POWER_SUPPLY_SW_JEITA_ENABLED=0, POWER_SUPPLY_HEALTH=Good, POWER_SUPPLY_TECHNOLOGY=Li-ion, POWER_SUPPLY_CHARGER_TEMP_MAX=812, POWER_SUPPLY_FCC_STEPPER_ENABLE=0, SEQNUM=5016, POWER_SUPPLY_INPUT_CURRENT_LIMITED=0, POWER_SUPPLY_STATUS=Full, POWER_SUPPLY_BATTERY_CHARGING_ENABLED=0, POWER_SUPPLY_CURRENT_MAX=3000000, POWER_SUPPLY_CAPACITY=100, DEVPATH=/devices/soc/800f000.qcom,spmi/spmi-0/spmi0-00/800f000.qcom,spmi:qcom,pm660@0:qcom,qpnp-smb2/power_supply/battery, POWER_SUPPLY_CHARGE_DONE=1, POWER_SUPPLY_CHARGE_TYPE=N/A, POWER_SUPPLY_CHARGER_TEMP=350, POWER_SUPPLY_CHARGE_RATE=Normal, POWER_SUPPLY_CURRENT_QNOVO=-22, POWER_SUPPLY_CURRENT_NOW=5371, POWER_SUPPLY_SYSTEM_TEMP_LEVEL=0, POWER_SUPPLY_PRESENT=1, POWER_SUPPLY_PARALLEL_DISABLE=0, SUBSYSTEM=power_supply, POWER_SUPPLY_SET_SHIP_MODE=0, POWER_SUPPLY_TEMP=300, ACTION=change, POWER_SUPPLY_RERUN_AICL=0, POWER_SUPPLY_AGE=100, POWER_SUPPLY_NAME=battery, POWER_SUPPLY_VOLTAGE_MAX=-22, POWER_SUPPLY_CONSTANT_CHARGE_CURRENT_MAX=3000000, POWER_SUPPLY_CHARGE_COUNTER=5010859, POWER_SUPPLY_STEP_CHARGING_ENABLED=0, POWER_SUPPLY_NUM_SYSTEM_TEMP_LEVELS=8, POWER_SUPPLY_DIE_HEALTH=Cool, POWER_SUPPLY_INPUT_SUSPEND=0}
08-01 12:27:29.308  4031  4031 D CmdCenter: - RowBuilder2: setUseWhiteRes useOrNot = true
08-01 12:27:29.310  2954  2954 D QtiCarrierConfigHelper: WARNING, no carrier configs on phone Id: 0
08-01 12:27:29.313 19152 19152 D UIABatteryMonitor: notify battery changed. current level 100
08-01 12:27:29.333  2700  2700 I wpa_supplicant: wlan0: GAS-QUERY-DONE addr=6c:4b:b4:69:2c:78 dialog_token=84 freq=5240 status_code=0 result=TIMEOUT
08-01 12:27:29.334  2700  2700 I wpa_supplicant: wlan0: ANQP-QUERY-DONE addr=6c:4b:b4:69:2c:78 result=FAILURE
08-01 12:27:30.292  2220  2373 V DisplayPowerController: Brightness [10] reason changing to: 'manual [ dim ]', previous reason: 'manual'.
08-01 12:27:32.327 10950 11426 W System.err: java.net.SocketTimeoutException: failed to connect to gjapplog.uc.cn/13.127.247.216 (port 443) from /192.168.122.158 (port 39639) after 20000ms
08-01 12:27:32.328 10950 11426 W System.err: 	at libcore.io.IoBridge.connectErrno(IoBridge.java:191)
08-01 12:27:32.328 10950 11426 W System.err: 	at libcore.io.IoBridge.connect(IoBridge.java:135)
08-01 12:27:32.328 10950 11426 W System.err: 	at java.net.PlainSocketImpl.socketConnect(PlainSocketImpl.java:142)
08-01 12:27:32.329 10950 11426 W System.err: 	at java.net.AbstractPlainSocketImpl.doConnect(AbstractPlainSocketImpl.java:390)
08-01 12:27:32.329 10950 11426 W System.err: 	at java.net.AbstractPlainSocketImpl.connectToAddress(AbstractPlainSocketImpl.java:230)
08-01 12:27:32.329 10950 11426 W System.err: 	at java.net.AbstractPlainSocketImpl.connect(AbstractPlainSocketImpl.java:212)
08-01 12:27:32.329 10950 11426 W System.err: 	at java.net.SocksSocketImpl.connect(SocksSocketImpl.java:436)
08-01 12:27:32.329 10950 11426 W System.err: 	at java.net.Socket.connect(Socket.java:621)
08-01 12:27:32.329 10950 11426 W System.err: 	at b.a.g.a.a(Unknown Source:0)
08-01 12:27:32.329 10950 11426 W System.err: 	at b.a.b.c.a(Unknown Source:56)
08-01 12:27:32.329 10950 11426 W System.err: 	at b.a.b.c.a(Unknown Source:157)
08-01 12:27:32.329 10950 11426 W System.err: 	at b.a.b.g.a(Unknown Source:139)
08-01 12:27:32.329 10950 11426 W System.err: 	at b.a.b.g.a(Unknown Source:0)
08-01 12:27:32.329 10950 11426 W System.err: 	at b.a.b.g.a(Unknown Source:18)
08-01 12:27:32.329 10950 11426 W System.err: 	at b.a.b.a.a(Unknown Source:26)
08-01 12:27:32.329 10950 11426 W System.err: 	at b.a.c.g.a(Unknown Source:158)
08-01 12:27:32.329 10950 11426 W System.err: 	at b.a.c.g.a(Unknown Source:6)
08-01 12:27:32.331 10950 11426 W System.err: 	at b.a.a.a.a(Unknown Source:138)
08-01 12:27:32.331 10950 11426 W System.err: 	at b.a.c.g.a(Unknown Source:158)
08-01 12:27:32.331 10950 11426 W System.err: 	at b.a.c.g.a(Unknown Source:6)
08-01 12:27:32.331 10950 11426 W System.err: 	at b.a.c.a.a(Unknown Source:175)
08-01 12:27:32.331 10950 11426 W System.err: 	at b.a.c.g.a(Unknown Source:158)
08-01 12:27:32.331 10950 11426 W System.err: 	at b.a.c.j.a(Unknown Source:58)
08-01 12:27:32.331 10950 11426 W System.err: 	at b.a.c.g.a(Unknown Source:158)
08-01 12:27:32.331 10950 11426 W System.err: 	at b.a.c.g.a(Unknown Source:6)
08-01 12:27:32.331 10950 11426 W System.err: 	at com.mobile.indiapp.n.h.a(Unknown Source:14)
08-01 12:27:32.331 10950 11426 W System.err: 	at b.a.c.g.a(Unknown Source:158)
08-01 12:27:32.331 10950 11426 W System.err: 	at b.a.c.g.a(Unknown Source:6)
08-01 12:27:32.331 10950 11426 W System.err: 	at b.z.h(Unknown Source:93)
08-01 12:27:32.331 10950 11426 W System.err: 	at b.z.b(Unknown Source:33)
08-01 12:27:32.331 10950 11426 W System.err: 	at com.mobile.indiapp.x.a.a(Unknown Source:55)
08-01 12:27:32.331 10950 11426 W System.err: 	at com.wa.base.wa.e.a$b.a(Unknown Source:388)
08-01 12:27:32.331 10950 11426 W System.err: 	at com.wa.base.wa.e.a$b$d.run(Unknown Source:171)
08-01 12:27:32.331 10950 11426 W System.err: 	at com.wa.base.wa.e.a$a.run(Unknown Source:8)
08-01 12:27:32.331 10950 11426 W System.err: 	at com.wa.base.wa.g.a$1.run(Unknown Source:9)
08-01 12:27:32.331 10950 11426 W System.err: 	at android.os.Handler.handleCallback(Handler.java:883)
08-01 12:27:32.332 10950 11426 W System.err: 	at android.os.Handler.dispatchMessage(Handler.java:100)
08-01 12:27:32.332 10950 11426 W System.err: 	at android.os.Looper.loop(Looper.java:241)
08-01 12:27:32.332 10950 11426 W System.err: 	at android.os.HandlerThread.run(HandlerThread.java:67)
08-01 12:27:32.332 10950 11426 I gzm_wa_WaNet: response == null
08-01 12:27:32.332 10950 11426 I gzm_wa_WaNet: java.lang.Throwable
08-01 12:27:32.332 10950 11426 I gzm_wa_WaNet: 	at com.wa.base.wa.e.a$b.a(Unknown Source:411)
08-01 12:27:32.332 10950 11426 I gzm_wa_WaNet: 	at com.wa.base.wa.e.a$b$d.run(Unknown Source:171)
08-01 12:27:32.332 10950 11426 I gzm_wa_WaNet: 	at com.wa.base.wa.e.a$a.run(Unknown Source:8)
08-01 12:27:32.332 10950 11426 I gzm_wa_WaNet: 	at com.wa.base.wa.g.a$1.run(Unknown Source:9)
08-01 12:27:32.332 10950 11426 I gzm_wa_WaNet: 	at android.os.Handler.handleCallback(Handler.java:883)
08-01 12:27:32.332 10950 11426 I gzm_wa_WaNet: 	at android.os.Handler.dispatchMessage(Handler.java:100)
08-01 12:27:32.332 10950 11426 I gzm_wa_WaNet: 	at android.os.Looper.loop(Looper.java:241)
08-01 12:27:32.332 10950 11426 I gzm_wa_WaNet: 	at android.os.HandlerThread.run(HandlerThread.java:67)
08-01 12:27:32.334 10950 11426 D gzm_wa_WaNet: request url: https://gjapplog.uc.cn/collect?uc_param_str=&chk=b358c7b5&vno=41tztufn_1653900723709008978&zip=gzip&uuid=00009a530340-601f-4451-b35f-db76ec6c1dc91602215962577&app=4e4d2af43c01
08-01 12:27:34.986 26822 26822 D AndroidRuntime: >>>>>> START com.android.internal.os.RuntimeInit uid 2000 <<<<<<
08-01 12:27:34.987 26822 26822 W app_process: type=1400 audit(0.0:482): avc: denied { read } for uid=2000 name="u:object_r:device_config_runtime_native_boot_prop:s0" dev="tmpfs" ino=12142 scontext=u:r:shell:s0 tcontext=u:object_r:device_config_runtime_native_boot_prop:s0 tclass=file permissive=0
08-01 12:27:34.987 26822 26822 I chatty  : uid=2000(shell) app_process identical 1 line
08-01 12:27:34.987 26822 26822 W app_process: type=1400 audit(0.0:484): avc: denied { read } for uid=2000 name="u:object_r:device_config_runtime_native_boot_prop:s0" dev="tmpfs" ino=12142 scontext=u:r:shell:s0 tcontext=u:object_r:device_config_runtime_native_boot_prop:s0 tclass=file permissive=0
08-01 12:27:34.991 26822 26822 E libc    : Access denied finding property "persist.device_config.runtime_native_boot.enable_apex_image"
08-01 12:27:34.991 26822 26822 I AndroidRuntime: Using default boot image
08-01 12:27:34.991 26822 26822 E libc    : Access denied finding property "persist.device_config.runtime_native_boot.disable_lock_profiling"
08-01 12:27:34.991 26822 26822 I AndroidRuntime: Leaving lock profiling enabled
08-01 12:27:34.991 26822 26822 E libc    : Access denied finding property "persist.device_config.runtime_native_boot.enable_generational_cc"
08-01 12:27:35.105 26822 26822 D ICU     : Time zone APEX file found: /apex/com.android.tzdata/etc/icu/icu_tzdata.dat
08-01 12:27:35.127 26822 26822 I app_process: The ClassLoaderContext is a special shared library.
08-01 12:27:35.153 26822 26822 W app_process: JNI RegisterNativeMethods: attempt to register 0 native methods for android.media.AudioAttributes
08-01 12:27:35.160 26822 26822 D AndroidRuntime: Calling main entry com.android.commands.input.Input
08-01 12:27:35.167 26822 26822 D AndroidRuntime: Shutting down VM
08-01 12:27:36.643 26603 26615 I s.youtube.musi: Background concurrent copying GC freed 814029(21MB) AllocSpace objects, 18(1516KB) LOS objects, 50% free, 19MB/39MB, paused 633us total 182.339ms
08-01 12:27:37.417  3237 26835 E memtrack: Couldn't load memtrack module
08-01 12:27:37.417  3237 26835 W android.os.Debug: failed to get memory consumption info: -1
08-01 12:27:38.554  2954  2954 D QtiCarrierConfigHelper: WARNING, no carrier configs on phone Id: 0
08-01 12:27:38.555  4031  4031 D CmdCenter: - RowBuilder2: setUseWhiteRes useOrNot = true
08-01 12:27:38.560 19152 19152 D UIABatteryMonitor: notify battery changed. current level 100
08-01 12:27:39.499  3634 26839 E memtrack: Couldn't load memtrack module
08-01 12:27:39.499  3634 26839 W android.os.Debug: failed to get memory consumption info: -1
08-01 12:27:42.354  2220  2817 W DevicePolicyManager: Package com.mobile.indiapp (uid=10193, pid=10950) cannot access Device IDs
08-01 12:27:42.356  2954 25525 W TelephonyPermissions: reportAccessDeniedToReadIdentifiers:com.mobile.indiapp:getSubscriberId:isPreinstalled=false:isPrivApp=false
08-01 12:27:42.380  2220  2817 W DevicePolicyManager: Package com.mobile.indiapp (uid=10193, pid=10950) cannot access Device IDs
08-01 12:27:42.381  2954 25524 W TelephonyPermissions: reportAccessDeniedToReadIdentifiers:com.mobile.indiapp:getDeviceId:isPreinstalled=false:isPrivApp=false
08-01 12:27:42.382 10950 11426 W System.err: java.net.SocketTimeoutException: failed to connect to /180.179.9.96 (port 44353) from /192.168.122.158 (port 42492) after 10000ms
08-01 12:27:42.383 10950 11426 W System.err: 	at libcore.io.IoBridge.connectErrno(IoBridge.java:191)
08-01 12:27:42.383 10950 11426 W System.err: 	at libcore.io.IoBridge.connect(IoBridge.java:135)
08-01 12:27:42.383 10950 11426 W System.err: 	at java.net.PlainSocketImpl.socketConnect(PlainSocketImpl.java:142)
08-01 12:27:42.383 10950 11426 W System.err: 	at java.net.AbstractPlainSocketImpl.doConnect(AbstractPlainSocketImpl.java:390)
08-01 12:27:42.383 10950 11426 W System.err: 	at java.net.AbstractPlainSocketImpl.connectToAddress(AbstractPlainSocketImpl.java:230)
08-01 12:27:42.383 10950 11426 W System.err: 	at java.net.AbstractPlainSocketImpl.connect(AbstractPlainSocketImpl.java:212)
08-01 12:27:42.383 10950 11426 W System.err: 	at java.net.SocksSocketImpl.connect(SocksSocketImpl.java:436)
08-01 12:27:42.383 10950 11426 W System.err: 	at java.net.Socket.connect(Socket.java:621)
08-01 12:27:42.383 10950 11426 W System.err: 	at b.a.g.a.a(Unknown Source:0)
08-01 12:27:42.383 10950 11426 W System.err: 	at b.a.b.c.a(Unknown Source:56)
08-01 12:27:42.383 10950 11426 W System.err: 	at b.a.b.c.a(Unknown Source:157)
08-01 12:27:42.383 10950 11426 W System.err: 	at b.a.b.g.a(Unknown Source:139)
08-01 12:27:42.383 10950 11426 W System.err: 	at b.a.b.g.a(Unknown Source:0)
08-01 12:27:42.383 10950 11426 W System.err: 	at b.a.b.g.a(Unknown Source:18)
08-01 12:27:42.383 10950 11426 W System.err: 	at b.a.b.a.a(Unknown Source:26)
08-01 12:27:42.383 10950 11426 W System.err: 	at b.a.c.g.a(Unknown Source:158)
08-01 12:27:42.383 10950 11426 W System.err: 	at b.a.c.g.a(Unknown Source:6)
08-01 12:27:42.383 10950 11426 W System.err: 	at b.a.a.a.a(Unknown Source:138)
08-01 12:27:42.383 10950 11426 W System.err: 	at b.a.c.g.a(Unknown Source:158)
08-01 12:27:42.383 10950 11426 W System.err: 	at b.a.c.g.a(Unknown Source:6)
08-01 12:27:42.383 10950 11426 W System.err: 	at b.a.c.a.a(Unknown Source:175)
08-01 12:27:42.383 10950 11426 W System.err: 	at b.a.c.g.a(Unknown Source:158)
08-01 12:27:42.383 10950 11426 W System.err: 	at b.a.c.j.a(Unknown Source:58)
08-01 12:27:42.383 10950 11426 W System.err: 	at b.a.c.g.a(Unknown Source:158)
08-01 12:27:42.383 10950 11426 W System.err: 	at b.a.c.g.a(Unknown Source:6)
08-01 12:27:42.383 10950 11426 W System.err: 	at b.z.h(Unknown Source:93)
08-01 12:27:42.383 10950 11426 W System.err: 	at b.z.b(Unknown Source:33)
08-01 12:27:42.383 10950 11426 W System.err: 	at com.mobile.indiapp.e.a.h.a(Unknown Source:15)
08-01 12:27:42.383 10950 11426 W System.err: 	at com.mobile.indiapp.e.a.f.a(Unknown Source:108)
08-01 12:27:42.383 10950 11426 W System.err: 	at com.mobile.indiapp.e.a$2.a(Unknown Source:10)
08-01 12:27:42.383 10950 11426 W System.err: 	at b.a.b.f.a(Unknown Source:175)
08-01 12:27:42.383 10950 11426 W System.err: 	at b.a.b.f.d(Unknown Source:69)
08-01 12:27:42.383 10950 11426 W System.err: 	at b.a.b.f.b(Unknown Source:29)
08-01 12:27:42.383 10950 11426 W System.err: 	at b.a.b.g.a(Unknown Source:81)
08-01 12:27:42.383 10950 11426 W System.err: 	at b.a.b.g.a(Unknown Source:0)
08-01 12:27:42.383 10950 11426 W System.err: 	at b.a.b.g.a(Unknown Source:18)
08-01 12:27:42.383 10950 11426 W System.err: 	at b.a.b.a.a(Unknown Source:26)
08-01 12:27:42.383 10950 11426 W System.err: 	at b.a.c.g.a(Unknown Source:158)
08-01 12:27:42.383 10950 11426 W System.err: 	at b.a.c.g.a(Unknown Source:6)
08-01 12:27:42.383 10950 11426 W System.err: 	at b.a.a.a.a(Unknown Source:138)
08-01 12:27:42.383 10950 11426 W System.err: 	at b.a.c.g.a(Unknown Source:158)
08-01 12:27:42.383 10950 11426 W System.err: 	at b.a.c.g.a(Unknown Source:6)
08-01 12:27:42.383 10950 11426 W System.err: 	at b.a.c.a.a(Unknown Source:175)
08-01 12:27:42.384 10950 11426 W System.err: 	at b.a.c.g.a(Unknown Source:158)
08-01 12:27:42.384 10950 11426 W System.err: 	at b.a.c.j.a(Unknown Source:58)
08-01 12:27:42.384 10950 11426 W System.err: 	at b.a.c.g.a(Unknown Source:158)
08-01 12:27:42.384 10950 11426 W System.err: 	at b.a.c.g.a(Unknown Source:6)
08-01 12:27:42.384 10950 11426 W System.err: 	at com.mobile.indiapp.n.h.a(Unknown Source:14)
08-01 12:27:42.384 10950 11426 W System.err: 	at b.a.c.g.a(Unknown Source:158)
08-01 12:27:42.384 10950 11426 W System.err: 	at b.a.c.g.a(Unknown Source:6)
08-01 12:27:42.384 10950 11426 W System.err: 	at b.z.h(Unknown Source:93)
08-01 12:27:42.384 10950 11426 W System.err: 	at b.z.b(Unknown Source:33)
08-01 12:27:42.384 10950 11426 W System.err: 	at com.mobile.indiapp.x.a.a(Unknown Source:55)
08-01 12:27:42.384 10950 11426 W System.err: 	at com.wa.base.wa.e.a$b.a(Unknown Source:388)
08-01 12:27:42.384 10950 11426 W System.err: 	at com.wa.base.wa.e.a$b$d.run(Unknown Source:171)
08-01 12:27:42.384 10950 11426 W System.err: 	at com.wa.base.wa.e.a$a.run(Unknown Source:8)
08-01 12:27:42.384 10950 11426 W System.err: 	at com.wa.base.wa.g.a$1.run(Unknown Source:9)
08-01 12:27:42.384 10950 11426 W System.err: 	at android.os.Handler.handleCallback(Handler.java:883)
08-01 12:27:42.384 10950 11426 W System.err: 	at android.os.Handler.dispatchMessage(Handler.java:100)
08-01 12:27:42.384 10950 11426 W System.err: 	at android.os.Looper.loop(Looper.java:241)
08-01 12:27:42.384 10950 11426 W System.err: 	at android.os.HandlerThread.run(HandlerThread.java:67)
08-01 12:27:42.387  1059 26841 E ResolverController: No valid NAT64 prefix (101, <unspecified>/0)
08-01 12:27:45.401  2220  2817 I ActivityManager: Force stopping com.google.android.apps.youtube.music appid=10194 user=0: from pid 26846
08-01 12:27:45.403  2220  2817 I ActivityManager: Killing 26603:com.google.android.apps.youtube.music/u0a194 (adj 0): stop com.google.android.apps.youtube.music
08-01 12:27:45.421  2220  2817 W ActivityTaskManager: Force removing ActivityRecord{7cc2d9b u0 com.google.android.apps.youtube.music/.activities.MusicActivity t59 f}: app died, no saved state
08-01 12:27:45.422  2220  2817 V WindowManager: Changing focus from Window{c5307e u0 com.google.android.apps.youtube.music/com.google.android.apps.youtube.music.activities.MusicActivity} to null displayId=0
08-01 12:27:45.428  2220  2817 I WindowManager: Window drawn AppWindowToken{c200911 token=Token{8b6d538 ActivityRecord{7cc2d9b u0 com.google.android.apps.youtube.music/.activities.MusicActivity t59}}}
08-01 12:27:45.431  2220  2817 I ActivityTaskManager: moveHomeStack, setupComplete:true
08-01 12:27:45.448 21337 21374 I BtGatt.ScanManager: msg.what = 6
08-01 12:27:45.455  2954  2954 E PhoneInterfaceManager: [PhoneIntfMgr] getCarrierPackageNamesForIntent: No UICC
08-01 12:27:45.456  2954  2954 D CarrierSvcBindHelper: No carrier app for: 0
08-01 12:27:45.456  2954  2954 E PhoneInterfaceManager: [PhoneIntfMgr] getCarrierPackageNamesForIntent: No UICC
08-01 12:27:45.456  2954  2954 D CarrierSvcBindHelper: No carrier app for: 1
08-01 12:27:45.465  2220  4735 D MediaSessionService: Media button session is changed to null
08-01 12:27:45.465  2220  4745 D ConnectivityService: ConnectivityService NetworkRequestInfo binderDied(NetworkRequest [ TRACK_DEFAULT id=227, [ Capabilities: INTERNET&NOT_RESTRICTED&TRUSTED Uid: 10194] ], android.os.BinderProxy@54176d6)
08-01 12:27:45.466  2220  4745 D ConnectivityService: ConnectivityService NetworkRequestInfo binderDied(NetworkRequest [ TRACK_DEFAULT id=226, [ Capabilities: INTERNET&NOT_RESTRICTED&TRUSTED Uid: 10194] ], android.os.BinderProxy@e98fd57)
08-01 12:27:45.466  2220  4745 D ConnectivityService: ConnectivityService NetworkRequestInfo binderDied(NetworkRequest [ TRACK_DEFAULT id=223, [ Capabilities: INTERNET&NOT_RESTRICTED&TRUSTED Uid: 10194] ], android.os.BinderProxy@c9e9044)
08-01 12:27:45.466  2220  4745 D ConnectivityService: ConnectivityService NetworkRequestInfo binderDied(NetworkRequest [ TRACK_DEFAULT id=224, [ Capabilities: INTERNET&NOT_RESTRICTED&TRUSTED Uid: 10194] ], android.os.BinderProxy@810552d)
08-01 12:27:45.466  2220  4020 D ConnectivityService: ConnectivityService NetworkRequestInfo binderDied(NetworkRequest [ LISTEN id=225, [ Capabilities: INTERNET&NOT_RESTRICTED&TRUSTED&FOREGROUND Uid: 10194] ], android.os.BinderProxy@6b62a62)
08-01 12:27:45.466  2220  2633 D ConnectivityService: releasing NetworkRequest [ TRACK_DEFAULT id=227, [ Capabilities: INTERNET&NOT_RESTRICTED&TRUSTED Uid: 10194] ] (release request)
08-01 12:27:45.466  2220  2633 D ConnectivityService: releasing NetworkRequest [ TRACK_DEFAULT id=226, [ Capabilities: INTERNET&NOT_RESTRICTED&TRUSTED Uid: 10194] ] (release request)
08-01 12:27:45.467  2220  2633 D ConnectivityService: releasing NetworkRequest [ TRACK_DEFAULT id=223, [ Capabilities: INTERNET&NOT_RESTRICTED&TRUSTED Uid: 10194] ] (release request)
08-01 12:27:45.467  2220  2633 D ConnectivityService: releasing NetworkRequest [ TRACK_DEFAULT id=224, [ Capabilities: INTERNET&NOT_RESTRICTED&TRUSTED Uid: 10194] ] (release request)
08-01 12:27:45.469 21337 21337 V Avrcp_ext: Player 6 package: com.google.android.apps.youtube.music
08-01 12:27:45.469 21337 21337 W Avrcp_ext: Trigger setAddressedMediaSessionPackage from onAddrPlayerChangedcom.google.android.apps.youtube.music
08-01 12:27:45.469  3634 19049 I DiscoveryManager: Filter criteria(null) scannerFlags(0)
08-01 12:27:45.470  2220  2335 W ActivityManager: setHasOverlayUi called on unknown pid: 26603
08-01 12:27:45.472  1060  1060 I Zygote  : Process 26603 exited due to signal 9 (Killed)
08-01 12:27:45.480  3634 19049 W GuestModeDeviceProber: setFilterCriteria
08-01 12:27:45.481  2220  2777 V WindowManager: Changing focus from null to Window{2b77e65 u0 com.motorola.launcher3/com.android.a1launcher.AndroidOneLauncher} displayId=0
08-01 12:27:45.484  2220  2346 I libprocessgroup: Successfully killed process cgroup uid 10194 pid 26603 in 78ms
08-01 12:27:45.490  2220  4014 I WifiService: releaseMulticastLock uid=10110
08-01 12:27:45.496  4031  4052 D AssistReceiver: call: lightWakeup | null | null
08-01 12:27:45.505  2220  2336 I WindowManager:   SURFACE show Surface(name=com.android.systemui.ImageWallpaper)/@0xe08ac94 on display:0: com.android.systemui.ImageWallpaper
08-01 12:27:45.513  3054  3054 I GoogleInputMethodService: GoogleInputMethodService.onFinishInput():3184 
08-01 12:27:45.514  3054  3054 I GoogleInputMethodService: GoogleInputMethodService.onStartInput():1830 
08-01 12:27:45.523  2220  2336 I WindowManager: Window drawn AppWindowToken{3a2bed2 token=Token{299b55d ActivityRecord{2cd9334 u0 com.motorola.launcher3/com.android.a1launcher.AndroidOneLauncher t2}}}
08-01 12:27:45.526  2220  2336 I WindowManager:   SURFACE show Surface(name=com.motorola.launcher3/com.android.a1launcher.AndroidOneLauncher)/@0x7dde39d on display:0: com.motorola.launcher3/com.android.a1launcher.AndroidOneLauncher
08-01 12:27:45.526  2220  2336 I WindowManager:   SURFACE show Surface(name=com.motorola.launcher3/com.android.a1launcher.AndroidOneLauncher)/@0xd41f012 on display:0: com.motorola.launcher3/com.android.a1launcher.AndroidOneLauncher
08-01 12:27:45.546 21337 21399 V Avrcp_ext: MediaController session destroyed
08-01 12:27:45.546 21337 21399 V Avrcp_ext: updateNewIds: Addressed:6 to 6, Browse:0 to 0
08-01 12:27:45.549 21337 21399 D Avrcp_ext: updateCurrentController: MediaController (com.google.android.apps.youtube.music@91992a7) Ma Ma Mahesha, Jonita Gandhi, S. S. Thaman & Srikrishna Vishnubhotla, Jonita Gandhi, S. S. Thaman & Srikrishna Vishnubhotla to null
08-01 12:27:45.550 21337 21399 V Avrcp_ext: updateNewIds: Addressed:6 to 6, Browse:0 to 0
08-01 12:27:45.550 21337 21399 V Avrcp_ext: updateCurrentMediaState: mMediaController: null
08-01 12:27:45.550 21337 21399 V Avrcp_ext: isMusicActive: false getBluetoothPlayState: 2
08-01 12:27:45.550 21337 21399 V Avrcp_ext: updateCurrentMediaState: isPlaying = false
08-01 12:27:45.550 21337 21399 V Avrcp_ext: updateCurrentMediaState: mMediaController or getPlaybackState() null
08-01 12:27:45.550 21337 21399 V Avrcp_ext: Media update: id 1-1? [MediaAttributes: none] : [MediaAttributes: Ma - Ja by Ja (254000 0/0) ]
08-01 12:27:45.550 21337 21399 V Avrcp_ext: newPlayStatus:2mReportedPlayStatus:-1
08-01 12:27:45.550 21337 21399 V Avrcp_ext: Send track changed
08-01 12:27:45.550 21337 21399 V Avrcp_ext: updatePlaybackState, state: PlaybackState {state=2, position=-1, buffered position=0, speed=0.0, updated=2743890, actions=0, custom actions=[], active item id=-1, error=null} device: null
08-01 12:27:45.550 21337 21399 V Avrcp_ext: Device: no name: 
08-01 12:27:45.551 21337 21399 I chatty  : uid=1002(bluetooth) BluetoothAvrcpH identical 6 lines
08-01 12:27:45.551 21337 21399 V Avrcp_ext: Device: no name: 
08-01 12:27:45.551 21337 21399 V Avrcp_ext: updatePlayerStateAndPosition, old=PlaybackState {state=2, position=0, buffered position=0, speed=1.0, updated=2722536, actions=12215, custom actions=[Action:mName='Repeat off, mIcon=2131231884, mExtras=null, Action:mName='Shuffle off, mIcon=2131231911, mExtras=null, Action:mName='Dislike, mIcon=2131232104, mExtras=null, Action:mName='Like, mIcon=2131232108, mExtras=null], active item id=1, error=null}, state=PlaybackState {state=2, position=-1, buffered position=0, speed=0.0, updated=2743890, actions=0, custom actions=[], active item id=-1, error=null}
08-01 12:27:45.551 21337 21399 V Avrcp_ext: old state = PlaybackState {state=2, position=0, buffered position=0, speed=1.0, updated=2722536, actions=12215, custom actions=[Action:mName='Repeat off, mIcon=2131231884, mExtras=null, Action:mName='Shuffle off, mIcon=2131231911, mExtras=null, Action:mName='Dislike, mIcon=2131232104, mExtras=null, Action:mName='Like, mIcon=2131232108, mExtras=null], active item id=1, error=null}, new state= PlaybackState {state=2, position=-1, buffered position=0, speed=0.0, updated=2743890, actions=0, custom actions=[], active item id=-1, error=null}
08-01 12:27:45.551 21337 21399 D HeadsetService: getHeadsetService(): returning com.android.bluetooth.hfp.HeadsetService@786258b
08-01 12:27:45.551 21337 21399 D HeadsetService:  isAudioOn: The number of audio connected devices 0
08-01 12:27:45.551 21337 21399 D HeadsetService: isScoOrCallActive(): Call Active:falseCall is Ringing:falseSCO is Active:false
08-01 12:27:45.551 21337 21399 D HeadsetService:  isAudioOn: The number of audio connected devices 0
08-01 12:27:45.551 21337 21399 I Avrcp_ext: updatePlayStatusForDevice: device: null
08-01 12:27:45.551 21337 21399 V Avrcp_ext: updatePlaybackState (1): old=PlaybackState {state=2, position=0, buffered position=0, speed=1.0, updated=2722536, actions=12215, custom actions=[Action:mName='Repeat off, mIcon=2131231884, mExtras=null, Action:mName='Shuffle off, mIcon=2131231911, mExtras=null, Action:mName='Dislike, mIcon=2131232104, mExtras=null, Action:mName='Like, mIcon=2131232108, mExtras=null], active item id=1, error=null}(2), new=PlaybackState {state=2, position=-1, buffered position=0, speed=0.0, updated=2743890, actions=0, custom actions=[], active item id=-1, error=null}(2)
08-01 12:27:45.551 21337 21399 I Avrcp_ext: Exit updatePlayStatusForDevice
08-01 12:27:45.552 21337 21399 D HeadsetService:  isAudioOn: The number of audio connected devices 0
08-01 12:27:45.552 21337 21399 D HeadsetService: isScoOrCallActive(): Call Active:falseCall is Ringing:falseSCO is Active:false
08-01 12:27:45.552 21337 21399 D HeadsetService:  isAudioOn: The number of audio connected devices 0
08-01 12:27:45.552 21337 21399 I Avrcp_ext: updatePlayStatusForDevice: device: null
08-01 12:27:45.552 21337 21399 V Avrcp_ext: updatePlaybackState (1): old=PlaybackState {state=2, position=0, buffered position=0, speed=1.0, updated=2722536, actions=12215, custom actions=[Action:mName='Repeat off, mIcon=2131231884, mExtras=null, Action:mName='Shuffle off, mIcon=2131231911, mExtras=null, Action:mName='Dislike, mIcon=2131232104, mExtras=null, Action:mName='Like, mIcon=2131232108, mExtras=null], active item id=1, error=null}(2), new=PlaybackState {state=2, position=-1, buffered position=0, speed=0.0, updated=2743890, actions=0, custom actions=[], active item id=-1, error=null}(2)
08-01 12:27:45.552 21337 21399 I Avrcp_ext: Exit updatePlayStatusForDevice
08-01 12:27:45.552 21337 21399 D HeadsetService:  isAudioOn: The number of audio connected devices 0
08-01 12:27:45.552 21337 21399 D HeadsetService: isScoOrCallActive(): Call Active:falseCall is Ringing:falseSCO is Active:false
08-01 12:27:45.553  3686  4185 W ThreadPoolDumper: Queue length for executor EventBus is now 11. Perhaps some tasks are too long, or the pool is too small.
08-01 12:27:45.553 21337 21399 D HeadsetService:  isAudioOn: The number of audio connected devices 0
08-01 12:27:45.553 21337 21399 I Avrcp_ext: updatePlayStatusForDevice: device: null
08-01 12:27:45.553 21337 21399 V Avrcp_ext: updatePlaybackState (1): old=PlaybackState {state=2, position=0, buffered position=0, speed=1.0, updated=2722536, actions=12215, custom actions=[Action:mName='Repeat off, mIcon=2131231884, mExtras=null, Action:mName='Shuffle off, mIcon=2131231911, mExtras=null, Action:mName='Dislike, mIcon=2131232104, mExtras=null, Action:mName='Like, mIcon=2131232108, mExtras=null], active item id=1, error=null}(2), new=PlaybackState {state=2, position=-1, buffered position=0, speed=0.0, updated=2743890, actions=0, custom actions=[], active item id=-1, error=null}(2)
08-01 12:27:45.553 21337 21399 I Avrcp_ext: Exit updatePlayStatusForDevice
08-01 12:27:45.554 21337 21399 D HeadsetService:  isAudioOn: The number of audio connected devices 0
08-01 12:27:45.554 21337 21399 D HeadsetService: isScoOrCallActive(): Call Active:falseCall is Ringing:falseSCO is Active:false
08-01 12:27:45.554 21337 21399 D HeadsetService:  isAudioOn: The number of audio connected devices 0
08-01 12:27:45.554 21337 21399 I Avrcp_ext: updatePlayStatusForDevice: device: null
08-01 12:27:45.554 21337 21399 V Avrcp_ext: updatePlaybackState (1): old=PlaybackState {state=2, position=0, buffered position=0, speed=1.0, updated=2722536, actions=12215, custom actions=[Action:mName='Repeat off, mIcon=2131231884, mExtras=null, Action:mName='Shuffle off, mIcon=2131231911, mExtras=null, Action:mName='Dislike, mIcon=2131232104, mExtras=null, Action:mName='Like, mIcon=2131232108, mExtras=null], active item id=1, error=null}(2), new=PlaybackState {state=2, position=-1, buffered position=0, speed=0.0, updated=2743890, actions=0, custom actions=[], active item id=-1, error=null}(2)
08-01 12:27:45.554 21337 21399 I Avrcp_ext: Exit updatePlayStatusForDevice
08-01 12:27:45.554 21337 21399 D HeadsetService:  isAudioOn: The number of audio connected devices 0
08-01 12:27:45.554 21337 21399 D HeadsetService: isScoOrCallActive(): Call Active:falseCall is Ringing:falseSCO is Active:false
08-01 12:27:45.554 21337 21399 D HeadsetService:  isAudioOn: The number of audio connected devices 0
08-01 12:27:45.554 21337 21399 I Avrcp_ext: updatePlayStatusForDevice: device: null
08-01 12:27:45.555 21337 21399 V Avrcp_ext: updatePlaybackState (1): old=PlaybackState {state=2, position=0, buffered position=0, speed=1.0, updated=2722536, actions=12215, custom actions=[Action:mName='Repeat off, mIcon=2131231884, mExtras=null, Action:mName='Shuffle off, mIcon=2131231911, mExtras=null, Action:mName='Dislike, mIcon=2131232104, mExtras=null, Action:mName='Like, mIcon=2131232108, mExtras=null], active item id=1, error=null}(2), new=PlaybackState {state=2, position=-1, buffered position=0, speed=0.0, updated=2743890, actions=0, custom actions=[], active item id=-1, error=null}(2)
08-01 12:27:45.555 21337 21399 I Avrcp_ext: Exit updatePlayStatusForDevice
08-01 12:27:45.555 21337 21399 D Avrcp_ext: Enter sendPlayPosNotificationRsp
08-01 12:27:45.555 21337 21399 D Avrcp_ext: sendPlayPosNotificationRsp: Not registered or requesting.
08-01 12:27:45.555 21337 21399 D Avrcp_ext: Enter sendPlayPosNotificationRsp
08-01 12:27:45.555 21337 21399 D Avrcp_ext: sendPlayPosNotificationRsp: Not registered or requesting.
08-01 12:27:45.555 21337 21399 D Avrcp_ext: Enter sendPlayPosNotificationRsp
08-01 12:27:45.555 21337 21399 D Avrcp_ext: sendPlayPosNotificationRsp: Not registered or requesting.
08-01 12:27:45.555 21337 21399 D Avrcp_ext: Enter sendPlayPosNotificationRsp
08-01 12:27:45.555 21337 21399 D Avrcp_ext: sendPlayPosNotificationRsp: Not registered or requesting.
08-01 12:27:45.555 21337 21399 D Avrcp_ext: Enter sendPlayPosNotificationRsp
08-01 12:27:45.555 21337 21399 D Avrcp_ext: sendPlayPosNotificationRsp: Not registered or requesting.
08-01 12:27:45.555 21337 21399 V Avrcp_ext: Exit updatePlayerStateAndPosition
08-01 12:27:45.555 21337 21399 D Avrcp_ext: Exit onSessionDestroyed
08-01 12:27:45.555 21337 21399 V Avrcp_ext: updateCurrentMediaState: mMediaController: null
08-01 12:27:45.555 21337 21399 V Avrcp_ext: isMusicActive: false getBluetoothPlayState: 2
08-01 12:27:45.555 21337 21399 V Avrcp_ext: updateCurrentMediaState: isPlaying = false
08-01 12:27:45.555 21337 21399 V Avrcp_ext: updateCurrentMediaState: mMediaController or getPlaybackState() null
08-01 12:27:45.555 21337 21399 V Avrcp_ext: Media update: id -1-1? [MediaAttributes: none] : [MediaAttributes: none]
08-01 12:27:45.555 21337 21399 V Avrcp_ext: newPlayStatus:2mReportedPlayStatus:-1
08-01 12:27:45.556 21337 21399 V Avrcp_ext: updatePlaybackState, state: PlaybackState {state=2, position=-1, buffered position=0, speed=0.0, updated=2743895, actions=0, custom actions=[], active item id=-1, error=null} device: null
08-01 12:27:45.556 21337 21399 V Avrcp_ext: Device: no name: 
08-01 12:27:45.556 21337 21399 V Avrcp_ext: Device: no name: 
08-01 12:27:45.556 21337 21399 V Avrcp_ext: updatePlayerStateAndPosition, old=PlaybackState {state=2, position=-1, buffered position=0, speed=0.0, updated=2743890, actions=0, custom actions=[], active item id=-1, error=null}, state=PlaybackState {state=2, position=-1, buffered position=0, speed=0.0, updated=2743895, actions=0, custom actions=[], active item id=-1, error=null}
08-01 12:27:45.556 21337 21399 V Avrcp_ext: old state = PlaybackState {state=2, position=-1, buffered position=0, speed=0.0, updated=2743890, actions=0, custom actions=[], active item id=-1, error=null}, new state= PlaybackState {state=2, position=-1, buffered position=0, speed=0.0, updated=2743895, actions=0, custom actions=[], active item id=-1, error=null}
08-01 12:27:45.556 21337 21399 D HeadsetService: getHeadsetService(): returning com.android.bluetooth.hfp.HeadsetService@786258b
08-01 12:27:45.557 21337 21399 D HeadsetService:  isAudioOn: The number of audio connected devices 0
08-01 12:27:45.557 21337 21399 D HeadsetService: isScoOrCallActive(): Call Active:falseCall is Ringing:falseSCO is Active:false
08-01 12:27:45.557 21337 21399 D HeadsetService:  isAudioOn: The number of audio connected devices 0
08-01 12:27:45.557 21337 21399 I Avrcp_ext: updatePlayStatusForDevice: device: null
08-01 12:27:45.557 21337 21399 V Avrcp_ext: updatePlaybackState (1): old=PlaybackState {state=2, position=-1, buffered position=0, speed=0.0, updated=2743890, actions=0, custom actions=[], active item id=-1, error=null}(2), new=PlaybackState {state=2, position=-1, buffered position=0, speed=0.0, updated=2743895, actions=0, custom actions=[], active item id=-1, error=null}(2)
08-01 12:27:45.557 21337 21399 I Avrcp_ext: Exit updatePlayStatusForDevice
08-01 12:27:45.557 21337 21399 D HeadsetService:  isAudioOn: The number of audio connected devices 0
08-01 12:27:45.557 21337 21399 D HeadsetService: isScoOrCallActive(): Call Active:falseCall is Ringing:falseSCO is Active:false
08-01 12:27:45.558 21337 21399 D HeadsetService:  isAudioOn: The number of audio connected devices 0
08-01 12:27:45.558 21337 21399 I Avrcp_ext: updatePlayStatusForDevice: device: null
08-01 12:27:45.558  3686  3921 W LocationOracle: No location history returned by ContextManager
08-01 12:27:45.558 21337 21399 V Avrcp_ext: updatePlaybackState (1): old=PlaybackState {state=2, position=-1, buffered position=0, speed=0.0, updated=2743890, actions=0, custom actions=[], active item id=-1, error=null}(2), new=PlaybackState {state=2, position=-1, buffered position=0, speed=0.0, updated=2743895, actions=0, custom actions=[], active item id=-1, error=null}(2)
08-01 12:27:45.558 21337 21399 I Avrcp_ext: Exit updatePlayStatusForDevice
08-01 12:27:45.558 21337 21399 D HeadsetService:  isAudioOn: The number of audio connected devices 0
08-01 12:27:45.558 21337 21399 D HeadsetService: isScoOrCallActive(): Call Active:falseCall is Ringing:falseSCO is Active:false
08-01 12:27:45.558 21337 21399 D HeadsetService:  isAudioOn: The number of audio connected devices 0
08-01 12:27:45.558 21337 21399 I Avrcp_ext: updatePlayStatusForDevice: device: null
08-01 12:27:45.558 21337 21399 V Avrcp_ext: updatePlaybackState (1): old=PlaybackState {state=2, position=-1, buffered position=0, speed=0.0, updated=2743890, actions=0, custom actions=[], active item id=-1, error=null}(2), new=PlaybackState {state=2, position=-1, buffered position=0, speed=0.0, updated=2743895, actions=0, custom actions=[], active item id=-1, error=null}(2)
08-01 12:27:45.558 21337 21399 I Avrcp_ext: Exit updatePlayStatusForDevice
08-01 12:27:45.559 21337 21399 D HeadsetService:  isAudioOn: The number of audio connected devices 0
08-01 12:27:45.559 21337 21399 D HeadsetService: isScoOrCallActive(): Call Active:falseCall is Ringing:falseSCO is Active:false
08-01 12:27:45.559 21337 21399 D HeadsetService:  isAudioOn: The number of audio connected devices 0
08-01 12:27:45.559 21337 2139