08-01 12:27:09.014  3237 23048 W GoogleAuthUtil: 	at fzr.d(:com.google.android.gms@203615039@20.36.15 (120408-333172415):15)
08-01 12:27:09.014  3237 23048 W GoogleAuthUtil: 	at fzk.b(:com.google.android.gms@203615039@20.36.15 (120408-333172415):5)
08-01 12:27:09.014  3237 23048 W GoogleAuthUtil: 	at com.google.android.gms.clearcut.uploader.QosUploaderChimeraService.a(:com.google.android.gms@203615039@20.36.15 (120408-333172415):97)
08-01 12:27:09.014  3237 23048 W GoogleAuthUtil: 	at com.google.android.gms.clearcut.uploader.QosUploaderChimeraService.a(:com.google.android.gms@203615039@20.36.15 (120408-333172415):2)
08-01 12:27:09.014  3237 23048 W GoogleAuthUtil: 	at afck.call(Unknown Source:0)
08-01 12:27:09.014  3237 23048 W GoogleAuthUtil: 	at java.util.concurrent.FutureTask.run(FutureTask.java:266)
08-01 12:27:09.014  3237 23048 W GoogleAuthUtil: 	at svu.b(:com.google.android.gms@203615039@20.36.15 (120408-333172415):12)
08-01 12:27:09.014  3237 23048 W GoogleAuthUtil: 	at svu.run(:com.google.android.gms@203615039@20.36.15 (120408-333172415):7)
08-01 12:27:09.014  3237 23048 W GoogleAuthUtil: 	at java.util.concurrent.ThreadPoolExecutor.runWorker(ThreadPoolExecutor.java:1167)
08-01 12:27:09.014  3237 23048 W GoogleAuthUtil: 	at java.util.concurrent.ThreadPoolExecutor$Worker.run(ThreadPoolExecutor.java:641)
08-01 12:27:09.014  3237 23048 W GoogleAuthUtil: 	at tbu.run(:com.google.android.gms@203615039@20.36.15 (120408-333172415):0)
08-01 12:27:09.014  3237 23048 W GoogleAuthUtil: 	at java.lang.Thread.run(Thread.java:919)
08-01 12:27:09.014  3237 23048 I CCTUploader: Failed to get auth token due to class fzz
08-01 12:27:09.366  3237 23048 W GetToken: [GetToken]GetToken failed with status code: BadAuthentication
08-01 12:27:09.380  3237 23048 W Auth    : [GoogleAuthUtil] GoogleAuthUtil
08-01 12:27:09.380  3237 23048 W GoogleAuthUtil: Error when getting token
08-01 12:27:09.380  3237 23048 W GoogleAuthUtil: com.google.android.gms.auth.UserRecoverableAuthException: BadAuthentication
08-01 12:27:09.380  3237 23048 W GoogleAuthUtil: 	at fzr.a(:com.google.android.gms@203615039@20.36.15 (120408-333172415):3)
08-01 12:27:09.380  3237 23048 W GoogleAuthUtil: 	at fzl.a(:com.google.android.gms@203615039@20.36.15 (120408-333172415):0)
08-01 12:27:09.380  3237 23048 W GoogleAuthUtil: 	at fzr.a(:com.google.android.gms@203615039@20.36.15 (120408-333172415):8)
08-01 12:27:09.380  3237 23048 W GoogleAuthUtil: 	at fzr.d(:com.google.android.gms@203615039@20.36.15 (120408-333172415):15)
08-01 12:27:09.380  3237 23048 W GoogleAuthUtil: 	at fzk.b(:com.google.android.gms@203615039@20.36.15 (120408-333172415):5)
08-01 12:27:09.380  3237 23048 W GoogleAuthUtil: 	at com.google.android.gms.clearcut.uploader.QosUploaderChimeraService.a(:com.google.android.gms@203615039@20.36.15 (120408-333172415):97)
08-01 12:27:09.380  3237 23048 W GoogleAuthUtil: 	at com.google.android.gms.clearcut.uploader.QosUploaderChimeraService.a(:com.google.android.gms@203615039@20.36.15 (120408-333172415):2)
08-01 12:27:09.380  3237 23048 W GoogleAuthUtil: 	at afck.call(Unknown Source:0)
08-01 12:27:09.380  3237 23048 W GoogleAuthUtil: 	at java.util.concurrent.FutureTask.run(FutureTask.java:266)
08-01 12:27:09.380  3237 23048 W GoogleAuthUtil: 	at svu.b(:com.google.android.gms@203615039@20.36.15 (120408-333172415):12)
08-01 12:27:09.380  3237 23048 W GoogleAuthUtil: 	at svu.run(:com.google.android.gms@203615039@20.36.15 (120408-333172415):7)
08-01 12:27:09.380  3237 23048 W GoogleAuthUtil: 	at java.util.concurrent.ThreadPoolExecutor.runWorker(ThreadPoolExecutor.java:1167)
08-01 12:27:09.380  3237 23048 W GoogleAuthUtil: 	at java.util.concurrent.ThreadPoolExecutor$Worker.run(ThreadPoolExecutor.java:641)
08-01 12:27:09.380  3237 23048 W GoogleAuthUtil: 	at tbu.run(:com.google.android.gms@203615039@20.36.15 (120408-333172415):0)
08-01 12:27:09.380  3237 23048 W GoogleAuthUtil: 	at java.lang.Thread.run(Thread.java:919)
08-01 12:27:09.380  3237 23048 I CCTUploader: Failed to get auth token due to class fzz
08-01 12:27:09.506  3237 23048 W GetToken: [GetToken]GetToken failed with status code: BadAuthentication
08-01 12:27:09.519  3237 23048 W Auth    : [GoogleAuthUtil] GoogleAuthUtil
08-01 12:27:09.519  3237 23048 W GoogleAuthUtil: Error when getting token
08-01 12:27:09.519  3237 23048 W GoogleAuthUtil: com.google.android.gms.auth.UserRecoverableAuthException: BadAuthentication
08-01 12:27:09.519  3237 23048 W GoogleAuthUtil: 	at fzr.a(:com.google.android.gms@203615039@20.36.15 (120408-333172415):3)
08-01 12:27:09.519  3237 23048 W GoogleAuthUtil: 	at fzl.a(:com.google.android.gms@203615039@20.36.15 (120408-333172415):0)
08-01 12:27:09.519  3237 23048 W GoogleAuthUtil: 	at fzr.a(:com.google.android.gms@203615039@20.36.15 (120408-333172415):8)
08-01 12:27:09.519  3237 23048 W GoogleAuthUtil: 	at fzr.d(:com.google.android.gms@203615039@20.36.15 (120408-333172415):15)
08-01 12:27:09.519  3237 23048 W GoogleAuthUtil: 	at fzk.b(:com.google.android.gms@203615039@20.36.15 (120408-333172415):5)
08-01 12:27:09.519  3237 23048 W GoogleAuthUtil: 	at com.google.android.gms.clearcut.uploader.QosUploaderChimeraService.a(:com.google.android.gms@203615039@20.36.15 (120408-333172415):97)
08-01 12:27:09.519  3237 23048 W GoogleAuthUtil: 	at com.google.android.gms.clearcut.uploader.QosUploaderChimeraService.a(:com.google.android.gms@203615039@20.36.15 (120408-333172415):2)
08-01 12:27:09.519  3237 23048 W GoogleAuthUtil: 	at afck.call(Unknown Source:0)
08-01 12:27:09.519  3237 23048 W GoogleAuthUtil: 	at java.util.concurrent.FutureTask.run(FutureTask.java:266)
08-01 12:27:09.519  3237 23048 W GoogleAuthUtil: 	at svu.b(:com.google.android.gms@203615039@20.36.15 (120408-333172415):12)
08-01 12:27:09.519  3237 23048 W GoogleAuthUtil: 	at svu.run(:com.google.android.gms@203615039@20.36.15 (120408-333172415):7)
08-01 12:27:09.519  3237 23048 W GoogleAuthUtil: 	at java.util.concurrent.ThreadPoolExecutor.runWorker(ThreadPoolExecutor.java:1167)
08-01 12:27:09.519  3237 23048 W GoogleAuthUtil: 	at java.util.concurrent.ThreadPoolExecutor$Worker.run(ThreadPoolExecutor.java:641)
08-01 12:27:09.519  3237 23048 W GoogleAuthUtil: 	at tbu.run(:com.google.android.gms@203615039@20.36.15 (120408-333172415):0)
08-01 12:27:09.519  3237 23048 W GoogleAuthUtil: 	at java.lang.Thread.run(Thread.java:919)
08-01 12:27:09.519  3237 23048 I CCTUploader: Failed to get auth token due to class fzz
08-01 12:27:09.621  3237 25881 I NetworkScheduler.Stats: Task com.google.android.gms/com.google.android.gms.clearcut.uploader.QosUploaderService finished executing. cause:5 result: 1 elapsed_millis: 3047 uptime_millis: 3046 exec_start_elapsed_seconds: 2704 [CONTEXT service_id=218 ]
08-01 12:27:10.912  2220  2817 D WificondControl: Scan result ready event
08-01 12:27:10.942  2220  2631 D WificondScannerImpl: Filtering out 22 scan results.
08-01 12:27:10.953  2220  2626 D ANQPRequestManager: Not allowed to send ANQP request to 119072405137032 for another 450 seconds
08-01 12:27:10.954  2220  2626 D PasspointManager: ANQP entry not found for: 6c:4b:b4:69:26:88:<ATTwh9CKSp>
08-01 12:27:10.954  2220  2626 D ANQPRequestManager: Not allowed to send ANQP request to 62362927102928 for another 239 seconds
08-01 12:27:10.954  2220  2626 D PasspointManager: ANQP entry not found for: 38:b8:00:1d:fb:d0:<TS3._pm_5>
08-01 12:27:10.955  2700  2700 I wpa_supplicant: wlan0: GAS-QUERY-START addr=6c:4b:b4:69:2c:7c dialog_token=83 freq=5660
08-01 12:27:10.957  2220  2626 D HS20    : ANQP initiated on 6c:4b:b4:69:2c:7c
08-01 12:27:10.957  2220  2626 D PasspointManager: ANQP entry not found for: 6c:4b:b4:69:2c:7c:<ATTvzr3ufe880>
08-01 12:27:10.971  2220  2626 D ANQPRequestManager: Not allowed to send ANQP request to 62362927102928 for another 239 seconds
08-01 12:27:10.971  2220  2626 D PasspointManager: ANQP entry not found for: 38:b8:00:1d:fb:d0:<TS3._pm_5>
08-01 12:27:11.118  2220  2817 W DevicePolicyManager: Package com.mobile.indiapp (uid=10193, pid=10950) cannot access Device IDs
08-01 12:27:11.119  2954 25525 W TelephonyPermissions: reportAccessDeniedToReadIdentifiers:com.mobile.indiapp:getSubscriberId:isPreinstalled=false:isPrivApp=false
08-01 12:27:11.129  2220  2817 W DevicePolicyManager: Package com.mobile.indiapp (uid=10193, pid=10950) cannot access Device IDs
08-01 12:27:11.131  2954 25525 W TelephonyPermissions: reportAccessDeniedToReadIdentifiers:com.mobile.indiapp:getDeviceId:isPreinstalled=false:isPrivApp=false
08-01 12:27:11.133 10950 11426 W System.err: java.net.SocketTimeoutException: failed to connect to /180.179.9.96 (port 44353) from /192.168.122.158 (port 42452) after 10000ms
08-01 12:27:11.134 10950 11426 W System.err: 	at libcore.io.IoBridge.connectErrno(IoBridge.java:191)
08-01 12:27:11.134 10950 11426 W System.err: 	at libcore.io.IoBridge.connect(IoBridge.java:135)
08-01 12:27:11.134 10950 11426 W System.err: 	at java.net.PlainSocketImpl.socketConnect(PlainSocketImpl.java:142)
08-01 12:27:11.135 10950 11426 W System.err: 	at java.net.AbstractPlainSocketImpl.doConnect(AbstractPlainSocketImpl.java:390)
08-01 12:27:11.135 10950 11426 W System.err: 	at java.net.AbstractPlainSocketImpl.connectToAddress(AbstractPlainSocketImpl.java:230)
08-01 12:27:11.135 10950 11426 W System.err: 	at java.net.AbstractPlainSocketImpl.connect(AbstractPlainSocketImpl.java:212)
08-01 12:27:11.135 10950 11426 W System.err: 	at java.net.SocksSocketImpl.connect(SocksSocketImpl.java:436)
08-01 12:27:11.135 10950 11426 W System.err: 	at java.net.Socket.connect(Socket.java:621)
08-01 12:27:11.135 10950 11426 W System.err: 	at b.a.g.a.a(Unknown Source:0)
08-01 12:27:11.135 10950 11426 W System.err: 	at b.a.b.c.a(Unknown Source:56)
08-01 12:27:11.135 10950 11426 W System.err: 	at b.a.b.c.a(Unknown Source:157)
08-01 12:27:11.135 10950 11426 W System.err: 	at b.a.b.g.a(Unknown Source:139)
08-01 12:27:11.135 10950 11426 W System.err: 	at b.a.b.g.a(Unknown Source:0)
08-01 12:27:11.136 10950 11426 W System.err: 	at b.a.b.g.a(Unknown Source:18)
08-01 12:27:11.136 10950 11426 W System.err: 	at b.a.b.a.a(Unknown Source:26)
08-01 12:27:11.136 10950 11426 W System.err: 	at b.a.c.g.a(Unknown Source:158)
08-01 12:27:11.136 10950 11426 W System.err: 	at b.a.c.g.a(Unknown Source:6)
08-01 12:27:11.136 10950 11426 W System.err: 	at b.a.a.a.a(Unknown Source:138)
08-01 12:27:11.136 10950 11426 W System.err: 	at b.a.c.g.a(Unknown Source:158)
08-01 12:27:11.136 10950 11426 W System.err: 	at b.a.c.g.a(Unknown Source:6)
08-01 12:27:11.136 10950 11426 W System.err: 	at b.a.c.a.a(Unknown Source:175)
08-01 12:27:11.136 10950 11426 W System.err: 	at b.a.c.g.a(Unknown Source:158)
08-01 12:27:11.136 10950 11426 W System.err: 	at b.a.c.j.a(Unknown Source:58)
08-01 12:27:11.136 10950 11426 W System.err: 	at b.a.c.g.a(Unknown Source:158)
08-01 12:27:11.136 10950 11426 W System.err: 	at b.a.c.g.a(Unknown Source:6)
08-01 12:27:11.137 10950 11426 W System.err: 	at b.z.h(Unknown Source:93)
08-01 12:27:11.137 10950 11426 W System.err: 	at b.z.b(Unknown Source:33)
08-01 12:27:11.137 10950 11426 W System.err: 	at com.mobile.indiapp.e.a.h.a(Unknown Source:15)
08-01 12:27:11.137 10950 11426 W System.err: 	at com.mobile.indiapp.e.a.f.a(Unknown Source:108)
08-01 12:27:11.137 10950 11426 W System.err: 	at com.mobile.indiapp.e.a$2.a(Unknown Source:10)
08-01 12:27:11.137 10950 11426 W System.err: 	at b.a.b.f.a(Unknown Source:175)
08-01 12:27:11.137 10950 11426 W System.err: 	at b.a.b.f.d(Unknown Source:69)
08-01 12:27:11.137 10950 11426 W System.err: 	at b.a.b.f.b(Unknown Source:29)
08-01 12:27:11.137 10950 11426 W System.err: 	at b.a.b.g.a(Unknown Source:81)
08-01 12:27:11.137 10950 11426 W System.err: 	at b.a.b.g.a(Unknown Source:0)
08-01 12:27:11.137 10950 11426 W System.err: 	at b.a.b.g.a(Unknown Source:18)
08-01 12:27:11.138 10950 11426 W System.err: 	at b.a.b.a.a(Unknown Source:26)
08-01 12:27:11.138 10950 11426 W System.err: 	at b.a.c.g.a(Unknown Source:158)
08-01 12:27:11.138 10950 11426 W System.err: 	at b.a.c.g.a(Unknown Source:6)
08-01 12:27:11.138 10950 11426 W System.err: 	at b.a.a.a.a(Unknown Source:138)
08-01 12:27:11.138 10950 11426 W System.err: 	at b.a.c.g.a(Unknown Source:158)
08-01 12:27:11.138 10950 11426 W System.err: 	at b.a.c.g.a(Unknown Source:6)
08-01 12:27:11.138 10950 11426 W System.err: 	at b.a.c.a.a(Unknown Source:175)
08-01 12:27:11.138 10950 11426 W System.err: 	at b.a.c.g.a(Unknown Source:158)
08-01 12:27:11.138 10950 11426 W System.err: 	at b.a.c.j.a(Unknown Source:58)
08-01 12:27:11.138 10950 11426 W System.err: 	at b.a.c.g.a(Unknown Source:158)
08-01 12:27:11.138 10950 11426 W System.err: 	at b.a.c.g.a(Unknown Source:6)
08-01 12:27:11.138 10950 11426 W System.err: 	at com.mobile.indiapp.n.h.a(Unknown Source:14)
08-01 12:27:11.138 10950 11426 W System.err: 	at b.a.c.g.a(Unknown Source:158)
08-01 12:27:11.138 10950 11426 W System.err: 	at b.a.c.g.a(Unknown Source:6)
08-01 12:27:11.138 10950 11426 W System.err: 	at b.z.h(Unknown Source:93)
08-01 12:27:11.138 10950 11426 W System.err: 	at b.z.b(Unknown Source:33)
08-01 12:27:11.138 10950 11426 W System.err: 	at com.mobile.indiapp.x.a.a(Unknown Source:55)
08-01 12:27:11.138 10950 11426 W System.err: 	at com.wa.base.wa.e.a$b.a(Unknown Source:388)
08-01 12:27:11.139 10950 11426 W System.err: 	at com.wa.base.wa.e.a$b$d.run(Unknown Source:171)
08-01 12:27:11.139 10950 11426 W System.err: 	at com.wa.base.wa.e.a$a.run(Unknown Source:8)
08-01 12:27:11.139 10950 11426 W System.err: 	at com.wa.base.wa.g.a$1.run(Unknown Source:9)
08-01 12:27:11.139 10950 11426 W System.err: 	at android.os.Handler.handleCallback(Handler.java:883)
08-01 12:27:11.139 10950 11426 W System.err: 	at android.os.Handler.dispatchMessage(Handler.java:100)
08-01 12:27:11.139 10950 11426 W System.err: 	at android.os.Looper.loop(Looper.java:241)
08-01 12:27:11.139 10950 11426 W System.err: 	at android.os.HandlerThread.run(HandlerThread.java:67)
08-01 12:27:12.223  1059 26592 E ResolverController: No valid NAT64 prefix (101, <unspecified>/0)
08-01 12:27:12.982  2700  2700 I wpa_supplicant: wlan0: GAS-QUERY-DONE addr=6c:4b:b4:69:2c:7c dialog_token=83 freq=5660 status_code=0 result=TIMEOUT
08-01 12:27:12.984  2700  2700 I wpa_supplicant: wlan0: ANQP-QUERY-DONE addr=6c:4b:b4:69:2c:7c result=FAILURE
08-01 12:27:13.789  1107  1779 D NativeSensors: CapSensor:  mPendingEvent.distance=1.000000
08-01 12:27:13.936  1107  1779 D NativeSensors: CapSensor:  mPendingEvent.distance=0.000000
08-01 12:27:16.776  3237 25881 W ctxmgr  : [Callbacks] Can't return snapshot result to client. [CONTEXT service_id=47 ]
08-01 12:27:16.776  3237 25881 W ctxmgr  : android.os.DeadObjectException
08-01 12:27:16.776  3237 25881 W ctxmgr  : 	at android.os.BinderProxy.transactNative(Native Method)
08-01 12:27:16.776  3237 25881 W ctxmgr  : 	at android.os.BinderProxy.transact(BinderProxy.java:510)
08-01 12:27:16.776  3237 25881 W ctxmgr  : 	at cms.b(:com.google.android.gms@203615039@20.36.15 (120408-333172415):2)
08-01 12:27:16.776  3237 25881 W ctxmgr  : 	at tuc.a(:com.google.android.gms@203615039@20.36.15 (120408-333172415):2)
08-01 12:27:16.776  3237 25881 W ctxmgr  : 	at dfa.a(:com.google.android.gms@203615039@20.36.15 (120408-333172415):3)
08-01 12:27:16.776  3237 25881 W ctxmgr  : 	at drb.b(:com.google.android.gms@203615039@20.36.15 (120408-333172415):2)
08-01 12:27:16.776  3237 25881 W ctxmgr  : 	at drb.a(:com.google.android.gms@203615039@20.36.15 (120408-333172415):14)
08-01 12:27:16.776  3237 25881 W ctxmgr  : 	at dqt.run(:com.google.android.gms@203615039@20.36.15 (120408-333172415):0)
08-01 12:27:16.776  3237 25881 W ctxmgr  : 	at dff.run(:com.google.android.gms@203615039@20.36.15 (120408-333172415):11)
08-01 12:27:16.776  3237 25881 W ctxmgr  : 	at dfh.handleMessage(:com.google.android.gms@203615039@20.36.15 (120408-333172415):4)
08-01 12:27:16.776  3237 25881 W ctxmgr  : 	at svj.run(:com.google.android.gms@203615039@20.36.15 (120408-333172415):2)
08-01 12:27:16.776  3237 25881 W ctxmgr  : 	at svu.b(:com.google.android.gms@203615039@20.36.15 (120408-333172415):12)
08-01 12:27:16.776  3237 25881 W ctxmgr  : 	at svu.run(:com.google.android.gms@203615039@20.36.15 (120408-333172415):7)
08-01 12:27:16.776  3237 25881 W ctxmgr  : 	at java.util.concurrent.ThreadPoolExecutor.runWorker(ThreadPoolExecutor.java:1167)
08-01 12:27:16.776  3237 25881 W ctxmgr  : 	at java.util.concurrent.ThreadPoolExecutor$Worker.run(ThreadPoolExecutor.java:641)
08-01 12:27:16.776  3237 25881 W ctxmgr  : 	at tbu.run(:com.google.android.gms@203615039@20.36.15 (120408-333172415):0)
08-01 12:27:16.776  3237 25881 W ctxmgr  : 	at java.lang.Thread.run(Thread.java:919)
08-01 12:27:16.794  1107  1771 W qti_sensors_hal: reportSingleEvent: NearBy 1, pData 1328,  highThd 634
08-01 12:27:17.278  1107  1771 W qti_sensors_hal: reportSingleEvent: NearBy 0, pData 180,  highThd 634
08-01 12:27:21.075  2220  4744 I ActivityTaskManager: START u0 {act=android.intent.action.MAIN cat=[android.intent.category.LAUNCHER] flg=0x10000000 pkg=com.google.android.apps.youtube.music cmp=com.google.android.apps.youtube.music/.activities.MusicActivity} from uid 2000
08-01 12:27:21.119  1060  1060 D Zygote  : Forked child process 26603
08-01 12:27:21.122  2220  2345 I ActivityManager: Start proc 26603:com.google.android.apps.youtube.music/u0a194 for activity {com.google.android.apps.youtube.music/com.google.android.apps.youtube.music.activities.MusicActivity}
08-01 12:27:21.128  2220  2336 V WindowManager: Changing focus from Window{2b77e65 u0 com.motorola.launcher3/com.android.a1launcher.AndroidOneLauncher} to null displayId=0
08-01 12:27:21.132 26603 26603 E s.youtube.musi: Not starting debugger since process cannot load the jdwp agent.
08-01 12:27:21.158  2220  2336 I WindowManager:   SURFACE show Surface(name=Splash Screen com.google.android.apps.youtube.music)/@0x6c90903 on display:0: Splash Screen com.google.android.apps.youtube.music
08-01 12:27:21.162 26603 26603 I s.youtube.musi: The ClassLoaderContext is a special shared library.
08-01 12:27:21.210 26603 26603 W s.youtube.musi: JIT profile information will not be recorded: profile file does not exits.
08-01 12:27:21.262 26603 26603 W s.youtube.musi: Accessing hidden field Ljava/util/Collections$SynchronizedCollection;->mutex:Ljava/lang/Object; (greylist-max-o, reflection, denied)
08-01 12:27:21.262 26603 26603 W s.youtube.musi: Accessing hidden method Ljava/util/Collections$SynchronizedSet;-><init>(Ljava/util/Set;Ljava/lang/Object;)V (greylist-max-o, reflection, denied)
08-01 12:27:21.262 26603 26603 W s.youtube.musi: Accessing hidden method Ljava/util/Collections$SynchronizedCollection;-><init>(Ljava/util/Collection;Ljava/lang/Object;)V (greylist-max-o, reflection, denied)
08-01 12:27:21.297  2220  4735 D ConnectivityService: requestNetwork for uid/pid:10194/26603 NetworkRequest [ TRACK_DEFAULT id=223, [ Capabilities: INTERNET&NOT_RESTRICTED&TRUSTED Uid: 10194] ]
08-01 12:27:21.299  2220  2669 D Ethernet: got request NetworkRequest [ TRACK_DEFAULT id=223, [ Capabilities: INTERNET&NOT_RESTRICTED&TRUSTED Uid: 10194] ] with score 60 and serial -1
08-01 12:27:21.299  2220  2626 D UntrustedWifiNetworkFactory: got request NetworkRequest [ TRACK_DEFAULT id=223, [ Capabilities: INTERNET&NOT_RESTRICTED&TRUSTED Uid: 10194] ] with score 60 and serial -1
08-01 12:27:21.299  2954  2954 D PhoneSwitcherNetworkRequstListener: got request NetworkRequest [ TRACK_DEFAULT id=223, [ Capabilities: INTERNET&NOT_RESTRICTED&TRUSTED Uid: 10194] ] with score 60 and serial -1
08-01 12:27:21.299  2220  2626 D WifiNetworkFactory: got request NetworkRequest [ TRACK_DEFAULT id=223, [ Capabilities: INTERNET&NOT_RESTRICTED&TRUSTED Uid: 10194] ] with score 60 and serial -1
08-01 12:27:21.323  2220  2817 D ConnectivityService: requestNetwork for uid/pid:10194/26603 NetworkRequest [ TRACK_DEFAULT id=224, [ Capabilities: INTERNET&NOT_RESTRICTED&TRUSTED Uid: 10194] ]
08-01 12:27:21.324  2220  2669 D Ethernet: got request NetworkRequest [ TRACK_DEFAULT id=224, [ Capabilities: INTERNET&NOT_RESTRICTED&TRUSTED Uid: 10194] ] with score 60 and serial -1
08-01 12:27:21.324  2220  2626 D UntrustedWifiNetworkFactory: got request NetworkRequest [ TRACK_DEFAULT id=224, [ Capabilities: INTERNET&NOT_RESTRICTED&TRUSTED Uid: 10194] ] with score 60 and serial -1
08-01 12:27:21.324  2220  2626 D WifiNetworkFactory: got request NetworkRequest [ TRACK_DEFAULT id=224, [ Capabilities: INTERNET&NOT_RESTRICTED&TRUSTED Uid: 10194] ] with score 60 and serial -1
08-01 12:27:21.325  2954  2954 D PhoneSwitcherNetworkRequstListener: got request NetworkRequest [ TRACK_DEFAULT id=224, [ Capabilities: INTERNET&NOT_RESTRICTED&TRUSTED Uid: 10194] ] with score 60 and serial -1
08-01 12:27:21.342 26603 26634 I FA      : App measurement initialized, version: 64018
08-01 12:27:21.342 26603 26634 I FA      : To enable debug logging run: adb shell setprop log.tag.FA VERBOSE
08-01 12:27:21.343 26603 26634 I FA      : To enable faster debug mode event logging run:
08-01 12:27:21.343 26603 26634 I FA      :   adb shell setprop debug.firebase.analytics.app com.google.android.apps.youtube.music
08-01 12:27:21.432 26603 26673 E SideloadPlaylistExport: Failed to do first backup.
08-01 12:27:21.445 26603 26639 I s.youtube.musi: The ClassLoaderContext is a special shared library.
08-01 12:27:21.454 26603 26664 W GoogleTagManager: Failed to extract the container from the resource file. Resource is a UTF-8 encoded string but doesn't contain a JSON container
08-01 12:27:21.473  2220  4744 I WindowManager: Window drawn AppWindowToken{3a2bed2 token=Token{299b55d ActivityRecord{2cd9334 u0 com.motorola.launcher3/com.android.a1launcher.AndroidOneLauncher t2}}}
08-01 12:27:21.499 26603 26639 I s.youtube.musi: The ClassLoaderContext is a special shared library.
08-01 12:27:21.543 26603 26603 W YT.MDX.zag: CastAppId for type 0 not found. Defaulting to mainCastAppId.
08-01 12:27:21.578 26603 26639 I DynamiteModule: Considering local module com.google.android.gms.ads.dynamite:0 and remote module com.google.android.gms.ads.dynamite:22000
08-01 12:27:21.578 26603 26639 I DynamiteModule: Selected remote version of com.google.android.gms.ads.dynamite, version >= 22000
08-01 12:27:21.595  2220  4017 D ConnectivityService: requestNetwork for uid/pid:10194/26603 NetworkRequest [ TRACK_DEFAULT id=226, [ Capabilities: INTERNET&NOT_RESTRICTED&TRUSTED Uid: 10194] ]
08-01 12:27:21.597  2220  2626 D UntrustedWifiNetworkFactory: got request NetworkRequest [ TRACK_DEFAULT id=226, [ Capabilities: INTERNET&NOT_RESTRICTED&TRUSTED Uid: 10194] ] with score 60 and serial -1
08-01 12:27:21.597  2220  2626 D WifiNetworkFactory: got request NetworkRequest [ TRACK_DEFAULT id=226, [ Capabilities: INTERNET&NOT_RESTRICTED&TRUSTED Uid: 10194] ] with score 60 and serial -1
08-01 12:27:21.597  2954  2954 D PhoneSwitcherNetworkRequstListener: got request NetworkRequest [ TRACK_DEFAULT id=226, [ Capabilities: INTERNET&NOT_RESTRICTED&TRUSTED Uid: 10194] ] with score 60 and serial -1
08-01 12:27:21.597  2220  2669 D Ethernet: got request NetworkRequest [ TRACK_DEFAULT id=226, [ Capabilities: INTERNET&NOT_RESTRICTED&TRUSTED Uid: 10194] ] with score 60 and serial -1
08-01 12:27:21.600 26603 26639 I DynamiteLoaderV2Impl: [71] AdsFdrDynamite.integ
08-01 12:27:21.609 26603 26639 W s.youtube.musi: ClassLoaderContext type mismatch. expected=PCL, found=DLC (PCL[] | DLC[];PCL[/data/app/com.google.android.apps.youtube.music-T4SEERdGOiwPrJmkCjUK0w==/base.apk*4276267680:/data/app/com.google.android.apps.youtube.music-T4SEERdGOiwPrJmkCjUK0w==/base.apk!classes2.dex*2321024063:/data/app/com.google.android.apps.youtube.music-T4SEERdGOiwPrJmkCjUK0w==/base.apk!classes3.dex*695218646:/data/app/com.google.android.apps.youtube.music-T4SEERdGOiwPrJmkCjUK0w==/base.apk!classes4.dex*2886459626]{PCL[/system/framework/org.apache.http.legacy.jar*1038351580]})
08-01 12:27:21.610 26603 26639 W s.youtube.musi: Found duplicate classes, falling back to extracting from APK : /data/user_de/0/com.google.android.gms/app_chimera/m/00000015/dl-AdsFdrDynamite.integ_22060100008.apk
08-01 12:27:21.610 26603 26639 W s.youtube.musi: NOTE: This wastes RAM and hurts startup performance.
08-01 12:27:21.610 26603 26639 W s.youtube.musi: Found duplicated class when checking oat files: 'La;' in /data/app/com.google.android.apps.youtube.music-T4SEERdGOiwPrJmkCjUK0w==/base.apk and /data/user_de/0/com.google.android.gms/app_chimera/m/00000015/dl-AdsFdrDynamite.integ_22060100008.apk
08-01 12:27:21.610 26603 26639 W s.youtube.musi: 
08-01 12:27:21.634 26603 26686 D JavaScriptCore.Version: 250230.2.1
08-01 12:27:21.692 26603 26639 D DynamitePackage: Instantiated singleton DynamitePackage.
08-01 12:27:21.692 26603 26639 D DynamitePackage: Instantiating com.google.android.gms.ads.adshield.ChimeraAdShieldCreatorImpl
08-01 12:27:21.710 26603 26603 W YouTubeMusic: Forcefully created overlay:ird@a537738 helper:Lazy@12d0311 view:null status: .P...D. user: .... ..x. {...}
08-01 12:27:21.736 26603 26603 V MediaRouter: Selecting route: RouteInfo{ name=Phone, description=null, status=null, category=RouteCategory{ name=System types=ROUTE_TYPE_LIVE_AUDIO ROUTE_TYPE_LIVE_VIDEO  groupable=false }, supportedTypes=ROUTE_TYPE_LIVE_AUDIO ROUTE_TYPE_LIVE_VIDEO , presentationDisplay=null }
08-01 12:27:21.786 26603 26603 V NFC     : this device does not have NFC support
08-01 12:27:21.826  2220  4739 D ConnectivityService: requestNetwork for uid/pid:10194/26603 NetworkRequest [ TRACK_DEFAULT id=227, [ Capabilities: INTERNET&NOT_RESTRICTED&TRUSTED Uid: 10194] ]
08-01 12:27:21.827  2220  2669 D Ethernet: got request NetworkRequest [ TRACK_DEFAULT id=227, [ Capabilities: INTERNET&NOT_RESTRICTED&TRUSTED Uid: 10194] ] with score 60 and serial -1
08-01 12:27:21.827  2220  2626 D UntrustedWifiNetworkFactory: got request NetworkRequest [ TRACK_DEFAULT id=227, [ Capabilities: INTERNET&NOT_RESTRICTED&TRUSTED Uid: 10194] ] with score 60 and serial -1
08-01 12:27:21.827  2220  2626 D WifiNetworkFactory: got request NetworkRequest [ TRACK_DEFAULT id=227, [ Capabilities: INTERNET&NOT_RESTRICTED&TRUSTED Uid: 10194] ] with score 60 and serial -1
08-01 12:27:21.828  2954  2954 D PhoneSwitcherNetworkRequstListener: got request NetworkRequest [ TRACK_DEFAULT id=227, [ Capabilities: INTERNET&NOT_RESTRICTED&TRUSTED Uid: 10194] ] with score 60 and serial -1
08-01 12:27:21.831 26603 26603 W YT.MDX.zag: CastAppId for type 0 not found. Defaulting to mainCastAppId.
08-01 12:27:21.832 26603 26603 W YT.MDX.zag: CastAppId for type 0 not found. Defaulting to mainCastAppId.
08-01 12:27:21.836 26603 26643 I DynamiteLoaderV2Impl: [71] Dynamitemodulesc
08-01 12:27:21.838 26603 26603 E RecyclerView: Cannot scroll to position a LayoutManager set. Call setLayoutManager with a non-null argument.
08-01 12:27:21.839 26603 26643 W s.youtube.musi: ClassLoaderContext type mismatch. expected=PCL, found=DLC (PCL[] | DLC[];PCL[/data/app/com.google.android.apps.youtube.music-T4SEERdGOiwPrJmkCjUK0w==/base.apk*4276267680:/data/app/com.google.android.apps.youtube.music-T4SEERdGOiwPrJmkCjUK0w==/base.apk!classes2.dex*2321024063:/data/app/com.google.android.apps.youtube.music-T4SEERdGOiwPrJmkCjUK0w==/base.apk!classes3.dex*695218646:/data/app/com.google.android.apps.youtube.music-T4SEERdGOiwPrJmkCjUK0w==/base.apk!classes4.dex*2886459626]{PCL[/system/framework/org.apache.http.legacy.jar*1038351580]})
08-01 12:27:21.841 26603 26643 W s.youtube.musi: Found duplicate classes, falling back to extracting from APK : /data/user_de/0/com.google.android.gms/app_chimera/m/00000035/DynamiteModulesC.apk
08-01 12:27:21.841 26603 26643 W s.youtube.musi: NOTE: This wastes RAM and hurts startup performance.
08-01 12:27:21.841 26603 26643 W s.youtube.musi: Found duplicated class when checking oat files: 'La;' in /data/app/com.google.android.apps.youtube.music-T4SEERdGOiwPrJmkCjUK0w==/base.apk and /data/user_de/0/com.google.android.gms/app_chimera/m/00000035/DynamiteModulesC.apk
08-01 12:27:21.841 26603 26643 W s.youtube.musi: 
08-01 12:27:21.872 26603 26643 I CastDynamiteModuleImpl: qx created by ClassLoader dalvik.system.DelegateLastClassLoader[DexPathList[[zip file "/data/user_de/0/com.google.android.gms/app_chimera/m/00000035/DynamiteModulesC.apk"],nativeLibraryDirectories=[/data/user_de/0/com.google.android.gms/app_chimera/m/00000035/DynamiteModulesC.apk!/lib/arm64-v8a, /system/lib64, /vendor/lib64, /system/product/lib64]]].
08-01 12:27:21.886 26603 26603 E YouTubeMusic: Trying to detachMediaView when it wasn't the most recent MediaView Setter
08-01 12:27:21.888 26603 26664 E GoogleTagManager: Invalid macro: _gtm.loadEventEnabled
08-01 12:27:21.897 26603 26603 V MediaRouter: Selecting route: RouteInfo{ name=Phone, description=null, status=null, category=RouteCategory{ name=System types=ROUTE_TYPE_LIVE_AUDIO ROUTE_TYPE_LIVE_VIDEO  groupable=false }, supportedTypes=ROUTE_TYPE_LIVE_AUDIO ROUTE_TYPE_LIVE_VIDEO , presentationDisplay=null }
08-01 12:27:21.961 26603 26749 E GoogleTagManager: Invalid macro: _gtm.loadEventEnabled
08-01 12:27:21.987  2220  4744 V WindowManager: Changing focus from null to Window{c5307e u0 com.google.android.apps.youtube.music/com.google.android.apps.youtube.music.activities.MusicActivity} displayId=0
08-01 12:27:21.990 26603 26699 I AdrenoGLES: QUALCOMM build                   : f2ab992, I401605978b
08-01 12:27:21.990 26603 26699 I AdrenoGLES: Build Date                       : 09/28/19
08-01 12:27:21.990 26603 26699 I AdrenoGLES: OpenGL ES Shader Compiler Version: EV031.27.05.01
08-01 12:27:21.990 26603 26699 I AdrenoGLES: Local Branch                     : 
08-01 12:27:21.990 26603 26699 I AdrenoGLES: Remote Branch                    : 
08-01 12:27:21.990 26603 26699 I AdrenoGLES: Remote Branch                    : 
08-01 12:27:21.990 26603 26699 I AdrenoGLES: Reconstruct Branch               : 
08-01 12:27:21.990 26603 26699 I AdrenoGLES: Build Config                     : S L 8.0.11 AArch64
08-01 12:27:21.994 26603 26603 W RenderThread: type=1400 audit(0.0:478): avc: denied { read } for uid=10194 name="gpu_model" dev="sysfs" ino=30970 scontext=u:r:untrusted_app:s0:c194,c256,c512,c768 tcontext=u:object_r:sysfs_kgsl:s0 tclass=file permissive=0
08-01 12:27:21.994 26603 26699 I AdrenoGLES: PFP: 0x005ff112, ME: 0x005ff066
08-01 12:27:21.997 26603 26699 W AdrenoUtils: <ReadGpuID_from_sysfs:194>: Failed to open /sys/class/kgsl/kgsl-3d0/gpu_model
08-01 12:27:21.997 26603 26699 W AdrenoUtils: <ReadGpuID:218>: Failed to read chip ID from gpu_model. Fallback to use the GSL path
08-01 12:27:21.998 26603 26603 W View    : requestLayout() improperly called by androidx.coordinatorlayout.widget.CoordinatorLayout{6ffb9f1 V.E...... ......ID 0,2102-1080,2102 #7f0b02d3 app:id/floating_layout} during layout: running second layout pass
08-01 12:27:22.013 26603 26603 W YTPL.mediasession: MediaSession created
08-01 12:27:22.014  2220  2817 D MediaSessionService: Media button session is changed to com.google.android.apps.youtube.music/YouTube playerlib (userId=0)
08-01 12:27:22.015  2220  2220 V SettingsProvider: Notifying for 0: content://settings/secure/media_button_receiver
08-01 12:27:22.016 21337 21399 I chatty  : uid=1002(bluetooth) BluetoothAvrcpH expire 703 lines
08-01 12:27:22.017  2220  2220 V SettingsProvider: Notifying for 0: content://settings/secure/media_button_receiver
08-01 12:27:22.029   847   847 I hwservicemanager: getTransport: Cannot find entry android.hardware.graphics.mapper@3.0::IMapper/default in either framework or device manifest.
08-01 12:27:22.029 26603 26699 W Gralloc3: mapper 3.x is not supported
08-01 12:27:22.052  2220  2336 I LaunchCheckinHandler: Displayed com.google.android.apps.youtube.music/.activities.MusicActivity,cp,ca,950
08-01 12:27:22.053  2220  2336 I WindowManager: Window drawn AppWindowToken{c200911 token=Token{8b6d538 ActivityRecord{7cc2d9b u0 com.google.android.apps.youtube.music/.activities.MusicActivity t59}}}
08-01 12:27:22.053  2220  2336 I WindowManager:   SURFACE show Surface(name=com.google.android.apps.youtube.music/com.google.android.apps.youtube.music.activities.MusicActivity)/@0x73315d5 on display:0: com.google.android.apps.youtube.music/com.google.android.apps.youtube.music.activities.MusicActivity
08-01 12:27:22.059  2220  2343 I ActivityTaskManager: Displayed com.google.android.apps.youtube.music/.activities.MusicActivity: +979ms
08-01 12:27:22.062  2220  4739 W ActivityManager: Permission Denial: Accessing service com.google.android.music/.dial.DialMediaRouteProviderService from pid=26603, uid=10194 that is not exported from uid 10164
08-01 12:27:22.062 26603 26642 W GoogleApiManager: njr could not execute call because it requires feature (integer_to_integer_map, 1).
08-01 12:27:22.086  2220  2343 I ActivityTaskManager: Fully drawn com.google.android.apps.youtube.music/.activities.MusicActivity: +1s12ms
08-01 12:27:22.087  3054  3054 I GoogleInputMethodService: GoogleInputMethodService.onFinishInput():3184 
08-01 12:27:22.087  3054  3054 I GoogleInputMethodService: GoogleInputMethodService.onStartInput():1830 
08-01 12:27:22.144  3634  3634 W CastMediaRouteProvider: Not a Cast compatible category: MDX_MEDIA_ROUTE_CONTROL_CATEGORY_m
08-01 12:27:22.144  3634  3634 W CastMediaRouteProvider: Not a Cast compatible category: android.media.intent.category.LIVE_AUDIO
08-01 12:27:22.150  3634 24536 I DiscoveryManager: Filter criteria(2DB7CC49) scannerFlags(0)
08-01 12:27:22.152  3634 24536 W GuestModeDeviceProber: setFilterCriteria
08-01 12:27:22.152 26603 26678 D NetworkSecurityConfig: Using Network Security Config from resource network_security_config debugBuild: false
08-01 12:27:22.167  2220  4739 I WifiService: startScan uid=10110
08-01 12:27:22.171  3634 24536 W DatabaseProcessor: processLocalDevices: failed to get the network info with non-null bssid.
08-01 12:27:22.171  3634 24536 W DatabaseProcessor: processLocalDevices: failed to get the network info with non-null bssid.
08-01 12:27:22.185  3634 24536 W DatabaseProcessor: processLocalDevices: failed to get the network info with non-null bssid.
08-01 12:27:22.186  3634 24536 W DatabaseProcessor: processLocalDevices: failed to get the network info with non-null bssid.
08-01 12:27:22.199  2220  2817 I WifiService: acquireMulticastLock uid=10110
08-01 12:27:22.216  1059 26773 E ResolverController: No valid NAT64 prefix (101, <unspecified>/0)
08-01 12:27:22.278 26603 26768 W DynamiteModule: Local module descriptor class for com.google.android.gms.providerinstaller.dynamite not found.
08-01 12:27:22.278  3237 13467 W ProviderHelper: Unknown dynamite feature providerinstaller.dynamite
08-01 12:27:22.281 26603 26768 W ProviderInstaller: Failed to load providerinstaller module: No acceptable module com.google.android.gms.providerinstaller.dynamite found. Local version is 0 and remote version is 0.
08-01 12:27:22.282 26603 26768 W ProviderInstaller: Failed to report request stats: com.google.android.gms.common.security.ProviderInstallerImpl.reportRequestStats [class android.content.Context, long, long]
08-01 12:27:22.290 26603 26768 V NativeCrypto: Registering com/google/android/gms/org/conscrypt/NativeCrypto's 288 native methods...
08-01 12:27:22.312 26603 26768 I ProviderInstaller: Installed default security provider GmsCore_OpenSSL
08-01 12:27:22.400  3686 23662 I PBSessionCacheImpl: Deleted sessionId[16212858774266640] from persistence.
08-01 12:27:22.406  3686  4185 W SearchServiceCore: Abort, client detached.
08-01 12:27:23.118  1059 26779 E ResolverController: No valid NAT64 prefix (101, <unspecified>/0)
08-01 12:27:23.342 26603 26603 W YTPL.mediasession: MediaSession setActive(true)
08-01 12:27:23.367 26603 26603 E YT.mlplayer: MedialibPlayer.stopVideo()
08-01 12:27:23.402 26603 26603 W VideoCapabilities: Unrecognized profile/level 0/3 for video/mpeg2
08-01 12:27:23.445 26603 26603 W YouTubeMusic: Failed to set parent screen
08-01 12:27:23.538  2220  2303 I system_server: NativeAlloc concurrent copying GC freed 333996(13MB) AllocSpace objects, 36(1368KB) LOS objects, 42% free, 23MB/40MB, paused 145us total 188.862ms
08-01 12:27:23.556 26603 26696 W YT.mediacache: Unable to sniff SegmentMap extractor [CONTEXT ratelimit_period="5000 MILLISECONDS" ]
08-01 12:27:23.701 26603 26746 D StrictMode: StrictMode policy violation: android.os.strictmode.DiskReadViolation
08-01 12:27:23.701 26603 26746 D StrictMode: 	at android.os.StrictMode$AndroidBlockGuardPolicy.onReadFromDisk(StrictMode.java:1571)
08-01 12:27:23.701 26603 26746 D StrictMode: 	at libcore.io.BlockGuardOs.open(BlockGuardOs.java:247)
08-01 12:27:23.701 26603 26746 D StrictMode: 	at libcore.io.ForwardingOs.open(ForwardingOs.java:167)
08-01 12:27:23.701 26603 26746 D StrictMode: 	at android.app.ActivityThread$AndroidOs.open(ActivityThread.java:7512)
08-01 12:27:23.701 26603 26746 D StrictMode: 	at libcore.io.IoUtils.canOpenReadOnly(IoUtils.java:288)
08-01 12:27:23.701 26603 26746 D StrictMode: 	at dalvik.system.DexPathList$NativeLibraryElement.findNativeLibrary(DexPathList.java:889)
08-01 12:27:23.701 26603 26746 D StrictMode: 	at dalvik.system.DexPathList.findLibrary(DexPathList.java:600)
08-01 12:27:23.701 26603 26746 D StrictMode: 	at dalvik.system.BaseDexClassLoader.findLibrary(BaseDexClassLoader.java:270)
08-01 12:27:23.701 26603 26746 D StrictMode: 	at java.lang.Runtime.loadLibrary0(Runtime.java:1060)
08-01 12:27:23.701 26603 26746 D StrictMode: 	at java.lang.Runtime.loadLibrary0(Runtime.java:1007)
08-01 12:27:23.701 26603 26746 D StrictMode: 	at java.lang.System.loadLibrary(System.java:1667)
08-01 12:27:23.701 26603 26746 D StrictMode: 	at fal.c(PG:2)
08-01 12:27:23.701 26603 26746 D StrictMode: 	at wur.a(PG:7)
08-01 12:27:23.701 26603 26746 D StrictMode: 	at fxw.a(PG:1)
08-01 12:27:23.701 26603 26746 D StrictMode: 	at aluk.b(PG:8)
08-01 12:27:23.701 26603 26746 D StrictMode: 	at aluk.c(PG:5)
08-01 12:27:23.701 26603 26746 D StrictMode: 	at aluk.a(PG:1)
08-01 12:27:23.701 26603 26746 D StrictMode: 	at agvu.run(PG:1)
08-01 12:27:23.701 26603 26746 D StrictMode: 	at qlc.run(PG:1)
08-01 12:27:23.701 26603 26746 D StrictMode: 	at java.util.concurrent.ThreadPoolExecutor.runWorker(ThreadPoolExecutor.java:1167)
08-01 12:27:23.701 26603 26746 D StrictMode: 	at java.util.concurrent.ThreadPoolExecutor$Worker.run(ThreadPoolExecutor.java:641)
08-01 12:27:23.701 26603 26746 D StrictMode: 	at qke.run(PG:2)
08-01 12:27:23.701 26603 26746 D StrictMode: 	at qko.run(PG:4)
08-01 12:27:23.701 26603 26746 D StrictMode: 	at java.lang.Thread.run(Thread.java:919)
08-01 12:27:24.187 26603 26615 I s.youtube.musi: Background concurrent copying GC freed 713781(20MB) AllocSpace objects, 68(4016KB) LOS objects, 50% free, 21MB/42MB, paused 200us total 151.811ms
08-01 12:27:24.190 26603 26617 W System  : A resource failed to call end. 
08-01 12:27:24.258 21337 21399 D HeadsetService:  isAudioOn: The number of audio connected devices 0
08-01 12:27:24.258 21337 21399 I Avrcp_ext: updatePlayStatusForDevice: device: null
08-01 12:27:24.258 21337 21399 V Avrcp_ext: updatePlaybackState (1): old=PlaybackState {state=0, position=0, buffered position=0, speed=1.0, updated=2720357, actions=11828, custom actions=[], active item id=-1, error=null}(0), new=PlaybackState {state=0, position=0, buffered position=0, speed=1.0, updated=2720357, actions=11828, custom actions=[], active item id=-1, error=null}(0)
08-01 12:27:24.258 21337 21399 I Avrcp_ext: Exit updatePlayStatusForDevice
08-01 12:27:24.258 21337 21399 D Avrcp_ext: Enter sendPlayPosNotificationRsp
08-01 12:27:24.258 21337 21399 D Avrcp_ext: sendPlayPosNotificationRsp: Not registered or requesting.
08-01 12:27:24.258 21337 21399 D Avrcp_ext: Enter sendPlayPosNotificationRsp
08-01 12:27:24.258 21337 21399 D Avrcp_ext: sendPlayPosNotificationRsp: Not registered or requesting.
08-01 12:27:24.258 21337 21399 D Avrcp_ext: Enter sendPlayPosNotificationRsp
08-01 12:27:24.258 21337 21399 D Avrcp_ext: sendPlayPosNotificationRsp: Not registered or requesting.
08-01 12:27:24.258 21337 21399 D Avrcp_ext: Enter sendPlayPosNotificationRsp
08-01 12:27:24.258 21337 21399 D Avrcp_ext: sendPlayPosNotificationRsp: Not registered or requesting.
08-01 12:27:24.258 21337 21399 D Avrcp_ext: Enter sendPlayPosNotificationRsp
08-01 12:27:24.258 21337 21399 D Avrcp_ext: sendPlayPosNotificationRsp: Not registered or requesting.
08-01 12:27:24.258 21337 21399 V Avrcp_ext: Exit updatePlayerStateAndPosition
08-01 12:27:24.258 21337 21399 V Avrcp_ext: Exit handleMessage
08-01 12:27:24.258 21337 21399 V Avrcp_ext: onMetadataChanged
08-01 12:27:24.263 21337 21399 V Avrcp_ext: updateCurrentMediaState: mMediaController: MediaController (com.google.android.apps.youtube.music@91992a7) Ma Ma Mahesha, Jonita Gandhi, S. S. Thaman & Srikrishna Vishnubhotla, Jonita Gandhi, S. S. Thaman & Srikrishna Vishnubhotla
08-01 12:27:24.264 21337 21399 V Avrcp_ext: isMusicActive: false getBluetoothPlayState: 0
08-01 12:27:24.264 21337 21399 V Avrcp_ext: updateCurrentMediaState: get media attributes: 
08-01 12:27:24.269 21337 21399 D Avrcp_ext: overwrite album_artist :Jonita Gandhi, S. S. Thaman & Srikrishna Vishnubhotlaif album is blank
08-01 12:27:24.269 21337 21399 D Avrcp_ext:  albumName :Jonita Gandhi, S. S. Thaman & Srikrishna Vishnubhotla device :null
08-01 12:27:24.275 21337 21399 I Avrcp_ext: Skipping update due to invalid playback state
08-01 12:27:24.276 21337 21399 V Avrcp_ext: updatePlaybackState, state: PlaybackState {state=0, position=0, buffered position=0, speed=1.0, updated=2720357, actions=11828, custom actions=[], active item id=-1, error=null} device: null
08-01 12:27:24.276 21337 21399 V Avrcp_ext: Device: no name: 
08-01 12:27:24.276 21337 21399 V Avrcp_ext: Device: no name: 
08-01 12:27:24.276 21337 21399 V Avrcp_ext: updatePlayerStateAndPosition, old=PlaybackState {state=0, position=0, buffered position=0, speed=1.0, updated=2720357, actions=11828, custom actions=[], active item id=-1, error=null}, state=PlaybackState {state=0, position=0, buffered position=0, speed=1.0, updated=2720357, actions=11828, custom actions=[], active item id=-1, error=null}
08-01 12:27:24.276 21337 21399 V Avrcp_ext: old state = PlaybackState {state=0, position=0, buffered position=0, speed=1.0, updated=2720357, actions=11828, custom actions=[], active item id=-1, error=null}, new state= PlaybackState {state=0, position=0, buffered position=0, speed=1.0, updated=2720357, actions=11828, custom actions=[], active item id=-1, error=null}
08-01 12:27:24.277 21337 21399 D HeadsetService: getHeadsetService(): returning com.android.bluetooth.hfp.HeadsetService@786258b
08-01 12:27:24.277 21337 21399 D HeadsetService:  isAudioOn: The number of audio connected devices 0
08-01 12:27:24.277 21337 21399 D HeadsetService: isScoOrCallActive(): Call Active:falseCall is Ringing:falseSCO is Active:false
08-01 12:27:24.278 21337 21399 D HeadsetService:  isAudioOn: The number of audio connected devices 0
08-01 12:27:24.278 21337 21399 I Avrcp_ext: updatePlayStatusForDevice: device: null
08-01 12:27:24.278 21337 21399 V Avrcp_ext: updatePlaybackState (1): old=PlaybackState {state=0, position=0, buffered position=0, speed=1.0, updated=2720357, actions=11828, custom actions=[], active item id=-1, error=null}(0), new=PlaybackState {state=0, position=0, buffered position=0, speed=1.0, updated=2720357, actions=11828, custom actions=[], active item id=-1, error=null}(0)
08-01 12:27:24.278 21337 21399 I Avrcp_ext: Exit updatePlayStatusForDevice
08-01 12:27:24.278 21337 21399 D HeadsetService:  isAudioOn: The number of audio connected devices 0
08-01 12:27:24.278 21337 21399 D HeadsetService: isScoOrCallActive(): Call Active:falseCall is Ringing:falseSCO is Active:false
08-01 12:27:24.278 21337 21399 D HeadsetService:  isAudioOn: The number of audio connected devices 0
08-01 12:27:24.278 21337 21399 I Avrcp_ext: updatePlayStatusForDevice: device: null
08-01 12:27:24.279 21337 21399 V Avrcp_ext: updatePlaybackState (1): old=PlaybackState {state=0, position=0, buffered position=0, speed=1.0, updated=2720357, actions=11828, custom actions=[], active item id=-1, error=null}(0), new=PlaybackState {state=0, position=0, buffered position=0, speed=1.0, updated=2720357, actions=11828, custom actions=[], active item id=-1, error=null}(0)
08-01 12:27:24.279 21337 21399 I Avrcp_ext: Exit updatePlayStatusForDevice
08-01 12:27:24.279 21337 21399 D HeadsetService:  isAudioOn: The number of audio connected devices 0
08-01 12:27:24.279 21337 21399 D HeadsetService: isScoOrCallActive(): Call Active:falseCall is Ringing:falseSCO is Active:false
08-01 12:27:24.279 21337 21399 D HeadsetService:  isAudioOn: The number of audio connected devices 0
08-01 12:27:24.279 21337 21399 I Avrcp_ext: updatePlayStatusForDevice: device: null
08-01 12:27:24.279 21337 21399 V Avrcp_ext: updatePlaybackState (1): old=PlaybackState {state=0, position=0, buffered position=0, speed=1.0, updated=2720357, actions=11828, custom actions=[], active item id=-1, error=null}(0), new=PlaybackState {state=0, position=0, buffered position=0, speed=1.0, updated=2720357, actions=11828, custom actions=[], active item id=-1, error=null}(0)
08-01 12:27:24.279 21337 21399 I Avrcp_ext: Exit updatePlayStatusForDevice
08-01 12:27:24.279 21337 21399 D HeadsetService:  isAudioOn: The number of audio connected devices 0
08-01 12:27:24.279 21337 21399 D HeadsetService: isScoOrCallActive(): Call Active:falseCall is Ringing:falseSCO is Active:false
08-01 12:27:24.279 21337 21399 D HeadsetService:  isAudioOn: The number of audio connected devices 0
08-01 12:27:24.279 21337 21399 I Avrcp_ext: updatePlayStatusForDevice: device: null
08-01 12:27:24.279 21337 21399 V Avrcp_ext: updatePlaybackState (1): old=PlaybackState {state=0, position=0, buffered position=0, speed=1.0, updated=2720357, actions=11828, custom actions=[], active item id=-1, error=null}(0), new=PlaybackState {state=0, position=0, buffered position=0, speed=1.0, updated=2720357, actions=11828, custom actions=[], active item id=-1, error=null}(0)
08-01 12:27:24.279 21337 21399 I Avrcp_ext: Exit updatePlayStatusForDevice
08-01 12:27:24.279 21337 21399 D HeadsetService:  isAudioOn: The number of audio connected devices 0
08-01 12:27:24.279 21337 21399 D HeadsetService: isScoOrCallActive(): Call Active:falseCall is Ringing:falseSCO is Active:false
08-01 12:27:24.280 21337 21399 D HeadsetService:  isAudioOn: The number of audio connected devices 0
08-01 12:27:24.280 21337 21399 I Avrcp_ext: updatePlayStatusForDevice: device: null
08-01 12:27:24.280 21337 21399 V Avrcp_ext: updatePlaybackState (1): old=PlaybackState {state=0, position=0, buffered position=0, speed=1.0, updated=2720357, actions=11828, custom actions=[], active item id=-1, error=null}(0), new=PlaybackState {state=0, position=0, buffered position=0, speed=1.0, updated=2720357, actions=11828, custom actions=[], active item id=-1, error=null}(0)
08-01 12:27:24.280 21337 21399 I Avrcp_ext: Exit updatePlayStatusForDevice
08-01 12:27:24.280 21337 21399 D Avrcp_ext: Enter sendPlayPosNotificationRsp
08-01 12:27:24.280 21337 21399 D Avrcp_ext: sendPlayPosNotificationRsp: Not registered or requesting.
08-01 12:27:24.280 21337 21399 D Avrcp_ext: Enter sendPlayPosNotificationRsp
08-01 12:27:24.280 21337 21399 D Avrcp_ext: sendPlayPosNotificationRsp: Not registered or requesting.
08-01 12:27:24.280 21337 21399 D Avrcp_ext: Enter sendPlayPosNotificationRsp
08-01 12:27:24.280 21337 21399 D Avrcp_ext: sendPlayPosNotificationRsp: Not registered or requesting.
08-01 12:27:24.280 21337 21399 D Avrcp_ext: Enter sendPlayPosNotificationRsp
08-01 12:27:24.280 21337 21399 D Avrcp_ext: sendPlayPosNotificationRsp: Not registered or requesting.
08-01 12:27:24.280 21337 21399 D Avrcp_ext: Enter sendPlayPosNotificationRsp
08-01 12:27:24.280 21337 21399 D Avrcp_ext: sendPlayPosNotificationRsp: Not registered or requesting.
08-01 12:27:24.280 21337 21399 V Avrcp_ext: Exit updatePlayerStateAndPosition
08-01 12:27:24.335 21337 21399 V Avrcp_ext: onPlaybackStateChanged: state PlaybackState {state=2, position=0, buffered position=0, speed=1.0, updated=2722536, actions=12215, custom actions=[Action:mName='Repeat off, mIcon=2131231884, mExtras=null, Action:mName='Shuffle off, mIcon=2131231911, mExtras=null, Action:mName='Dislike, mIcon=2131232104, mExtras=null, Action:mName='Like, mIcon=2131232108, mExtras=null], active item id=1, error=null}
08-01 12:27:24.345 21337 21399 V Avrcp_ext: updateCurrentMediaState: mMediaController: MediaController (com.google.android.apps.youtube.music@91992a7) Ma Ma Mahesha, Jonita Gandhi, S. S. Thaman & Srikrishna Vishnubhotla, Jonita Gandhi, S. S. Thaman & Srikrishna Vishnubhotla
08-01 12:27:24.346 21337 21399 V Avrcp_ext: isMusicActive: false getBluetoothPlayState: 0
08-01 12:27:24.347 21337 21399 V Avrcp_ext: updateCurrentMediaState: get media attributes: 
08-01 12:27:24.355 21337 21399 D Avrcp_ext: overwrite album_artist :Jonita Gandhi, S. S. Thaman & Srikrishna Vishnubhotlaif album is blank
08-01 12:27:24.355 21337 21399 D Avrcp_ext:  albumName :Jonita Gandhi, S. S. Thaman & Srikrishna Vishnubhotla device :null
08-01 12:27:24.364 21337 21399 V Avrcp_ext: Media update: id -11? [MediaAttributes: Ma - Ja by Ja (254000 0/0) ] : [MediaAttributes: none]
08-01 12:27:24.365 21337 21399 V Avrcp_ext: newPlayStatus:2mReportedPlayStatus:-1
08-01 12:27:24.365 21337 21399 V Avrcp_ext: Send track changed
