07-28 12:26:26.259     0     0 W healthd : battery l=100 v=5000 t=25.0 h=2 st=4 c=900000 fc=300000 cc=10 chg=
07-28 12:26:57.951   952   968 W m.android.phon: Reducing the number of considered missed Gc histogram windows from 212 to 100
07-28 12:26:57.973   952   970 W System  : A resource failed to call close. 
07-28 12:26:57.973   952   970 W System  : A resource failed to call end. 
07-28 12:26:57.973   952   970 W System  : A resource failed to call end. 
07-28 12:27:00.005   711   711 D KeyguardClockSwitch: Updating clock: 1227
07-28 12:27:17.900   475   475 E netmgr  : qemu_pipe_open_ns:62: Could not connect to the 'pipe:qemud:network' service: Invalid argument
07-28 12:27:17.900   475   475 E netmgr  : Failed to open QEMU pipe 'qemud:network': Invalid argument
07-28 12:27:18.175   487   487 E wifi_forwarder: qemu_pipe_open_ns:62: Could not connect to the 'pipe:qemud:wififorward' service: Invalid argument
07-28 12:27:18.175   487   487 E wifi_forwarder: RemoteConnection failed to initialize: RemoteConnection failed to open pipe
07-28 12:28:00.005   711   711 D KeyguardClockSwitch: Updating clock: 1228
07-28 12:28:17.932   475   475 E netmgr  : qemu_pipe_open_ns:62: Could not connect to the 'pipe:qemud:network' service: Invalid argument
07-28 12:28:17.932   475   475 E netmgr  : Failed to open QEMU pipe 'qemud:network': Invalid argument
07-28 12:28:18.181   487   487 E wifi_forwarder: qemu_pipe_open_ns:62: Could not connect to the 'pipe:qemud:wififorward' service: Invalid argument
07-28 12:28:18.181   487   487 E wifi_forwarder: RemoteConnection failed to initialize: RemoteConnection failed to open pipe
07-28 12:28:26.269     0     0 W healthd : battery l=100 v=5000 t=25.0 h=2 st=4 c=900000 fc=300000 cc=10 chg=
07-28 12:28:28.082   527  3149 D WifiNl80211Manager: Scan result ready event
07-28 12:28:28.082   527  3149 D WifiNative: Scan result ready event
07-28 12:28:45.281   208   210 E android.system.suspend@1.0-service: Error opening kernel wakelock stats for: wakeup34: Permission denied
07-28 12:28:45.276   208   208 W Binder:208_1: type=1400 audit(0.0:148): avc: denied { read } for name="wakeup34" dev="sysfs" ino=18950 scontext=u:r:system_suspend:s0 tcontext=u:object_r:sysfs:s0 tclass=dir permissive=0
07-28 12:28:45.283   208   210 E android.system.suspend@1.0-service: Error opening kernel wakelock stats for: wakeup35: Permission denied
07-28 12:28:45.280   208   208 W Binder:208_1: type=1400 audit(0.0:149): avc: denied { read } for name="wakeup35" dev="sysfs" ino=19013 scontext=u:r:system_suspend:s0 tcontext=u:object_r:sysfs:s0 tclass=dir permissive=0
07-28 12:28:48.630   527  4174 D WifiNl80211Manager: Scan result ready event
07-28 12:28:48.630   527  4174 D WifiNative: Scan result ready event
07-28 12:29:00.004   711   711 D KeyguardClockSwitch: Updating clock: 1229
07-28 12:29:00.373   208   210 E android.system.suspend@1.0-service: Error opening kernel wakelock stats for: wakeup34: Permission denied
07-28 12:29:00.368   208   208 W Binder:208_1: type=1400 audit(0.0:150): avc: denied { read } for name="wakeup34" dev="sysfs" ino=18950 scontext=u:r:system_suspend:s0 tcontext=u:object_r:sysfs:s0 tclass=dir permissive=0
07-28 12:29:00.378   208   210 E android.system.suspend@1.0-service: Error opening kernel wakelock stats for: wakeup35: Permission denied
07-28 12:29:00.376   208   208 W Binder:208_1: type=1400 audit(0.0:151): avc: denied { read } for name="wakeup35" dev="sysfs" ino=19013 scontext=u:r:system_suspend:s0 tcontext=u:object_r:sysfs:s0 tclass=dir permissive=0
07-28 12:29:17.936   475   475 E netmgr  : qemu_pipe_open_ns:62: Could not connect to the 'pipe:qemud:network' service: Invalid argument
07-28 12:29:17.936   475   475 E netmgr  : Failed to open QEMU pipe 'qemud:network': Invalid argument
07-28 12:29:18.241   487   487 E wifi_forwarder: qemu_pipe_open_ns:62: Could not connect to the 'pipe:qemud:wififorward' service: Invalid argument
07-28 12:29:18.241   487   487 E wifi_forwarder: RemoteConnection failed to initialize: RemoteConnection failed to open pipe
07-28 12:29:46.261   208   210 E android.system.suspend@1.0-service: Error opening kernel wakelock stats for: wakeup34: Permission denied
07-28 12:29:46.256   208   208 W Binder:208_1: type=1400 audit(0.0:152): avc: denied { read } for name="wakeup34" dev="sysfs" ino=18950 scontext=u:r:system_suspend:s0 tcontext=u:object_r:sysfs:s0 tclass=dir permissive=0
07-28 12:29:46.265   208   210 E android.system.suspend@1.0-service: Error opening kernel wakelock stats for: wakeup35: Permission denied
07-28 12:29:46.264   208   208 W Binder:208_1: type=1400 audit(0.0:153): avc: denied { read } for name="wakeup35" dev="sysfs" ino=19013 scontext=u:r:system_suspend:s0 tcontext=u:object_r:sysfs:s0 tclass=dir permissive=0
07-28 12:30:00.006   711   711 D KeyguardClockSwitch: Updating clock: 1230
07-28 12:30:01.303   208   210 E android.system.suspend@1.0-service: Error opening kernel wakelock stats for: wakeup34: Permission denied
07-28 12:30:01.300   208   208 W Binder:208_1: type=1400 audit(0.0:154): avc: denied { read } for name="wakeup34" dev="sysfs" ino=18950 scontext=u:r:system_suspend:s0 tcontext=u:object_r:sysfs:s0 tclass=dir permissive=0
07-28 12:30:01.306   208   210 E android.system.suspend@1.0-service: Error opening kernel wakelock stats for: wakeup35: Permission denied
07-28 12:30:01.304   208   208 W Binder:208_1: type=1400 audit(0.0:155): avc: denied { read } for name="wakeup35" dev="sysfs" ino=19013 scontext=u:r:system_suspend:s0 tcontext=u:object_r:sysfs:s0 tclass=dir permissive=0
07-28 12:30:17.970   475   475 E netmgr  : qemu_pipe_open_ns:62: Could not connect to the 'pipe:qemud:network' service: Invalid argument
07-28 12:30:17.970   475   475 E netmgr  : Failed to open QEMU pipe 'qemud:network': Invalid argument
07-28 12:30:18.270   487   487 E wifi_forwarder: qemu_pipe_open_ns:62: Could not connect to the 'pipe:qemud:wififorward' service: Invalid argument
07-28 12:30:18.270   487   487 E wifi_forwarder: RemoteConnection failed to initialize: RemoteConnection failed to open pipe
07-28 12:30:31.180   208   210 E android.system.suspend@1.0-service: Error opening kernel wakelock stats for: wakeup34: Permission denied
07-28 12:30:31.176   208   208 W Binder:208_1: type=1400 audit(0.0:156): avc: denied { read } for name="wakeup34" dev="sysfs" ino=18950 scontext=u:r:system_suspend:s0 tcontext=u:object_r:sysfs:s0 tclass=dir permissive=0
07-28 12:30:31.184   208   210 E android.system.suspend@1.0-service: Error opening kernel wakelock stats for: wakeup35: Permission denied
07-28 12:30:31.180   208   208 W Binder:208_1: type=1400 audit(0.0:157): avc: denied { read } for name="wakeup35" dev="sysfs" ino=19013 scontext=u:r:system_suspend:s0 tcontext=u:object_r:sysfs:s0 tclass=dir permissive=0
07-28 12:30:46.364   208   210 E android.system.suspend@1.0-service: Error opening kernel wakelock stats for: wakeup34: Permission denied
07-28 12:30:46.360   208   208 W Binder:208_1: type=1400 audit(0.0:158): avc: denied { read } for name="wakeup34" dev="sysfs" ino=18950 scontext=u:r:system_suspend:s0 tcontext=u:object_r:sysfs:s0 tclass=dir permissive=0
07-28 12:30:46.367   208   210 E android.system.suspend@1.0-service: Error opening kernel wakelock stats for: wakeup35: Permission denied
07-28 12:30:46.364   208   208 W Binder:208_1: type=1400 audit(0.0:159): avc: denied { read } for name="wakeup35" dev="sysfs" ino=19013 scontext=u:r:system_suspend:s0 tcontext=u:object_r:sysfs:s0 tclass=dir permissive=0
07-28 12:31:00.005   711   711 D KeyguardClockSwitch: Updating clock: 1231
07-28 12:31:08.083   527  3149 D WifiNl80211Manager: Scan result ready event
07-28 12:31:08.083   527  3149 D WifiNative: Scan result ready event
07-28 12:31:15.868     0     0 W healthd : battery l=100 v=5000 t=25.0 h=2 st=4 c=900000 fc=300000 cc=10 chg=
07-28 12:31:18.023   475   475 E netmgr  : qemu_pipe_open_ns:62: Could not connect to the 'pipe:qemud:network' service: Invalid argument
07-28 12:31:18.023   475   475 E netmgr  : Failed to open QEMU pipe 'qemud:network': Invalid argument
07-28 12:31:18.301   487   487 E wifi_forwarder: qemu_pipe_open_ns:62: Could not connect to the 'pipe:qemud:wififorward' service: Invalid argument
07-28 12:31:18.301   487   487 E wifi_forwarder: RemoteConnection failed to initialize: RemoteConnection failed to open pipe
07-28 12:31:27.859   527   564 I UsageStatsService: User[0] Flushing usage stats to disk
07-28 12:32:00.004   711   711 D KeyguardClockSwitch: Updating clock: 1232
07-28 12:32:18.086   475   475 E netmgr  : qemu_pipe_open_ns:62: Could not connect to the 'pipe:qemud:network' service: Invalid argument
07-28 12:32:18.086   475   475 E netmgr  : Failed to open QEMU pipe 'qemud:network': Invalid argument
07-28 12:32:18.309   487   487 E wifi_forwarder: qemu_pipe_open_ns:62: Could not connect to the 'pipe:qemud:wififorward' service: Invalid argument
07-28 12:32:18.309   487   487 E wifi_forwarder: RemoteConnection failed to initialize: RemoteConnection failed to open pipe
07-28 12:32:26.285     0     0 W healthd : battery l=100 v=5000 t=25.0 h=2 st=4 c=900000 fc=300000 cc=10 chg=
07-28 12:33:00.004   711   711 D KeyguardClockSwitch: Updating clock: 1233
07-28 12:33:18.114   475   475 E netmgr  : qemu_pipe_open_ns:62: Could not connect to the 'pipe:qemud:network' service: Invalid argument
07-28 12:33:18.114   475   475 E netmgr  : Failed to open QEMU pipe 'qemud:network': Invalid argument
07-28 12:33:18.362   487   487 E wifi_forwarder: qemu_pipe_open_ns:62: Could not connect to the 'pipe:qemud:wififorward' service: Invalid argument
07-28 12:33:18.363   487   487 E wifi_forwarder: RemoteConnection failed to initialize: RemoteConnection failed to open pipe
07-28 12:33:48.087   527  3149 D WifiNl80211Manager: Scan result ready event
07-28 12:33:48.087   527  3149 D WifiNative: Scan result ready event
07-28 12:34:00.003   711   711 D KeyguardClockSwitch: Updating clock: 1234
07-28 12:34:18.145   475   475 E netmgr  : qemu_pipe_open_ns:62: Could not connect to the 'pipe:qemud:network' service: Invalid argument
07-28 12:34:18.146   475   475 E netmgr  : Failed to open QEMU pipe 'qemud:network': Invalid argument
07-28 12:34:18.369   487   487 E wifi_forwarder: qemu_pipe_open_ns:62: Could not connect to the 'pipe:qemud:wififorward' service: Invalid argument
07-28 12:34:18.369   487   487 E wifi_forwarder: RemoteConnection failed to initialize: RemoteConnection failed to open pipe
07-28 12:34:26.301     0     0 W healthd : battery l=100 v=5000 t=25.0 h=2 st=4 c=900000 fc=300000 cc=10 chg=
07-28 12:34:55.489   208   210 E android.system.suspend@1.0-service: Error opening kernel wakelock stats for: wakeup34: Permission denied
07-28 12:34:55.484   208   208 W Binder:208_1: type=1400 audit(0.0:160): avc: denied { read } for name="wakeup34" dev="sysfs" ino=18950 scontext=u:r:system_suspend:s0 tcontext=u:object_r:sysfs:s0 tclass=dir permissive=0
07-28 12:34:55.494   208   210 E android.system.suspend@1.0-service: Error opening kernel wakelock stats for: wakeup35: Permission denied
07-28 12:34:55.492   208   208 W Binder:208_1: type=1400 audit(0.0:161): avc: denied { read } for name="wakeup35" dev="sysfs" ino=19013 scontext=u:r:system_suspend:s0 tcontext=u:object_r:sysfs:s0 tclass=dir permissive=0
07-28 12:35:00.005   711   711 D KeyguardClockSwitch: Updating clock: 1235
07-28 12:35:10.548   208   210 E android.system.suspend@1.0-service: Error opening kernel wakelock stats for: wakeup34: Permission denied
07-28 12:35:10.544   208   208 W Binder:208_1: type=1400 audit(0.0:162): avc: denied { read } for name="wakeup34" dev="sysfs" ino=18950 scontext=u:r:system_suspend:s0 tcontext=u:object_r:sysfs:s0 tclass=dir permissive=0
07-28 12:35:10.552   208   210 E android.system.suspend@1.0-service: Error opening kernel wakelock stats for: wakeup35: Permission denied
07-28 12:35:10.548   208   208 W Binder:208_1: type=1400 audit(0.0:163): avc: denied { read } for name="wakeup35" dev="sysfs" ino=19013 scontext=u:r:system_suspend:s0 tcontext=u:object_r:sysfs:s0 tclass=dir permissive=0
07-28 12:35:18.207   475   475 E netmgr  : qemu_pipe_open_ns:62: Could not connect to the 'pipe:qemud:network' service: Invalid argument
07-28 12:35:18.207   475   475 E netmgr  : Failed to open QEMU pipe 'qemud:network': Invalid argument
07-28 12:35:18.429   487   487 E wifi_forwarder: qemu_pipe_open_ns:62: Could not connect to the 'pipe:qemud:wififorward' service: Invalid argument
07-28 12:35:18.429   487   487 E wifi_forwarder: RemoteConnection failed to initialize: RemoteConnection failed to open pipe
07-28 12:36:00.002   711   711 D KeyguardClockSwitch: Updating clock: 1236
07-28 12:36:18.222   475   475 E netmgr  : qemu_pipe_open_ns:62: Could not connect to the 'pipe:qemud:network' service: Invalid argument
07-28 12:36:18.222   475   475 E netmgr  : Failed to open QEMU pipe 'qemud:network': Invalid argument
07-28 12:36:18.490   487   487 E wifi_forwarder: qemu_pipe_open_ns:62: Could not connect to the 'pipe:qemud:wififorward' service: Invalid argument
07-28 12:36:18.490   487   487 E wifi_forwarder: RemoteConnection failed to initialize: RemoteConnection failed to open pipe
07-28 12:36:28.086   527  1105 D WifiNl80211Manager: Scan result ready event
07-28 12:36:28.086   527  1105 D WifiNative: Scan result ready event
07-28 12:37:00.002   711   711 D KeyguardClockSwitch: Updating clock: 1237
07-28 12:37:08.792     0     0 D logd    : logdr: UID=2000 GID=2000 PID=4747 n tail=0 logMask=99 pid=0 start=0ns timeout=0ns
