07-28 12:26:26.259     0     0 W healthd : battery l=100 v=5000 t=25.0 h=2 st=4 c=900000 fc=300000 cc=10 chg=
07-28 12:26:57.951   952   968 W m.android.phon: Reducing the number of considered missed Gc histogram windows from 212 to 100
07-28 12:26:57.973   952   970 W System  : A resource failed to call close. 
07-28 12:26:57.973   952   970 W System  : A resource failed to call end. 
07-28 12:26:57.973   952   970 W System  : A resource failed to call end. 
07-28 12:27:00.005   711   711 D KeyguardClockSwitch: Updating clock: 1227
07-28 12:27:17.900   475   475 E netmgr  : qemu_pipe_open_ns:62: Could not connect to the 'pipe:qemud:network' service: Invalid argument
07-28 12:27:17.900   475   475 E netmgr  : Failed to open QEMU pipe 'qemud:network': Invalid argument
07-28 12:27:18.175   487   487 E wifi_forwarder: qemu_pipe_open_ns:62: Could not connect to the 'pipe:qemud:wififorward' service: Invalid argument
07-28 12:27:18.175   487   487 E wifi_forwarder: RemoteConnection failed to initialize: RemoteConnection failed to open pipe
07-28 12:28:00.005   711   711 D KeyguardClockSwitch: Updating clock: 1228
07-28 12:28:17.932   475   475 E netmgr  : qemu_pipe_open_ns:62: Could not connect to the 'pipe:qemud:network' service: Invalid argument
07-28 12:28:17.932   475   475 E netmgr  : Failed to open QEMU pipe 'qemud:network': Invalid argument
07-28 12:28:18.181   487   487 E wifi_forwarder: qemu_pipe_open_ns:62: Could not connect to the 'pipe:qemud:wififorward' service: Invalid argument
07-28 12:28:18.181   487   487 E wifi_forwarder: RemoteConnection failed to initialize: RemoteConnection failed to open pipe
07-28 12:28:26.269     0     0 W healthd : battery l=100 v=5000 t=25.0 h=2 st=4 c=900000 fc=300000 cc=10 chg=
07-28 12:28:28.082   527  3149 D WifiNl80211Manager: Scan result ready event
07-28 12:28:28.082   527  3149 D WifiNative: Scan result ready event
07-28 12:28:45.281   208   210 E android.system.suspend@1.0-service: Error opening kernel wakelock stats for: wakeup34: Permission denied
07-28 12:28:45.276   208   208 W Binder:208_1: type=1400 audit(0.0:148): avc: denied { read } for name="wakeup34" dev="sysfs" ino=18950 scontext=u:r:system_suspend:s0 tcontext=u:object_r:sysfs:s0 tclass=dir permissive=0
07-28 12:28:45.283   208   210 E android.system.suspend@1.0-service: Error opening kernel wakelock stats for: wakeup35: Permission denied
07-28 12:28:45.280   208   208 W Binder:208_1: type=1400 audit(0.0:149): avc: denied { read } for name="wakeup35" dev="sysfs" ino=19013 scontext=u:r:system_suspend:s0 tcontext=u:object_r:sysfs:s0 tclass=dir permissive=0
07-28 12:28:48.630   527  4174 D WifiNl80211Manager: Scan result ready event
07-28 12:28:48.630   527  4174 D WifiNative: Scan result ready event
07-28 12:29:00.004   711   711 D KeyguardClockSwitch: Updating clock: 1229
07-28 12:29:00.373   208   210 E android.system.suspend@1.0-service: Error opening kernel wakelock stats for: wakeup34: Permission denied
07-28 12:29:00.368   208   208 W Binder:208_1: type=1400 audit(0.0:150): avc: denied { read } for name="wakeup34" dev="sysfs" ino=18950 scontext=u:r:system_suspend:s0 tcontext=u:object_r:sysfs:s0 tclass=dir permissive=0
07-28 12:29:00.378   208   210 E android.system.suspend@1.0-service: Error opening kernel wakelock stats for: wakeup35: Permission denied
07-28 12:29:00.376   208   208 W Binder:208_1: type=1400 audit(0.0:151): avc: denied { read } for name="wakeup35" dev="sysfs" ino=19013 scontext=u:r:system_suspend:s0 tcontext=u:object_r:sysfs:s0 tclass=dir permissive=0
07-28 12:29:17.936   475   475 E netmgr  : qemu_pipe_open_ns:62: Could not connect to the 'pipe:qemud:network' service: Invalid argument
07-28 12:29:17.936   475   475 E netmgr  : Failed to open QEMU pipe 'qemud:network': Invalid argument
07-28 12:29:18.241   487   487 E wifi_forwarder: qemu_pipe_open_ns:62: Could not connect to the 'pipe:qemud:wififorward' service: Invalid argument
07-28 12:29:18.241   487   487 E wifi_forwarder: RemoteConnection failed to initialize: RemoteConnection failed to open pipe
07-28 12:29:46.261   208   210 E android.system.suspend@1.0-service: Error opening kernel wakelock stats for: wakeup34: Permission denied
07-28 12:29:46.256   208   208 W Binder:208_1: type=1400 audit(0.0:152): avc: denied { read } for name="wakeup34" dev="sysfs" ino=18950 scontext=u:r:system_suspend:s0 tcontext=u:object_r:sysfs:s0 tclass=dir permissive=0
07-28 12:29:46.265   208   210 E android.system.suspend@1.0-service: Error opening kernel wakelock stats for: wakeup35: Permission denied
07-28 12:29:46.264   208   208 W Binder:208_1: type=1400 audit(0.0:153): avc: denied { read } for name="wakeup35" dev="sysfs" ino=19013 scontext=u:r:system_suspend:s0 tcontext=u:object_r:sysfs:s0 tclass=dir permissive=0
07-28 12:30:00.006   711   711 D KeyguardClockSwitch: Updating clock: 1230
07-28 12:30:01.303   208   210 E android.system.suspend@1.0-service: Error opening kernel wakelock stats for: wakeup34: Permission denied
07-28 12:30:01.300   208   208 W Binder:208_1: type=1400 audit(0.0:154): avc: denied { read } for name="wakeup34" dev="sysfs" ino=18950 scontext=u:r:system_suspend:s0 tcontext=u:object_r:sysfs:s0 tclass=dir permissive=0
07-28 12:30:01.306   208   210 E android.system.suspend@1.0-service: Error opening kernel wakelock stats for: wakeup35: Permission denied
07-28 12:30:01.304   208   208 W Binder:208_1: type=1400 audit(0.0:155): avc: denied { read } for name="wakeup35" dev="sysfs" ino=19013 scontext=u:r:system_suspend:s0 tcontext=u:object_r:sysfs:s0 tclass=dir permissive=0
07-28 12:30:17.970   475   475 E netmgr  : qemu_pipe_open_ns:62: Could not connect to the 'pipe:qemud:network' service: Invalid argument
07-28 12:30:17.970   475   475 E netmgr  : Failed to open QEMU pipe 'qemud:network': Invalid argument
07-28 12:30:18.270   487   487 E wifi_forwarder: qemu_pipe_open_ns:62: Could not connect to the 'pipe:qemud:wififorward' service: Invalid argument
07-28 12:30:18.270   487   487 E wifi_forwarder: RemoteConnection failed to initialize: RemoteConnection failed to open pipe
07-28 12:30:31.180   208   210 E android.system.suspend@1.0-service: Error opening kernel wakelock stats for: wakeup34: Permission denied
07-28 12:30:31.176   208   208 W Binder:208_1: type=1400 audit(0.0:156): avc: denied { read } for name="wakeup34" dev="sysfs" ino=18950 scontext=u:r:system_suspend:s0 tcontext=u:object_r:sysfs:s0 tclass=dir permissive=0
07-28 12:30:31.184   208   210 E android.system.suspend@1.0-service: Error opening kernel wakelock stats for: wakeup35: Permission denied
07-28 12:30:31.180   208   208 W Binder:208_1: type=1400 audit(0.0:157): avc: denied { read } for name="wakeup35" dev="sysfs" ino=19013 scontext=u:r:system_suspend:s0 tcontext=u:object_r:sysfs:s0 tclass=dir permissive=0
07-28 12:30:46.364   208   210 E android.system.suspend@1.0-service: Error opening kernel wakelock stats for: wakeup34: Permission denied
07-28 12:30:46.360   208   208 W Binder:208_1: type=1400 audit(0.0:158): avc: denied { read } for name="wakeup34" dev="sysfs" ino=18950 scontext=u:r:system_suspend:s0 tcontext=u:object_r:sysfs:s0 tclass=dir permissive=0
07-28 12:30:46.367   208   210 E android.system.suspend@1.0-service: Error opening kernel wakelock stats for: wakeup35: Permission denied
07-28 12:30:46.364   208   208 W Binder:208_1: type=1400 audit(0.0:159): avc: denied { read } for name="wakeup35" dev="sysfs" ino=19013 scontext=u:r:system_suspend:s0 tcontext=u:object_r:sysfs:s0 tclass=dir permissive=0
07-28 12:31:00.005   711   711 D KeyguardClockSwitch: Updating clock: 1231
07-28 12:31:08.083   527  3149 D WifiNl80211Manager: Scan result ready event
07-28 12:31:08.083   527  3149 D WifiNative: Scan result ready event
07-28 12:31:15.868     0     0 W healthd : battery l=100 v=5000 t=25.0 h=2 st=4 c=900000 fc=300000 cc=10 chg=
07-28 12:31:18.023   475   475 E netmgr  : qemu_pipe_open_ns:62: Could not connect to the 'pipe:qemud:network' service: Invalid argument
07-28 12:31:18.023   475   475 E netmgr  : Failed to open QEMU pipe 'qemud:network': Invalid argument
07-28 12:31:18.301   487   487 E wifi_forwarder: qemu_pipe_open_ns:62: Could not connect to the 'pipe:qemud:wififorward' service: Invalid argument
07-28 12:31:18.301   487   487 E wifi_forwarder: RemoteConnection failed to initialize: RemoteConnection failed to open pipe
07-28 12:31:27.859   527   564 I UsageStatsService: User[0] Flushing usage stats to disk
07-28 12:32:00.004   711   711 D KeyguardClockSwitch: Updating clock: 1232
07-28 12:32:18.086   475   475 E netmgr  : qemu_pipe_open_ns:62: Could not connect to the 'pipe:qemud:network' service: Invalid argument
07-28 12:32:18.086   475   475 E netmgr  : Failed to open QEMU pipe 'qemud:network': Invalid argument
07-28 12:32:18.309   487   487 E wifi_forwarder: qemu_pipe_open_ns:62: Could not connect to the 'pipe:qemud:wififorward' service: Invalid argument
07-28 12:32:18.309   487   487 E wifi_forwarder: RemoteConnection failed to initialize: RemoteConnection failed to open pipe
07-28 12:32:26.285     0     0 W healthd : battery l=100 v=5000 t=25.0 h=2 st=4 c=900000 fc=300000 cc=10 chg=
07-28 12:33:00.004   711   711 D KeyguardClockSwitch: Updating clock: 1233
07-28 12:33:18.114   475   475 E netmgr  : qemu_pipe_open_ns:62: Could not connect to the 'pipe:qemud:network' service: Invalid argument
07-28 12:33:18.114   475   475 E netmgr  : Failed to open QEMU pipe 'qemud:network': Invalid argument
07-28 12:33:18.362   487   487 E wifi_forwarder: qemu_pipe_open_ns:62: Could not connect to the 'pipe:qemud:wififorward' service: Invalid argument
07-28 12:33:18.363   487   487 E wifi_forwarder: RemoteConnection failed to initialize: RemoteConnection failed to open pipe
07-28 12:33:48.087   527  3149 D WifiNl80211Manager: Scan result ready event
07-28 12:33:48.087   527  3149 D WifiNative: Scan result ready event
07-28 12:34:00.003   711   711 D KeyguardClockSwitch: Updating clock: 1234
07-28 12:34:18.145   475   475 E netmgr  : qemu_pipe_open_ns:62: Could not connect to the 'pipe:qemud:network' service: Invalid argument
07-28 12:34:18.146   475   475 E netmgr  : Failed to open QEMU pipe 'qemud:network': Invalid argument
07-28 12:34:18.369   487   487 E wifi_forwarder: qemu_pipe_open_ns:62: Could not connect to the 'pipe:qemud:wififorward' service: Invalid argument
07-28 12:34:18.369   487   487 E wifi_forwarder: RemoteConnection failed to initialize: RemoteConnection failed to open pipe
07-28 12:34:26.301     0     0 W healthd : battery l=100 v=5000 t=25.0 h=2 st=4 c=900000 fc=300000 cc=10 chg=
07-28 12:34:55.489   208   210 E android.system.suspend@1.0-service: Error opening kernel wakelock stats for: wakeup34: Permission denied
07-28 12:34:55.484   208   208 W Binder:208_1: type=1400 audit(0.0:160): avc: denied { read } for name="wakeup34" dev="sysfs" ino=18950 scontext=u:r:system_suspend:s0 tcontext=u:object_r:sysfs:s0 tclass=dir permissive=0
07-28 12:34:55.494   208   210 E android.system.suspend@1.0-service: Error opening kernel wakelock stats for: wakeup35: Permission denied
07-28 12:34:55.492   208   208 W Binder:208_1: type=1400 audit(0.0:161): avc: denied { read } for name="wakeup35" dev="sysfs" ino=19013 scontext=u:r:system_suspend:s0 tcontext=u:object_r:sysfs:s0 tclass=dir permissive=0
07-28 12:35:00.005   711   711 D KeyguardClockSwitch: Updating clock: 1235
07-28 12:35:10.548   208   210 E android.system.suspend@1.0-service: Error opening kernel wakelock stats for: wakeup34: Permission denied
07-28 12:35:10.544   208   208 W Binder:208_1: type=1400 audit(0.0:162): avc: denied { read } for name="wakeup34" dev="sysfs" ino=18950 scontext=u:r:system_suspend:s0 tcontext=u:object_r:sysfs:s0 tclass=dir permissive=0
07-28 12:35:10.552   208   210 E android.system.suspend@1.0-service: Error opening kernel wakelock stats for: wakeup35: Permission denied
07-28 12:35:10.548   208   208 W Binder:208_1: type=1400 audit(0.0:163): avc: denied { read } for name="wakeup35" dev="sysfs" ino=19013 scontext=u:r:system_suspend:s0 tcontext=u:object_r:sysfs:s0 tclass=dir permissive=0
07-28 12:35:18.207   475   475 E netmgr  : qemu_pipe_open_ns:62: Could not connect to the 'pipe:qemud:network' service: Invalid argument
07-28 12:35:18.207   475   475 E netmgr  : Failed to open QEMU pipe 'qemud:network': Invalid argument
07-28 12:35:18.429   487   487 E wifi_forwarder: qemu_pipe_open_ns:62: Could not connect to the 'pipe:qemud:wififorward' service: Invalid argument
07-28 12:35:18.429   487   487 E wifi_forwarder: RemoteConnection failed to initialize: RemoteConnection failed to open pipe
07-28 12:36:00.002   711   711 D KeyguardClockSwitch: Updating clock: 1236
07-28 12:36:18.222   475   475 E netmgr  : qemu_pipe_open_ns:62: Could not connect to the 'pipe:qemud:network' service: Invalid argument
07-28 12:36:18.222   475   475 E netmgr  : Failed to open QEMU pipe 'qemud:network': Invalid argument
07-28 12:36:18.490   487   487 E wifi_forwarder: qemu_pipe_open_ns:62: Could not connect to the 'pipe:qemud:wififorward' service: Invalid argument
07-28 12:36:18.490   487   487 E wifi_forwarder: RemoteConnection failed to initialize: RemoteConnection failed to open pipe
07-28 12:36:28.086   527  1105 D WifiNl80211Manager: Scan result ready event
07-28 12:36:28.086   527  1105 D WifiNative: Scan result ready event
07-28 12:37:00.002   711   711 D KeyguardClockSwitch: Updating clock: 1237
07-28 12:37:08.792     0     0 D logd    : logdr: UID=2000 GID=2000 PID=4747 n tail=0 logMask=99 pid=0 start=0ns timeout=0ns
07-28 12:37:11.891   527  1105 I ActivityTaskManager: START u0 {act=android.intent.action.MAIN cat=[android.intent.category.LAUNCHER] flg=0x10000000 pkg=com.google.android.apps.youtube.music} from uid 2000
07-28 12:37:11.892   527   557 D EventSequenceValidator: Transition from ACTIVITY_FINISHED to INTENT_STARTED
07-28 12:37:11.893   527   557 D EventSequenceValidator: Transition from INTENT_STARTED to INTENT_FAILED
07-28 12:37:12.046  4756  4756 D AndroidRuntime: >>>>>> START com.android.internal.os.RuntimeInit uid 2000 <<<<<<
07-28 12:37:12.048  4756  4756 E libc    : Access denied finding property "persist.device_config.runtime_native_boot.profilebootclasspath"
07-28 12:37:12.048  4756  4756 E libc    : Access denied finding property "persist.device_config.runtime_native_boot.enable_apex_image"
07-28 12:37:12.049  4756  4756 I AndroidRuntime: Using default boot image
07-28 12:37:12.052  4756  4756 E libc    : Access denied finding property "persist.device_config.runtime_native_boot.disable_lock_profiling"
07-28 12:37:12.052  4756  4756 I AndroidRuntime: Leaving lock profiling enabled
07-28 12:37:12.052  4756  4756 E libc    : Access denied finding property "persist.device_config.runtime_native_boot.enable_generational_cc"
07-28 12:37:12.054  4756  4756 I app_process: Core platform API reporting enabled, enforcing=false
07-28 12:37:12.044  4756  4756 W app_process: type=1400 audit(0.0:164): avc: denied { read } for name="u:object_r:device_config_runtime_native_boot_prop:s0" dev="tmpfs" ino=8310 scontext=u:r:shell:s0 tcontext=u:object_r:device_config_runtime_native_boot_prop:s0 tclass=file permissive=0
07-28 12:37:12.048  4756  4756 I chatty  : uid=2000(shell) app_process identical 2 lines
07-28 12:37:12.048  4756  4756 W app_process: type=1400 audit(0.0:167): avc: denied { read } for name="u:object_r:device_config_runtime_native_boot_prop:s0" dev="tmpfs" ino=8310 scontext=u:r:shell:s0 tcontext=u:object_r:device_config_runtime_native_boot_prop:s0 tclass=file permissive=0
07-28 12:37:12.108  4756  4756 D app_process: Time zone APEX ICU file found: /apex/com.android.tzdata/etc/icu/icu_tzdata.dat
07-28 12:37:12.108  4756  4756 D app_process: I18n APEX ICU file found: /apex/com.android.i18n/etc/icu/icudt66l.dat
07-28 12:37:12.117  4756  4756 W app_process: Unexpected CPU variant for X86 using defaults: x86
07-28 12:37:12.127  4756  4756 I app_process: The ClassLoaderContext is a special shared library.
07-28 12:37:12.137  4756  4756 W app_process: JNI RegisterNativeMethods: attempt to register 0 native methods for android.media.AudioAttributes
07-28 12:37:12.140  4756  4756 D AndroidRuntime: Calling main entry com.android.commands.input.Input
07-28 12:37:12.147  1074  1074 D TaplEvents: Main / Key event: KeyEvent { action=ACTION_DOWN, keyCode=KEYCODE_MEDIA_PLAY, scanCode=0, metaState=0, flags=0x0, repeatCount=0, eventTime=2772957, downTime=2772957, deviceId=-1, source=0x0, displayId=-1 }
07-28 12:37:12.152  1074  1074 D TaplEvents: Main / Key event: KeyEvent { action=ACTION_UP, keyCode=KEYCODE_MEDIA_PLAY, scanCode=0, metaState=0, flags=0x0, repeatCount=0, eventTime=2772957, downTime=2772957, deviceId=-1, source=0x0, displayId=-1 }
07-28 12:37:12.154  4756  4756 D AndroidRuntime: Shutting down VM
07-28 12:37:18.230   475   475 E netmgr  : qemu_pipe_open_ns:62: Could not connect to the 'pipe:qemud:network' service: Invalid argument
07-28 12:37:18.230   475   475 E netmgr  : Failed to open QEMU pipe 'qemud:network': Invalid argument
07-28 12:37:18.519   487   487 E wifi_forwarder: qemu_pipe_open_ns:62: Could not connect to the 'pipe:qemud:wififorward' service: Invalid argument
07-28 12:37:18.519   487   487 E wifi_forwarder: RemoteConnection failed to initialize: RemoteConnection failed to open pipe
07-28 12:37:22.677  4771  4771 D AndroidRuntime: >>>>>> START com.android.internal.os.RuntimeInit uid 2000 <<<<<<
07-28 12:37:22.679  4771  4771 E libc    : Access denied finding property "persist.device_config.runtime_native_boot.profilebootclasspath"
07-28 12:37:22.679  4771  4771 E libc    : Access denied finding property "persist.device_config.runtime_native_boot.enable_apex_image"
07-28 12:37:22.680  4771  4771 I AndroidRuntime: Using default boot image
07-28 12:37:22.680  4771  4771 E libc    : Access denied finding property "persist.device_config.runtime_native_boot.disable_lock_profiling"
07-28 12:37:22.680  4771  4771 I AndroidRuntime: Leaving lock profiling enabled
07-28 12:37:22.680  4771  4771 E libc    : Access denied finding property "persist.device_config.runtime_native_boot.enable_generational_cc"
07-28 12:37:22.676  4771  4771 W app_process: type=1400 audit(0.0:168): avc: denied { read } for name="u:object_r:device_config_runtime_native_boot_prop:s0" dev="tmpfs" ino=8310 scontext=u:r:shell:s0 tcontext=u:object_r:device_config_runtime_native_boot_prop:s0 tclass=file permissive=0
07-28 12:37:22.682  4771  4771 I app_process: Core platform API reporting enabled, enforcing=false
07-28 12:37:22.676  4771  4771 W app_process: type=1400 audit(0.0:169): avc: denied { read } for name="u:object_r:device_config_runtime_native_boot_prop:s0" dev="tmpfs" ino=8310 scontext=u:r:shell:s0 tcontext=u:object_r:device_config_runtime_native_boot_prop:s0 tclass=file permissive=0
07-28 12:37:22.676  4771  4771 I chatty  : uid=2000(shell) app_process identical 1 line
07-28 12:37:22.676  4771  4771 W app_process: type=1400 audit(0.0:171): avc: denied { read } for name="u:object_r:device_config_runtime_native_boot_prop:s0" dev="tmpfs" ino=8310 scontext=u:r:shell:s0 tcontext=u:object_r:device_config_runtime_native_boot_prop:s0 tclass=file permissive=0
07-28 12:37:22.735  4771  4771 D app_process: Time zone APEX ICU file found: /apex/com.android.tzdata/etc/icu/icu_tzdata.dat
07-28 12:37:22.735  4771  4771 D app_process: I18n APEX ICU file found: /apex/com.android.i18n/etc/icu/icudt66l.dat
07-28 12:37:22.738  4771  4771 W app_process: Unexpected CPU variant for X86 using defaults: x86
07-28 12:37:22.740  4771  4771 I app_process: The ClassLoaderContext is a special shared library.
07-28 12:37:22.749  4771  4771 W app_process: JNI RegisterNativeMethods: attempt to register 0 native methods for android.media.AudioAttributes
07-28 12:37:22.752  4771  4771 D AndroidRuntime: Calling main entry com.android.commands.input.Input
07-28 12:37:22.757   711  4786 W RingtonePlayer: STOP command without a player
07-28 12:37:22.766  1074  1074 D TaplEvents: Main / Key event: KeyEvent { action=ACTION_DOWN, keyCode=KEYCODE_VOLUME_MUTE, scanCode=0, metaState=0, flags=0x0, repeatCount=0, eventTime=2783568, downTime=2783568, deviceId=-1, source=0x0, displayId=-1 }
07-28 12:37:22.767   527  1105 D MediaSessionService: dispatchVolumeKeyEvent, pkg=com.android.launcher3, opPkg=com.android.launcher3, pid=1074, uid=10109, asSystem=true, event=KeyEvent { action=ACTION_DOWN, keyCode=KEYCODE_VOLUME_MUTE, scanCode=0, metaState=0, flags=0x0, repeatCount=0, eventTime=2783568, downTime=2783568, deviceId=-1, source=0x0, displayId=-1 }, stream=-2147483648, musicOnly=false
07-28 12:37:22.767   527  1105 D MediaSessionService: Adjusting suggestedStream=-2147483648 by 101. flags=4113, preferSuggestedStream=false, session=null
07-28 12:37:22.770  1074  1074 D TaplEvents: Main / Key event: KeyEvent { action=ACTION_UP, keyCode=KEYCODE_VOLUME_MUTE, scanCode=0, metaState=0, flags=0x0, repeatCount=0, eventTime=2783568, downTime=2783568, deviceId=-1, source=0x0, displayId=-1 }
07-28 12:37:22.770   527  1105 D MediaSessionService: dispatchVolumeKeyEvent, pkg=com.android.launcher3, opPkg=com.android.launcher3, pid=1074, uid=10109, asSystem=true, event=KeyEvent { action=ACTION_UP, keyCode=KEYCODE_VOLUME_MUTE, scanCode=0, metaState=0, flags=0x0, repeatCount=0, eventTime=2783568, downTime=2783568, deviceId=-1, source=0x0, displayId=-1 }, stream=-2147483648, musicOnly=false
07-28 12:37:22.776  4771  4771 D AndroidRuntime: Shutting down VM
07-28 12:37:22.781   711  1071 I vol.Events: writeEvent mute_changed STREAM_MUSIC true
07-28 12:37:22.783   386   596 D APM_AudioPolicyManager: setVolumeCurveIndex: wrong index 0 min=1 max=15
07-28 12:37:22.783   386   596 E APM_AudioPolicyManager: setVolumeIndexForAttributes failed to set curve index for group 1 device 0x40000000
07-28 12:37:22.783   527   657 E AudioSystem-JNI: Command failed for android_media_AudioSystem_setStreamVolumeIndex: -22
07-28 12:37:22.787   386   596 D APM_AudioPolicyManager: setVolumeCurveIndex: wrong index 0 min=1 max=15
07-28 12:37:22.787   386   596 E APM_AudioPolicyManager: setVolumeIndexForAttributes failed to set curve index for group 1 device 0x40000000
07-28 12:37:22.787   527   657 E AudioSystem-JNI: Command failed for android_media_AudioSystem_setStreamVolumeIndex: -22
07-28 12:37:22.789   711  1071 I vol.Events: writeEvent active_stream_changed STREAM_MUSIC
07-28 12:37:22.794   711  1071 I vol.Events: writeEvent key STREAM_MUSIC 5
07-28 12:37:22.827   711   711 I vol.Events: writeEvent show_dialog volume_changed keyguard=false
07-28 12:37:22.844   303   303 D goldfish-address-space: claimShared: Ask to claim region [0x3f3829000 0x3f3933000]
07-28 12:37:22.903   303   303 D goldfish-address-space: claimShared: Ask to claim region [0x3f3933000 0x3f3a3d000]
07-28 12:37:22.933   303   303 D goldfish-address-space: claimShared: Ask to claim region [0x3f3a3d000 0x3f3b47000]
07-28 12:37:22.951   527   558 E system_server: No package ID ff found for ID 0xffffffff.
07-28 12:37:22.957   335   335 E SurfaceFlinger: [VolumeDialogImpl#0] rejecting buffer: bufWidth=242, bufHeight=1122, front.active_legacy.{w=242, h=935}
07-28 12:37:22.965   303   303 D goldfish-address-space: claimShared: Ask to claim region [0x3f3829000 0x3f3906000]
07-28 12:37:22.998   303   303 D goldfish-address-space: claimShared: Ask to claim region [0x3f3906000 0x3f39e3000]
07-28 12:37:23.007   303   303 D goldfish-address-space: claimShared: Ask to claim region [0x3f3906000 0x3f39e3000]
07-28 12:37:23.299   303   303 D goldfish-address-space: claimShared: Ask to claim region [0x3f39e3000 0x3f3ac0000]
07-28 12:37:23.310   303   303 D goldfish-address-space: claimShared: Ask to claim region [0x3f3ac0000 0x3f3b9d000]
07-28 12:37:25.801   711   711 I vol.Events: writeEvent dismiss_dialog timeout
07-28 12:37:25.804   711  1071 I vol.Events: writeEvent active_stream_changed UNKNOWN_STREAM_-1
07-28 12:37:26.313     0     0 W healthd : battery l=100 v=5000 t=25.0 h=2 st=4 c=900000 fc=300000 cc=10 chg=
07-28 12:37:33.269  4787  4787 D AndroidRuntime: >>>>>> START com.android.internal.os.RuntimeInit uid 2000 <<<<<<
07-28 12:37:33.271  4787  4787 E libc    : Access denied finding property "persist.device_config.runtime_native_boot.profilebootclasspath"
07-28 12:37:33.271  4787  4787 E libc    : Access denied finding property "persist.device_config.runtime_native_boot.enable_apex_image"
07-28 12:37:33.271  4787  4787 I AndroidRuntime: Using default boot image
07-28 12:37:33.271  4787  4787 E libc    : Access denied finding property "persist.device_config.runtime_native_boot.disable_lock_profiling"
07-28 12:37:33.271  4787  4787 I AndroidRuntime: Leaving lock profiling enabled
07-28 12:37:33.271  4787  4787 E libc    : Access denied finding property "persist.device_config.runtime_native_boot.enable_generational_cc"
07-28 12:37:33.273  4787  4787 I app_process: Core platform API reporting enabled, enforcing=false
07-28 12:37:33.268  4787  4787 W app_process: type=1400 audit(0.0:172): avc: denied { read } for name="u:object_r:device_config_runtime_native_boot_prop:s0" dev="tmpfs" ino=8310 scontext=u:r:shell:s0 tcontext=u:object_r:device_config_runtime_native_boot_prop:s0 tclass=file permissive=0
07-28 12:37:33.268  4787  4787 I chatty  : uid=2000(shell) app_process identical 2 lines
07-28 12:37:33.268  4787  4787 W app_process: type=1400 audit(0.0:175): avc: denied { read } for name="u:object_r:device_config_runtime_native_boot_prop:s0" dev="tmpfs" ino=8310 scontext=u:r:shell:s0 tcontext=u:object_r:device_config_runtime_native_boot_prop:s0 tclass=file permissive=0
07-28 12:37:33.316  4787  4787 D app_process: Time zone APEX ICU file found: /apex/com.android.tzdata/etc/icu/icu_tzdata.dat
07-28 12:37:33.317  4787  4787 D app_process: I18n APEX ICU file found: /apex/com.android.i18n/etc/icu/icudt66l.dat
07-28 12:37:33.320  4787  4787 W app_process: Unexpected CPU variant for X86 using defaults: x86
07-28 12:37:33.321  4787  4787 I app_process: The ClassLoaderContext is a special shared library.
07-28 12:37:33.330  4787  4787 W app_process: JNI RegisterNativeMethods: attempt to register 0 native methods for android.media.AudioAttributes
07-28 12:37:33.335  4787  4787 D AndroidRuntime: Calling main entry com.android.commands.input.Input
07-28 12:37:33.491  1074  1074 D TaplEvents: Main / Key event: KeyEvent { action=ACTION_DOWN, keyCode=KEYCODE_VOLUME_UP, scanCode=0, metaState=0, flags=0x0, repeatCount=0, eventTime=2794151, downTime=2794151, deviceId=-1, source=0x0, displayId=-1 }
07-28 12:37:33.492   527  1202 D MediaSessionService: dispatchVolumeKeyEvent, pkg=com.android.launcher3, opPkg=com.android.launcher3, pid=1074, uid=10109, asSystem=true, event=KeyEvent { action=ACTION_DOWN, keyCode=KEYCODE_VOLUME_UP, scanCode=0, metaState=0, flags=0x0, repeatCount=0, eventTime=2794151, downTime=2794151, deviceId=-1, source=0x0, displayId=-1 }, stream=-2147483648, musicOnly=false
07-28 12:37:33.492   527  1202 D MediaSessionService: Adjusting suggestedStream=-2147483648 by 1. flags=4113, preferSuggestedStream=false, session=null
07-28 12:37:33.498  1074  1074 D TaplEvents: Main / Key event: KeyEvent { action=ACTION_UP, keyCode=KEYCODE_VOLUME_UP, scanCode=0, metaState=0, flags=0x0, repeatCount=0, eventTime=2794151, downTime=2794151, deviceId=-1, source=0x0, displayId=-1 }
07-28 12:37:33.498   527  1202 D MediaSessionService: dispatchVolumeKeyEvent, pkg=com.android.launcher3, opPkg=com.android.launcher3, pid=1074, uid=10109, asSystem=true, event=KeyEvent { action=ACTION_UP, keyCode=KEYCODE_VOLUME_UP, scanCode=0, metaState=0, flags=0x0, repeatCount=0, eventTime=2794151, downTime=2794151, deviceId=-1, source=0x0, displayId=-1 }, stream=-2147483648, musicOnly=false
07-28 12:37:33.498   527  1202 D MediaSessionService: Adjusting suggestedStream=-2147483648 by 0. flags=4116, preferSuggestedStream=false, session=null
07-28 12:37:33.501   711  1071 I vol.Events: writeEvent active_stream_changed STREAM_MUSIC
07-28 12:37:33.501  4787  4787 D AndroidRuntime: Shutting down VM
07-28 12:37:33.506   711  1071 I vol.Events: writeEvent key STREAM_MUSIC 5
07-28 12:37:33.514   711   711 I vol.Events: writeEvent show_dialog volume_changed keyguard=false
07-28 12:37:33.538   303   303 D goldfish-address-space: claimShared: Ask to claim region [0x3f3829000 0x3f3906000]
07-28 12:37:33.569   303   303 D goldfish-address-space: claimShared: Ask to claim region [0x3f3906000 0x3f39e3000]
07-28 12:37:33.575   303   360 D goldfish-address-space: claimShared: Ask to claim region [0x3f39e3000 0x3f3ac0000]
07-28 12:37:36.075   527  1202 W ActivityManager: Invalid packageName: com.google.android.apps.youtube.music
07-28 12:37:36.077  4806  4808 I cmd     : oneway function results will be dropped but finished with status OK and parcel size 4
07-28 12:37:36.509   711   711 I vol.Events: writeEvent dismiss_dialog timeout
07-28 12:37:36.511   711  1071 I vol.Events: writeEvent active_stream_changed UNKNOWN_STREAM_-1
07-28 12:38:00.004   711   711 D KeyguardClockSwitch: Updating clock: 1238
07-28 12:38:18.261   475   475 E netmgr  : qemu_pipe_open_ns:62: Could not connect to the 'pipe:qemud:network' service: Invalid argument
07-28 12:38:18.261   475   475 E netmgr  : Failed to open QEMU pipe 'qemud:network': Invalid argument
07-28 12:38:18.563   487   487 E wifi_forwarder: qemu_pipe_open_ns:62: Could not connect to the 'pipe:qemud:wififorward' service: Invalid argument
07-28 12:38:18.563   487   487 E wifi_forwarder: RemoteConnection failed to initialize: RemoteConnection failed to open pipe
07-28 12:38:21.197  1215  4719 E WakeLock: GCM_HB_ALARM release without a matched acquire!
07-28 12:38:21.210   208   210 E android.system.suspend@1.0-service: Error opening kernel wakelock stats for: wakeup34: Permission denied
07-28 12:38:21.200   208   208 W Binder:208_1: type=1400 audit(0.0:176): avc: denied { read } for name="wakeup34" dev="sysfs" ino=18950 scontext=u:r:system_suspend:s0 tcontext=u:object_r:sysfs:s0 tclass=dir permissive=0
07-28 12:38:21.215   208   210 E android.system.suspend@1.0-service: Error opening kernel wakelock stats for: wakeup35: Permission denied
07-28 12:38:21.212   208   208 W Binder:208_1: type=1400 audit(0.0:177): avc: denied { read } for name="wakeup35" dev="sysfs" ino=19013 scontext=u:r:system_suspend:s0 tcontext=u:object_r:sysfs:s0 tclass=dir permissive=0
07-28 12:38:36.372   208   210 E android.system.suspend@1.0-service: Error opening kernel wakelock stats for: wakeup34: Permission denied
07-28 12:38:36.374   208   210 E android.system.suspend@1.0-service: Error opening kernel wakelock stats for: wakeup35: Permission denied
07-28 12:38:36.368   208   208 W Binder:208_1: type=1400 audit(0.0:178): avc: denied { read } for name="wakeup34" dev="sysfs" ino=18950 scontext=u:r:system_suspend:s0 tcontext=u:object_r:sysfs:s0 tclass=dir permissive=0
07-28 12:38:36.372   208   208 W Binder:208_1: type=1400 audit(0.0:179): avc: denied { read } for name="wakeup35" dev="sysfs" ino=19013 scontext=u:r:system_suspend:s0 tcontext=u:object_r:sysfs:s0 tclass=dir permissive=0
07-28 12:38:55.360   208   210 E android.system.suspend@1.0-service: Error opening kernel wakelock stats for: wakeup34: Permission denied
07-28 12:38:55.356   208   208 W Binder:208_1: type=1400 audit(0.0:180): avc: denied { read } for name="wakeup34" dev="sysfs" ino=18950 scontext=u:r:system_suspend:s0 tcontext=u:object_r:sysfs:s0 tclass=dir permissive=0
07-28 12:38:55.365   208   210 E android.system.suspend@1.0-service: Error opening kernel wakelock stats for: wakeup35: Permission denied
07-28 12:38:55.360   208   208 W Binder:208_1: type=1400 audit(0.0:181): avc: denied { read } for name="wakeup35" dev="sysfs" ino=19013 scontext=u:r:system_suspend:s0 tcontext=u:object_r:sysfs:s0 tclass=dir permissive=0
07-28 12:39:00.003   711   711 D KeyguardClockSwitch: Updating clock: 1239
07-28 12:39:08.099   527   614 D WifiNl80211Manager: Scan result ready event
07-28 12:39:08.099   527   614 D WifiNative: Scan result ready event
07-28 12:39:10.432   208   210 E android.system.suspend@1.0-service: Error opening kernel wakelock stats for: wakeup34: Permission denied
07-28 12:39:10.428   208   208 W Binder:208_1: type=1400 audit(0.0:182): avc: denied { read } for name="wakeup34" dev="sysfs" ino=18950 scontext=u:r:system_suspend:s0 tcontext=u:object_r:sysfs:s0 tclass=dir permissive=0
07-28 12:39:10.437   208   210 E android.system.suspend@1.0-service: Error opening kernel wakelock stats for: wakeup35: Permission denied
07-28 12:39:10.436   208   208 W Binder:208_1: type=1400 audit(0.0:183): avc: denied { read } for name="wakeup35" dev="sysfs" ino=19013 scontext=u:r:system_suspend:s0 tcontext=u:object_r:sysfs:s0 tclass=dir permissive=0
07-28 12:39:18.300   475   475 E netmgr  : qemu_pipe_open_ns:62: Could not connect to the 'pipe:qemud:network' service: Invalid argument
07-28 12:39:18.300   475   475 E netmgr  : Failed to open QEMU pipe 'qemud:network': Invalid argument
07-28 12:39:18.624   487   487 E wifi_forwarder: qemu_pipe_open_ns:62: Could not connect to the 'pipe:qemud:wififorward' service: Invalid argument
07-28 12:39:18.624   487   487 E wifi_forwarder: RemoteConnection failed to initialize: RemoteConnection failed to open pipe
07-28 12:40:00.003   711   711 D KeyguardClockSwitch: Updating clock: 1240
07-28 12:40:18.305   475   475 E netmgr  : qemu_pipe_open_ns:62: Could not connect to the 'pipe:qemud:network' service: Invalid argument
07-28 12:40:18.305   475   475 E netmgr  : Failed to open QEMU pipe 'qemud:network': Invalid argument
07-28 12:40:18.632   487   487 E wifi_forwarder: qemu_pipe_open_ns:62: Could not connect to the 'pipe:qemud:wififorward' service: Invalid argument
07-28 12:40:18.632   487   487 E wifi_forwarder: RemoteConnection failed to initialize: RemoteConnection failed to open pipe
07-28 12:40:26.320     0     0 W healthd : battery l=100 v=5000 t=25.0 h=2 st=4 c=900000 fc=300000 cc=10 chg=
07-28 12:41:00.006   711   711 D KeyguardClockSwitch: Updating clock: 1241
07-28 12:41:18.360   475   475 E netmgr  : qemu_pipe_open_ns:62: Could not connect to the 'pipe:qemud:network' service: Invalid argument
07-28 12:41:18.360   475   475 E netmgr  : Failed to open QEMU pipe 'qemud:network': Invalid argument
07-28 12:41:18.640   487   487 E wifi_forwarder: qemu_pipe_open_ns:62: Could not connect to the 'pipe:qemud:wififorward' service: Invalid argument
07-28 12:41:18.640   487   487 E wifi_forwarder: RemoteConnection failed to initialize: RemoteConnection failed to open pipe
07-28 12:41:48.102   527  3149 D WifiNl80211Manager: Scan result ready event
07-28 12:41:48.102   527  3149 D WifiNative: Scan result ready event
07-28 12:42:00.006   711   711 D KeyguardClockSwitch: Updating clock: 1242
07-28 12:42:18.368   475   475 E netmgr  : qemu_pipe_open_ns:62: Could not connect to the 'pipe:qemud:network' service: Invalid argument
07-28 12:42:18.368   475   475 E netmgr  : Failed to open QEMU pipe 'qemud:network': Invalid argument
07-28 12:42:18.702   487   487 E wifi_forwarder: qemu_pipe_open_ns:62: Could not connect to the 'pipe:qemud:wififorward' service: Invalid argument
07-28 12:42:18.703   487   487 E wifi_forwarder: RemoteConnection failed to initialize: RemoteConnection failed to open pipe
07-28 12:41:15.869     0     0 W healthd : battery l=100 v=5000 t=25.0 h=2 st=4 c=900000 fc=300000 cc=10 chg=
07-28 12:42:26.339     0     0 W healthd : battery l=100 v=5000 t=25.0 h=2 st=4 c=900000 fc=300000 cc=10 chg=
07-28 12:43:00.003   711   711 D KeyguardClockSwitch: Updating clock: 1243
07-28 12:43:18.384   475   475 E netmgr  : qemu_pipe_open_ns:62: Could not connect to the 'pipe:qemud:network' service: Invalid argument
07-28 12:43:18.384   475   475 E netmgr  : Failed to open QEMU pipe 'qemud:network': Invalid argument
07-28 12:43:18.763   487   487 E wifi_forwarder: qemu_pipe_open_ns:62: Could not connect to the 'pipe:qemud:wififorward' service: Invalid argument
07-28 12:43:18.763   487   487 E wifi_forwarder: RemoteConnection failed to initialize: RemoteConnection failed to open pipe
07-28 12:44:00.002   711   711 D KeyguardClockSwitch: Updating clock: 1244
07-28 12:44:00.014   711   711 D KeyguardClockSwitch: Updating clock: 1244
07-28 12:44:18.410   475   475 E netmgr  : qemu_pipe_open_ns:62: Could not connect to the 'pipe:qemud:network' service: Invalid argument
07-28 12:44:18.410   475   475 E netmgr  : Failed to open QEMU pipe 'qemud:network': Invalid argument
07-28 12:44:18.824   487   487 E wifi_forwarder: qemu_pipe_open_ns:62: Could not connect to the 'pipe:qemud:wififorward' service: Invalid argument
07-28 12:44:18.824   487   487 E wifi_forwarder: RemoteConnection failed to initialize: RemoteConnection failed to open pipe
07-28 12:44:26.353     0     0 W healthd : battery l=100 v=5000 t=25.0 h=2 st=4 c=900000 fc=300000 cc=10 chg=
07-28 12:44:34.153   208   210 E android.system.suspend@1.0-service: Error opening kernel wakelock stats for: wakeup34: Permission denied
07-28 12:44:34.148   208   208 W Binder:208_1: type=1400 audit(0.0:184): avc: denied { read } for name="wakeup34" dev="sysfs" ino=18950 scontext=u:r:system_suspend:s0 tcontext=u:object_r:sysfs:s0 tclass=dir permissive=0
07-28 12:44:34.157   208   210 E android.system.suspend@1.0-service: Error opening kernel wakelock stats for: wakeup35: Permission denied
07-28 12:44:34.156   208   208 W Binder:208_1: type=1400 audit(0.0:185): avc: denied { read } for name="wakeup35" dev="sysfs" ino=19013 scontext=u:r:system_suspend:s0 tcontext=u:object_r:sysfs:s0 tclass=dir permissive=0
07-28 12:44:49.364   208   210 E android.system.suspend@1.0-service: Error opening kernel wakelock stats for: wakeup34: Permission denied
07-28 12:44:49.360   208   208 W Binder:208_1: type=1400 audit(0.0:186): avc: denied { read } for name="wakeup34" dev="sysfs" ino=18950 scontext=u:r:system_suspend:s0 tcontext=u:object_r:sysfs:s0 tclass=dir permissive=0
07-28 12:44:49.368   208   210 E android.system.suspend@1.0-service: Error opening kernel wakelock stats for: wakeup35: Permission denied
07-28 12:44:49.364   208   208 W Binder:208_1: type=1400 audit(0.0:187): avc: denied { read } for name="wakeup35" dev="sysfs" ino=19013 scontext=u:r:system_suspend:s0 tcontext=u:object_r:sysfs:s0 tclass=dir permissive=0
07-28 12:45:00.003   711   711 D KeyguardClockSwitch: Updating clock: 1245
07-28 12:45:18.417   475   475 E netmgr  : qemu_pipe_open_ns:62: Could not connect to the 'pipe:qemud:network' service: Invalid argument
07-28 12:45:18.417   475   475 E netmgr  : Failed to open QEMU pipe 'qemud:network': Invalid argument
07-28 12:45:18.829   487   487 E wifi_forwarder: qemu_pipe_open_ns:62: Could not connect to the 'pipe:qemud:wififorward' service: Invalid argument
07-28 12:45:18.829   487   487 E wifi_forwarder: RemoteConnection failed to initialize: RemoteConnection failed to open pipe
07-28 12:46:00.003   711   711 D KeyguardClockSwitch: Updating clock: 1246
07-28 12:46:11.271  1215  4719 E WakeLock: GCM_HB_ALARM release without a matched acquire!
07-28 12:46:11.279   208   210 E android.system.suspend@1.0-service: Error opening kernel wakelock stats for: wakeup34: Permission denied
07-28 12:46:11.282   208   210 E android.system.suspend@1.0-service: Error opening kernel wakelock stats for: wakeup35: Permission denied
07-28 12:46:11.276   208   208 W Binder:208_1: type=1400 audit(0.0:188): avc: denied { read } for name="wakeup34" dev="sysfs" ino=18950 scontext=u:r:system_suspend:s0 tcontext=u:object_r:sysfs:s0 tclass=dir permissive=0
07-28 12:46:11.280   208   208 W Binder:208_1: type=1400 audit(0.0:189): avc: denied { read } for name="wakeup35" dev="sysfs" ino=19013 scontext=u:r:system_suspend:s0 tcontext=u:object_r:sysfs:s0 tclass=dir permissive=0
07-28 12:46:15.067   527  1202 D WifiNl80211Manager: Scan result ready event
07-28 12:46:15.067   527  1202 D WifiNative: Scan result ready event
07-28 12:46:18.426   475   475 E netmgr  : qemu_pipe_open_ns:62: Could not connect to the 'pipe:qemud:network' service: Invalid argument
07-28 12:46:18.426   475   475 E netmgr  : Failed to open QEMU pipe 'qemud:network': Invalid argument
07-28 12:46:18.891   487   487 E wifi_forwarder: qemu_pipe_open_ns:62: Could not connect to the 'pipe:qemud:wififorward' service: Invalid argument
07-28 12:46:18.891   487   487 E wifi_forwarder: RemoteConnection failed to initialize: RemoteConnection failed to open pipe
07-28 12:46:26.400   208   210 E android.system.suspend@1.0-service: Error opening kernel wakelock stats for: wakeup34: Permission denied
07-28 12:46:26.396   208   208 W Binder:208_1: type=1400 audit(0.0:190): avc: denied { read } for name="wakeup34" dev="sysfs" ino=18950 scontext=u:r:system_suspend:s0 tcontext=u:object_r:sysfs:s0 tclass=dir permissive=0
07-28 12:46:26.404   208   210 E android.system.suspend@1.0-service: Error opening kernel wakelock stats for: wakeup35: Permission denied
07-28 12:46:26.400   208   208 W Binder:208_1: type=1400 audit(0.0:191): avc: denied { read } for name="wakeup35" dev="sysfs" ino=19013 scontext=u:r:system_suspend:s0 tcontext=u:object_r:sysfs:s0 tclass=dir permissive=0
07-28 12:47:00.004   711   711 D KeyguardClockSwitch: Updating clock: 1247
07-28 12:47:18.442   475   475 E netmgr  : qemu_pipe_open_ns:62: Could not connect to the 'pipe:qemud:network' service: Invalid argument
07-28 12:47:18.442   475   475 E netmgr  : Failed to open QEMU pipe 'qemud:network': Invalid argument
07-28 12:47:18.952   487   487 E wifi_forwarder: qemu_pipe_open_ns:62: Could not connect to the 'pipe:qemud:wififorward' service: Invalid argument
07-28 12:47:18.952   487   487 E wifi_forwarder: RemoteConnection failed to initialize: RemoteConnection failed to open pipe
07-28 12:48:00.004   711   711 D KeyguardClockSwitch: Updating clock: 1248
07-28 12:48:14.313   690  1139 W BtGatt.ScanManager: Moving scan client to opportunistic (scannerId 6)
07-28 12:48:18.502   475   475 E netmgr  : qemu_pipe_open_ns:62: Could not connect to the 'pipe:qemud:network' service: Invalid argument
07-28 12:48:18.502   475   475 E netmgr  : Failed to open QEMU pipe 'qemud:network': Invalid argument
07-28 12:48:18.974   487   487 E wifi_forwarder: qemu_pipe_open_ns:62: Could not connect to the 'pipe:qemud:wififorward' service: Invalid argument
07-28 12:48:18.974   487   487 E wifi_forwarder: RemoteConnection failed to initialize: RemoteConnection failed to open pipe
07-28 12:48:22.707   208   210 E android.system.suspend@1.0-service: Error opening kernel wakelock stats for: wakeup34: Permission denied
07-28 12:48:22.704   208   208 W Binder:208_1: type=1400 audit(0.0:192): avc: denied { read } for name="wakeup34" dev="sysfs" ino=18950 scontext=u:r:system_suspend:s0 tcontext=u:object_r:sysfs:s0 tclass=dir permissive=0
07-28 12:48:22.713   208   210 E android.system.suspend@1.0-service: Error opening kernel wakelock stats for: wakeup35: Permission denied
07-28 12:48:22.708   208   208 W Binder:208_1: type=1400 audit(0.0:193): avc: denied { read } for name="wakeup35" dev="sysfs" ino=19013 scontext=u:r:system_suspend:s0 tcontext=u:object_r:sysfs:s0 tclass=dir permissive=0
07-28 12:48:37.722   208   210 E android.system.suspend@1.0-service: Error opening kernel wakelock stats for: wakeup34: Permission denied
07-28 12:48:37.720   208   208 W Binder:208_1: type=1400 audit(0.0:194): avc: denied { read } for name="wakeup34" dev="sysfs" ino=18950 scontext=u:r:system_suspend:s0 tcontext=u:object_r:sysfs:s0 tclass=dir permissive=0
07-28 12:48:37.726   208   210 E android.system.suspend@1.0-service: Error opening kernel wakelock stats for: wakeup35: Permission denied
07-28 12:48:37.720   208   208 W Binder:208_1: type=1400 audit(0.0:195): avc: denied { read } for name="wakeup35" dev="sysfs" ino=19013 scontext=u:r:system_suspend:s0 tcontext=u:object_r:sysfs:s0 tclass=dir permissive=0
07-28 12:48:55.070   527  1489 D WifiNl80211Manager: Scan result ready event
07-28 12:48:55.070   527  1489 D WifiNative: Scan result ready event
07-28 12:49:00.003   711   711 D KeyguardClockSwitch: Updating clock: 1249
07-28 12:49:18.509   475   475 E netmgr  : qemu_pipe_open_ns:62: Could not connect to the 'pipe:qemud:network' service: Invalid argument
07-28 12:49:18.509   475   475 E netmgr  : Failed to open QEMU pipe 'qemud:network': Invalid argument
07-28 12:49:18.993   487   487 E wifi_forwarder: qemu_pipe_open_ns:62: Could not connect to the 'pipe:qemud:wififorward' service: Invalid argument
07-28 12:49:18.994   487   487 E wifi_forwarder: RemoteConnection failed to initialize: RemoteConnection failed to open pipe
07-28 12:50:00.007   711   711 D KeyguardClockSwitch: Updating clock: 1250
07-28 12:50:18.523   475   475 E netmgr  : qemu_pipe_open_ns:62: Could not connect to the 'pipe:qemud:network' service: Invalid argument
07-28 12:50:18.523   475   475 E netmgr  : Failed to open QEMU pipe 'qemud:network': Invalid argument
07-28 12:50:19.007   487   487 E wifi_forwarder: qemu_pipe_open_ns:62: Could not connect to the 'pipe:qemud:wififorward' service: Invalid argument
07-28 12:50:19.007   487   487 E wifi_forwarder: RemoteConnection failed to initialize: RemoteConnection failed to open pipe
07-28 12:50:26.371     0     0 W healthd : battery l=100 v=5000 t=25.0 h=2 st=4 c=900000 fc=300000 cc=10 chg=
07-28 12:50:58.577   952   968 W m.android.phon: Reducing the number of considered missed Gc histogram windows from 144 to 100
07-28 12:50:59.208   208   208 W Binder:208_1: type=1400 audit(0.0:196): avc: denied { read } for name="wakeup34" dev="sysfs" ino=18950 scontext=u:r:system_suspend:s0 tcontext=u:object_r:sysfs:s0 tclass=dir permissive=0
07-28 12:50:59.209   208   210 E android.system.suspend@1.0-service: Error opening kernel wakelock stats for: wakeup34: Permission denied
07-28 12:50:59.215   208   210 E android.system.suspend@1.0-service: Error opening kernel wakelock stats for: wakeup35: Permission denied
07-28 12:50:59.208   208   208 W Binder:208_1: type=1400 audit(0.0:197): avc: denied { read } for name="wakeup35" dev="sysfs" ino=19013 scontext=u:r:system_suspend:s0 tcontext=u:object_r:sysfs:s0 tclass=dir permissive=0
07-28 12:51:00.003   711   711 D KeyguardClockSwitch: Updating clock: 1251
07-28 12:51:18.527   475   475 E netmgr  : qemu_pipe_open_ns:62: Could not connect to the 'pipe:qemud:network' service: Invalid argument
07-28 12:51:18.527   475   475 E netmgr  : Failed to open QEMU pipe 'qemud:network': Invalid argument
07-28 12:51:19.024   487   487 E wifi_forwarder: qemu_pipe_open_ns:62: Could not connect to the 'pipe:qemud:wififorward' service: Invalid argument
07-28 12:51:19.024   487   487 E wifi_forwarder: RemoteConnection failed to initialize: RemoteConnection failed to open pipe
07-28 12:51:21.810   424   449 D AudioAnalytics: expiring previous audio state after 3600 seconds.
07-28 12:37:41.118   527  1202 W ActivityManager: Invalid packageName: com.google.android.apps.youtube.music
07-28 12:51:28.039   527   564 I UsageStatsService: User[0] Flushing usage stats to disk
07-28 12:52:00.006   711   711 D KeyguardClockSwitch: Updating clock: 1252
07-28 12:52:18.576   475   475 E netmgr  : qemu_pipe_open_ns:62: Could not connect to the 'pipe:qemud:network' service: Invalid argument
07-28 12:52:18.576   475   475 E netmgr  : Failed to open QEMU pipe 'qemud:network': Invalid argument
07-28 12:52:19.085   487   487 E wifi_forwarder: qemu_pipe_open_ns:62: Could not connect to the 'pipe:qemud:wififorward' service: Invalid argument
07-28 12:52:19.085   487   487 E wifi_forwarder: RemoteConnection failed to initialize: RemoteConnection failed to open pipe
07-28 12:51:15.870     0     0 W healthd : battery l=100 v=5000 t=25.0 h=2 st=4 c=900000 fc=300000 cc=10 chg=
07-28 12:52:26.379     0     0 W healthd : battery l=100 v=5000 t=25.0 h=2 st=4 c=900000 fc=300000 cc=10 chg=
07-28 12:53:00.002   711   711 D KeyguardClockSwitch: Updating clock: 1253
07-28 12:53:08.283   527  1489 D WifiNl80211Manager: Scan result ready event
07-28 12:53:08.283   527  1489 D WifiNative: Scan result ready event
07-28 12:53:08.350  1697  2615 I Checkin : [EventLogChimeraService] Opted in for usage reporting: false
07-28 12:53:08.350  1697  2615 I Checkin : [EventLogChimeraService] Aggregate from 1658991188176 (log), 1658991188176 (data)
07-28 12:53:08.340     0     0 D logd    : logdr: UID=10087 GID=10087 PID=1697 n tail=0 logMask=4 pid=0 start=0ns timeout=0ns
07-28 12:53:08.365  1697  2373 E ConfigFileUtils: Failed to read config file: /data/user_de/0/com.google.android.gms/app_chimera/next_container.pb: open failed: ENOENT (No such file or directory)
07-28 12:53:08.377   527  1489 I DropBoxManagerService: add tag=event_data isTagEnabled=true flags=0x2
07-28 12:53:08.382   527   565 W BroadcastQueue: Background execution not allowed: receiving Intent { act=android.intent.action.DROPBOX_ENTRY_ADDED flg=0x10 (has extras) } to com.google.android.gms/.stats.service.DropBoxEntryAddedReceiver
07-28 12:53:08.382   527   565 W BroadcastQueue: Background execution not allowed: receiving Intent { act=android.intent.action.DROPBOX_ENTRY_ADDED flg=0x10 (has extras) } to com.google.android.gms/.chimera.GmsIntentOperationService$PersistentTrustedReceiver
07-28 12:53:08.400  1697  2373 I ChmraDebugLogger: [73] 1801
07-28 12:53:08.402  1697  2373 I ChmraDebugLogger: [30] [VisionOcr.optional:201817000700] permitMetered=true,[Pay.optional:201817020000] permitMetered=true,
07-28 12:53:08.408  1697  2373 W ChimeraConfigService: Retry attempt was throttled.
07-28 12:53:08.422  1697  1712 W gle.android.gm: Reducing the number of considered missed Gc histogram windows from 204 to 100
