07-28 13:06:34.628  4965  4965 D HostConnection: HostComposition ext ANDROID_EMU_CHECKSUM_HELPER_v1 ANDROID_EMU_native_sync_v2 ANDROID_EMU_native_sync_v3 ANDROID_EMU_native_sync_v4 ANDROID_EMU_dma_v1 ANDROID_EMU_direct_mem ANDROID_EMU_host_composition_v1 ANDROID_EMU_host_composition_v2 ANDROID_EMU_vulkan ANDROID_EMU_deferred_vulkan_commands ANDROID_EMU_vulkan_null_optional_strings ANDROID_EMU_vulkan_create_resources_with_requirements ANDROID_EMU_YUV_Cache ANDROID_EMU_vulkan_ignored_handles ANDROID_EMU_has_shared_slots_host_memory_allocator ANDROID_EMU_vulkan_free_memory_sync ANDROID_EMU_vulkan_shader_float16_int8 ANDROID_EMU_vulkan_async_queue_submit ANDROID_EMU_sync_buffer_data ANDROID_EMU_read_color_buffer_dma GL_OES_vertex_array_object GL_KHR_texture_compression_astc_ldr ANDROID_EMU_host_side_tracing ANDROID_EMU_gles_max_version_2 
07-28 13:06:34.691  4965  4965 D AbstractResolverComp: RANKER_SERVICE_RESULT
07-28 13:06:34.692   303   303 D goldfish-address-space: claimShared: Ask to claim region [0x3f52ca000 0x3f5e8f000]
07-28 13:06:34.699   527   564 D ArtManagerInternalImpl: /data/misc/iorapd/android/30/com.android.internal.app.ResolverActivity/compiled_traces/compiled_trace.pb doesn't exist
07-28 13:06:34.700   527   557 D EventSequenceValidator: Transition from ACTIVITY_LAUNCHED to ACTIVITY_FINISHED
07-28 13:06:34.701   527   564 I ActivityTaskManager: Displayed android/com.android.internal.app.ResolverActivity: +278ms
07-28 13:06:34.855  4965  4965 I ResolverListAdapter: Add DisplayResolveInfo component: ComponentInfo{com.android.chrome/com.google.android.apps.chrome.Main}, intent component: ComponentInfo{com.android.chrome/com.google.android.apps.chrome.Main}
07-28 13:06:34.855  4965  4965 I ResolverListAdapter: Add DisplayResolveInfo component: ComponentInfo{org.chromium.webview_shell/org.chromium.webview_shell.WebViewBrowserActivity}, intent component: ComponentInfo{org.chromium.webview_shell/org.chromium.webview_shell.WebViewBrowserActivity}
07-28 13:06:34.862   303   303 D goldfish-address-space: claimShared: Ask to claim region [0x3fc965000 0x3fd52a000]
07-28 13:06:37.079  1393  1407 W d.process.acor: Reducing the number of considered missed Gc histogram windows from 360 to 100
07-28 13:06:38.830   527   924 I system_server: oneway function results will be dropped but finished with status OK and parcel size 4
07-28 13:06:38.835   527   924 I chatty  : uid=1000(system) Binder:527_8 identical 1 line
07-28 13:06:38.966   527   924 I system_server: oneway function results will be dropped but finished with status OK and parcel size 4
07-28 13:06:39.393   399   399 I perfetto: probes_producer.cc:329  Producer stop (id=23)
07-28 13:06:39.395   406   406 I perfetto: ng_service_impl.cc:1948 Tracing session 23 ended, total sessions:1
07-28 13:06:39.446   399   399 I perfetto: probes_producer.cc:329  Producer stop (id=24)
07-28 13:06:39.448   406   406 I perfetto: ng_service_impl.cc:1948 Tracing session 24 ended, total sessions:0
07-28 13:06:39.449   420  4961 I iorapd  : Perfetto TraceBuffer saved to file: /data/misc/iorapd/android/30/com.android.internal.app.ResolverActivity/raw_traces/1658993799448820500.perfetto_trace.pb
07-28 13:06:39.454   399   399 I perfetto: ftrace_procfs.cc:183    disabled ftrace
07-28 13:06:39.438     0     0 W perfetto: disabled ftrace
07-28 13:06:41.423   527  2866 I system_server: oneway function results will be dropped but finished with status OK and parcel size 4
07-28 13:06:41.555   527  2866 I system_server: oneway function results will be dropped but finished with status OK and parcel size 4
07-28 13:06:42.248   527   612 I system_server: oneway function results will be dropped but finished with status OK and parcel size 4
07-28 13:06:42.249   527   557 D EventSequenceValidator: Transition from ACTIVITY_FINISHED to INTENT_STARTED
07-28 13:06:42.250   527  1183 I ActivityTaskManager: START u0 {act=android.intent.action.VIEW dat=http://www.google.com/... flg=0x13000000 cmp=com.android.chrome/com.google.android.apps.chrome.Main (has extras)} from uid 10097
07-28 13:06:42.252   406   406 I perfetto: ing_service_impl.cc:758 Configured tracing session 25, #sources:1, duration:5000 ms, #buffers:1, total buffer size:4096 KB, total sessions:1, uid:1071 session name: ""
07-28 13:06:42.253   399   399 I perfetto: probes_producer.cc:230  Ftrace setup (target_buf=25)
07-28 13:06:42.267   527   557 D CompatibilityChangeReporter: Compat change id reported: 135634846; UID 10121; state: DISABLED
07-28 13:06:42.268   527   566 D CompatibilityChangeReporter: Compat change id reported: 143937733; UID 10121; state: DISABLED
07-28 13:06:42.273   527   557 D EventSequenceValidator: Transition from INTENT_STARTED to ACTIVITY_LAUNCHED
07-28 13:06:42.280   399   399 I perfetto: ftrace_procfs.cc:176    enabled ftrace
07-28 13:06:42.269     0     0 W perfetto: enabled ftrace
07-28 13:06:42.285   287   287 D Zygote  : Forked child process 5000
07-28 13:06:42.299   527   566 I ActivityManager: Start proc 5000:com.android.chrome/u0a121 for pre-top-activity {com.android.chrome/com.google.android.apps.chrome.Main}
07-28 13:06:42.321  5000  5000 W .android.chrom: Unexpected CPU variant for X86 using defaults: x86
07-28 13:06:42.322  5000  5000 I ndk_translation: Initialized NDK translation (armv7l), version 0.2.2
07-28 13:06:42.372   527  1183 I system_server: oneway function results will be dropped but finished with status OK and parcel size 4
07-28 13:06:42.530   391   432 I adbd    : jdwp connection from 5000
07-28 13:06:42.541   527  2866 W InputReader: Device virtio_input_multi_touch_9 is associated with display ADISPLAY_ID_NONE.
07-28 13:06:42.541   527  2866 W InputReader: Device virtio_input_multi_touch_7 is associated with display ADISPLAY_ID_NONE.
07-28 13:06:42.541   527  2866 W InputReader: Device virtio_input_multi_touch_6 is associated with display ADISPLAY_ID_NONE.
07-28 13:06:42.541   527  2866 W InputReader: Device virtio_input_multi_touch_3 is associated with display ADISPLAY_ID_NONE.
07-28 13:06:42.541   527  2866 W InputReader: Device virtio_input_multi_touch_10 is associated with display ADISPLAY_ID_NONE.
07-28 13:06:42.541   527  2866 W InputReader: Device virtio_input_multi_touch_8 is associated with display ADISPLAY_ID_NONE.
07-28 13:06:42.541   527  2866 W InputReader: Device virtio_input_multi_touch_4 is associated with display ADISPLAY_ID_NONE.
07-28 13:06:42.541   527  2866 W InputReader: Device virtio_input_multi_touch_11 is associated with display ADISPLAY_ID_NONE.
07-28 13:06:42.541   527  2866 W InputReader: Device virtio_input_multi_touch_5 is associated with display ADISPLAY_ID_NONE.
07-28 13:06:42.541   527  2866 W InputReader: Device virtio_input_multi_touch_2 is associated with display ADISPLAY_ID_NONE.
07-28 13:06:42.541   527  2866 W InputReader: Device virtio_input_multi_touch_9 is associated with display ADISPLAY_ID_NONE.
07-28 13:06:42.541   527  2866 W InputReader: Device virtio_input_multi_touch_7 is associated with display ADISPLAY_ID_NONE.
07-28 13:06:42.541   527  2866 W InputReader: Device virtio_input_multi_touch_6 is associated with display ADISPLAY_ID_NONE.
07-28 13:06:42.541   527  2866 W InputReader: Device virtio_input_multi_touch_3 is associated with display ADISPLAY_ID_NONE.
07-28 13:06:42.541   527  2866 W InputReader: Device virtio_input_multi_touch_10 is associated with display ADISPLAY_ID_NONE.
07-28 13:06:42.541   527  2866 W InputReader: Device virtio_input_multi_touch_8 is associated with display ADISPLAY_ID_NONE.
07-28 13:06:42.541   527  2866 W InputReader: Device virtio_input_multi_touch_4 is associated with display ADISPLAY_ID_NONE.
07-28 13:06:42.541   527  2866 W InputReader: Device virtio_input_multi_touch_11 is associated with display ADISPLAY_ID_NONE.
07-28 13:06:42.542   527  2866 W InputReader: Device virtio_input_multi_touch_5 is associated with display ADISPLAY_ID_NONE.
07-28 13:06:42.542   527  2866 W InputReader: Device virtio_input_multi_touch_2 is associated with display ADISPLAY_ID_NONE.
07-28 13:06:42.556  5000  5000 D ApplicationLoaders: Returning zygote-cached class loader: /system/framework/android.test.base.jar
07-28 13:06:42.558  5000  5000 I .android.chrom: The ClassLoaderContext is a special shared library.
07-28 13:06:42.609  5000  5000 D NetworkSecurityConfig: Using Network Security Config from resource network_security_config debugBuild: false
07-28 13:06:42.610  5000  5000 D NetworkSecurityConfig: Using Network Security Config from resource network_security_config debugBuild: false
07-28 13:06:42.624  5000  5000 W DynamiteModule: Local module descriptor class for com.google.android.gms.googlecertificates not found.
07-28 13:06:42.634  5000  5000 I .android.chrom: The ClassLoaderContext is a special shared library.
07-28 13:06:42.639  5000  5000 I .android.chrom: The ClassLoaderContext is a special shared library.
07-28 13:06:42.640  5000  5000 D nativeloader: classloader namespace configured for unbundled product apk. library_path=/product/priv-app/PrebuiltGmsCore/lib/x86:/product/priv-app/PrebuiltGmsCore/PrebuiltGmsCore.apk!/lib/x86:/product/lib:/system/product/lib
07-28 13:06:42.650  5000  5000 I DynamiteModule: Considering local module com.google.android.gms.googlecertificates:0 and remote module com.google.android.gms.googlecertificates:4
07-28 13:06:42.650  5000  5000 I DynamiteModule: Selected remote version of com.google.android.gms.googlecertificates, version >= 4
07-28 13:06:42.662  5000  5000 W .android.chrom: Unsupported class loader
07-28 13:06:42.670  5000  5000 W .android.chrom: Unsupported class loader
07-28 13:06:42.670   527   612 E system_server: Invalid class loader spec: =UnsupportedClassLoaderContext=
07-28 13:06:42.670   527   612 E PackageDexUsage: Unsupported context?
07-28 13:06:42.693  5000  5026 D libEGL  : loaded /vendor/lib/egl/libEGL_emulation.so
07-28 13:06:42.695  5000  5026 D libEGL  : loaded /vendor/lib/egl/libGLESv1_CM_emulation.so
07-28 13:06:42.702  5000  5026 D libEGL  : loaded /vendor/lib/egl/libGLESv2_emulation.so
07-28 13:06:42.726  5000  5000 I cr_InstantAppsHandler: Not handling with Instant Apps
07-28 13:06:42.737   527   612 I ActivityTaskManager: START u0 {act=android.intent.action.VIEW dat=http://www.google.com/... flg=0x14002000 cmp=com.android.chrome/org.chromium.chrome.browser.ChromeTabbedActivity (has extras)} from uid 10121
07-28 13:06:42.762   303   303 D goldfish-address-space: claimShared: Ask to claim region [0x3f4000000 0x3f4965000]
07-28 13:06:42.762   527   612 W ActivityTaskManager: Tried to set launchTime (0) < mLastActivityLaunchTime (4543358)
07-28 13:06:42.762   527   612 W InputReader: Device virtio_input_multi_touch_9 is associated with display ADISPLAY_ID_NONE.
07-28 13:06:42.762   527   612 W InputReader: Device virtio_input_multi_touch_7 is associated with display ADISPLAY_ID_NONE.
07-28 13:06:42.762   527   612 W InputReader: Device virtio_input_multi_touch_6 is associated with display ADISPLAY_ID_NONE.
07-28 13:06:42.762   527   612 W InputReader: Device virtio_input_multi_touch_3 is associated with display ADISPLAY_ID_NONE.
07-28 13:06:42.762   527   612 W InputReader: Device virtio_input_multi_touch_10 is associated with display ADISPLAY_ID_NONE.
07-28 13:06:42.762   527   612 W InputReader: Device virtio_input_multi_touch_8 is associated with display ADISPLAY_ID_NONE.
07-28 13:06:42.762   527   612 W InputReader: Device virtio_input_multi_touch_4 is associated with display ADISPLAY_ID_NONE.
07-28 13:06:42.762   527   612 W InputReader: Device virtio_input_multi_touch_11 is associated with display ADISPLAY_ID_NONE.
07-28 13:06:42.762   527   612 W InputReader: Device virtio_input_multi_touch_5 is associated with display ADISPLAY_ID_NONE.
07-28 13:06:42.762   527   612 W InputReader: Device virtio_input_multi_touch_2 is associated with display ADISPLAY_ID_NONE.
07-28 13:06:42.763   527   612 W InputReader: Device virtio_input_multi_touch_9 is associated with display ADISPLAY_ID_NONE.
07-28 13:06:42.763   527   612 W InputReader: Device virtio_input_multi_touch_7 is associated with display ADISPLAY_ID_NONE.
07-28 13:06:42.763   527   612 W InputReader: Device virtio_input_multi_touch_6 is associated with display ADISPLAY_ID_NONE.
07-28 13:06:42.763   527   612 W InputReader: Device virtio_input_multi_touch_3 is associated with display ADISPLAY_ID_NONE.
07-28 13:06:42.763   527   612 W InputReader: Device virtio_input_multi_touch_10 is associated with display ADISPLAY_ID_NONE.
07-28 13:06:42.763   527   612 W InputReader: Device virtio_input_multi_touch_8 is associated with display ADISPLAY_ID_NONE.
07-28 13:06:42.763   527   612 W InputReader: Device virtio_input_multi_touch_4 is associated with display ADISPLAY_ID_NONE.
07-28 13:06:42.763   527   612 W InputReader: Device virtio_input_multi_touch_11 is associated with display ADISPLAY_ID_NONE.
07-28 13:06:42.763   527   612 W InputReader: Device virtio_input_multi_touch_5 is associated with display ADISPLAY_ID_NONE.
07-28 13:06:42.763   527   612 W InputReader: Device virtio_input_multi_touch_2 is associated with display ADISPLAY_ID_NONE.
07-28 13:06:42.837   303   303 D goldfish-address-space: claimShared: Ask to claim region [0x3fd52a000 0x3fde8f000]
07-28 13:06:42.840  5000  5029 W cr_tabmodel: Starting to fetch tab list.
07-28 13:06:42.841  5000  5035 W cr_tabmodel: Starting to fetch tab list.
07-28 13:06:42.841  5000  5035 E cr_tabmodel: State file does not exist.
07-28 13:06:42.849  5000  5029 W cr_tabmodel: Finished fetching tab list.
07-28 13:06:42.865   303   303 D goldfish-address-space: claimShared: Ask to claim region [0x3ec000000 0x3ec965000]
07-28 13:06:42.924   711   728 W ndroid.systemu: Reducing the number of considered missed Gc histogram windows from 287 to 100
07-28 13:06:42.944  5000  5024 D HostConnection: HostConnection::get() New Host Connection established 0xf441ecb0, tid 5024
07-28 13:06:42.949  5000  5024 D HostConnection: HostComposition ext ANDROID_EMU_CHECKSUM_HELPER_v1 ANDROID_EMU_native_sync_v2 ANDROID_EMU_native_sync_v3 ANDROID_EMU_native_sync_v4 ANDROID_EMU_dma_v1 ANDROID_EMU_direct_mem ANDROID_EMU_host_composition_v1 ANDROID_EMU_host_composition_v2 ANDROID_EMU_vulkan ANDROID_EMU_deferred_vulkan_commands ANDROID_EMU_vulkan_null_optional_strings ANDROID_EMU_vulkan_create_resources_with_requirements ANDROID_EMU_YUV_Cache ANDROID_EMU_vulkan_ignored_handles ANDROID_EMU_has_shared_slots_host_memory_allocator ANDROID_EMU_vulkan_free_memory_sync ANDROID_EMU_vulkan_shader_float16_int8 ANDROID_EMU_vulkan_async_queue_submit ANDROID_EMU_sync_buffer_data ANDROID_EMU_read_color_buffer_dma GL_OES_vertex_array_object GL_KHR_texture_compression_astc_ldr ANDROID_EMU_host_side_tracing ANDROID_EMU_gles_max_version_2 
07-28 13:06:42.952   174   174 I hwservicemanager: getTransport: Cannot find entry android.hardware.configstore@1.0::ISurfaceFlingerConfigs/default in either framework or device manifest.
07-28 13:06:42.954  5000  5024 W OpenGLRenderer: Failed to choose config with EGL_SWAP_BEHAVIOR_PRESERVED, retrying without...
07-28 13:06:42.987  5000  5024 D EGL_emulation: eglCreateContext: 0xf441f650: maj 2 min 0 rcv 2
07-28 13:06:42.992  5000  5024 D EGL_emulation: eglMakeCurrent: 0xf441f650: ver 2 0 (tinfo 0xf4770b70) (first time)
07-28 13:06:43.000   303   303 D goldfish-address-space: claimShared: Ask to claim region [0x3ec965000 0x3ed2ca000]
07-28 13:06:43.011   174   174 I hwservicemanager: getTransport: Cannot find entry android.hardware.graphics.mapper@4.0::IMapper/default in either framework or device manifest.
07-28 13:06:43.012  5000  5024 I Gralloc4: mapper 4.x is not supported
07-28 13:06:43.020  5000  5024 D HostConnection: createUnique: call
07-28 13:06:43.021  5000  5024 D HostConnection: HostConnection::get() New Host Connection established 0xf441fff0, tid 5024
07-28 13:06:43.021  5000  5024 D goldfish-address-space: allocate: Ask for block of size 0x100
07-28 13:06:43.021  5000  5024 D goldfish-address-space: allocate: ioctl allocate returned offset 0x3ebffe000 size 0x2000
07-28 13:06:43.027  5000  5024 D HostConnection: HostComposition ext ANDROID_EMU_CHECKSUM_HELPER_v1 ANDROID_EMU_native_sync_v2 ANDROID_EMU_native_sync_v3 ANDROID_EMU_native_sync_v4 ANDROID_EMU_dma_v1 ANDROID_EMU_direct_mem ANDROID_EMU_host_composition_v1 ANDROID_EMU_host_composition_v2 ANDROID_EMU_vulkan ANDROID_EMU_deferred_vulkan_commands ANDROID_EMU_vulkan_null_optional_strings ANDROID_EMU_vulkan_create_resources_with_requirements ANDROID_EMU_YUV_Cache ANDROID_EMU_vulkan_ignored_handles ANDROID_EMU_has_shared_slots_host_memory_allocator ANDROID_EMU_vulkan_free_memory_sync ANDROID_EMU_vulkan_shader_float16_int8 ANDROID_EMU_vulkan_async_queue_submit ANDROID_EMU_sync_buffer_data ANDROID_EMU_read_color_buffer_dma GL_OES_vertex_array_object GL_KHR_texture_compression_astc_ldr ANDROID_EMU_host_side_tracing ANDROID_EMU_gles_max_version_2 
07-28 13:06:43.161  1697  1714 W System  : A resource failed to call close. 
07-28 13:06:43.217   303   303 D goldfish-address-space: claimShared: Ask to claim region [0x3ed2ca000 0x3edc2f000]
07-28 13:06:43.236   335   385 W ServiceManager: Permission failure: android.permission.ACCESS_SURFACE_FLINGER from uid=10121 pid=5000
07-28 13:06:43.236   335   385 D PermissionCache: checking android.permission.ACCESS_SURFACE_FLINGER for uid=10121 => denied (547 us)
07-28 13:06:43.237   527   564 W system_server: Failed to determine oat file name for dex location /data/app/~~0KhDj3terCzpJbsX9RleGA==/com.android.chrome-eY-ahix3Q9uAoaIyly9Mgg==/base.apk: Dalvik cache directory does not exist
07-28 13:06:43.240   527   564 D ArtManagerInternalImpl: /data/misc/iorapd/com.android.chrome/288309152/org.chromium.chrome.browser.ChromeTabbedActivity/compiled_traces/compiled_trace.pb doesn't exist
07-28 13:06:43.240   527   557 D EventSequenceValidator: Transition from ACTIVITY_LAUNCHED to ACTIVITY_FINISHED
07-28 13:06:43.244   527   564 I ActivityTaskManager: Displayed com.android.chrome/org.chromium.chrome.browser.ChromeTabbedActivity: +988ms
07-28 13:06:43.329   303   303 D goldfish-address-space: claimShared: Ask to claim region [0x3edc2f000 0x3ee594000]
07-28 13:06:43.340  5000  5034 I cr_LibraryLoader: Time to load native libraries: 512 ms (timestamps 3644-4156)
07-28 13:06:43.341  5000  5034 I cr_LibraryLoader: Expected native library version number "55.0.2883.91", actual native library version number "55.0.2883.91"
07-28 13:06:43.354  5000  5034 I chromium: [INFO:library_loader_hooks.cc(163)] Chromium logging enabled: level = 0, default verbosity = 0
07-28 13:06:43.356  5000  5034 W cr_ChildProcLauncher: Create a new ChildConnectionAllocator with package name = com.android.chrome, inSandbox = true
07-28 13:06:43.366   527  3578 D CompatibilityChangeReporter: Compat change id reported: 135634846; UID 10121; state: DISABLED
07-28 13:06:43.366   527   566 D CompatibilityChangeReporter: Compat change id reported: 143937733; UID 10121; state: DISABLED
07-28 13:06:43.369  5000  5000 I cr_BrowserStartup: Initializing chromium process, singleProcess=false
07-28 13:06:43.372   287   287 D Zygote  : Forked child process 5037
07-28 13:06:43.377   527   566 I ActivityManager: Start proc 5037:com.android.chrome:sandboxed_process0:org.chromium.content.app.SandboxedProcessService0/u0ai9000 for service {com.android.chrome/org.chromium.content.app.SandboxedProcessService0}
07-28 13:06:43.378  5037  5037 W ProcessService: Unexpected CPU variant for X86 using defaults: x86
07-28 13:06:43.378  5037  5037 W nativebridge: Cannot stat code cache directory /data/user/0/com.android.chrome/code_cache: Permission denied.
07-28 13:06:43.379  5037  5037 I ndk_translation: Initialized NDK translation (armv7l), version 0.2.2
07-28 13:06:43.474   527  3568 D HostConnection: HostConnection::get() New Host Connection established 0xf4436800, tid 3568
07-28 13:06:43.502   527   881 W ActivityTaskManager: Finishing task with all activities already finished
07-28 13:06:43.502   527   881 W ActivityTaskManager: Duplicate finish request for r=ActivityRecord{852a6f7 u0 android/com.android.internal.app.ResolverActivity t18 f}}
07-28 13:06:43.504   527  3568 D HostConnection: HostComposition ext ANDROID_EMU_CHECKSUM_HELPER_v1 ANDROID_EMU_native_sync_v2 ANDROID_EMU_native_sync_v3 ANDROID_EMU_native_sync_v4 ANDROID_EMU_dma_v1 ANDROID_EMU_direct_mem ANDROID_EMU_host_composition_v1 ANDROID_EMU_host_composition_v2 ANDROID_EMU_vulkan ANDROID_EMU_deferred_vulkan_commands ANDROID_EMU_vulkan_null_optional_strings ANDROID_EMU_vulkan_create_resources_with_requirements ANDROID_EMU_YUV_Cache ANDROID_EMU_vulkan_ignored_handles ANDROID_EMU_has_shared_slots_host_memory_allocator ANDROID_EMU_vulkan_free_memory_sync ANDROID_EMU_vulkan_shader_float16_int8 ANDROID_EMU_vulkan_async_queue_submit ANDROID_EMU_sync_buffer_data ANDROID_EMU_read_color_buffer_dma GL_OES_vertex_array_object GL_KHR_texture_compression_astc_ldr ANDROID_EMU_host_side_tracing ANDROID_EMU_gles_max_version_2 
07-28 13:06:43.504   527  3568 W OpenGLRenderer: Failed to choose config with EGL_SWAP_BEHAVIOR_PRESERVED, retrying without...
07-28 13:06:43.525   527  3568 D EGL_emulation: eglCreateContext: 0xf4424f20: maj 2 min 0 rcv 2
07-28 13:06:43.552   527  3568 D EGL_emulation: eglMakeCurrent: 0xf4424f20: ver 2 0 (tinfo 0xbea0c150) (first time)
07-28 13:06:43.605   391   432 I adbd    : jdwp connection from 5037
07-28 13:06:43.626   527  3578 D CompatibilityChangeReporter: Compat change id reported: 136274596; UID 10121; state: DISABLED
07-28 13:06:43.642  5037  5037 D ApplicationLoaders: Returning zygote-cached class loader: /system/framework/android.test.base.jar
07-28 13:06:43.644  5037  5037 I ProcessService: The ClassLoaderContext is a special shared library.
07-28 13:06:43.648  5037  5037 W ProcessService0: type=1400 audit(0.0:236): avc: denied { getattr } for path="/data/user/0/com.android.chrome" dev="dm-5" ino=123401 scontext=u:r:isolated_app:s0:c512,c768 tcontext=u:object_r:app_data_file:s0:c512,c768 tclass=dir permissive=0 b/120394782
07-28 13:06:43.665  5000  5061 E libc    : Access denied finding property "net.dns1"
07-28 13:06:43.665  5000  5061 E libc    : Access denied finding property "net.dns2"
07-28 13:06:43.648  5037  5037 W ProcessService0: type=1400 audit(0.0:237): avc: denied { getattr } for path="/data/user/0/com.android.chrome" dev="dm-5" ino=123401 scontext=u:r:isolated_app:s0:c512,c768 tcontext=u:object_r:app_data_file:s0:c512,c768 tclass=dir permissive=0 b/120394782
07-28 13:06:43.648  5037  5037 W ProcessService0: type=1400 audit(0.0:238): avc: denied { getattr } for path="/data/user/0/com.android.chrome" dev="dm-5" ino=123401 scontext=u:r:isolated_app:s0:c512,c768 tcontext=u:object_r:app_data_file:s0:c512,c768 tclass=dir permissive=0 b/120394782
07-28 13:06:43.674  5037  5037 D NetworkSecurityConfig: Using Network Security Config from resource network_security_config debugBuild: false
07-28 13:06:43.648  5037  5037 W ProcessService0: type=1400 audit(0.0:239): avc: denied { getattr } for path="/data/user/0/com.android.chrome" dev="dm-5" ino=123401 scontext=u:r:isolated_app:s0:c512,c768 tcontext=u:object_r:app_data_file:s0:c512,c768 tclass=dir permissive=0 b/120394782
07-28 13:06:43.679  5037  5037 D NetworkSecurityConfig: Using Network Security Config from resource network_security_config debugBuild: false
07-28 13:06:43.664  5037  5037 W ProcessService0: type=1400 audit(0.0:240): avc: denied { getattr } for path="/data/user/0/com.android.chrome" dev="dm-5" ino=123401 scontext=u:r:isolated_app:s0:c512,c768 tcontext=u:object_r:app_data_file:s0:c512,c768 tclass=dir permissive=0 b/120394782
07-28 13:06:43.687  5037  5037 I cr_ChildProcessService: Creating new ChildProcessService pid=5037
07-28 13:06:43.664  5037  5037 W ProcessService0: type=1400 audit(0.0:241): avc: denied { getattr } for path="/data/user/0/com.android.chrome" dev="dm-5" ino=123401 scontext=u:r:isolated_app:s0:c512,c768 tcontext=u:object_r:app_data_file:s0:c512,c768 tclass=dir permissive=0 b/120394782
07-28 13:06:43.664  5037  5037 I chatty  : uid=99000(u0_i9000) com.android.chrome:sandboxed_process0:org.chromium.content.app.SandboxedPro identical 1 line
07-28 13:06:43.664  5037  5037 W ProcessService0: type=1400 audit(0.0:243): avc: denied { getattr } for path="/data/user/0/com.android.chrome" dev="dm-5" ino=123401 scontext=u:r:isolated_app:s0:c512,c768 tcontext=u:object_r:app_data_file:s0:c512,c768 tclass=dir permissive=0 b/120394782
07-28 13:06:43.727  5000  5045 W chromium: [WARNING:dns_config_service_posix.cc(316)] Failed to read DnsConfig.
07-28 13:06:45.339   527  3578 I system_server: oneway function results will be dropped but finished with status OK and parcel size 4
07-28 13:06:45.528  5000  5000 W WorkerPool/5061: type=1400 audit(0.0:244): avc: denied { getattr } for path="/proc/sys/net/ipv4/tcp_fastopen" dev="proc" ino=87077 scontext=u:r:untrusted_app_25:s0:c512,c768 tcontext=u:object_r:proc_net:s0 tclass=file permissive=0 app=com.android.chrome
07-28 13:06:45.528  5000  5000 W WorkerPool/5061: type=1400 audit(0.0:245): avc: denied { read } for name="tcp_fastopen" dev="proc" ino=87077 scontext=u:r:untrusted_app_25:s0:c512,c768 tcontext=u:object_r:proc_net:s0 tclass=file permissive=0 app=com.android.chrome
07-28 13:06:45.791   527  1430 E TaskPersister: File error accessing recents directory (directory doesn't exist?).
07-28 13:06:45.948   527  3578 D CompatibilityChangeReporter: Compat change id reported: 135634846; UID 10121; state: DISABLED
07-28 13:06:45.948   527   566 D CompatibilityChangeReporter: Compat change id reported: 143937733; UID 10121; state: DISABLED
07-28 13:06:45.950  5000  5068 I cr_LibraryLoader: Using linker: org.chromium.base.library_loader.ModernLinker
07-28 13:06:45.953   287   287 D Zygote  : Forked child process 5075
07-28 13:06:45.960  5075  5075 W ileged_process: Unexpected CPU variant for X86 using defaults: x86
07-28 13:06:45.961  5075  5075 I ndk_translation: Initialized NDK translation (armv7l), version 0.2.2
07-28 13:06:45.964   527   566 I ActivityManager: Start proc 5075:com.android.chrome:privileged_process0/u0a121 for service {com.android.chrome/org.chromium.content.app.PrivilegedProcessService0}
07-28 13:06:46.116   391   432 I adbd    : jdwp connection from 5075
07-28 13:06:46.122   527  3578 D CompatibilityChangeReporter: Compat change id reported: 136274596; UID 10121; state: DISABLED
07-28 13:06:46.127  5075  5075 D ApplicationLoaders: Returning zygote-cached class loader: /system/framework/android.test.base.jar
07-28 13:06:46.128  5075  5075 I ileged_process: The ClassLoaderContext is a special shared library.
07-28 13:06:46.159  5075  5075 D NetworkSecurityConfig: Using Network Security Config from resource network_security_config debugBuild: false
07-28 13:06:46.159  5075  5075 D NetworkSecurityConfig: Using Network Security Config from resource network_security_config debugBuild: false
07-28 13:06:46.163  5075  5075 I cr_ChildProcessService: Creating new ChildProcessService pid=5075
07-28 13:06:46.272  5000  5000 W .android.chrome: type=1400 audit(0.0:246): avc: granted { open } for path="/dev/ashmem" dev="tmpfs" ino=10476 scontext=u:r:untrusted_app_25:s0:c512,c768 tcontext=u:object_r:ashmem_device:s0 tclass=chr_file app=com.android.chrome
07-28 13:06:46.276  5000  5000 W Thread-3: type=1400 audit(0.0:247): avc: granted { open } for path="/dev/ashmem" dev="tmpfs" ino=10476 scontext=u:r:untrusted_app_25:s0:c512,c768 tcontext=u:object_r:ashmem_device:s0 tclass=chr_file app=com.android.chrome
07-28 13:06:46.311  5075  5098 I cr_LibraryLoader: Time to load native libraries: 145 ms (timestamps 6981-7126)
07-28 13:06:46.311  5075  5098 I cr_LibraryLoader: Expected native library version number "55.0.2883.91", actual native library version number "55.0.2883.91"
07-28 13:06:46.311  5075  5098 I cr_LibraryLoader: Using linker: org.chromium.base.library_loader.ModernLinker
07-28 13:06:46.348  5075  5098 I chromium: [INFO:library_loader_hooks.cc(163)] Chromium logging enabled: level = 0, default verbosity = 0
07-28 13:06:47.256   399   399 I perfetto: probes_producer.cc:329  Producer stop (id=25)
07-28 13:06:47.259   406   406 I perfetto: ng_service_impl.cc:1948 Tracing session 25 ended, total sessions:0
07-28 13:06:47.263   399   399 I perfetto: ftrace_procfs.cc:183    disabled ftrace
07-28 13:06:47.252     0     0 W perfetto: disabled ftrace
07-28 13:06:47.281   420  4996 I iorapd  : Perfetto TraceBuffer saved to file: /data/misc/iorapd/com.android.chrome/288309152/com.google.android.apps.chrome.Main/raw_traces/1658993807272548700.perfetto_trace.pb
07-28 13:06:48.272   208   208 W Binder:208_1: type=1400 audit(0.0:248): avc: denied { read } for name="wakeup34" dev="sysfs" ino=18950 scontext=u:r:system_suspend:s0 tcontext=u:object_r:sysfs:s0 tclass=dir permissive=0
07-28 13:06:48.276   208   210 E android.system.suspend@1.0-service: Error opening kernel wakelock stats for: wakeup34: Permission denied
07-28 13:06:48.283   208   210 E android.system.suspend@1.0-service: Error opening kernel wakelock stats for: wakeup35: Permission denied
07-28 13:06:48.280   208   208 W Binder:208_1: type=1400 audit(0.0:249): avc: denied { read } for name="wakeup35" dev="sysfs" ino=19013 scontext=u:r:system_suspend:s0 tcontext=u:object_r:sysfs:s0 tclass=dir permissive=0
07-28 13:06:48.373  5000  5000 I TetheringManager: registerTetheringEventCallback:com.android.chrome
07-28 13:06:48.412   527   645 D ConnectivityService: NetReassign [no changes]
07-28 13:06:49.406  5075  5098 D libEGL  : loaded /vendor/lib/egl/libEGL_emulation.so
07-28 13:06:49.407  5075  5098 D libEGL  : loaded /vendor/lib/egl/libGLESv1_CM_emulation.so
07-28 13:06:49.408  5075  5098 D libEGL  : loaded /vendor/lib/egl/libGLESv2_emulation.so
07-28 13:06:49.433  5075  5098 D HostConnection: HostConnection::get() New Host Connection established 0xf44100e0, tid 5098
07-28 13:06:49.435  5075  5098 D HostConnection: HostComposition ext ANDROID_EMU_CHECKSUM_HELPER_v1 ANDROID_EMU_native_sync_v2 ANDROID_EMU_native_sync_v3 ANDROID_EMU_native_sync_v4 ANDROID_EMU_dma_v1 ANDROID_EMU_direct_mem ANDROID_EMU_host_composition_v1 ANDROID_EMU_host_composition_v2 ANDROID_EMU_vulkan ANDROID_EMU_deferred_vulkan_commands ANDROID_EMU_vulkan_null_optional_strings ANDROID_EMU_vulkan_create_resources_with_requirements ANDROID_EMU_YUV_Cache ANDROID_EMU_vulkan_ignored_handles ANDROID_EMU_has_shared_slots_host_memory_allocator ANDROID_EMU_vulkan_free_memory_sync ANDROID_EMU_vulkan_shader_float16_int8 ANDROID_EMU_vulkan_async_queue_submit ANDROID_EMU_sync_buffer_data ANDROID_EMU_read_color_buffer_dma GL_OES_vertex_array_object GL_KHR_texture_compression_astc_ldr ANDROID_EMU_host_side_tracing ANDROID_EMU_gles_max_version_2 
07-28 13:06:49.437   174   174 I hwservicemanager: getTransport: Cannot find entry android.hardware.configstore@1.0::ISurfaceFlingerConfigs/default in either framework or device manifest.
07-28 13:06:49.466  5075  5098 D EGL_emulation: eglCreateContext: 0xf4420d80: maj 2 min 0 rcv 2
07-28 13:06:49.474  5075  5098 D EGL_emulation: eglMakeCurrent: 0xf4420d80: ver 2 0 (tinfo 0xf47646f0) (first time)
07-28 13:06:49.680  5000  5000 W cr_KnoxSettingsProvider: Permission to read device policy denied.
07-28 13:06:50.417  5000  5062 E libc    : Access denied finding property "net.dns1"
07-28 13:06:50.417  5000  5062 E libc    : Access denied finding property "net.dns2"
07-28 13:06:50.663  5000  5045 W chromium: [WARNING:dns_config_service_posix.cc(316)] Failed to read DnsConfig.
07-28 13:06:51.020   208   210 E android.system.suspend@1.0-service: Error opening kernel wakelock stats for: wakeup34: Permission denied
07-28 13:06:51.029   208   210 E android.system.suspend@1.0-service: Error opening kernel wakelock stats for: wakeup35: Permission denied
07-28 13:06:51.012   208   208 W Binder:208_1: type=1400 audit(0.0:250): avc: denied { read } for name="wakeup34" dev="sysfs" ino=18950 scontext=u:r:system_suspend:s0 tcontext=u:object_r:sysfs:s0 tclass=dir permissive=0
07-28 13:06:51.028   208   208 W Binder:208_1: type=1400 audit(0.0:251): avc: denied { read } for name="wakeup35" dev="sysfs" ino=19013 scontext=u:r:system_suspend:s0 tcontext=u:object_r:sysfs:s0 tclass=dir permissive=0
07-28 13:06:51.170  5075  5090 I ileged_process: WaitForGcToComplete blocked RunEmptyCheckpoint on ProfileSaver for 10.585ms
07-28 13:06:51.944  5075  5098 I VideoCapabilities: Unsupported profile 4 for video/mp4v-es
07-28 13:06:54.479  5037  5063 I cr_LibraryLoader: Time to load native libraries: 269 ms (timestamps 5026-5295)
07-28 13:06:54.480  5037  5063 I cr_LibraryLoader: Expected native library version number "55.0.2883.91", actual native library version number "55.0.2883.91"
07-28 13:06:54.480  5037  5063 I cr_LibraryLoader: Using linker: org.chromium.base.library_loader.ModernLinker
07-28 13:06:54.533  5037  5063 I chromium: [INFO:library_loader_hooks.cc(163)] Chromium logging enabled: level = 0, default verbosity = 0
07-28 13:06:49.557   527   645 D ConnectivityService: NetReassign [no changes]
07-28 13:06:54.667   527   881 I ActivityManager: Killing 2517:com.google.android.gms.unstable/u0a87 (adj 995): empty for 4485s
07-28 13:06:54.696   287   287 I Zygote  : Process 2517 exited due to signal 9 (Killed)
07-28 13:06:54.714   527   567 I libprocessgroup: Successfully killed process cgroup uid 10087 pid 2517 in 45ms
07-28 13:06:54.732  5000  5000 W .android.chrome: type=1400 audit(0.0:252): avc: granted { open } for path="/dev/ashmem" dev="tmpfs" ino=10476 scontext=u:r:untrusted_app_25:s0:c512,c768 tcontext=u:object_r:ashmem_device:s0 tclass=chr_file app=com.android.chrome
07-28 13:06:55.267   303   303 D goldfish-address-space: claimShared: Ask to claim region [0x3ee594000 0x3eedba000]
07-28 13:06:55.275   174   174 I hwservicemanager: getTransport: Cannot find entry android.hardware.graphics.mapper@4.0::IMapper/default in either framework or device manifest.
07-28 13:06:55.275  5075  5098 I Gralloc4: mapper 4.x is not supported
07-28 13:06:55.281  5075  5098 D HostConnection: createUnique: call
07-28 13:06:55.288  5075  5098 D HostConnection: HostConnection::get() New Host Connection established 0xf4421c60, tid 5098
07-28 13:06:55.290  5075  5098 D goldfish-address-space: allocate: Ask for block of size 0x100
07-28 13:06:55.290  5075  5098 D goldfish-address-space: allocate: ioctl allocate returned offset 0x3ebffe000 size 0x2000
07-28 13:06:55.297  5075  5098 D HostConnection: HostComposition ext ANDROID_EMU_CHECKSUM_HELPER_v1 ANDROID_EMU_native_sync_v2 ANDROID_EMU_native_sync_v3 ANDROID_EMU_native_sync_v4 ANDROID_EMU_dma_v1 ANDROID_EMU_direct_mem ANDROID_EMU_host_composition_v1 ANDROID_EMU_host_composition_v2 ANDROID_EMU_vulkan ANDROID_EMU_deferred_vulkan_commands ANDROID_EMU_vulkan_null_optional_strings ANDROID_EMU_vulkan_create_resources_with_requirements ANDROID_EMU_YUV_Cache ANDROID_EMU_vulkan_ignored_handles ANDROID_EMU_has_shared_slots_host_memory_allocator ANDROID_EMU_vulkan_free_memory_sync ANDROID_EMU_vulkan_shader_float16_int8 ANDROID_EMU_vulkan_async_queue_submit ANDROID_EMU_sync_buffer_data ANDROID_EMU_read_color_buffer_dma GL_OES_vertex_array_object GL_KHR_texture_compression_astc_ldr ANDROID_EMU_host_side_tracing ANDROID_EMU_gles_max_version_2 
07-28 13:06:55.322  5075  5098 D EGL_emulation: eglCreateContext: 0xf4421e90: maj 2 min 0 rcv 2
07-28 13:06:55.496  5000  5000 W .android.chrome: type=1400 audit(0.0:253): avc: granted { open } for path="/dev/ashmem" dev="tmpfs" ino=10476 scontext=u:r:untrusted_app_25:s0:c512,c768 tcontext=u:object_r:ashmem_device:s0 tclass=chr_file app=com.android.chrome
07-28 13:06:55.544  5000  5000 W .android.chrome: type=1400 audit(0.0:254): avc: granted { open } for path="/dev/ashmem" dev="tmpfs" ino=10476 scontext=u:r:untrusted_app_25:s0:c512,c768 tcontext=u:object_r:ashmem_device:s0 tclass=chr_file app=com.android.chrome
07-28 13:06:55.599  5000  5000 I Choreographer: Skipped 69 frames!  The application may be doing too much work on its main thread.
07-28 13:06:56.128  5000  5000 I Choreographer: Skipped 31 frames!  The application may be doing too much work on its main thread.
07-28 13:06:56.194   527   527 D AutofillInlineSuggestionsRequestSession: onCreateInlineSuggestionsRequestLocked called: 1073741824@3039370
07-28 13:06:56.194   527   527 D AutofillInlineSuggestionsRequestSession: onInlineSuggestionsUnsupported() called.
07-28 13:06:56.329  5000  5110 W cr_tabmodel: Starting to fetch tab list.
07-28 13:06:56.330  5000  5110 E cr_tabmodel: State file does not exist.
07-28 13:06:56.336  5000  5000 W InstanceID/Rpc: Found 10087
07-28 13:06:56.394   303   303 D goldfish-address-space: claimShared: Ask to claim region [0x3eedba000 0x3ef5e0000]
07-28 13:06:56.792  5000  5000 W .android.chrome: type=1400 audit(0.0:255): avc: granted { open } for path="/dev/ashmem" dev="tmpfs" ino=10476 scontext=u:r:untrusted_app_25:s0:c512,c768 tcontext=u:object_r:ashmem_device:s0 tclass=chr_file app=com.android.chrome
07-28 13:06:56.822  5000  5000 I cr_Ime  : ImeThread is enabled.
07-28 13:06:56.837   527  3578 I ActivityTaskManager: START u0 {cmp=com.android.chrome/org.chromium.chrome.browser.firstrun.FirstRunActivity (has extras)} from uid 10121
07-28 13:06:56.838   527   557 D EventSequenceValidator: Transition from ACTIVITY_FINISHED to INTENT_STARTED
07-28 13:06:56.844  5000  5000 I Choreographer: Skipped 42 frames!  The application may be doing too much work on its main thread.
07-28 13:06:56.846   527   557 D EventSequenceValidator: Transition from INTENT_STARTED to INTENT_FAILED
07-28 13:06:56.846   406   406 I perfetto: ing_service_impl.cc:758 Configured tracing session 26, #sources:1, duration:5000 ms, #buffers:1, total buffer size:4096 KB, total sessions:1, uid:1071 session name: ""
07-28 13:06:56.847   399   399 I perfetto: probes_producer.cc:230  Ftrace setup (target_buf=26)
07-28 13:06:56.868     0     0 W perfetto: enabled ftrace
07-28 13:06:56.879   399   399 I perfetto: ftrace_procfs.cc:176    enabled ftrace
07-28 13:06:56.909  5000  5024 I OpenGLRenderer: Davey! duration=769ms; Flags=1, IntendedVsync=4556954347227, Vsync=4557654347199, OldestInputEvent=9223372036854775807, NewestInputEvent=0, HandleInputStart=4557660383800, AnimationStart=4557660400800, PerformTraversalsStart=4557669274200, DrawStart=4557714207100, SyncQueued=4557719409300, SyncStart=4557721030200, IssueDrawCommandsStart=4557721137900, SwapBuffers=4557723072300, FrameCompleted=4557725066300, DequeueBufferDuration=259400, QueueBufferDuration=681600, GpuCompleted=0, 
07-28 13:06:56.922  5000  5000 I AssistStructure: Flattened final assist data: 3716 bytes, containing 1 windows, 25 views
07-28 13:06:56.930  1215  1215 W kqw     : Pending fill request while another request in the same session was triggered. [CONTEXT service_id=177 ]
07-28 13:06:56.941   527   527 D AutofillInlineSuggestionsRequestSession: onInlineSuggestionsResponseLocked called for:1073741824@3039370
07-28 13:06:56.941   527   555 D AutofillUI: destroySaveUiUiThread(): already destroyed
07-28 13:06:56.942   986   986 V InlineSuggestionRenderService: handleDestroySuggestionViews called for 0:3039370
07-28 13:06:57.096  5000  5070 W chromium: [WARNING:spdy_session.cc(2322)] Received RST for invalid stream1
07-28 13:06:57.330   527   614 W ActivityTaskManager: Tried to set launchTime (0) < mLastActivityLaunchTime (4543579)
07-28 13:06:57.330   527   614 W InputReader: Device virtio_input_multi_touch_9 is associated with display ADISPLAY_ID_NONE.
07-28 13:06:57.330   527   614 W InputReader: Device virtio_input_multi_touch_7 is associated with display ADISPLAY_ID_NONE.
07-28 13:06:57.330   527   614 W InputReader: Device virtio_input_multi_touch_6 is associated with display ADISPLAY_ID_NONE.
07-28 13:06:57.330   527   614 W InputReader: Device virtio_input_multi_touch_3 is associated with display ADISPLAY_ID_NONE.
07-28 13:06:57.330   527   614 W InputReader: Device virtio_input_multi_touch_10 is associated with display ADISPLAY_ID_NONE.
07-28 13:06:57.330   527   614 W InputReader: Device virtio_input_multi_touch_8 is associated with display ADISPLAY_ID_NONE.
07-28 13:06:57.330   527   614 W InputReader: Device virtio_input_multi_touch_4 is associated with display ADISPLAY_ID_NONE.
07-28 13:06:57.330   527   614 W InputReader: Device virtio_input_multi_touch_11 is associated with display ADISPLAY_ID_NONE.
07-28 13:06:57.330   527   614 W InputReader: Device virtio_input_multi_touch_5 is associated with display ADISPLAY_ID_NONE.
07-28 13:06:57.330   527   614 W InputReader: Device virtio_input_multi_touch_2 is associated with display ADISPLAY_ID_NONE.
07-28 13:06:57.331   527   614 W InputReader: Device virtio_input_multi_touch_9 is associated with display ADISPLAY_ID_NONE.
07-28 13:06:57.331   527   614 W InputReader: Device virtio_input_multi_touch_7 is associated with display ADISPLAY_ID_NONE.
07-28 13:06:57.331   527   614 W InputReader: Device virtio_input_multi_touch_6 is associated with display ADISPLAY_ID_NONE.
07-28 13:06:57.331   527   614 W InputReader: Device virtio_input_multi_touch_3 is associated with display ADISPLAY_ID_NONE.
07-28 13:06:57.331   527   614 W InputReader: Device virtio_input_multi_touch_10 is associated with display ADISPLAY_ID_NONE.
07-28 13:06:57.331   527   614 W InputReader: Device virtio_input_multi_touch_8 is associated with display ADISPLAY_ID_NONE.
07-28 13:06:57.331   527   614 W InputReader: Device virtio_input_multi_touch_4 is associated with display ADISPLAY_ID_NONE.
07-28 13:06:57.331   527   614 W InputReader: Device virtio_input_multi_touch_11 is associated with display ADISPLAY_ID_NONE.
07-28 13:06:57.331   527   614 W InputReader: Device virtio_input_multi_touch_5 is associated with display ADISPLAY_ID_NONE.
07-28 13:06:57.331   527   614 W InputReader: Device virtio_input_multi_touch_2 is associated with display ADISPLAY_ID_NONE.
07-28 13:06:57.388   303   303 D goldfish-address-space: claimShared: Ask to claim region [0x3ef5e0000 0x3efe06000]
07-28 13:06:57.481   527   645 D ConnectivityService: NetReassign [no changes]
07-28 13:06:57.560  1215  1857 E angh    : Phenotype API error. Event # caox@e87a47f7, EventCode: 7 [CONTEXT service_id=51 ]
07-28 13:06:57.560  1215  1857 E angh    : anfl: 29505: No config packages for log source, or config package not registered
07-28 13:06:57.560  1215  1857 E angh    : 	at angw.b(:com.google.android.gms@201817022@20.18.17 (040700-311416286):7)
07-28 13:06:57.560  1215  1857 E angh    : 	at angt.b(:com.google.android.gms@201817022@20.18.17 (040700-311416286):2)
07-28 13:06:57.560  1215  1857 E angh    : 	at angh.a(:com.google.android.gms@201817022@20.18.17 (040700-311416286):90)
07-28 13:06:57.560  1215  1857 E angh    : 	at angh.a(:com.google.android.gms@201817022@20.18.17 (040700-311416286):77)
07-28 13:06:57.560  1215  1857 E angh    : 	at zus.run(:com.google.android.gms@201817022@20.18.17 (040700-311416286):10)
07-28 13:06:57.560  1215  1857 E angh    : 	at blot.run(:com.google.android.gms@201817022@20.18.17 (040700-311416286):2)
07-28 13:06:57.560  1215  1857 E angh    : 	at sji.b(:com.google.android.gms@201817022@20.18.17 (040700-311416286):12)
07-28 13:06:57.560  1215  1857 E angh    : 	at sji.run(:com.google.android.gms@201817022@20.18.17 (040700-311416286):7)
07-28 13:06:57.560  1215  1857 E angh    : 	at java.util.concurrent.ThreadPoolExecutor.runWorker(ThreadPoolExecutor.java:1167)
07-28 13:06:57.560  1215  1857 E angh    : 	at java.util.concurrent.ThreadPoolExecutor$Worker.run(ThreadPoolExecutor.java:641)
07-28 13:06:57.560  1215  1857 E angh    : 	at spj.run(:com.google.android.gms@201817022@20.18.17 (040700-311416286):0)
07-28 13:06:57.560  1215  1857 E angh    : 	at java.lang.Thread.run(Thread.java:923)
07-28 13:06:57.565  1215  1857 E AsyncOperation: serviceID=51, operation=GetExperimentTokensOperationCall
07-28 13:06:57.565  1215  1857 E AsyncOperation: OperationException[Status{statusCode=No config packages for log source, or config package not registered, resolution=null}]
07-28 13:06:57.565  1215  1857 E AsyncOperation: 	at angh.a(:com.google.android.gms@201817022@20.18.17 (040700-311416286):92)
07-28 13:06:57.565  1215  1857 E AsyncOperation: 	at angh.a(:com.google.android.gms@201817022@20.18.17 (040700-311416286):77)
07-28 13:06:57.565  1215  1857 E AsyncOperation: 	at zus.run(:com.google.android.gms@201817022@20.18.17 (040700-311416286):10)
07-28 13:06:57.565  1215  1857 E AsyncOperation: 	at blot.run(:com.google.android.gms@201817022@20.18.17 (040700-311416286):2)
07-28 13:06:57.565  1215  1857 E AsyncOperation: 	at sji.b(:com.google.android.gms@201817022@20.18.17 (040700-311416286):12)
07-28 13:06:57.565  1215  1857 E AsyncOperation: 	at sji.run(:com.google.android.gms@201817022@20.18.17 (040700-311416286):7)
07-28 13:06:57.565  1215  1857 E AsyncOperation: 	at java.util.concurrent.ThreadPoolExecutor.runWorker(ThreadPoolExecutor.java:1167)
07-28 13:06:57.565  1215  1857 E AsyncOperation: 	at java.util.concurrent.ThreadPoolExecutor$Worker.run(ThreadPoolExecutor.java:641)
07-28 13:06:57.565  1215  1857 E AsyncOperation: 	at spj.run(:com.google.android.gms@201817022@20.18.17 (040700-311416286):0)
07-28 13:06:57.565  1215  1857 E AsyncOperation: 	at java.lang.Thread.run(Thread.java:923)
07-28 13:06:57.583   303   303 D goldfish-address-space: claimShared: Ask to claim region [0x3f255f000 0x3f2ec4000]
07-28 13:06:57.601   303   303 D goldfish-address-space: claimShared: Ask to claim region [0x3f2ec4000 0x3f3829000]
07-28 13:06:57.631   303   303 D goldfish-address-space: claimShared: Ask to claim region [0x3f0000000 0x3f0965000]
07-28 13:06:57.662   527   564 I ActivityTaskManager: Displayed com.android.chrome/org.chromium.chrome.browser.firstrun.FirstRunActivity: +824ms
07-28 13:06:57.708  5000  5000 W Chrome_FileUser: type=1400 audit(0.0:256): avc: granted { open } for path="/dev/ashmem" dev="tmpfs" ino=10476 scontext=u:r:untrusted_app_25:s0:c512,c768 tcontext=u:object_r:ashmem_device:s0 tclass=chr_file app=com.android.chrome
07-28 13:06:57.855  5075  5098 D EGL_emulation: eglCreateContext: 0xf4421fe0: maj 2 min 0 rcv 2
07-28 13:06:57.948  5000  5000 W Chrome_FileUser: type=1400 audit(0.0:257): avc: granted { open } for path="/dev/ashmem" dev="tmpfs" ino=10476 scontext=u:r:untrusted_app_25:s0:c512,c768 tcontext=u:object_r:ashmem_device:s0 tclass=chr_file app=com.android.chrome
07-28 13:06:58.017  5000  5000 I cr_InstantAppsHandler: Not handling with Instant Apps
07-28 13:06:58.024  5000  5000 W Chrome_FileUser: type=1400 audit(0.0:258): avc: granted { open } for path="/dev/ashmem" dev="tmpfs" ino=10476 scontext=u:r:untrusted_app_25:s0:c512,c768 tcontext=u:object_r:ashmem_device:s0 tclass=chr_file app=com.android.chrome
07-28 13:06:58.080  5000  5000 W Chrome_FileUser: type=1400 audit(0.0:259): avc: granted { open } for path="/dev/ashmem" dev="tmpfs" ino=10476 scontext=u:r:untrusted_app_25:s0:c512,c768 tcontext=u:object_r:ashmem_device:s0 tclass=chr_file app=com.android.chrome
07-28 13:06:58.187  5075  5098 D EGL_emulation: eglCreateContext: 0xf4424200: maj 2 min 0 rcv 2
07-28 13:06:58.205  1697  1712 I gle.android.gm: Background concurrent copying GC freed 198616(5034KB) AllocSpace objects, 1(132KB) LOS objects, 49% free, 13MB/27MB, paused 537us total 150.715ms
07-28 13:06:58.256  5000  5000 W .android.chrome: type=1400 audit(0.0:260): avc: granted { open } for path="/dev/ashmem" dev="tmpfs" ino=10476 scontext=u:r:untrusted_app_25:s0:c512,c768 tcontext=u:object_r:ashmem_device:s0 tclass=chr_file app=com.android.chrome
07-28 13:06:58.384  5000  5000 I chatty  : uid=10121(com.android.chrome) identical 2 lines
07-28 13:06:59.136  5000  5000 W Thread-4: type=1400 audit(0.0:263): avc: granted { open } for path="/dev/ashmem" dev="tmpfs" ino=10476 scontext=u:r:untrusted_app_25:s0:c512,c768 tcontext=u:object_r:ashmem_device:s0 tclass=chr_file app=com.android.chrome
07-28 13:06:59.269  5000  5000 I chromium: [INFO:CONSOLE(0)] "The source list for Content Security Policy directive 'script-src' contains an invalid source: ''report-sample''. It will be ignored.", source: https://www.google.com/m?hl=en&source=android-launcher-widget&q=youtube+music (0)
07-28 13:06:59.864   527  1430 E TaskPersister: File error accessing recents directory (directory doesn't exist?).
07-28 13:07:00.004   711   711 D KeyguardClockSwitch: Updating clock: 107
07-28 13:07:01.851   399   399 I perfetto: probes_producer.cc:329  Producer stop (id=26)
07-28 13:07:01.855   399   399 I perfetto: ftrace_procfs.cc:183    disabled ftrace
07-28 13:07:01.844     0     0 W perfetto: disabled ftrace
07-28 13:07:01.857   406   406 I perfetto: ng_service_impl.cc:1948 Tracing session 26 ended, total sessions:0
07-28 13:07:04.268  5000  5000 W Thread-4: type=1400 audit(0.0:264): avc: granted { open } for path="/dev/ashmem" dev="tmpfs" ino=10476 scontext=u:r:untrusted_app_25:s0:c512,c768 tcontext=u:object_r:ashmem_device:s0 tclass=chr_file app=com.android.chrome
07-28 13:07:04.598  5000  5000 V NFC     : this device does not have NFC support
07-28 13:07:04.649  5000  5000 I cr_BindingManager: Moderate binding enabled: maxSize=20
07-28 13:07:04.651  5000  5148 I cr_LogcatExtraction: Trying to extract logcat for minidump
07-28 13:07:04.646     0     0 D logd    : logdr: UID=10121 GID=10121 PID=5149 n tail=0 logMask=99 pid=0 start=0ns timeout=0ns
07-28 13:07:04.715  1697  2128 I Icing   : IndexChimeraService.getServiceInterface callingPackage=com.google.android.gms componentName=null serviceId=36 [CONTEXT service_id=21 ]
