--------- beginning of main
07-28 11:13:43.224   208   208 W Binder:208_2: type=1400 audit(0.0:90): avc: denied { read } for name="wakeup34" dev="sysfs" ino=18950 scontext=u:r:system_suspend:s0 tcontext=u:object_r:sysfs:s0 tclass=dir permissive=0
07-28 11:13:43.227   208   211 E android.system.suspend@1.0-service: Error opening kernel wakelock stats for: wakeup34: Permission denied
07-28 11:13:43.231   208   211 E android.system.suspend@1.0-service: Error opening kernel wakelock stats for: wakeup35: Permission denied
07-28 11:13:43.228   208   208 W Binder:208_2: type=1400 audit(0.0:91): avc: denied { read } for name="wakeup35" dev="sysfs" ino=19013 scontext=u:r:system_suspend:s0 tcontext=u:object_r:sysfs:s0 tclass=dir permissive=0
--------- beginning of kernel
07-28 11:13:55.829     0     0 D logd    : logdr: UID=2000 GID=2000 PID=4299 b tail=0 logMask=99 pid=0 start=0ns timeout=0ns
07-28 11:13:58.648   208   208 W Binder:208_2: type=1400 audit(0.0:92): avc: denied { read } for name="wakeup34" dev="sysfs" ino=18950 scontext=u:r:system_suspend:s0 tcontext=u:object_r:sysfs:s0 tclass=dir permissive=0
07-28 11:13:58.651   208   211 E android.system.suspend@1.0-service: Error opening kernel wakelock stats for: wakeup34: Permission denied
07-28 11:13:58.654   208   211 E android.system.suspend@1.0-service: Error opening kernel wakelock stats for: wakeup35: Permission denied
07-28 11:13:58.652   208   208 W Binder:208_2: type=1400 audit(0.0:93): avc: denied { read } for name="wakeup35" dev="sysfs" ino=19013 scontext=u:r:system_suspend:s0 tcontext=u:object_r:sysfs:s0 tclass=dir permissive=0
07-28 11:14:00.003   711   711 D KeyguardClockSwitch: Updating clock: 11î¸14
07-28 11:14:01.635   475   475 E netmgr  : qemu_pipe_open_ns:62: Could not connect to the 'pipe:qemud:network' service: Invalid argument
07-28 11:14:01.635   475   475 E netmgr  : Failed to open QEMU pipe 'qemud:network': Invalid argument
07-28 11:14:01.819   487   487 E wifi_forwarder: qemu_pipe_open_ns:62: Could not connect to the 'pipe:qemud:wififorward' service: Invalid argument
07-28 11:14:01.819   487   487 E wifi_forwarder: RemoteConnection failed to initialize: RemoteConnection failed to open pipe
07-28 11:14:06.252  1074  1074 D TaplEvents: Main / Touch event: MotionEvent { action=ACTION_DOWN, actionButton=0, id[0]=0, x[0]=956.9641, y[0]=1945.8765, toolType[0]=TOOL_TYPE_FINGER, buttonState=0, classification=NONE, metaState=0, flags=0x0, edgeFlags=0x0, pointerCount=1, historySize=0, eventTime=922774, downTime=922774, deviceId=6, source=0x5002, displayId=0 }
07-28 11:14:06.258  1074  1074 D TaplEvents: Main / Touch event: MotionEvent { action=ACTION_UP, actionButton=0, id[0]=0, x[0]=956.9641, y[0]=1945.8765, toolType[0]=TOOL_TYPE_FINGER, buttonState=0, classification=NONE, metaState=0, flags=0x0, edgeFlags=0x0, pointerCount=1, historySize=0, eventTime=922781, downTime=922774, deviceId=6, source=0x5002, displayId=0 }
07-28 11:14:06.268  1074  1074 D TaplEvents: Main / start: startAppShortcutOrInfoActivity
07-28 11:14:06.271   527   557 D EventSequenceValidator: Transition from ACTIVITY_FINISHED to INTENT_STARTED
--------- beginning of system
07-28 11:14:06.271   527   614 I ActivityTaskManager: START u0 {act=android.intent.action.MAIN cat=[android.intent.category.LAUNCHER] flg=0x10200000 pkg=com.android.camera2 cmp=com.android.camera2/com.android.camera.CameraLauncher bnds=[842,1836][1043,2084]} from uid 10109
07-28 11:14:06.273   527  1202 I system_server: oneway function results will be dropped but finished with status OK and parcel size 4
07-28 11:14:06.273   527  1202 I system_server: oneway function results will be dropped but finished with status OK and parcel size 4
07-28 11:14:06.278   406   406 I perfetto: ing_service_impl.cc:758 Configured tracing session 10, #sources:1, duration:5000 ms, #buffers:1, total buffer size:4096 KB, total sessions:1, uid:1071 session name: ""
07-28 11:14:06.281   399   399 I perfetto: probes_producer.cc:230  Ftrace setup (target_buf=10)
07-28 11:14:06.295   527   557 D CompatibilityChangeReporter: Compat change id reported: 135634846; UID 10091; state: DISABLED
07-28 11:14:06.295   527   566 D CompatibilityChangeReporter: Compat change id reported: 143937733; UID 10091; state: DISABLED
07-28 11:14:06.299   527   557 D EventSequenceValidator: Transition from INTENT_STARTED to ACTIVITY_LAUNCHED
07-28 11:14:06.309   399   399 I perfetto: ftrace_procfs.cc:176    enabled ftrace
07-28 11:14:06.297     0     0 W perfetto: enabled ftrace
07-28 11:14:06.321   287   287 D Zygote  : Forked child process 4308
07-28 11:14:06.328  4308  4308 W android.camera: Unexpected CPU variant for X86 using defaults: x86
07-28 11:14:06.337   391   432 I adbd    : jdwp connection from 4308
07-28 11:14:06.339   527   566 I ActivityManager: Start proc 4308:com.android.camera2/u0a91 for pre-top-activity {com.android.camera2/com.android.camera.CameraLauncher}
07-28 11:14:06.349   303   303 D goldfish-address-space: claimShared: Ask to claim region [0x3f4708000 0x3f4fb9000]
07-28 11:14:06.359   527  1489 W InputReader: Device virtio_input_multi_touch_9 is associated with display ADISPLAY_ID_NONE.
07-28 11:14:06.359   527  1489 W InputReader: Device virtio_input_multi_touch_7 is associated with display ADISPLAY_ID_NONE.
07-28 11:14:06.359   527  1489 W InputReader: Device virtio_input_multi_touch_6 is associated with display ADISPLAY_ID_NONE.
07-28 11:14:06.359   527  1489 W InputReader: Device virtio_input_multi_touch_3 is associated with display ADISPLAY_ID_NONE.
07-28 11:14:06.359   527  1489 W InputReader: Device virtio_input_multi_touch_10 is associated with display ADISPLAY_ID_NONE.
07-28 11:14:06.359   527  1489 W InputReader: Device virtio_input_multi_touch_8 is associated with display ADISPLAY_ID_NONE.
07-28 11:14:06.359   527  1489 W InputReader: Device virtio_input_multi_touch_4 is associated with display ADISPLAY_ID_NONE.
07-28 11:14:06.359   527  1489 W InputReader: Device virtio_input_multi_touch_11 is associated with display ADISPLAY_ID_NONE.
07-28 11:14:06.359   527  1489 W InputReader: Device virtio_input_multi_touch_5 is associated with display ADISPLAY_ID_NONE.
07-28 11:14:06.359   527  1489 W InputReader: Device virtio_input_multi_touch_2 is associated with display ADISPLAY_ID_NONE.
07-28 11:14:06.360   527  1489 W InputReader: Device virtio_input_multi_touch_9 is associated with display ADISPLAY_ID_NONE.
07-28 11:14:06.360   527  1489 W InputReader: Device virtio_input_multi_touch_7 is associated with display ADISPLAY_ID_NONE.
07-28 11:14:06.360   527  1489 W InputReader: Device virtio_input_multi_touch_6 is associated with display ADISPLAY_ID_NONE.
07-28 11:14:06.360   527  1489 W InputReader: Device virtio_input_multi_touch_3 is associated with display ADISPLAY_ID_NONE.
07-28 11:14:06.360   527  1489 W InputReader: Device virtio_input_multi_touch_10 is associated with display ADISPLAY_ID_NONE.
07-28 11:14:06.360   527  1489 W InputReader: Device virtio_input_multi_touch_8 is associated with display ADISPLAY_ID_NONE.
07-28 11:14:06.360   527  1489 W InputReader: Device virtio_input_multi_touch_4 is associated with display ADISPLAY_ID_NONE.
07-28 11:14:06.360   527  1489 W InputReader: Device virtio_input_multi_touch_11 is associated with display ADISPLAY_ID_NONE.
07-28 11:14:06.360   527  1489 W InputReader: Device virtio_input_multi_touch_5 is associated with display ADISPLAY_ID_NONE.
07-28 11:14:06.360   527  1489 W InputReader: Device virtio_input_multi_touch_2 is associated with display ADISPLAY_ID_NONE.
07-28 11:14:06.377  4308  4308 D ApplicationLoaders: Returning zygote-cached class loader: /system/framework/android.test.base.jar
07-28 11:14:06.379  4308  4308 I android.camera: The ClassLoaderContext is a special shared library.
07-28 11:14:06.387  4308  4308 I android.camera: The ClassLoaderContext is a special shared library.
07-28 11:14:06.389  4308  4308 D nativeloader: classloader namespace configured for unbundled product apk. library_path=/product/app/Camera2/lib/x86:/product/app/Camera2/Camera2.apk!/lib/x86:/product/lib:/system/product/lib
07-28 11:14:06.398  4308  4308 D NetworkSecurityConfig: No Network Security Config specified, using platform default
07-28 11:14:06.399  4308  4308 D NetworkSecurityConfig: No Network Security Config specified, using platform default
07-28 11:14:06.400  4308  4308 V CAM_Profiler: [  0.000ms][ui] GUARD: CameraApp onCreate() - START
07-28 11:14:06.401  4308  4308 V CAM_Profiler: [  0.000ms][ui] GUARD: FirstRunDetector getTimeOfFirstRun - START
07-28 11:14:06.403  4308  4308 V CAM_Profiler: [  1.411ms][ui] GUARD: FirstRunDetector getTimeOfFirstRun - [ 1.411ms] PreferenceManager.getDefaultSharedPreferences
07-28 11:14:06.405  4308  4308 V CAM_Profiler: [  4.678ms][ui] GUARD: FirstRunDetector getTimeOfFirstRun - [ 3.267ms] preferences.getLong
07-28 11:14:06.406  4308  4308 V CAM_Profiler: [  4.932ms][ui] GUARD: FirstRunDetector getTimeOfFirstRun - STOP
07-28 11:14:06.406  4308  4308 V CAM_Profiler: [  5.743ms][ui] GUARD: CameraApp onCreate() - [ 5.743ms] initializeTimeOfFirstRun
07-28 11:14:06.406  4308  4308 V CAM_Profiler: [  5.944ms][ui] GUARD: CameraApp onCreate() - [ 0.201ms] UsageStatistics.initialize
07-28 11:14:06.407  4308  4308 V CAM_Profiler: [  7.022ms][ui] GUARD: CameraApp onCreate() - [ 1.077ms] clearNotifications
07-28 11:14:06.407  4308  4308 V CAM_Profiler: [  7.022ms][ui] GUARD: CameraApp onCreate() - STOP
07-28 11:14:06.414   527   614 I system_server: oneway function results will be dropped but finished with status OK and parcel size 4
07-28 11:14:06.426  4308  4335 D libEGL  : loaded /vendor/lib/egl/libEGL_emulation.so
07-28 11:14:06.431  4308  4335 D libEGL  : loaded /vendor/lib/egl/libGLESv1_CM_emulation.so
07-28 11:14:06.435  4308  4308 V CAM_QuickActivity: START onCreate: Activity = com.android.camera.CameraActivity@b3f441f
07-28 11:14:06.436  4308  4308 V CAM_Profiler: [  0.000ms][ui] GUARD: CameraActivity.onCreateTasks - START
07-28 11:14:06.446  4308  4335 D libEGL  : loaded /vendor/lib/egl/libGLESv2_emulation.so
07-28 11:14:06.446  4308  4308 D CAM_LocationManager: Using LegacyLocationProvider
07-28 11:14:06.478  4308  4308 D CAM_MemoryManagerImpl: Max native memory: 358 MB
07-28 11:14:06.486  4308  4308 I CAM_OneCamFtrCnfgCrtr: CaptureModule? true
07-28 11:14:06.494  4308  4308 V CAM_Profiler: [ 58.873ms][ui] GUARD: CameraActivity.onCreateTasks - [ 4.207ms] Glide.setup
07-28 11:14:06.495  4308  4308 D CAM_Camera2OneCamMgr: Getting First BACK Camera
07-28 11:14:06.495  4308  4308 I CameraManagerGlobal: Connecting to camera service
07-28 11:14:06.498   414   414 W ServiceManager: Permission failure: android.permission.CAMERA_OPEN_CLOSE_LISTENER from uid=10091 pid=4308
07-28 11:14:06.504  4308  4308 D CAM_Camera2OneCamMgr: Getting First FRONT Camera
07-28 11:14:06.507  4308  4308 V CAM_Profiler: [ 71.199ms][ui] GUARD: CameraActivity.onCreateTasks - [12.326ms] OneCameraManager.get
07-28 11:14:06.519   414   414 W ServiceManager: Permission failure: android.permission.SYSTEM_CAMERA from uid=10091 pid=4308
07-28 11:14:06.535   414   414 I chatty  : uid=1047(cameraserver) /system/bin/cameraserver identical 9 lines
07-28 11:14:06.535   414   414 W ServiceManager: Permission failure: android.permission.SYSTEM_CAMERA from uid=10091 pid=4308
07-28 11:14:06.535  4308  4342 D CCodec  : allocate(c2.android.vorbis.decoder)
07-28 11:14:06.538   414   414 W ServiceManager: Permission failure: android.permission.SYSTEM_CAMERA from uid=10091 pid=4308
07-28 11:14:06.538   414   414 I chatty  : uid=1047(cameraserver) /system/bin/cameraserver identical 1 line
07-28 11:14:06.539   414   414 W ServiceManager: Permission failure: android.permission.SYSTEM_CAMERA from uid=10091 pid=4308
07-28 11:14:06.542  4308  4342 I Codec2Client: Available Codec2 services: "software"
07-28 11:14:06.550   304   304 W EmuHWC2 : validate: layer 42 CompositionType 1, fallback
07-28 11:14:06.568  4308  4308 V CAM_Profiler: [107.639ms][ui] GUARD: CameraActivity.onCreateTasks - [13.118ms] computePictureSizes
07-28 11:14:06.571   438  4291 V C2Store : in init
07-28 11:14:06.571   438  4291 V C2Store : loading dll
07-28 11:14:06.573  4308  4342 I CCodec  : Created component [c2.android.vorbis.decoder]
07-28 11:14:06.574  4308  4342 D CCodecConfig: read media type: audio/vorbis
07-28 11:14:06.578   304   304 W EmuHWC2 : No layers, exit, buffer 0xea641110
07-28 11:14:06.580   304   304 W EmuHWC2 : validate: layer 42 CompositionType 1, fallback
07-28 11:14:06.583  4308  4342 D ReflectedParamUpdater: extent() != 1 for single value type: algo.buffers.max-count.values
07-28 11:14:06.586   304   304 W EmuHWC2 : No layers, exit, buffer 0xea641910
07-28 11:14:06.589  4308  4342 D ReflectedParamUpdater: extent() != 1 for single value type: output.subscribed-indices.values
07-28 11:14:06.590  4308  4342 D ReflectedParamUpdater: extent() != 1 for single value type: input.buffers.allocator-ids.values
07-28 11:14:06.592  4308  4342 D ReflectedParamUpdater: extent() != 1 for single value type: output.buffers.allocator-ids.values
07-28 11:14:06.592   304   304 W EmuHWC2 : validate: layer 42 CompositionType 1, fallback
07-28 11:14:06.593  4308  4342 D ReflectedParamUpdater: extent() != 1 for single value type: algo.buffers.allocator-ids.values
07-28 11:14:06.593  4308  4342 D ReflectedParamUpdater: extent() != 1 for single value type: output.buffers.pool-ids.values
07-28 11:14:06.594  4308  4308 W CAM_Log : Tag RoundedThumbnailView is 1 chars longer than limit.
07-28 11:14:06.594  4308  4342 D ReflectedParamUpdater: extent() != 1 for single value type: algo.buffers.pool-ids.values
07-28 11:14:06.598   304   304 W EmuHWC2 : No layers, exit, buffer 0xea641110
07-28 11:14:06.601   304   304 W EmuHWC2 : validate: layer 42 CompositionType 1, fallback
07-28 11:14:06.602  4308  4342 I CCodecConfig: query failed after returning 7 values (BAD_INDEX)
07-28 11:14:06.603  4308  4342 D CCodecConfig: c2 config diff is Dict {
07-28 11:14:06.603  4308  4342 D CCodecConfig:   c2::u32 coded.bitrate.value = 64000
07-28 11:14:06.603  4308  4342 D CCodecConfig:   c2::u32 input.buffers.max-size.value = 32768
07-28 11:14:06.603  4308  4342 D CCodecConfig:   c2::u32 input.delay.value = 0
07-28 11:14:06.603  4308  4342 D CCodecConfig:   string input.media-type.value = "audio/vorbis"
07-28 11:14:06.603  4308  4342 D CCodecConfig:   string output.media-type.value = "audio/raw"
07-28 11:14:06.603  4308  4342 D CCodecConfig:   c2::u32 raw.channel-count.value = 1
07-28 11:14:06.603  4308  4342 D CCodecConfig:   c2::u32 raw.sample-rate.value = 48000
07-28 11:14:06.603  4308  4342 D CCodecConfig: }
07-28 11:14:06.609  4308  4342 D CCodec  : [c2.android.vorbis.decoder] buffers are bound to CCodec for this session
07-28 11:14:06.609   304   304 W EmuHWC2 : No layers, exit, buffer 0xea641910
07-28 11:14:06.610  4308  4342 D CCodecConfig: no c2 equivalents for durationUs
07-28 11:14:06.610  4308  4342 D CCodecConfig: no c2 equivalents for track-id
07-28 11:14:06.610  4308  4342 D CCodecConfig: no c2 equivalents for csd-1
07-28 11:14:06.610  4308  4342 D CCodecConfig: no c2 equivalents for channel-mask
07-28 11:14:06.610  4308  4342 D CCodecConfig: no c2 equivalents for flags
07-28 11:14:06.615  4308  4342 W Codec2Client: query -- param skipped: index = 1107298332.
07-28 11:14:06.615  4308  4342 D CCodec  : setup formats input: AMessage(what = 0x00000000) = {
07-28 11:14:06.615  4308  4342 D CCodec  :   int32_t channel-count = 1
07-28 11:14:06.615  4308  4342 D CCodec  :   int32_t max-input-size = 32768
07-28 11:14:06.615  4308  4342 D CCodec  :   string mime = "audio/vorbis"
07-28 11:14:06.615  4308  4342 D CCodec  :   int32_t sample-rate = 48000
07-28 11:14:06.615  4308  4342 D CCodec  : } and output: AMessage(what = 0x00000000) = {
07-28 11:14:06.615  4308  4342 D CCodec  :   int32_t channel-count = 1
07-28 11:14:06.615  4308  4342 D CCodec  :   string mime = "audio/raw"
07-28 11:14:06.615  4308  4342 D CCodec  :   int32_t sample-rate = 48000
07-28 11:14:06.615  4308  4342 D CCodec  :   int32_t channel-mask = 1
07-28 11:14:06.615  4308  4342 D CCodec  : }
07-28 11:14:06.616   304   304 W EmuHWC2 : validate: layer 42 CompositionType 1, fallback
07-28 11:14:06.624   304   304 W EmuHWC2 : No layers, exit, buffer 0xea641110
07-28 11:14:06.626  4308  4342 W Codec2Client: query -- param skipped: index = 1342179345.
07-28 11:14:06.627  4308  4342 W Codec2Client: query -- param skipped: index = 2415921170.
07-28 11:14:06.633  4308  4342 E FMQ     : grantorIdx must be less than 3
07-28 11:14:06.633  4308  4342 E FMQ     : grantorIdx must be less than 3
07-28 11:14:06.633  4308  4342 D CCodecBufferChannel: [c2.android.vorbis.decoder#256] Created input block pool with allocatorID 16 => poolID 17 - OK (0)
07-28 11:14:06.634   304   304 W EmuHWC2 : validate: layer 42 CompositionType 1, fallback
07-28 11:14:06.635   438   984 E FMQ     : grantorIdx must be less than 3
07-28 11:14:06.635   438   984 E FMQ     : grantorIdx must be less than 3
07-28 11:14:06.637   304   304 W EmuHWC2 : No layers, exit, buffer 0xea641910
07-28 11:14:06.638  4308  4342 I CCodecBufferChannel: [c2.android.vorbis.decoder#256] Created output block pool with allocatorID 16 => poolID 43 - OK
07-28 11:14:06.639  4308  4342 D CCodecBufferChannel: [c2.android.vorbis.decoder#256] Configured output block pool ids 43 => OK
07-28 11:14:06.642  4308  4342 E ion     : ioctl c0044901 failed with code -1: Inappropriate ioctl for device
07-28 11:14:06.645   438  4348 D SimpleC2Component: Using output block pool with poolID 43 => got 43 - 0
07-28 11:14:06.646  4308  4342 E FMQ     : grantorIdx must be less than 3
07-28 11:14:06.648   438   984 E FMQ     : grantorIdx must be less than 3
07-28 11:14:06.649   304   304 W EmuHWC2 : validate: layer 42 CompositionType 1, fallback
07-28 11:14:06.653   304   304 W EmuHWC2 : No layers, exit, buffer 0xea641110
07-28 11:14:06.665   304   304 W EmuHWC2 : validate: layer 42 CompositionType 1, fallback
07-28 11:14:06.666   438  4348 E FMQ     : grantorIdx must be less than 3
07-28 11:14:06.666  4308  4347 E FMQ     : grantorIdx must be less than 3
07-28 11:14:06.669   304   304 W EmuHWC2 : No layers, exit, buffer 0xea641910
07-28 11:14:06.682   304   304 W EmuHWC2 : validate: layer 42 CompositionType 1, fallback
07-28 11:14:06.685   304   304 W EmuHWC2 : No layers, exit, buffer 0xea641110
07-28 11:14:06.701   304   304 W EmuHWC2 : validate: layer 42 CompositionType 1, fallback
07-28 11:14:06.704   304   304 W EmuHWC2 : No layers, exit, buffer 0xea641910
07-28 11:14:06.708  4308  4308 I CAM_Profiler: [272.116ms][ui] GUARD: CameraActivity.onCreateTasks - [138.217ms] setContentView()
07-28 11:14:06.715   304   304 W EmuHWC2 : validate: layer 42 CompositionType 1, fallback
07-28 11:14:06.719   304   304 W EmuHWC2 : No layers, exit, buffer 0xea641110
07-28 11:14:06.721  4308  4308 V CAM_Profiler: [285.903ms][ui] GUARD: CameraActivity.onCreateTasks - [13.788ms] Configure Camera UI
07-28 11:14:06.725  4308  4308 I TetheringManager: registerTetheringEventCallback:com.android.camera2
07-28 11:14:06.731  4308  4308 V CAM_CameraController: Closing camera
07-28 11:14:06.734  4308  4337 W CAM2PORT_AndCamAgntImp: Releasing camera without any camera opened.
07-28 11:14:06.734  4308  4308 V CAM_ModulesInfo: EnableCaptureModule = true
07-28 11:14:06.735   304   304 W EmuHWC2 : validate: layer 42 CompositionType 1, fallback
07-28 11:14:06.736  4308  4308 V CAM_Profiler: [  0.000ms][ui] GUARD: new CaptureModule - START
07-28 11:14:06.737   304   304 W EmuHWC2 : No layers, exit, buffer 0xea641910
07-28 11:14:06.740  4308  4308 V CAM_Profiler: [  3.823ms][ui] GUARD: new CaptureModule - STOP
07-28 11:14:06.740  4308  4308 V CAM_SettingsManager: listeners: [com.android.camera.app.CameraAppUI@1f070ae]
07-28 11:14:06.744  4308  4308 V CAM_SettingsManager: listeners: [com.android.camera.app.CameraAppUI@1f070ae, com.android.camera.ButtonManager@b14606b]
07-28 11:14:06.744  4308  4308 V CAM_SettingsManager: listeners: [com.android.camera.app.CameraAppUI@1f070ae, com.android.camera.ButtonManager@b14606b, com.android.camera.widget.IndicatorIconController@aee0061]
07-28 11:14:06.745  4308  4308 V CAM_Profiler: [309.092ms][ui] GUARD: CameraActivity.onCreateTasks - [ 4.787ms] Init Current Module UI
07-28 11:14:06.745  4308  4308 V CAM_Profiler: [  0.000ms][ui] GUARD: CaptureModule.init - START
07-28 11:14:06.745  4308  4308 D CAM_CaptureModule: init UseAutotransformUiLayout = false
07-28 11:14:06.745  4308  4308 D CAM_Camera2OneCamMgr: Getting First BACK Camera
07-28 11:14:06.746  4308  4308 D CAM_Camera2OneCamMgr: Getting First FRONT Camera
07-28 11:14:06.749   304   304 W EmuHWC2 : validate: layer 42 CompositionType 1, fallback
07-28 11:14:06.752   304   304 W EmuHWC2 : No layers, exit, buffer 0xea641110
07-28 11:14:06.764  4308  4353 D CCodec  : allocate(c2.android.vorbis.decoder)
07-28 11:14:06.766  4308  4308 I CAM_Profiler: [ 20.639ms][ui] GUARD: CaptureModule.init - STOP
07-28 11:14:06.766   304   304 W EmuHWC2 : validate: layer 42 CompositionType 1, fallback
07-28 11:14:06.768   304   304 W EmuHWC2 : No layers, exit, buffer 0xea641910
07-28 11:14:06.769  4308  4353 I CCodec  : Created component [c2.android.vorbis.decoder]
07-28 11:14:06.769  4308  4308 I CAM_Profiler: [330.510ms][ui] GUARD: CameraActivity.onCreateTasks - [21.418ms] Init CurrentModule
07-28 11:14:06.771  4308  4353 D CCodecConfig: read media type: audio/vorbis
07-28 11:14:06.773  4308  4308 V NFC     : this device does not have NFC support
07-28 11:14:06.778  4308  4353 D ReflectedParamUpdater: extent() != 1 for single value type: algo.buffers.max-count.values
07-28 11:14:06.778  4308  4353 D ReflectedParamUpdater: extent() != 1 for single value type: output.subscribed-indices.values
07-28 11:14:06.779  4308  4353 D ReflectedParamUpdater: extent() != 1 for single value type: input.buffers.allocator-ids.values
07-28 11:14:06.779  4308  4353 D ReflectedParamUpdater: extent() != 1 for single value type: output.buffers.allocator-ids.values
07-28 11:14:06.779  4308  4353 D ReflectedParamUpdater: extent() != 1 for single value type: algo.buffers.allocator-ids.values
07-28 11:14:06.780  4308  4353 D ReflectedParamUpdater: extent() != 1 for single value type: output.buffers.pool-ids.values
07-28 11:14:06.780  4308  4353 D ReflectedParamUpdater: extent() != 1 for single value type: algo.buffers.pool-ids.values
07-28 11:14:06.780  4308  4357 D CCodec  : allocate(c2.android.vorbis.decoder)
07-28 11:14:06.782   304   304 W EmuHWC2 : validate: layer 42 CompositionType 1, fallback
07-28 11:14:06.783  4308  4353 I CCodecConfig: query failed after returning 7 values (BAD_INDEX)
07-28 11:14:06.784  4308  4308 I CAM_Profiler: [347.811ms][ui] GUARD: CameraActivity.onCreateTasks - STOP
07-28 11:14:06.784  4308  4353 D CCodecConfig: c2 config diff is Dict {
07-28 11:14:06.784  4308  4353 D CCodecConfig:   c2::u32 coded.bitrate.value = 64000
07-28 11:14:06.784  4308  4353 D CCodecConfig:   c2::u32 input.buffers.max-size.value = 32768
07-28 11:14:06.784  4308  4353 D CCodecConfig:   c2::u32 input.delay.value = 0
07-28 11:14:06.784  4308  4353 D CCodecConfig:   string input.media-type.value = "audio/vorbis"
07-28 11:14:06.784  4308  4353 D CCodecConfig:   string output.media-type.value = "audio/raw"
07-28 11:14:06.784  4308  4353 D CCodecConfig:   c2::u32 raw.channel-count.value = 1
07-28 11:14:06.784  4308  4353 D CCodecConfig:   c2::u32 raw.sample-rate.value = 48000
07-28 11:14:06.784  4308  4353 D CCodecConfig: }
07-28 11:14:06.784   304   304 W EmuHWC2 : No layers, exit, buffer 0xea641110
07-28 11:14:06.785  4308  4308 V CAM_QuickActivity: END onCreate: Activity = com.android.camera.CameraActivity@b3f441f
07-28 11:14:06.790  4308  4353 D CCodec  : [c2.android.vorbis.decoder] buffers are bound to CCodec for this session
07-28 11:14:06.790  4308  4353 D CCodecConfig: no c2 equivalents for durationUs
07-28 11:14:06.790  4308  4353 D CCodecConfig: no c2 equivalents for track-id
07-28 11:14:06.790  4308  4353 D CCodecConfig: no c2 equivalents for csd-1
07-28 11:14:06.790  4308  4353 D CCodecConfig: no c2 equivalents for channel-mask
07-28 11:14:06.790  4308  4353 D CCodecConfig: no c2 equivalents for flags
07-28 11:14:06.791  4308  4357 I CCodec  : Created component [c2.android.vorbis.decoder]
07-28 11:14:06.792  4308  4353 D CCodecConfig: c2 config diff is   c2::u32 raw.channel-count.value = 2
07-28 11:14:06.793  4308  4353 W Codec2Client: query -- param skipped: index = 1107298332.
07-28 11:14:06.793  4308  4353 D CCodec  : setup formats input: AMessage(what = 0x00000000) = {
07-28 11:14:06.793  4308  4353 D CCodec  :   int32_t channel-count = 2
07-28 11:14:06.793  4308  4353 D CCodec  :   int32_t max-input-size = 32768
07-28 11:14:06.793  4308  4353 D CCodec  :   string mime = "audio/vorbis"
07-28 11:14:06.793  4308  4353 D CCodec  :   int32_t sample-rate = 48000
07-28 11:14:06.793  4308  4353 D CCodec  : } and output: AMessage(what = 0x00000000) = {
07-28 11:14:06.793  4308  4353 D CCodec  :   int32_t channel-count = 2
07-28 11:14:06.793  4308  4353 D CCodec  :   string mime = "audio/raw"
07-28 11:14:06.793  4308  4353 D CCodec  :   int32_t sample-rate = 48000
07-28 11:14:06.793  4308  4353 D CCodec  :   int32_t channel-mask = 3
07-28 11:14:06.793  4308  4353 D CCodec  : }
07-28 11:14:06.793  4308  4357 D CCodecConfig: read media type: audio/vorbis
07-28 11:14:06.793  4308  4308 V CAM_QuickActivity: START onStart: Activity = com.android.camera.CameraActivity@b3f441f
07-28 11:14:06.793  4308  4353 W Codec2Client: query -- param skipped: index = 1342179345.
07-28 11:14:06.793  4308  4353 W Codec2Client: query -- param skipped: index = 2415921170.
07-28 11:14:06.796  4308  4353 E FMQ     : grantorIdx must be less than 3
07-28 11:14:06.799   304   304 W EmuHWC2 : validate: layer 42 CompositionType 1, fallback
07-28 11:14:06.799  4308  4357 D ReflectedParamUpdater: extent() != 1 for single value type: algo.buffers.max-count.values
07-28 11:14:06.802  4308  4353 E FMQ     : grantorIdx must be less than 3
07-28 11:14:06.802   304   304 W EmuHWC2 : No layers, exit, buffer 0xea641910
07-28 11:14:06.803  4308  4353 D CCodecBufferChannel: [c2.android.vorbis.decoder#166] Created input block pool with allocatorID 16 => poolID 18 - OK (0)
07-28 11:14:06.804  4308  4357 D ReflectedParamUpdater: extent() != 1 for single value type: output.subscribed-indices.values
07-28 11:14:06.805   438   497 E FMQ     : grantorIdx must be less than 3
07-28 11:14:06.805  4308  4357 D ReflectedParamUpdater: extent() != 1 for single value type: input.buffers.allocator-ids.values
07-28 11:14:06.805   438   497 E FMQ     : grantorIdx must be less than 3
07-28 11:14:06.807  4308  4357 D ReflectedParamUpdater: extent() != 1 for single value type: output.buffers.allocator-ids.values
07-28 11:14:06.807  4308  4308 V CAM_QuickActivity: END onStart: Activity = com.android.camera.CameraActivity@b3f441f
07-28 11:14:06.808  4308  4357 D ReflectedParamUpdater: extent() != 1 for single value type: algo.buffers.allocator-ids.values
07-28 11:14:06.808  4308  4357 D ReflectedParamUpdater: extent() != 1 for single value type: output.buffers.pool-ids.values
07-28 11:14:06.808  4308  4308 V CAM_QuickActivity: START onResume: Activity = com.android.camera.CameraActivity@b3f441f
07-28 11:14:06.808  4308  4357 D ReflectedParamUpdater: extent() != 1 for single value type: algo.buffers.pool-ids.values
07-28 11:14:06.808  4308  4308 V CAM_QuickActivity: onResume(): isKeyguardLocked() = false
07-28 11:14:06.809  4308  4308 V CAM_QuickActivity: onResume --> onResumeTasks()
07-28 11:14:06.809  4308  4308 V CAM_Profiler: [  0.000ms][ui] GUARD: CameraActivity.resume - START
07-28 11:14:06.809  4308  4308 V CAM_CameraActivity: Build info: sdk_phone_x86-userdebug 11 RSR1.210210.001.A1 7193139 dev-keys
07-28 11:14:06.809  4308  4357 I CCodecConfig: query failed after returning 7 values (BAD_INDEX)
07-28 11:14:06.810  4308  4357 D CCodecConfig: c2 config diff is Dict {
07-28 11:14:06.810  4308  4357 D CCodecConfig:   c2::u32 coded.bitrate.value = 64000
07-28 11:14:06.810  4308  4357 D CCodecConfig:   c2::u32 input.buffers.max-size.value = 32768
07-28 11:14:06.810  4308  4357 D CCodecConfig:   c2::u32 input.delay.value = 0
07-28 11:14:06.810  4308  4357 D CCodecConfig:   string input.media-type.value = "audio/vorbis"
07-28 11:14:06.810  4308  4357 D CCodecConfig:   string output.media-type.value = "audio/raw"
07-28 11:14:06.810  4308  4357 D CCodecConfig:   c2::u32 raw.channel-count.value = 1
07-28 11:14:06.810  4308  4357 D CCodecConfig:   c2::u32 raw.sample-rate.value = 48000
07-28 11:14:06.810  4308  4357 D CCodecConfig: }
07-28 11:14:06.810  4308  4357 D CCodec  : [c2.android.vorbis.decoder] buffers are bound to CCodec for this session
07-28 11:14:06.810  4308  4357 D CCodecConfig: no c2 equivalents for durationUs
07-28 11:14:06.810  4308  4357 D CCodecConfig: no c2 equivalents for track-id
07-28 11:14:06.810  4308  4357 D CCodecConfig: no c2 equivalents for csd-1
07-28 11:14:06.810  4308  4357 D CCodecConfig: no c2 equivalents for channel-mask
07-28 11:14:06.810  4308  4357 D CCodecConfig: no c2 equivalents for flags
07-28 11:14:06.811  4308  4357 W Codec2Client: query -- param skipped: index = 1107298332.
07-28 11:14:06.811  4308  4357 D CCodec  : setup formats input: AMessage(what = 0x00000000) = {
07-28 11:14:06.811  4308  4357 D CCodec  :   int32_t channel-count = 1
07-28 11:14:06.811  4308  4357 D CCodec  :   int32_t max-input-size = 32768
07-28 11:14:06.811  4308  4357 D CCodec  :   string mime = "audio/vorbis"
07-28 11:14:06.811  4308  4357 D CCodec  :   int32_t sample-rate = 48000
07-28 11:14:06.811  4308  4357 D CCodec  : } and output: AMessage(what = 0x00000000) = {
07-28 11:14:06.811  4308  4357 D CCodec  :   int32_t channel-count = 1
07-28 11:14:06.811  4308  4357 D CCodec  :   string mime = "audio/raw"
07-28 11:14:06.811  4308  4357 D CCodec  :   int32_t sample-rate = 48000
07-28 11:14:06.811  4308  4357 D CCodec  :   int32_t channel-mask = 1
07-28 11:14:06.811  4308  4357 D CCodec  : }
07-28 11:14:06.812  4308  4357 W Codec2Client: query -- param skipped: index = 1342179345.
07-28 11:14:06.812  4308  4357 W Codec2Client: query -- param skipped: index = 2415921170.
07-28 11:14:06.813  4308  4357 E FMQ     : grantorIdx must be less than 3
07-28 11:14:06.813  4308  4357 E FMQ     : grantorIdx must be less than 3
07-28 11:14:06.813  4308  4357 D CCodecBufferChannel: [c2.android.vorbis.decoder#359] Created input block pool with allocatorID 16 => poolID 19 - OK (0)
07-28 11:14:06.814  4308  4308 V CAM_Profiler: [  0.000ms][ui] GUARD: CaptureModule.resume - START
07-28 11:14:06.815  4308  4308 V CAM_Profiler: [  1.098ms][ui] GUARD: CaptureModule.resume - [ 0.019ms] getRemoteShutterListener.onModuleReady
07-28 11:14:06.815   438   497 E FMQ     : grantorIdx must be less than 3
07-28 11:14:06.815  4308  4353 I CCodecBufferChannel: [c2.android.vorbis.decoder#166] Created output block pool with allocatorID 16 => poolID 44 - OK
07-28 11:14:06.815   438   497 E FMQ     : grantorIdx must be less than 3
07-28 11:14:06.815  4308  4353 D CCodecBufferChannel: [c2.android.vorbis.decoder#166] Configured output block pool ids 44 => OK
07-28 11:14:06.816   304   304 W EmuHWC2 : validate: layer 42 CompositionType 1, fallback
07-28 11:14:06.819   304   304 W EmuHWC2 : No layers, exit, buffer 0xea641110
07-28 11:14:06.821  4308  4357 I CCodecBufferChannel: [c2.android.vorbis.decoder#359] Created output block pool with allocatorID 16 => poolID 45 - OK
07-28 11:14:06.821  4308  4342 D CCodecBufferChannel: [c2.android.vorbis.decoder#256] MediaCodec discarded an unknown buffer
07-28 11:14:06.821  4308  4342 D CCodecBufferChannel: [c2.android.vorbis.decoder#256] MediaCodec discarded an unknown buffer
07-28 11:14:06.821  4308  4357 D CCodecBufferChannel: [c2.android.vorbis.decoder#359] Configured output block pool ids 45 => OK
07-28 11:14:06.822  4308  4342 D CCodecBufferChannel: [c2.android.vorbis.decoder#256] MediaCodec discarded an unknown buffer
07-28 11:14:06.825  4308  4342 I hw-BpHwBinder: onLastStrongRef automatically unlinking death recipients
07-28 11:14:06.829   438  4355 D SimpleC2Component: Using output block pool with poolID 44 => got 44 - 0
07-28 11:14:06.830   438  4358 D SimpleC2Component: Using output block pool with poolID 45 => got 45 - 0
07-28 11:14:06.830  4308  4360 D CAM_Storage: External storage state=mounted
07-28 11:14:06.832   304   304 W EmuHWC2 : validate: layer 42 CompositionType 1, fallback
07-28 11:14:06.836   304   304 W EmuHWC2 : No layers, exit, buffer 0xea641910
07-28 11:14:06.838  4308  4353 E FMQ     : grantorIdx must be less than 3
07-28 11:14:06.838   438  3588 E FMQ     : grantorIdx must be less than 3
07-28 11:14:06.839  4308  4357 E FMQ     : grantorIdx must be less than 3
07-28 11:14:06.840   438   984 E FMQ     : grantorIdx must be less than 3
07-28 11:14:06.850   304   304 W EmuHWC2 : validate: layer 42 CompositionType 1, fallback
07-28 11:14:06.853   304   304 W EmuHWC2 : No layers, exit, buffer 0xea641110
07-28 11:14:06.856  4308  4308 V CAM_Profiler: [ 42.778ms][ui] GUARD: CaptureModule.resume - [12.811ms] mHeadingSensor.activate()
07-28 11:14:06.856  4308  4308 I CAM_Profiler: [ 42.778ms][ui] GUARD: CaptureModule.resume - STOP
07-28 11:14:06.857  4308  4308 I CAM_Profiler: [ 47.906ms][ui] GUARD: CameraActivity.resume - [43.402ms] mCurrentModule.resume
07-28 11:14:06.857  4308  4308 V CAM_Profiler: [ 48.730ms][ui] GUARD: CameraActivity.resume - [ 0.027ms] mPanoramaViewHelper.onResume()
07-28 11:14:06.858  4308  4308 V CAM_LcyLocProvider: starting location updates
07-28 11:14:06.860   438  4355 E FMQ     : grantorIdx must be less than 3
07-28 11:14:06.862  4308  4308 D CAM_LcyLocProvider: startReceivingLocationUpdates
07-28 11:14:06.865   304   304 W EmuHWC2 : validate: layer 42 CompositionType 1, fallback
07-28 11:14:06.869   304   304 W EmuHWC2 : No layers, exit, buffer 0xea641910
07-28 11:14:06.875  4308  4347 E FMQ     : grantorIdx must be less than 3
07-28 11:14:06.875  4308  4308 I CAM_Profiler: [ 53.707ms][ui] GUARD: CameraActivity.resume - STOP
07-28 11:14:06.875  4308  4308 V CAM_QuickActivity: END onResume: Activity = com.android.camera.CameraActivity@b3f441f
07-28 11:14:06.876   438  4358 E FMQ     : grantorIdx must be less than 3
07-28 11:14:06.885  4308  4347 E FMQ     : grantorIdx must be less than 3
07-28 11:14:06.890  4308  4356 V CAM_CameraDataAdapter: retrieved photo metadata, number of items: 1
07-28 11:14:06.890  4308  4356 V CAM_CameraDataAdapter: retrieved video metadata, number of items: 0
07-28 11:14:06.891  4308  4356 V CAM_CameraDataAdapter: sorting video/photo metadata
07-28 11:14:06.903  4308  4356 V CAM_CameraDataAdapter: sorted video/photo metadata
07-28 11:14:06.903  4308  4363 D CCodec  : allocate(c2.android.vorbis.decoder)
07-28 11:14:06.903  4308  4308 V CAM_FocusController: configurePreviewDimensions(RectF(0.0, 0.0, 0.0, 0.0))
07-28 11:14:06.907  4308  4363 I CCodec  : Created component [c2.android.vorbis.decoder]
07-28 11:14:06.907  4308  4363 D CCodecConfig: read media type: audio/vorbis
07-28 11:14:06.908  4308  4363 D ReflectedParamUpdater: extent() != 1 for single value type: algo.buffers.max-count.values
07-28 11:14:06.909  4308  4363 D ReflectedParamUpdater: extent() != 1 for single value type: output.subscribed-indices.values
07-28 11:14:06.909  4308  4363 D ReflectedParamUpdater: extent() != 1 for single value type: input.buffers.allocator-ids.values
07-28 11:14:06.909  4308  4363 D ReflectedParamUpdater: extent() != 1 for single value type: output.buffers.allocator-ids.values
07-28 11:14:06.909  4308  4363 D ReflectedParamUpdater: extent() != 1 for single value type: algo.buffers.allocator-ids.values
07-28 11:14:06.909  4308  4363 D ReflectedParamUpdater: extent() != 1 for single value type: output.buffers.pool-ids.values
07-28 11:14:06.909  4308  4363 D ReflectedParamUpdater: extent() != 1 for single value type: algo.buffers.pool-ids.values
07-28 11:14:06.917  4308  4363 I CCodecConfig: query failed after returning 7 values (BAD_INDEX)
07-28 11:14:06.918  4308  4363 D CCodecConfig: c2 config diff is Dict {
07-28 11:14:06.918  4308  4363 D CCodecConfig:   c2::u32 coded.bitrate.value = 64000
07-28 11:14:06.918  4308  4363 D CCodecConfig:   c2::u32 input.buffers.max-size.value = 32768
07-28 11:14:06.918  4308  4363 D CCodecConfig:   c2::u32 input.delay.value = 0
07-28 11:14:06.918  4308  4363 D CCodecConfig:   string input.media-type.value = "audio/vorbis"
07-28 11:14:06.918  4308  4363 D CCodecConfig:   string output.media-type.value = "audio/raw"
07-28 11:14:06.918  4308  4363 D CCodecConfig:   c2::u32 raw.channel-count.value = 1
07-28 11:14:06.918  4308  4363 D CCodecConfig:   c2::u32 raw.sample-rate.value = 48000
07-28 11:14:06.918  4308  4363 D CCodecConfig: }
07-28 11:14:06.919  4308  4363 D CCodec  : [c2.android.vorbis.decoder] buffers are bound to CCodec for this session
07-28 11:14:06.919  4308  4363 D CCodecConfig: no c2 equivalents for durationUs
07-28 11:14:06.919  4308  4363 D CCodecConfig: no c2 equivalents for track-id
07-28 11:14:06.919  4308  4363 D CCodecConfig: no c2 equivalents for csd-1
07-28 11:14:06.919  4308  4363 D CCodecConfig: no c2 equivalents for channel-mask
07-28 11:14:06.919  4308  4363 D CCodecConfig: no c2 equivalents for flags
07-28 11:14:06.920  4308  4359 D CAM_MemoryQuery: timestamp=923314, availMem=1208, totalMem=1980, totalPSS=21, lastTrimLevel=0, largeMemoryClass=512, nativePSS=8, dalvikPSS=2, otherPSS=10,threshold=144, lowMemory=false
07-28 11:14:06.921  4308  4363 D CCodecConfig: c2 config diff is   c2::u32 raw.channel-count.value = 2
07-28 11:14:06.921  4308  4363 D CCodecConfig:   c2::u32 raw.sample-rate.value = 44100
07-28 11:14:06.922  4308  4363 W Codec2Client: query -- param skipped: index = 1107298332.
07-28 11:14:06.922  4308  4363 D CCodec  : setup formats input: AMessage(what = 0x00000000) = {
07-28 11:14:06.922  4308  4363 D CCodec  :   int32_t channel-count = 2
07-28 11:14:06.922  4308  4363 D CCodec  :   int32_t max-input-size = 32768
07-28 11:14:06.922  4308  4363 D CCodec  :   string mime = "audio/vorbis"
07-28 11:14:06.922  4308  4363 D CCodec  :   int32_t sample-rate = 44100
07-28 11:14:06.922  4308  4363 D CCodec  : } and output: AMessage(what = 0x00000000) = {
07-28 11:14:06.922  4308  4363 D CCodec  :   int32_t channel-count = 2
07-28 11:14:06.922  4308  4363 D CCodec  :   string mime = "audio/raw"
07-28 11:14:06.922  4308  4363 D CCodec  :   int32_t sample-rate = 44100
07-28 11:14:06.922  4308  4363 D CCodec  :   int32_t channel-mask = 3
07-28 11:14:06.922  4308  4363 D CCodec  : }
07-28 11:14:06.924  4308  4363 W Codec2Client: query -- param skipped: index = 1342179345.
07-28 11:14:06.924  4308  4363 W Codec2Client: query -- param skipped: index = 2415921170.
07-28 11:14:06.925  4308  4363 E FMQ     : grantorIdx must be less than 3
07-28 11:14:06.925  4308  4363 E FMQ     : grantorIdx must be less than 3
07-28 11:14:06.925  4308  4363 D CCodecBufferChannel: [c2.android.vorbis.decoder#300] Created input block pool with allocatorID 16 => poolID 20 - OK (0)
07-28 11:14:06.926   438   984 E FMQ     : grantorIdx must be less than 3
07-28 11:14:06.926   438   984 E FMQ     : grantorIdx must be less than 3
07-28 11:14:06.927  4308  4363 I CCodecBufferChannel: [c2.android.vorbis.decoder#300] Created output block pool with allocatorID 16 => poolID 46 - OK
07-28 11:14:06.927  4308  4363 D CCodecBufferChannel: [c2.android.vorbis.decoder#300] Configured output block pool ids 46 => OK
07-28 11:14:06.928   438  4364 D SimpleC2Component: Using output block pool with poolID 46 => got 46 - 0
07-28 11:14:06.928  4308  4363 E FMQ     : grantorIdx must be less than 3
07-28 11:14:06.929   438   984 E FMQ     : grantorIdx must be less than 3
07-28 11:14:06.931  4308  4308 V CAM_TexViewHelper: onLayoutChange
07-28 11:14:06.931  4308  4308 V CAM_TexViewHelper: updateTransform
07-28 11:14:06.932  4308  4308 V CAM_TexViewHelper: setAspectRatio: 0.0
07-28 11:14:06.932  4308  4308 D CAM_CaptureModule: updatePreviewTransform: 1080 x 1977
07-28 11:14:06.933  4308  4308 V CAM_TexViewHelper: setAspectRatio: NaN
07-28 11:14:06.933  4308  4308 V CAM_TexViewHelper: aspect ratio changed from: 0.0
07-28 11:14:06.954   335   335 E Layer   : [Surface(name=Task=1)/@0x85f43ad - animation-leash#0] No local sync point found
07-28 11:14:06.954   335   335 E Layer   : [Surface(name=Task=14)/@0x398c082 - animation-leash#0] No local sync point found
07-28 11:14:06.954  4308  4333 D HostConnection: HostConnection::get() New Host Connection established 0xf442a2b0, tid 4333
07-28 11:14:06.966   438  4364 E FMQ     : grantorIdx must be less than 3
07-28 11:14:06.966  4308  4347 E FMQ     : grantorIdx must be less than 3
07-28 11:14:06.968  4308  4333 D HostConnection: HostComposition ext ANDROID_EMU_CHECKSUM_HELPER_v1 ANDROID_EMU_native_sync_v2 ANDROID_EMU_native_sync_v3 ANDROID_EMU_native_sync_v4 ANDROID_EMU_dma_v1 ANDROID_EMU_direct_mem ANDROID_EMU_host_composition_v1 ANDROID_EMU_host_composition_v2 ANDROID_EMU_vulkan ANDROID_EMU_deferred_vulkan_commands ANDROID_EMU_vulkan_null_optional_strings ANDROID_EMU_vulkan_create_resources_with_requirements ANDROID_EMU_YUV_Cache ANDROID_EMU_vulkan_ignored_handles ANDROID_EMU_has_shared_slots_host_memory_allocator ANDROID_EMU_vulkan_free_memory_sync ANDROID_EMU_vulkan_shader_float16_int8 ANDROID_EMU_vulkan_async_queue_submit ANDROID_EMU_sync_buffer_data ANDROID_EMU_read_color_buffer_dma GL_OES_vertex_array_object GL_KHR_texture_compression_astc_ldr ANDROID_EMU_host_side_tracing ANDROID_EMU_gles_max_version_2 
07-28 11:14:06.969   174   174 I hwservicemanager: getTransport: Cannot find entry android.hardware.configstore@1.0::ISurfaceFlingerConfigs/default in either framework or device manifest.
07-28 11:14:06.971  4308  4333 W OpenGLRenderer: Failed to choose config with EGL_SWAP_BEHAVIOR_PRESERVED, retrying without...
07-28 11:14:07.013  4308  4353 D CCodecBufferChannel: [c2.android.vorbis.decoder#166] MediaCodec discarded an unknown buffer
07-28 11:14:07.013  4308  4353 I chatty  : uid=10091(com.android.camera2) identical 1 line
07-28 11:14:07.013  4308  4353 D CCodecBufferChannel: [c2.android.vorbis.decoder#166] MediaCodec discarded an unknown buffer
07-28 11:14:07.014  4308  4353 I hw-BpHwBinder: onLastStrongRef automatically unlinking death recipients
07-28 11:14:07.029  4308  4333 D EGL_emulation: eglCreateContext: 0xf4429c90: maj 2 min 0 rcv 2
07-28 11:14:07.032   335   335 E Layer   : [Surface(name=Task=1)/@0x85f43ad - animation-leash#0] No local sync point found
07-28 11:14:07.032   335   335 E Layer   : [Surface(name=Task=14)/@0x398c082 - animation-leash#0] No local sync point found
07-28 11:14:07.039  4308  4333 D EGL_emulation: eglMakeCurrent: 0xf4429c90: ver 2 0 (tinfo 0xc2b407b0) (first time)
07-28 11:14:07.047  4308  4366 D CCodec  : allocate(c2.android.vorbis.decoder)
07-28 11:14:07.057  4308  4366 I CCodec  : Created component [c2.android.vorbis.decoder]
07-28 11:14:07.062  4308  4366 D CCodecConfig: read media type: audio/vorbis
07-28 11:14:07.063   303   303 D goldfish-address-space: claimShared: Ask to claim region [0x3f4fb9000 0x3f586a000]
07-28 11:14:07.067  4308  4357 D CCodecBufferChannel: [c2.android.vorbis.decoder#359] MediaCodec discarded an unknown buffer
07-28 11:14:07.067  4308  4357 I chatty  : uid=10091(com.android.camera2) NDK MediaCodec_ identical 1 line
07-28 11:14:07.067  4308  4357 D CCodecBufferChannel: [c2.android.vorbis.decoder#359] MediaCodec discarded an unknown buffer
07-28 11:14:07.070  4308  4357 I hw-BpHwBinder: onLastStrongRef automatically unlinking death recipients
07-28 11:14:07.073  4308  4366 D ReflectedParamUpdater: extent() != 1 for single value type: algo.buffers.max-count.values
07-28 11:14:07.074  4308  4366 D ReflectedParamUpdater: extent() != 1 for single value type: output.subscribed-indices.values
07-28 11:14:07.074  4308  4366 D ReflectedParamUpdater: extent() != 1 for single value type: input.buffers.allocator-ids.values
07-28 11:14:07.075  4308  4366 D ReflectedParamUpdater: extent() != 1 for single value type: output.buffers.allocator-ids.values
07-28 11:14:07.075  4308  4366 D ReflectedParamUpdater: extent() != 1 for single value type: algo.buffers.allocator-ids.values
07-28 11:14:07.075  4308  4366 D ReflectedParamUpdater: extent() != 1 for single value type: output.buffers.pool-ids.values
07-28 11:14:07.075  4308  4366 D ReflectedParamUpdater: extent() != 1 for single value type: algo.buffers.pool-ids.values
07-28 11:14:07.078  4308  4366 I CCodecConfig: query failed after returning 7 values (BAD_INDEX)
07-28 11:14:07.078  4308  4366 D CCodecConfig: c2 config diff is Dict {
07-28 11:14:07.078  4308  4366 D CCodecConfig:   c2::u32 coded.bitrate.value = 64000
07-28 11:14:07.078  4308  4366 D CCodecConfig:   c2::u32 input.buffers.max-size.value = 32768
07-28 11:14:07.078  4308  4366 D CCodecConfig:   c2::u32 input.delay.value = 0
07-28 11:14:07.078  4308  4366 D CCodecConfig:   string input.media-type.value = "audio/vorbis"
07-28 11:14:07.078  4308  4366 D CCodecConfig:   string output.media-type.value = "audio/raw"
07-28 11:14:07.078  4308  4366 D CCodecConfig:   c2::u32 raw.channel-count.value = 1
07-28 11:14:07.078  4308  4366 D CCodecConfig:   c2::u32 raw.sample-rate.value = 48000
07-28 11:14:07.078  4308  4366 D CCodecConfig: }
07-28 11:14:07.079  4308  4366 D CCodec  : [c2.android.vorbis.decoder] buffers are bound to CCodec for this session
07-28 11:14:07.079  4308  4366 D CCodecConfig: no c2 equivalents for durationUs
07-28 11:14:07.079  4308  4366 D CCodecConfig: no c2 equivalents for track-id
07-28 11:14:07.079  4308  4366 D CCodecConfig: no c2 equivalents for csd-1
07-28 11:14:07.080  4308  4366 D CCodecConfig: no c2 equivalents for channel-mask
07-28 11:14:07.080  4308  4366 D CCodecConfig: no c2 equivalents for flags
07-28 11:14:07.080  4308  4366 D CCodecConfig: c2 config diff is   c2::u32 raw.channel-count.value = 2
07-28 11:14:07.080  4308  4366 D CCodecConfig:   c2::u32 raw.sample-rate.value = 44100
07-28 11:14:07.082  4308  4366 W Codec2Client: query -- param skipped: index = 1107298332.
07-28 11:14:07.083  4308  4366 D CCodec  : setup formats input: AMessage(what = 0x00000000) = {
07-28 11:14:07.083  4308  4366 D CCodec  :   int32_t channel-count = 2
07-28 11:14:07.083  4308  4366 D CCodec  :   int32_t max-input-size = 32768
07-28 11:14:07.083  4308  4366 D CCodec  :   string mime = "audio/vorbis"
07-28 11:14:07.083  4308  4366 D CCodec  :   int32_t sample-rate = 44100
07-28 11:14:07.083  4308  4366 D CCodec  : } and output: AMessage(what = 0x00000000) = {
07-28 11:14:07.083  4308  4366 D CCodec  :   int32_t channel-count = 2
07-28 11:14:07.083  4308  4366 D CCodec  :   string mime = "audio/raw"
07-28 11:14:07.083  4308  4366 D CCodec  :   int32_t sample-rate = 44100
07-28 11:14:07.083  4308  4366 D CCodec  :   int32_t channel-mask = 3
07-28 11:14:07.083  4308  4366 D CCodec  : }
07-28 11:14:07.085   174   174 I hwservicemanager: getTransport: Cannot find entry android.hardware.graphics.mapper@4.0::IMapper/default in either framework or device manifest.
07-28 11:14:07.086  4308  4333 I Gralloc4: mapper 4.x is not supported
07-28 11:14:07.086  4308  4333 D HostConnection: createUnique: call
07-28 11:14:07.087  4308  4366 W Codec2Client: query -- param skipped: index = 1342179345.
07-28 11:14:07.087  4308  4366 W Codec2Client: query -- param skipped: index = 2415921170.
07-28 11:14:07.087  4308  4366 E FMQ     : grantorIdx must be less than 3
07-28 11:14:07.087  4308  4366 E FMQ     : grantorIdx must be less than 3
07-28 11:14:07.087  4308  4366 D CCodecBufferChannel: [c2.android.vorbis.decoder#685] Created input block pool with allocatorID 16 => poolID 21 - OK (0)
07-28 11:14:07.087   438   497 E FMQ     : grantorIdx must be less than 3
07-28 11:14:07.087   438   497 E FMQ     : grantorIdx must be less than 3
07-28 11:14:07.089  4308  4366 I CCodecBufferChannel: [c2.android.vorbis.decoder#685] Created output block pool with allocatorID 16 => poolID 47 - OK
07-28 11:14:07.090  4308  4366 D CCodecBufferChannel: [c2.android.vorbis.decoder#685] Configured output block pool ids 47 => OK
07-28 11:14:07.090  4308  4333 D HostConnection: HostConnection::get() New Host Connection established 0xf4428f00, tid 4333
07-28 11:14:07.090  4308  4333 D goldfish-address-space: allocate: Ask for block of size 0x100
07-28 11:14:07.091   438  4367 D SimpleC2Component: Using output block pool with poolID 47 => got 47 - 0
07-28 11:14:07.091  4308  4333 D goldfish-address-space: allocate: ioctl allocate returned offset 0x3f3ffe000 size 0x2000
07-28 11:14:07.092  4308  4366 E FMQ     : grantorIdx must be less than 3
07-28 11:14:07.092   438   497 E FMQ     : grantorIdx must be less than 3
07-28 11:14:07.102  4308  4333 D HostConnection: HostComposition ext ANDROID_EMU_CHECKSUM_HELPER_v1 ANDROID_EMU_native_sync_v2 ANDROID_EMU_native_sync_v3 ANDROID_EMU_native_sync_v4 ANDROID_EMU_dma_v1 ANDROID_EMU_direct_mem ANDROID_EMU_host_composition_v1 ANDROID_EMU_host_composition_v2 ANDROID_EMU_vulkan ANDROID_EMU_deferred_vulkan_commands ANDROID_EMU_vulkan_null_optional_strings ANDROID_EMU_vulkan_create_resources_with_requirements ANDROID_EMU_YUV_Cache ANDROID_EMU_vulkan_ignored_handles ANDROID_EMU_has_shared_slots_host_memory_allocator ANDROID_EMU_vulkan_free_memory_sync ANDROID_EMU_vulkan_shader_float16_int8 ANDROID_EMU_vulkan_async_queue_submit ANDROID_EMU_sync_buffer_data ANDROID_EMU_read_color_buffer_dma GL_OES_vertex_array_object GL_KHR_texture_compression_astc_ldr ANDROID_EMU_host_side_tracing ANDROID_EMU_gles_max_version_2 
07-28 11:14:07.110   303   303 D goldfish-address-space: claimShared: Ask to claim region [0x3f586a000 0x3f611b000]
07-28 11:14:07.111  4308  4308 V CAM_TexViewHelper: updateTransform
07-28 11:14:07.111  4308  4308 V CAM_CameraAppUI: SurfaceTexture is available
