08-01 12:22:29.656  2220  4743 I WifiService: startScan uid=10110
08-01 12:22:29.657  3634  3634 I DiscoveryManager: WifiGuestModeDeviceScanner enabled.
08-01 12:22:29.688  3634 19049 I SQLiteCastStore: 0 CastNetworkInfo instances loaded, 0 CastDeviceInfo instances loaded, 0 paired guest mode devices loaded.
08-01 12:22:29.733 25551 25716 I chatty  : uid=10194(com.google.android.apps.youtube.music) expire 1 line
08-01 12:22:29.760  2220  2585 V WindowManager: Changing focus from null to Window{21438f u0 com.google.android.apps.youtube.music/com.google.android.apps.youtube.music.activities.MusicActivity} displayId=0
08-01 12:22:29.763 25551 25649 I chatty  : uid=10194(com.google.android.apps.youtube.music) expire 6 lines
08-01 12:22:29.791  2220  4743 D MediaSessionService: Media button session is changed to com.google.android.apps.youtube.music/YouTube playerlib (userId=0)
08-01 12:22:29.793  2220  2220 V SettingsProvider: Notifying for 0: content://settings/secure/media_button_receiver
08-01 12:22:29.794 21337 21399 I chatty  : uid=1002(bluetooth) BluetoothAvrcpH expire 1009 lines
08-01 12:22:29.795  2220  2220 V SettingsProvider: Notifying for 0: content://settings/secure/media_button_receiver
08-01 12:22:29.803 21337 21337 I chatty  : uid=1002(bluetooth) com.android.bluetooth expire 77 lines
08-01 12:22:29.809   847   847 I hwservicemanager: getTransport: Cannot find entry android.hardware.graphics.mapper@3.0::IMapper/default in either framework or device manifest.
08-01 12:22:29.835  2220  2336 I LaunchCheckinHandler: Displayed com.google.android.apps.youtube.music/.activities.MusicActivity,cp,ca,1100
08-01 12:22:29.835  2220  2336 I WindowManager: Window drawn AppWindowToken{8580d41 token=Token{d588c28 ActivityRecord{1f7aa4b u0 com.google.android.apps.youtube.music/.activities.MusicActivity t57}}}
08-01 12:22:29.835  2220  2336 I WindowManager:   SURFACE show Surface(name=com.google.android.apps.youtube.music/com.google.android.apps.youtube.music.activities.MusicActivity)/@0xcd24cb9 on display:0: com.google.android.apps.youtube.music/com.google.android.apps.youtube.music.activities.MusicActivity
08-01 12:22:29.841  2220  2343 I ActivityTaskManager: Displayed com.google.android.apps.youtube.music/.activities.MusicActivity: +1s126ms
08-01 12:22:29.842  2220  4743 W ActivityManager: Permission Denial: Accessing service com.google.android.music/.dial.DialMediaRouteProviderService from pid=25551, uid=10194 that is not exported from uid 10164
08-01 12:22:29.860 25551 25593 I chatty  : uid=10194(com.google.android.apps.youtube.music) expire 1 line
08-01 12:22:29.869  2220  2343 I ActivityTaskManager: Fully drawn com.google.android.apps.youtube.music/.activities.MusicActivity: +1s160ms
08-01 12:22:29.871 25551 25574 I chatty  : uid=10194(com.google.android.apps.youtube.music) expire 2 lines
08-01 12:22:29.871  3054  3054 I GoogleInputMethodService: GoogleInputMethodService.onFinishInput():3184 
08-01 12:22:29.872  3054  3054 I GoogleInputMethodService: GoogleInputMethodService.onStartInput():1830 
08-01 12:22:29.878 25551 25565 I chatty  : uid=10194(com.google.android.apps.youtube.music) expire 2 lines
08-01 12:22:29.932  3634  3634 W CastMediaRouteProvider: Not a Cast compatible category: MDX_MEDIA_ROUTE_CONTROL_CATEGORY_m
08-01 12:22:29.932  3634  3634 W CastMediaRouteProvider: Not a Cast compatible category: android.media.intent.category.LIVE_AUDIO
08-01 12:22:29.934  3634 19049 I DiscoveryManager: Filter criteria(2DB7CC49) scannerFlags(0)
08-01 12:22:29.935  3634 19049 I CastDatabase: CastDeviceInfo created: V_62dfa0f4-367f-4fe8-a4c8-ef453e4e121d
08-01 12:22:29.935  3634 19049 W GuestModeDeviceProber: setFilterCriteria
08-01 12:22:29.941  2220  2585 I WifiService: startScan uid=10110
08-01 12:22:29.945  3634 19049 W DatabaseProcessor: processLocalDevices: failed to get the network info with non-null bssid.
08-01 12:22:29.945  3634 19049 I chatty  : uid=10110(com.google.android.gms) lowpool[48] identical 1 line
08-01 12:22:29.966  3634 19049 W DatabaseProcessor: processLocalDevices: failed to get the network info with non-null bssid.
08-01 12:22:29.972  3634 19049 W DatabaseProcessor: processLocalDevices: failed to get the network info with non-null bssid.
08-01 12:22:29.977  2220  2585 I WifiService: acquireMulticastLock uid=10110
08-01 12:22:30.026 25551 25627 I chatty  : uid=10194(com.google.android.apps.youtube.music) expire 1 line
08-01 12:22:30.106  1059 25749 E ResolverController: No valid NAT64 prefix (101, <unspecified>/0)
08-01 12:22:30.199  3686 23662 I PBSessionCacheImpl: Deleted sessionId[16212858774266625] from persistence.
08-01 12:22:30.205  3686  4185 W SearchServiceCore: Abort, client detached.
08-01 12:22:30.214 25551 25745 I chatty  : uid=10194(com.google.android.apps.youtube.music) expire 5 lines
08-01 12:22:30.214  3237  3261 W ProviderHelper: Unknown dynamite feature providerinstaller.dynamite
08-01 12:22:30.593  1059 25753 E ResolverController: No valid NAT64 prefix (101, <unspecified>/0)
08-01 12:22:30.899  1059  1642 I netd    : tetherGetStats() <1.60ms>
08-01 12:22:30.904  1059  1642 I netd    : bandwidthSetGlobalAlert(2097152) <0.26ms>
08-01 12:22:31.274 25551 25639 I chatty  : uid=10194(com.google.android.apps.youtube.music) expire 1 line
08-01 12:22:31.535 25551 25709 I chatty  : uid=10194(com.google.android.apps.youtube.music) expire 1 line
08-01 12:22:32.088 25551 25713 I chatty  : uid=10194(com.google.android.apps.youtube.music) expire 6 lines
08-01 12:22:32.285 25551 25567 I chatty  : uid=10194(com.google.android.apps.youtube.music) expire 1 line
08-01 12:22:32.946  3634 19049 W AdaptiveDiscoveryWorker: Exiting Adaptive Discovery. Current NetworkInfo is NULL.
08-01 12:22:32.998  2220  2343 I UsageStatsService: User[0] Flushing usage stats to disk
08-01 12:22:33.078  2220  2343 E AppIdleHistory: Error writing app idle file for user 0
08-01 12:22:35.322  2220  2585 D WificondControl: Scan result ready event
08-01 12:22:35.364  2220  2626 D ANQPRequestManager: Not allowed to send ANQP request to 119072405138556 for another 158 seconds
08-01 12:22:35.364  2220  2626 D PasspointManager: ANQP entry not found for: 6c:4b:b4:69:2c:7c:<ATTvzr3ufe880>
08-01 12:22:35.364  2220  2626 D ANQPRequestManager: Not allowed to send ANQP request to 62362927102928 for another 515 seconds
08-01 12:22:35.364  2220  2626 D PasspointManager: ANQP entry not found for: 38:b8:00:1d:fb:d0:<TS3._pm_5>
08-01 12:22:35.364  2220  2626 D ANQPRequestManager: Not allowed to send ANQP request to 119072405138552 for another 199 seconds
08-01 12:22:35.364  2220  2626 D PasspointManager: ANQP entry not found for: 6c:4b:b4:69:2c:78:<ATTvzr3ufe880>
08-01 12:22:35.364  2220  2626 D ANQPRequestManager: Not allowed to send ANQP request to 119072405137036 for another 78 seconds
08-01 12:22:35.364  2220  2626 D PasspointManager: ANQP entry not found for: 6c:4b:b4:69:26:8c:<ATTwh9CKSp>
08-01 12:22:35.364  2220  2626 D ANQPRequestManager: Not allowed to send ANQP request to 62362927103072 for another 298 seconds
08-01 12:22:35.364  2220  2626 D PasspointManager: ANQP entry not found for: 38:b8:00:1d:fc:60:<cgw~5g>
08-01 12:22:35.366  2700  2700 I wpa_supplicant: wlan0: GAS-QUERY-START addr=6c:4b:b4:69:26:84 dialog_token=78 freq=2412
08-01 12:22:35.368  2220  2626 D HS20    : ANQP initiated on 6c:4b:b4:69:26:84
08-01 12:22:35.368  2220  2626 D PasspointManager: ANQP entry not found for: 6c:4b:b4:69:26:84:<ATTwh9CKSp>
08-01 12:22:35.382  3634 19049 W DatabaseProcessor: processLocalDevices: failed to get the network info with non-null bssid.
08-01 12:22:36.465  3237 19044 I NetworkScheduler.Stats: Task com.google.android.gms/com.google.android.gms.checkin.CheckinService started execution. cause:4 exec_start_elapsed_seconds: 2434 [CONTEXT service_id=218 ]
08-01 12:22:36.484  3237 23048 I NetworkScheduler.Stats: Task com.google.android.gms/com.google.android.gms.checkin.CheckinService finished executing. cause:4 result: 3 elapsed_millis: 54 uptime_millis: 54 exec_start_elapsed_seconds: 2434 [CONTEXT service_id=218 ]
08-01 12:22:36.550  3237  3261 W GetToken: [GetToken]GetToken failed with status code: BadAuthentication
08-01 12:22:36.565  3237  7376 W GetToken: [GetToken]GetToken failed with status code: BadAuthentication
08-01 12:22:36.583 24080 24348 W Auth    : [GoogleAuthUtil] GoogleAuthUtil
08-01 12:22:36.587 24080 25776 W Auth    : [GoogleAuthUtil] GoogleAuthUtil
08-01 12:22:36.588 24080 25776 W GoogleAuthUtil: Error when getting token
08-01 12:22:36.588 24080 25776 W GoogleAuthUtil: com.google.android.gms.auth.UserRecoverableAuthException: BadAuthentication
08-01 12:22:36.588 24080 25776 W GoogleAuthUtil: 	at dqb.a(PG:76)
08-01 12:22:36.588 24080 25776 W GoogleAuthUtil: 	at dpw.a(Unknown Source:62)
08-01 12:22:36.588 24080 25776 W GoogleAuthUtil: 	at dqb.a(PG:50)
08-01 12:22:36.588 24080 25776 W GoogleAuthUtil: 	at dqb.b(PG:123)
08-01 12:22:36.588 24080 25776 W GoogleAuthUtil: 	at dqb.c(PG:26)
08-01 12:22:36.588 24080 25776 W GoogleAuthUtil: 	at dqb.a(PG:25)
08-01 12:22:36.588 24080 25776 W GoogleAuthUtil: 	at bkc.b(PG:5)
08-01 12:22:36.588 24080 25776 W GoogleAuthUtil: 	at cld.b(PG:2)
08-01 12:22:36.588 24080 25776 W GoogleAuthUtil: 	at jih.a(PG:8)
08-01 12:22:36.588 24080 25776 W GoogleAuthUtil: 	at jhp.c(PG:23)
08-01 12:22:36.588 24080 25776 W GoogleAuthUtil: 	at cmr.a(PG:1)
08-01 12:22:36.588 24080 25776 W GoogleAuthUtil: 	at cet.onPerformSync(PG:220)
08-01 12:22:36.588 24080 25776 W GoogleAuthUtil: 	at android.content.AbstractThreadedSyncAdapter$SyncThread.run(AbstractThreadedSyncAdapter.java:334)
08-01 12:22:36.588 24080 25776 E KeepSyncAdapter: IOException
08-01 12:22:36.588 24080 25776 E KeepSyncAdapter: bka: Could not get an auth token
08-01 12:22:36.588 24080 25776 E KeepSyncAdapter: 	at bkc.b(PG:11)
08-01 12:22:36.588 24080 25776 E KeepSyncAdapter: 	at cld.b(PG:2)
08-01 12:22:36.588 24080 25776 E KeepSyncAdapter: 	at jih.a(PG:8)
08-01 12:22:36.588 24080 25776 E KeepSyncAdapter: 	at jhp.c(PG:23)
08-01 12:22:36.588 24080 25776 E KeepSyncAdapter: 	at cmr.a(PG:1)
08-01 12:22:36.588 24080 25776 E KeepSyncAdapter: 	at cet.onPerformSync(PG:220)
08-01 12:22:36.588 24080 25776 E KeepSyncAdapter: 	at android.content.AbstractThreadedSyncAdapter$SyncThread.run(AbstractThreadedSyncAdapter.java:334)
08-01 12:22:36.588 24080 25776 E KeepSyncAdapter: Caused by: dqe: User intervention required. Notification has been pushed.
08-01 12:22:36.588 24080 25776 E KeepSyncAdapter: 	at dqb.c(PG:30)
08-01 12:22:36.588 24080 25776 E KeepSyncAdapter: 	at dqb.a(PG:25)
08-01 12:22:36.588 24080 25776 E KeepSyncAdapter: 	at bkc.b(PG:5)
08-01 12:22:36.588 24080 25776 E KeepSyncAdapter: 	... 6 more
08-01 12:22:36.600  3237 19044 I NetworkScheduler.Stats: Task com.google.android.gms/com.google.android.gms.gcm.gmsproc.GcmInGmsTaskService started execution. cause:5 exec_start_elapsed_seconds: 2434 [CONTEXT service_id=218 ]
08-01 12:22:36.606 24080 24348 E ChimeUtils: Chime registration failed for account: fzs{name=aniltakda123@gmail.com}
08-01 12:22:36.606 24080 24348 E ChimeUtils: com.google.android.gms.auth.UserRecoverableAuthException: BadAuthentication
08-01 12:22:36.606 24080 24348 E ChimeUtils: 	at dqb.a(PG:76)
08-01 12:22:36.606 24080 24348 E ChimeUtils: 	at dpw.a(Unknown Source:62)
08-01 12:22:36.606 24080 24348 E ChimeUtils: 	at dqb.a(PG:50)
08-01 12:22:36.606 24080 24348 E ChimeUtils: 	at dqb.b(PG:123)
08-01 12:22:36.606 24080 24348 E ChimeUtils: 	at dqb.a(PG:96)
08-01 12:22:36.606 24080 24348 E ChimeUtils: 	at dqb.a(PG:94)
08-01 12:22:36.606 24080 24348 E ChimeUtils: 	at gjy.a(PG:4)
08-01 12:22:36.606 24080 24348 E ChimeUtils: 	at gll.a(PG:24)
08-01 12:22:36.606 24080 24348 E ChimeUtils: 	at glj.a(PG:16)
08-01 12:22:36.606 24080 24348 E ChimeUtils: 	at gfm.a(PG:228)
08-01 12:22:36.606 24080 24348 E ChimeUtils: 	at ghj.b(PG:3)
08-01 12:22:36.606 24080 24348 E ChimeUtils: 	at ghg.a(PG:2)
08-01 12:22:36.606 24080 24348 E ChimeUtils: 	at gbe.run(Unknown Source:18)
08-01 12:22:36.606 24080 24348 E ChimeUtils: 	at java.util.concurrent.ThreadPoolExecutor.runWorker(ThreadPoolExecutor.java:1167)
08-01 12:22:36.606 24080 24348 E ChimeUtils: 	at java.util.concurrent.ThreadPoolExecutor$Worker.run(ThreadPoolExecutor.java:641)
08-01 12:22:36.606 24080 24348 E ChimeUtils: 	at java.lang.Thread.run(Thread.java:919)
08-01 12:22:36.606 24080 24348 E Notifications: [ScheduledTaskServiceHandler] Job finished with PERMANENT_FAILURE. Job ID: '111001001', key: 'RPC_STORE_TARGET'
08-01 12:22:36.606 24080 24348 E Notifications: com.google.android.gms.auth.UserRecoverableAuthException: BadAuthentication
08-01 12:22:36.606 24080 24348 E Notifications: 	at dqb.a(PG:76)
08-01 12:22:36.606 24080 24348 E Notifications: 	at dpw.a(Unknown Source:62)
08-01 12:22:36.606 24080 24348 E Notifications: 	at dqb.a(PG:50)
08-01 12:22:36.606 24080 24348 E Notifications: 	at dqb.b(PG:123)
08-01 12:22:36.606 24080 24348 E Notifications: 	at dqb.a(PG:96)
08-01 12:22:36.606 24080 24348 E Notifications: 	at dqb.a(PG:94)
08-01 12:22:36.606 24080 24348 E Notifications: 	at gjy.a(PG:4)
08-01 12:22:36.606 24080 24348 E Notifications: 	at gll.a(PG:24)
08-01 12:22:36.606 24080 24348 E Notifications: 	at glj.a(PG:16)
08-01 12:22:36.606 24080 24348 E Notifications: 	at gfm.a(PG:228)
08-01 12:22:36.606 24080 24348 E Notifications: 	at ghj.b(PG:3)
08-01 12:22:36.606 24080 24348 E Notifications: 	at ghg.a(PG:2)
08-01 12:22:36.606 24080 24348 E Notifications: 	at gbe.run(Unknown Source:18)
08-01 12:22:36.606 24080 24348 E Notifications: 	at java.util.concurrent.ThreadPoolExecutor.runWorker(ThreadPoolExecutor.java:1167)
08-01 12:22:36.606 24080 24348 E Notifications: 	at java.util.concurrent.ThreadPoolExecutor$Worker.run(ThreadPoolExecutor.java:641)
08-01 12:22:36.606 24080 24348 E Notifications: 	at java.lang.Thread.run(Thread.java:919)
08-01 12:22:36.621 24080 25776 W KeepSyncAdapter: Sync result: false (success=false,partial=false,lastResult=SYNC_FAILURE_MISSING_AUTH_TOKEN)
08-01 12:22:36.638 24080 25776 W KeepSyncAdapter: ExecutorService shutting down with 0 pending tasks.
08-01 12:22:36.649  2220  2677 W SyncManager: failed sync operation JobId=105107 ***/com.google u0 [com.google.android.keep] PERIODIC ExpectedIn=-5s Reason=Periodic Retries=265, SyncResult: stats [ numIoExceptions: 1]
08-01 12:22:36.683  3237  3261 W GetToken: [GetToken]GetToken failed with status code: BadAuthentication
08-01 12:22:36.720 24080 24099 I le.android.kee: ThreadFlipBegin blocked for 7.510ms
08-01 12:22:36.722  3237  3237 I Wear_Controller: Wearable module requires a companion app to be installed.
08-01 12:22:36.723  3237  3237 I WearableService: onCreate: Wearable Services not starting. Wear is not available on this device.
08-01 12:22:36.724  3634 19049 W Auth    : [GoogleAuthUtil] GoogleAuthUtil
08-01 12:22:36.725  3634 19049 I GCM-GMS : Failed to subscribe to group.
08-01 12:22:36.725  3634 19049 I GCM-GMS : com.google.android.gms.auth.UserRecoverableAuthException: BadAuthentication
08-01 12:22:36.725  3634 19049 I GCM-GMS : 	at fzr.a(:com.google.android.gms@203615039@20.36.15 (120408-333172415):3)
08-01 12:22:36.725  3634 19049 I GCM-GMS : 	at fzl.a(:com.google.android.gms@203615039@20.36.15 (120408-333172415):0)
08-01 12:22:36.725  3634 19049 I GCM-GMS : 	at fzr.a(:com.google.android.gms@203615039@20.36.15 (120408-333172415):8)
08-01 12:22:36.725  3634 19049 I GCM-GMS : 	at fzr.d(:com.google.android.gms@203615039@20.36.15 (120408-333172415):15)
08-01 12:22:36.725  3634 19049 I GCM-GMS : 	at fzr.c(:com.google.android.gms@203615039@20.36.15 (120408-333172415):2)
08-01 12:22:36.725  3634 19049 I GCM-GMS : 	at fzr.c(:com.google.android.gms@203615039@20.36.15 (120408-333172415):1)
08-01 12:22:36.725  3634 19049 I GCM-GMS : 	at fzk.a(:com.google.android.gms@203615039@20.36.15 (120408-333172415):16)
08-01 12:22:36.725  3634 19049 I GCM-GMS : 	at abev.b(:com.google.android.gms@203615039@20.36.15 (120408-333172415):22)
08-01 12:22:36.725  3634 19049 I GCM-GMS : 	at com.google.android.gms.gcm.gmsproc.GcmInGmsTaskChimeraService.a(:com.google.android.gms@203615039@20.36.15 (120408-333172415):21)
08-01 12:22:36.725  3634 19049 I GCM-GMS : 	at afck.call(Unknown Source:0)
08-01 12:22:36.725  3634 19049 I GCM-GMS : 	at java.util.concurrent.FutureTask.run(FutureTask.java:266)
08-01 12:22:36.725  3634 19049 I GCM-GMS : 	at svu.b(:com.google.android.gms@203615039@20.36.15 (120408-333172415):12)
08-01 12:22:36.725  3634 19049 I GCM-GMS : 	at svu.run(:com.google.android.gms@203615039@20.36.15 (120408-333172415):7)
08-01 12:22:36.725  3634 19049 I GCM-GMS : 	at java.util.concurrent.ThreadPoolExecutor.runWorker(ThreadPoolExecutor.java:1167)
08-01 12:22:36.725  3634 19049 I GCM-GMS : 	at java.util.concurrent.ThreadPoolExecutor$Worker.run(ThreadPoolExecutor.java:641)
08-01 12:22:36.725  3634 19049 I GCM-GMS : 	at tbu.run(:com.google.android.gms@203615039@20.36.15 (120408-333172415):0)
08-01 12:22:36.725  3634 19049 I GCM-GMS : 	at java.lang.Thread.run(Thread.java:919)
08-01 12:22:36.728  3634 19049 I GCM-GMS : Groups upload failed
08-01 12:22:36.732  3237 24243 I NetworkScheduler.Stats: Task com.google.android.gms/com.google.android.gms.gcm.gmsproc.GcmInGmsTaskService finished executing. cause:5 result: 3 elapsed_millis: 179 uptime_millis: 179 exec_start_elapsed_seconds: 2434 [CONTEXT service_id=218 ]
08-01 12:22:36.750  3237  3261 W WearableService: onGetService: Wear is not available on this device.
08-01 12:22:36.780  3237 24012 E WakeLock: GCMSEND release without a matched acquire!
08-01 12:22:36.866  3237 24243 I NetworkScheduler.Stats: Task com.google.android.gms/com.google.android.gms.instantapps.routing.DomainFilterUpdateService started execution. cause:5 exec_start_elapsed_seconds: 2435 [CONTEXT service_id=218 ]
08-01 12:22:36.896 22755 22771 I Finsky  : [1635] edd.a(7): Received content filters request from sharedUserId=com.google.uid.shared:10110
08-01 12:22:36.902  3237  3261 W GetToken: [GetToken]GetToken failed with status code: BadAuthentication
08-01 12:22:36.921  3237  3261 W GLSActivity: 
08-01 12:22:36.921  3237  3261 W GLSActivity: com.google.android.gms.auth.UserRecoverableAuthException: BadAuthentication
08-01 12:22:36.921  3237  3261 W GLSActivity: 	at gbn.getAuthToken(:com.google.android.gms@203615039@20.36.15 (120408-333172415):26)
08-01 12:22:36.921  3237  3261 W GLSActivity: 	at android.accounts.AbstractAccountAuthenticator$Transport.getAuthToken(AbstractAccountAuthenticator.java:246)
08-01 12:22:36.921  3237  3261 W GLSActivity: 	at android.accounts.IAccountAuthenticator$Stub.onTransact(IAccountAuthenticator.java:282)
08-01 12:22:36.921  3237  3261 W GLSActivity: 	at android.os.Binder.transact(Binder.java:923)
08-01 12:22:36.921  3237  3261 W GLSActivity: 	at cqo.onTransact(:com.google.android.gms@203615039@20.36.15 (120408-333172415):2)
08-01 12:22:36.921  3237  3261 W GLSActivity: 	at android.os.Binder.transact(Binder.java:923)
08-01 12:22:36.921  3237  3261 W GLSActivity: 	at aaoe.onTransact(:com.google.android.gms@203615039@20.36.15 (120408-333172415):17)
08-01 12:22:36.921  3237  3261 W GLSActivity: 	at android.os.Binder.execTransactInternal(Binder.java:1036)
08-01 12:22:36.921  3237  3261 W GLSActivity: 	at android.os.Binder.execTransact(Binder.java:1003)
08-01 12:22:36.929  3237 24243 E OAuthTokenProviderImpl: getTokenWithNotification failed [CONTEXT service_id=121 ]
08-01 12:22:36.929  3237 24243 E OAuthTokenProviderImpl: android.accounts.AuthenticatorException: Null/empty token
08-01 12:22:36.929  3237 24243 E OAuthTokenProviderImpl: 	at adwp.a(:com.google.android.gms@203615039@20.36.15 (120408-333172415):4)
08-01 12:22:36.929  3237 24243 E OAuthTokenProviderImpl: 	at adwy.a(:com.google.android.gms@203615039@20.36.15 (120408-333172415):0)
08-01 12:22:36.929  3237 24243 E OAuthTokenProviderImpl: 	at adxd.call(:com.google.android.gms@203615039@20.36.15 (120408-333172415):0)
08-01 12:22:36.929  3237 24243 E OAuthTokenProviderImpl: 	at java.util.concurrent.FutureTask.run(FutureTask.java:266)
08-01 12:22:36.929  3237 24243 E OAuthTokenProviderImpl: 	at svu.b(:com.google.android.gms@203615039@20.36.15 (120408-333172415):12)
08-01 12:22:36.929  3237 24243 E OAuthTokenProviderImpl: 	at svu.run(:com.google.android.gms@203615039@20.36.15 (120408-333172415):7)
08-01 12:22:36.929  3237 24243 E OAuthTokenProviderImpl: 	at java.util.concurrent.ThreadPoolExecutor.runWorker(ThreadPoolExecutor.java:1167)
08-01 12:22:36.929  3237 24243 E OAuthTokenProviderImpl: 	at java.util.concurrent.ThreadPoolExecutor$Worker.run(ThreadPoolExecutor.java:641)
08-01 12:22:36.929  3237 24243 E OAuthTokenProviderImpl: 	at tbu.run(:com.google.android.gms@203615039@20.36.15 (120408-333172415):0)
08-01 12:22:36.929  3237 24243 E OAuthTokenProviderImpl: 	at java.lang.Thread.run(Thread.java:919)
08-01 12:22:36.929  3237 24243 E RouterBackendClient: updateUserPrefs failed [CONTEXT service_id=121 ]
08-01 12:22:36.929  3237 24243 E RouterBackendClient: adxc: getTokenWithNotification failed
08-01 12:22:36.929  3237 24243 E RouterBackendClient: 	at adwp.a(:com.google.android.gms@203615039@20.36.15 (120408-333172415):5)
08-01 12:22:36.929  3237 24243 E RouterBackendClient: 	at adwy.a(:com.google.android.gms@203615039@20.36.15 (120408-333172415):0)
08-01 12:22:36.929  3237 24243 E RouterBackendClient: 	at adxd.call(:com.google.android.gms@203615039@20.36.15 (120408-333172415):0)
08-01 12:22:36.929  3237 24243 E RouterBackendClient: 	at java.util.concurrent.FutureTask.run(FutureTask.java:266)
08-01 12:22:36.929  3237 24243 E RouterBackendClient: 	at svu.b(:com.google.android.gms@203615039@20.36.15 (120408-333172415):12)
08-01 12:22:36.929  3237 24243 E RouterBackendClient: 	at svu.run(:com.google.android.gms@203615039@20.36.15 (120408-333172415):7)
08-01 12:22:36.929  3237 24243 E RouterBackendClient: 	at java.util.concurrent.ThreadPoolExecutor.runWorker(ThreadPoolExecutor.java:1167)
08-01 12:22:36.929  3237 24243 E RouterBackendClient: 	at java.util.concurrent.ThreadPoolExecutor$Worker.run(ThreadPoolExecutor.java:641)
08-01 12:22:36.929  3237 24243 E RouterBackendClient: 	at tbu.run(:com.google.android.gms@203615039@20.36.15 (120408-333172415):0)
08-01 12:22:36.929  3237 24243 E RouterBackendClient: 	at java.lang.Thread.run(Thread.java:919)
08-01 12:22:36.929  3237 24243 E RouterBackendClient: Caused by: android.accounts.AuthenticatorException: Null/empty token
08-01 12:22:36.929  3237 24243 E RouterBackendClient: 	at adwp.a(:com.google.android.gms@203615039@20.36.15 (120408-333172415):4)
08-01 12:22:36.929  3237 24243 E RouterBackendClient: 	... 9 more
08-01 12:22:36.930  3237 24243 E UserPrefsUpdater: Failed updateUserPrefs: status=0 force=false [CONTEXT service_id=121 ]
08-01 12:22:36.930  3237 24243 E UserPrefsUpdater: clym: UNAUTHENTICATED
08-01 12:22:36.930  3237 24243 E UserPrefsUpdater: 	at adwy.a(:com.google.android.gms@203615039@20.36.15 (120408-333172415):0)
08-01 12:22:36.930  3237 24243 E UserPrefsUpdater: 	at adxd.call(:com.google.android.gms@203615039@20.36.15 (120408-333172415):0)
08-01 12:22:36.930  3237 24243 E UserPrefsUpdater: 	at java.util.concurrent.FutureTask.run(FutureTask.java:266)
08-01 12:22:36.930  3237 24243 E UserPrefsUpdater: 	at svu.b(:com.google.android.gms@203615039@20.36.15 (120408-333172415):12)
08-01 12:22:36.930  3237 24243 E UserPrefsUpdater: 	at svu.run(:com.google.android.gms@203615039@20.36.15 (120408-333172415):7)
08-01 12:22:36.930  3237 24243 E UserPrefsUpdater: 	at java.util.concurrent.ThreadPoolExecutor.runWorker(ThreadPoolExecutor.java:1167)
08-01 12:22:36.930  3237 24243 E UserPrefsUpdater: 	at java.util.concurrent.ThreadPoolExecutor$Worker.run(ThreadPoolExecutor.java:641)
08-01 12:22:36.930  3237 24243 E UserPrefsUpdater: 	at tbu.run(:com.google.android.gms@203615039@20.36.15 (120408-333172415):0)
08-01 12:22:36.930  3237 24243 E UserPrefsUpdater: 	at java.lang.Thread.run(Thread.java:919)
08-01 12:22:36.974  3237  4805 W GetToken: [GetToken]GetToken failed with status code: BadAuthentication
08-01 12:22:36.996  3237  4805 W GLSActivity: 
08-01 12:22:36.996  3237  4805 W GLSActivity: com.google.android.gms.auth.UserRecoverableAuthException: BadAuthentication
08-01 12:22:36.996  3237  4805 W GLSActivity: 	at gbn.getAuthToken(:com.google.android.gms@203615039@20.36.15 (120408-333172415):26)
08-01 12:22:36.996  3237  4805 W GLSActivity: 	at android.accounts.AbstractAccountAuthenticator$Transport.getAuthToken(AbstractAccountAuthenticator.java:246)
08-01 12:22:36.996  3237  4805 W GLSActivity: 	at android.accounts.IAccountAuthenticator$Stub.onTransact(IAccountAuthenticator.java:282)
08-01 12:22:36.996  3237  4805 W GLSActivity: 	at android.os.Binder.transact(Binder.java:923)
08-01 12:22:36.996  3237  4805 W GLSActivity: 	at cqo.onTransact(:com.google.android.gms@203615039@20.36.15 (120408-333172415):2)
08-01 12:22:36.996  3237  4805 W GLSActivity: 	at android.os.Binder.transact(Binder.java:923)
08-01 12:22:36.996  3237  4805 W GLSActivity: 	at aaoe.onTransact(:com.google.android.gms@203615039@20.36.15 (120408-333172415):17)
08-01 12:22:36.996  3237  4805 W GLSActivity: 	at android.os.Binder.execTransactInternal(Binder.java:1036)
08-01 12:22:36.996  3237  4805 W GLSActivity: 	at android.os.Binder.execTransact(Binder.java:1003)
08-01 12:22:37.002  3237 23048 E OAuthTokenProviderImpl: getTokenWithNotification failed [CONTEXT service_id=121 ]
08-01 12:22:37.002  3237 23048 E OAuthTokenProviderImpl: android.accounts.AuthenticatorException: Null/empty token
08-01 12:22:37.002  3237 23048 E OAuthTokenProviderImpl: 	at adwp.a(:com.google.android.gms@203615039@20.36.15 (120408-333172415):4)
08-01 12:22:37.002  3237 23048 E OAuthTokenProviderImpl: 	at adwv.a(:com.google.android.gms@203615039@20.36.15 (120408-333172415):0)
08-01 12:22:37.002  3237 23048 E OAuthTokenProviderImpl: 	at adxd.call(:com.google.android.gms@203615039@20.36.15 (120408-333172415):0)
08-01 12:22:37.002  3237 23048 E OAuthTokenProviderImpl: 	at java.util.concurrent.FutureTask.run(FutureTask.java:266)
08-01 12:22:37.002  3237 23048 E OAuthTokenProviderImpl: 	at svu.b(:com.google.android.gms@203615039@20.36.15 (120408-333172415):12)
08-01 12:22:37.002  3237 23048 E OAuthTokenProviderImpl: 	at svu.run(:com.google.android.gms@203615039@20.36.15 (120408-333172415):7)
08-01 12:22:37.002  3237 23048 E OAuthTokenProviderImpl: 	at java.util.concurrent.ThreadPoolExecutor.runWorker(ThreadPoolExecutor.java:1167)
08-01 12:22:37.002  3237 23048 E OAuthTokenProviderImpl: 	at java.util.concurrent.ThreadPoolExecutor$Worker.run(ThreadPoolExecutor.java:641)
08-01 12:22:37.002  3237 23048 E OAuthTokenProviderImpl: 	at tbu.run(:com.google.android.gms@203615039@20.36.15 (120408-333172415):0)
08-01 12:22:37.002  3237 23048 E OAuthTokenProviderImpl: 	at java.lang.Thread.run(Thread.java:919)
08-01 12:22:37.003  3237 19044 E DomainFilterImpl: Error while reading domain filter from WHAPI [CONTEXT service_id=121 ]
08-01 12:22:37.003  3237 19044 E DomainFilterImpl: java.util.concurrent.ExecutionException: clym: UNAUTHENTICATED
08-01 12:22:37.003  3237 19044 E DomainFilterImpl: 	at java.util.concurrent.FutureTask.report(FutureTask.java:123)
08-01 12:22:37.003  3237 19044 E DomainFilterImpl: 	at java.util.concurrent.FutureTask.get(FutureTask.java:193)
08-01 12:22:37.003  3237 19044 E DomainFilterImpl: 	at adxf.get(:com.google.android.gms@203615039@20.36.15 (120408-333172415):0)
08-01 12:22:37.003  3237 19044 E DomainFilterImpl: 	at aebn.a(:com.google.android.gms@203615039@20.36.15 (120408-333172415):8)
08-01 12:22:37.003  3237 19044 E DomainFilterImpl: 	at aebn.b(:com.google.android.gms@203615039@20.36.15 (120408-333172415):10)
08-01 12:22:37.003  3237 19044 E DomainFilterImpl: 	at aebh.b(:com.google.android.gms@203615039@20.36.15 (120408-333172415):1)
08-01 12:22:37.003  3237 19044 E DomainFilterImpl: 	at com.google.android.gms.instantapps.routing.DomainFilterUpdateChimeraService.a(:com.google.android.gms@203615039@20.36.15 (120408-333172415):41)
08-01 12:22:37.003  3237 19044 E DomainFilterImpl: 	at afck.call(Unknown Source:0)
08-01 12:22:37.003  3237 19044 E DomainFilterImpl: 	at java.util.concurrent.FutureTask.run(FutureTask.java:266)
08-01 12:22:37.003  3237 19044 E DomainFilterImpl: 	at svu.b(:com.google.android.gms@203615039@20.36.15 (120408-333172415):12)
08-01 12:22:37.003  3237 19044 E DomainFilterImpl: 	at svu.run(:com.google.android.gms@203615039@20.36.15 (120408-333172415):7)
08-01 12:22:37.003  3237 19044 E DomainFilterImpl: 	at java.util.concurrent.ThreadPoolExecutor.runWorker(ThreadPoolExecutor.java:1167)
08-01 12:22:37.003  3237 19044 E DomainFilterImpl: 	at java.util.concurrent.ThreadPoolExecutor$Worker.run(ThreadPoolExecutor.java:641)
08-01 12:22:37.003  3237 19044 E DomainFilterImpl: 	at tbu.run(:com.google.android.gms@203615039@20.36.15 (120408-333172415):0)
08-01 12:22:37.003  3237 19044 E DomainFilterImpl: 	at java.lang.Thread.run(Thread.java:919)
08-01 12:22:37.003  3237 19044 E DomainFilterImpl: Caused by: clym: UNAUTHENTICATED
08-01 12:22:37.003  3237 19044 E DomainFilterImpl: 	at adwv.a(:com.google.android.gms@203615039@20.36.15 (120408-333172415):0)
08-01 12:22:37.003  3237 19044 E DomainFilterImpl: 	at adxd.call(:com.google.android.gms@203615039@20.36.15 (120408-333172415):0)
08-01 12:22:37.003  3237 19044 E DomainFilterImpl: 	... 7 more
08-01 12:22:37.003  3237 19044 W DomainFilterUpdateChime: Retry later [CONTEXT service_id=121 ]
08-01 12:22:37.012  3237 23048 I NetworkScheduler.Stats: Task com.google.android.gms/com.google.android.gms.instantapps.routing.DomainFilterUpdateService finished executing. cause:5 result: 3 elapsed_millis: 183 uptime_millis: 183 exec_start_elapsed_seconds: 2435 [CONTEXT service_id=218 ]
08-01 12:22:37.344  3237 25783 E memtrack: Couldn't load memtrack module
08-01 12:22:37.344  3237 25783 W android.os.Debug: failed to get memory consumption info: -1
08-01 12:22:37.438  2700  2700 I wpa_supplicant: wlan0: GAS-QUERY-DONE addr=6c:4b:b4:69:26:84 dialog_token=78 freq=2412 status_code=0 result=TIMEOUT
08-01 12:22:37.439  2700  2700 I wpa_supplicant: wlan0: ANQP-QUERY-DONE addr=6c:4b:b4:69:26:84 result=FAILURE
08-01 12:22:38.552  4031  4031 D CmdCenter: - RowBuilder2: setUseWhiteRes useOrNot = true
08-01 12:22:38.555  2954  2954 D QtiCarrierConfigHelper: WARNING, no carrier configs on phone Id: 0
08-01 12:22:38.564 19152 19152 D UIABatteryMonitor: notify battery changed. current level 100
08-01 12:22:38.631  2220  2303 I system_server: Background young concurrent copying GC freed 236297(10MB) AllocSpace objects, 60(2216KB) LOS objects, 27% free, 32MB/44MB, paused 636us total 134.110ms
08-01 12:22:39.391  3634 25787 E memtrack: Couldn't load memtrack module
08-01 12:22:39.391  3634 25787 W android.os.Debug: failed to get memory consumption info: -1
08-01 12:22:39.494  2220  2585 I ActivityManager: Force stopping com.google.android.apps.youtube.music appid=10194 user=0: from pid 25792
08-01 12:22:39.495  2220  2585 I ActivityManager: Killing 25551:com.google.android.apps.youtube.music/u0a194 (adj 0): stop com.google.android.apps.youtube.music
08-01 12:22:39.518  2220  2585 W ActivityTaskManager: Force removing ActivityRecord{1f7aa4b u0 com.google.android.apps.youtube.music/.activities.MusicActivity t57 f}: app died, no saved state
08-01 12:22:39.519  2220  2585 V WindowManager: Changing focus from Window{21438f u0 com.google.android.apps.youtube.music/com.google.android.apps.youtube.music.activities.MusicActivity} to null displayId=0
08-01 12:22:39.525  2220  2585 I WindowManager: Window drawn AppWindowToken{8580d41 token=Token{d588c28 ActivityRecord{1f7aa4b u0 com.google.android.apps.youtube.music/.activities.MusicActivity t57}}}
08-01 12:22:39.529  2220  2585 I ActivityTaskManager: moveHomeStack, setupComplete:true
08-01 12:22:39.559  2954  2954 E PhoneInterfaceManager: [PhoneIntfMgr] getCarrierPackageNamesForIntent: No UICC
08-01 12:22:39.560  2954  2954 D CarrierSvcBindHelper: No carrier app for: 0
08-01 12:22:39.560  2954  2954 E PhoneInterfaceManager: [PhoneIntfMgr] getCarrierPackageNamesForIntent: No UICC
08-01 12:22:39.560  2954  2954 D CarrierSvcBindHelper: No carrier app for: 1
08-01 12:22:39.582  2220  4588 V WindowManager: Changing focus from null to Window{2b77e65 u0 com.motorola.launcher3/com.android.a1launcher.AndroidOneLauncher} displayId=0
08-01 12:22:39.608  4031  4052 D AssistReceiver: call: lightWakeup | null | null
08-01 12:22:39.608  2220  2336 I WindowManager:   SURFACE show Surface(name=com.android.systemui.ImageWallpaper)/@0xe08ac94 on display:0: com.android.systemui.ImageWallpaper
08-01 12:22:39.612  3054  3054 I GoogleInputMethodService: GoogleInputMethodService.onFinishInput():3184 
08-01 12:22:39.613  3054  3054 I GoogleInputMethodService: GoogleInputMethodService.onStartInput():1830 
08-01 12:22:39.621  2220  2336 I WindowManager: Window drawn AppWindowToken{3a2bed2 token=Token{299b55d ActivityRecord{2cd9334 u0 com.motorola.launcher3/com.android.a1launcher.AndroidOneLauncher t2}}}
08-01 12:22:39.625  2220  2336 I WindowManager:   SURFACE show Surface(name=com.motorola.launcher3/com.android.a1launcher.AndroidOneLauncher)/@0x6ea6814 on display:0: com.motorola.launcher3/com.android.a1launcher.AndroidOneLauncher
08-01 12:22:39.625  2220  2336 I WindowManager:   SURFACE show Surface(name=com.motorola.launcher3/com.android.a1launcher.AndroidOneLauncher)/@0xfc98bd on display:0: com.motorola.launcher3/com.android.a1launcher.AndroidOneLauncher
08-01 12:22:39.632  2220  3477 D MediaSessionService: Media button session is changed to null
08-01 12:22:39.632  2220  4743 D ConnectivityService: ConnectivityService NetworkRequestInfo binderDied(NetworkRequest [ TRACK_DEFAULT id=211, [ Capabilities: INTERNET&NOT_RESTRICTED&TRUSTED Uid: 10194] ], android.os.BinderProxy@144ceb2)
08-01 12:22:39.633  3686  4185 W ThreadPoolDumper: Queue length for executor EventBus is now 11. Perhaps some tasks are too long, or the pool is too small.
08-01 12:22:39.633  2220  3972 D ConnectivityService: ConnectivityService NetworkRequestInfo binderDied(NetworkRequest [ TRACK_DEFAULT id=207, [ Capabilities: INTERNET&NOT_RESTRICTED&TRUSTED Uid: 10194] ], android.os.BinderProxy@f26e03)
08-01 12:22:39.633  2220  4081 D ConnectivityService: ConnectivityService NetworkRequestInfo binderDied(NetworkRequest [ TRACK_DEFAULT id=208, [ Capabilities: INTERNET&NOT_RESTRICTED&TRUSTED Uid: 10194] ], android.os.BinderProxy@e0ff180)
08-01 12:22:39.633  2220  4012 D ConnectivityService: ConnectivityService NetworkRequestInfo binderDied(NetworkRequest [ TRACK_DEFAULT id=210, [ Capabilities: INTERNET&NOT_RESTRICTED&TRUSTED Uid: 10194] ], android.os.BinderProxy@15f03b9)
08-01 12:22:39.633  2220  4744 D ConnectivityService: ConnectivityService NetworkRequestInfo binderDied(NetworkRequest [ LISTEN id=209, [ Capabilities: INTERNET&NOT_RESTRICTED&TRUSTED&FOREGROUND Uid: 10194] ], android.os.BinderProxy@2ad23fe)
08-01 12:22:39.634  2220  2633 D ConnectivityService: releasing NetworkRequest [ TRACK_DEFAULT id=211, [ Capabilities: INTERNET&NOT_RESTRICTED&TRUSTED Uid: 10194] ] (release request)
08-01 12:22:39.634  2220  2633 D ConnectivityService: releasing NetworkRequest [ TRACK_DEFAULT id=207, [ Capabilities: INTERNET&NOT_RESTRICTED&TRUSTED Uid: 10194] ] (release request)
08-01 12:22:39.635  2220  2633 D ConnectivityService: releasing NetworkRequest [ TRACK_DEFAULT id=208, [ Capabilities: INTERNET&NOT_RESTRICTED&TRUSTED Uid: 10194] ] (release request)
08-01 12:22:39.636  2220  2633 D ConnectivityService: releasing NetworkRequest [ TRACK_DEFAULT id=210, [ Capabilities: INTERNET&NOT_RESTRICTED&TRUSTED Uid: 10194] ] (release request)
08-01 12:22:39.639  1060  1060 I Zygote  : Process 25551 exited due to signal 9 (Killed)
08-01 12:22:39.644  3686  3844 W LocationOracle: No location history returned by ContextManager
08-01 12:22:39.644  2220  2346 I libprocessgroup: Successfully killed process cgroup uid 10194 pid 25551 in 145ms
08-01 12:22:39.648  3634 19049 I DiscoveryManager: Filter criteria(null) scannerFlags(0)
08-01 12:22:39.651  2220  2335 W ActivityManager: setHasOverlayUi called on unknown pid: 25551
08-01 12:22:39.653  3634 19049 W GuestModeDeviceProber: setFilterCriteria
08-01 12:22:39.661  2220  2585 I WifiService: releaseMulticastLock uid=10110
08-01 12:22:39.670  3237  4446 W GCoreFlp: No location to return for getLastLocation()
08-01 12:22:39.672  3686  3915 W LocationOracle: No location returned by GMS core getLastLocation()
08-01 12:22:39.677  2220  2220 W Looper  : Slow dispatch took 121ms main h=android.app.ActivityThread$H c=android.app.-$$Lambda$LoadedApk$ReceiverDispatcher$Args$_BumDX2UKsnxLVrE6UJsJZkotuA@c0fb4d6 m=0
08-01 12:22:39.678  2220  2332 W Looper  : Slow dispatch took 106ms android.fg h=com.android.server.AppStateTracker$MyHandler c=null m=0
08-01 12:22:39.691  3686  3686 I BgTaskExecutorImpl: Starting EXCLUSIVE background task TNG_MINUS_ONE_SYNC.
08-01 12:22:39.692  3686  3686 I BgTaskExecutorImpl: Starting EXCLUSIVE background task TNG_VOICE_SEARCH_SYNC.
08-01 12:22:39.694  3686  4185 I TngMinusOneSync: Syncing TNG:-1
08-01 12:22:39.695  3686  4185 I TngVoiceSearchSync: Syncing TNG:VoiceSearch
08-01 12:22:39.696  3686  3924 E MDD     : DownloadProgressMonitor: Can't find file for uri: android://com.google.android.googlequicksearchbox/files/sharedminusonemodule/shared/SharedMinusOneData.pb.tmp
08-01 12:22:41.707 24304 24304 I DialerVerifiedCallRegistrationWorker: com.android.dialer.businessvoice.verifiedcall.impl.registration.VerifiedCallRegistrationWorker.startWork:126 starting work
08-01 12:22:41.710 24304 24371 I DialerCountryCodeProvider: com.android.dialer.businessvoice.verifiedcall.impl.i18n.CountryCodeProvider.getSimCountryCodeInternal:68 returning Redacted-2-chars
08-01 12:22:41.711 24304 24408 I DialerCachedVerifiedNumberProvider: com.android.dialer.businessvoice.verifiedcall.impl.constellation.CachedVerifiedNumberProvider.lambda$getConsentStatus$2:98 Returning cached consent status.
08-01 12:22:41.714 24304 24408 I DialerCountryCodeProvider: com.android.dialer.businessvoice.verifiedcall.impl.i18n.CountryCodeProvider.getSimCountryCodeInternal:68 returning Redacted-2-chars
08-01 12:22:41.714 24304 24370 I DialerCachedVerifiedNumberProvider: com.android.dialer.businessvoice.verifiedcall.impl.constellation.CachedVerifiedNumberProvider.refreshConstellationToken:134 Retrieving constellation info and refreshing the cache.
08-01 12:22:41.750  2220  3929 D ConnectivityService: requestNetwork for uid/pid:10103/24304 NetworkRequest [ TRACK_DEFAULT id=212, [ Capabilities: INTERNET&NOT_RESTRICTED&TRUSTED Uid: 10103] ]
08-01 12:22:41.753  2954  2954 D PhoneSwitcherNetworkRequstListener: got request NetworkRequest [ TRACK_DEFAULT id=212, [ Capabilities: INTERNET&NOT_RESTRICTED&TRUSTED Uid: 10103] ] with score 60 and serial -1
08-01 12:22:41.754  2220  2669 D Ethernet: got request NetworkRequest [ TRACK_DEFAULT id=212, [ Capabilities: INTERNET&NOT_RESTRICTED&TRUSTED Uid: 10103] ] with score 60 and serial -1
08-01 12:22:41.754  2220  2626 D UntrustedWifiNetworkFactory: got request NetworkRequest [ TRACK_DEFAULT id=212, [ Capabilities: INTERNET&NOT_RESTRICTED&TRUSTED Uid: 10103] ] with score 60 and serial -1
08-01 12:22:41.754  2220  2626 D WifiNetworkFactory: got request NetworkRequest [ TRACK_DEFAULT id=212, [ Capabilities: INTERNET&NOT_RESTRICTED&TRUSTED Uid: 10103] ] with score 60 and serial -1
08-01 12:22:41.833  3237  7867 W GetToken: [GetToken]GetToken failed with status code: BadAuthentication
08-01 12:22:41.856  3634 25810 W Auth    : [GoogleAuthUtil] GoogleAuthUtil
08-01 12:22:41.857  3634 25810 W constellation: [gaia_util] Account id cannot be obtained for account aniltakda123@gmail.com
08-01 12:22:41.872  3634 25810 I constellation: [event_manager] Starting session. sessionId: 2fd2f5ba-2784-4ca0-953a-39bb02d2f0c0 from trigger: 7
08-01 12:22:42.158  3237 23048 W Conscrypt: Could not set socket write timeout: java.net.SocketException: Socket closed
08-01 12:22:42.159  3237 23048 W Conscrypt: 	at com.google.android.gms.org.conscrypt.Platform.setSocketWriteTimeout(:com.google.android.gms@203615039@20.36.15 (120408-333172415):2)
08-01 12:22:42.159  3237 23048 W Conscrypt: 	at com.google.android.gms.org.conscrypt.ConscryptFileDescriptorSocket.setSoWriteTimeout(:com.google.android.gms@203615039@20.36.15 (120408-333172415):0)
08-01 12:22:42.275  3634 25810 E cmgq    : *~*~*~ Channel {0} was not shutdown properly!!! ~*~*~*
08-01 12:22:42.275  3634 25810 E cmgq    :     Make sure to call shutdown()/shutdownNow() and wait until awaitTermination() returns true.
08-01 12:22:42.275  3634 25810 E cmgq    : java.lang.RuntimeException: ManagedChannel allocation site
08-01 12:22:42.275  3634 25810 E cmgq    : 	at cmgp.<init>(:com.google.android.gms@203615039@20.36.15 (120408-333172415):3)
08-01 12:22:42.275  3634 25810 E cmgq    : 	at cmgq.<init>(:com.google.android.gms@203615039@20.36.15 (120408-333172415):2)
08-01 12:22:42.275  3634 25810 E cmgq    : 	at cmaf.b(:com.google.android.gms@203615039@20.36.15 (120408-333172415):22)
08-01 12:22:42.275  3634 25810 E cmgq    : 	at sqe.a(:com.google.android.gms@203615039@20.36.15 (120408-333172415):31)
08-01 12:22:42.275  3634 25810 E cmgq    : 	at sqe.a(:com.google.android.gms@203615039@20.36.15 (120408-333172415):45)
08-01 12:22:42.275  3634 25810 E cmgq    : 	at tgo.a(:com.google.android.gms@203615039@20.36.15 (120408-333172415):435)
08-01 12:22:42.275  3634 25810 E cmgq    : 	at tgo.a(:com.google.android.gms@203615039@20.36.15 (120408-333172415):501)
08-01 12:22:42.275  3634 25810 E cmgq    : 	at tfu.a(:com.google.android.gms@203615039@20.36.15 (120408-333172415):134)
08-01 12:22:42.275  3634 25810 E cmgq    : 	at com.google.android.gms.constellation.EventManager.onHandleIntent(:com.google.android.gms@203615039@20.36.15 (120408-333172415):235)
08-01 12:22:42.275  3634 25810 E cmgq    : 	at com.google.android.chimera.IntentOperation.onHandleIntent(:com.google.android.gms@203615039@20.36.15 (120408-333172415):2)
08-01 12:22:42.275  3634 25810 E cmgq    : 	at qre.onHandleIntent(:com.google.android.gms@203615039@20.36.15 (120408-333172415):4)
08-01 12:22:42.275  3634 25810 E cmgq    : 	at csc.run(:com.google.android.gms@203615039@20.36.15 (120408-333172415):5)
08-01 12:22:42.275  3634 25810 E cmgq    : 	at csb.run(:com.google.android.gms@203615039@20.36.15 (120408-333172415):10)
08-01 12:22:42.275  3634 25810 E cmgq    : 	at bony.run(:com.google.android.gms@203615039@20.36.15 (120408-333172415):2)
08-01 12:22:42.275  3634 25810 E cmgq    : 	at java.util.concurrent.ThreadPoolExecutor.runWorker(ThreadPoolExecutor.java:1167)
08-01 12:22:42.275  3634 25810 E cmgq    : 	at java.util.concurrent.ThreadPoolExecutor$Worker.run(ThreadPoolExecutor.java:641)
08-01 12:22:42.275  3634 25810 E cmgq    : 	at java.lang.Thread.run(Thread.java:919)
08-01 12:22:42.480  3237 23048 W Conscrypt: Could not set socket write timeout: java.net.SocketException: Socket closed
08-01 12:22:42.481  3237 23048 W Conscrypt: 	at com.google.android.gms.org.conscrypt.Platform.setSocketWriteTimeout(:com.google.android.gms@203615039@20.36.15 (120408-333172415):2)
08-01 12:22:42.481  3237 23048 W Conscrypt: 	at com.google.android.gms.org.conscrypt.ConscryptFileDescriptorSocket.setSoWriteTimeout(:com.google.android.gms@203615039@20.36.15 (120408-333172415):0)
08-01 12:22:42.572  3634 17219 W Conscrypt: Could not set socket write timeout: java.net.SocketException: Socket closed
08-01 12:22:42.573  3634 17219 W Conscrypt: 	at com.google.android.gms.org.conscrypt.Platform.setSocketWriteTimeout(:com.google.android.gms@203615039@20.36.15 (120408-333172415):2)
08-01 12:22:42.573  3634 17219 W Conscrypt: 	at com.google.android.gms.org.conscrypt.ConscryptFileDescriptorSocket.setSoWriteTimeout(:com.google.android.gms@203615039@20.36.15 (120408-333172415):0)
08-01 12:22:42.725  3634 17219 W Conscrypt: Could not set socket write timeout: java.net.SocketException: Socket closed
08-01 12:22:42.726  3634 17219 W Conscrypt: 	at com.google.android.gms.org.conscrypt.Platform.setSocketWriteTimeout(:com.google.android.gms@203615039@20.36.15 (120408-333172415):2)
08-01 12:22:42.726  3634 17219 W Conscrypt: 	at com.google.android.gms.org.conscrypt.ConscryptFileDescriptorSocket.setSoWriteTimeout(:com.google.android.gms@203615039@20.36.15 (120408-333172415):0)
08-01 12:22:44.133 24304 24412 I DialerVerifiedCallRegistrationWorker: com.android.dialer.businessvoice.verifiedcall.impl.registration.VerifiedCallRegistrationWorker$1.onSuccess:198 subscribed to FCM topic
08-01 12:22:44.250  3237 23048 I NetworkScheduler.Stats: Task com.google.android.gms/com.google.android.gms.auth.cryptauth.register.ReEnrollmentService started execution. cause:1 exec_start_elapsed_seconds: 2442 [CONTEXT service_id=218 ]
08-01 12:22:44.251  3634 24450 W CryptauthV2: [ReEnrollmentChimeraService] Number of retries exceeded allowed number of retries.
08-01 12:22:44.292  3634 25810 I constellation: [verification_manager] Device is not consented
08-01 12:22:44.295 24304 24408 W DialerVerifiedNumberProvider: com.android.dialer.businessvoice.verifiedcall.impl.constellation.VerifiedNumberProvider.lambda$getConstellationInfo$1:129 Failed to get constellation token because there is no consent.
08-01 12:22:44.295 24304 24408 W DialerVerifiedNumberProvider: ljr: 5001: 
08-01 12:22:44.295 24304 24408 W DialerVerifiedNumberProvider: 	at lpw.a(PG:6)
08-01 12:22:44.295 24304 24408 W DialerVerifiedNumberProvider: 	at lqi.a(Unknown Source:2)
08-01 12:22:44.295 24304 24408 W DialerVerifiedNumberProvider: 	at lqu.a(PG:4)
08-01 12:22:44.295 24304 24408 W DialerVerifiedNumberProvider: 	at lci.onTransact(PG:4)
08-01 12:22:44.295 24304 24408 W DialerVerifiedNumberProvider: 	at android.os.Binder.execTransactInternal(Binder.java:1036)
08-01 12:22:44.295 24304 24408 W DialerVerifiedNumberProvider: 	at android.os.Binder.execTransact(Binder.java:1003)
08-01 12:22:44.296 24304 24408 W DialerVerifiedCallRegistrationWorker: com.android.dialer.businessvoice.verifiedcall.impl.registration.VerifiedCallRegistrationWorker.sendUserConsent:318 no constellation token available
08-01 12:22:44.302 24304 24368 I WM-WorkerWrapper: Worker result RETRY for Work [ id=d63e9118-0622-4d28-8506-9bca9744ffd9, tags={ com.google.apps.tiktok.contrib.work.TikTokListenableWorker, TikTokWorker#com.android.dialer.businessvoice.verifiedcall.impl.registration.VerifiedCallRegistrationWorker } ]
08-01 12:22:44.308  2220  2633 D ConnectivityService: releasing NetworkRequest [ TRACK_DEFAULT id=212, [ Capabilities: INTERNET&NOT_RESTRICTED&TRUSTED Uid: 10103] ] (release request)
08-01 12:22:44.329  3237 19044 I NetworkScheduler.Stats: Task com.google.android.gms/com.google.android.gms.auth.cryptauth.register.ReEnrollmentService finished executing. cause:1 result: 2 elapsed_millis: 127 uptime_millis: 127 exec_start_elapsed_seconds: 2442 [CONTEXT service_id=218 ]
08-01 12:22:44.623  2220  3929 I ActivityManager: Force stopping com.google.android.apps.youtube.music appid=10194 user=0: from pid 25819
08-01 12:22:44.632  2954  2954 E PhoneInterfaceManager: [PhoneIntfMgr] getCarrierPackageNamesForIntent: No UICC
08-01 12:22:44.632  2954  2954 D CarrierSvcBindHelper: No carrier app for: 0
08-01 12:22:44.633  2954  2954 E PhoneInterfaceManager: [PhoneIntfMgr] getCarrierPackageNamesForIntent: No UICC
08-01 12:22:44.633  2954  2954 D CarrierSvcBindHelper: No carrier app for: 1
08-01 12:22:49.416  2220  3477 W DevicePolicyManager: Package com.mobile.indiapp (uid=10193, pid=10916) cannot access Device IDs
08-01 12:22:49.418  2954  2990 W TelephonyPermissions: reportAccessDeniedToReadIdentifiers:com.mobile.indiapp:getSubscriberId:isPreinstalled=false:isPrivApp=false
08-01 12:22:49.432  2220  3477 W DevicePolicyManager: Package com.mobile.indiapp (uid=10193, pid=10916) cannot access Device IDs
08-01 12:22:49.433  2954  2990 W TelephonyPermissions: reportAccessDeniedToReadIdentifiers:com.mobile.indiapp:getDeviceId:isPreinstalled=false:isPrivApp=false
08-01 12:22:49.435 10916 11006 I chatty  : uid=10193(com.mobile.indiapp) WaHandlerThread expire 104 lines
08-01 12:22:49.442  1059 25822 E ResolverController: No valid NAT64 prefix (101, <unspecified>/0)
08-01 12:22:59.503  2220  4588 W DevicePolicyManager: Package com.mobile.indiapp (uid=10193, pid=10916) cannot access Device IDs
08-01 12:22:59.505  2954  3833 W TelephonyPermissions: reportAccessDeniedToReadIdentifiers:com.mobile.indiapp:getSubscriberId:isPreinstalled=false:isPrivApp=false
08-01 12:22:59.514  2220  4588 W DevicePolicyManager: Package com.mobile.indiapp (uid=10193, pid=10916) cannot access Device IDs
08-01 12:22:59.515  2954  3833 W TelephonyPermissions: reportAccessDeniedToReadIdentifiers:com.mobile.indiapp:getDeviceId:isPreinstalled=false:isPrivApp=false
08-01 12:22:59.522  2220  4588 W DevicePolicyManager: Package com.mobile.indiapp (uid=10193, pid=10916) cannot access Device IDs
08-01 12:22:59.523  2954  3833 W TelephonyPermissions: reportAccessDeniedToReadIdentifiers:com.mobile.indiapp:getSubscriberId:isPreinstalled=false:isPrivApp=false
08-01 12:22:59.532  2220  4588 W DevicePolicyManager: Package com.mobile.indiapp (uid=10193, pid=10916) cannot access Device IDs
08-01 12:22:59.533  2954  3833 W TelephonyPermissions: reportAccessDeniedToReadIdentifiers:com.mobile.indiapp:getDeviceId:isPreinstalled=false:isPrivApp=false
08-01 12:22:59.548 10950 11426 I chatty  : uid=10193(com.mobile.indiapp) WaHandlerThread expire 12 lines
08-01 12:22:59.705  3237 12927 W ctxmgr  : [Callbacks] Can't return snapshot result to client. [CONTEXT service_id=47 ]
08-01 12:22:59.705  3237 12927 W ctxmgr  : android.os.DeadObjectException
