08-01 11:52:34.058 17269 17269 E AndroidRuntime: 	at android.os.ServiceManager.rawGetService(ServiceManager.java:263)
08-01 11:52:34.058 17269 17269 E AndroidRuntime: 	at android.os.ServiceManager.getService(ServiceManager.java:129)
08-01 11:52:34.058 17269 17269 E AndroidRuntime: 	at android.app.ActivityManager$1.create(ActivityManager.java:4058)
08-01 11:52:34.058 17269 17269 E AndroidRuntime: 	at android.app.ActivityManager$1.create(ActivityManager.java:4055)
08-01 11:52:34.058 17269 17269 E AndroidRuntime: 	at android.util.Singleton.get(Singleton.java:38)
08-01 11:52:34.058 17269 17269 E AndroidRuntime: 	at android.app.ActivityManager.getService(ActivityManager.java:4046)
08-01 11:52:34.058 17269 17269 E AndroidRuntime: 	at com.android.internal.os.RuntimeInit$KillApplicationHandler.uncaughtException(RuntimeInit.java:145)
08-01 11:52:34.058 17269 17269 E AndroidRuntime: 	at java.lang.ThreadGroup.uncaughtException(ThreadGroup.java:1073)
08-01 11:52:34.058 17269 17269 E AndroidRuntime: 	at java.lang.ThreadGroup.uncaughtException(ThreadGroup.java:1068)
08-01 11:52:34.058 17269 17269 E AndroidRuntime: 	at java.lang.Thread.dispatchUncaughtException(Thread.java:2187)
08-01 11:52:59.342  2220  2776 I chatty  : uid=1000(system) Binder:2220_4 expire 2 lines
08-01 11:52:59.845  2220  2777 I chatty  : uid=1000(system) Binder:2220_5 expire 1 line
08-01 11:53:00.069 17354 17354 W SystemConfig: No directory /oem/etc/sysconfig, skipping
08-01 11:53:00.070 17354 17354 W SystemConfig: No directory /oem/etc/permissions, skipping
08-01 11:53:00.161 17354 17354 W SystemConfig: No directory /oem/etc/motorola/bgintents, skipping
08-01 11:53:00.167 17354 17354 W SystemConfig: No directory /product_services/etc/sysconfig, skipping
08-01 11:53:00.167 17354 17354 W SystemConfig: No directory /product_services/etc/permissions, skipping
08-01 11:53:00.167 17354 17354 W SystemConfig: No directory /system/etc/motorola/sysconfig, skipping
08-01 11:53:00.167 17354 17354 W SystemConfig: No directory /oem/etc/motorola/sysconfig, skipping
08-01 11:53:00.167 17354 17354 W SystemConfig: No directory /product/etc/motorola/sysconfig, skipping
08-01 11:53:00.221  2220  4733 I chatty  : uid=1000(system) Binder:2220_15 expire 6 lines
08-01 11:53:00.266  2220  2336 I chatty  : uid=1000(system) android.anim expire 16 lines
08-01 11:53:02.449  2220  3972 I chatty  : uid=1000(system) Binder:2220_D expire 4 lines
08-01 11:53:02.523  2220  4012 I chatty  : uid=1000(system) Binder:2220_E expire 1 line
08-01 11:53:02.523  2220  2633 I chatty  : uid=1000(system) ConnectivitySer expire 2 lines
08-01 11:53:03.368  2220  4018 I chatty  : uid=1000(system) Binder:2220_11 expire 3 lines
08-01 11:53:07.831  2220  2333 I chatty  : uid=1000(system) android.ui expire 6 lines
08-01 11:53:08.513 17480 17504 E AndroidRuntime: FATAL EXCEPTION: Thread-3
08-01 11:53:08.513 17480 17504 E AndroidRuntime: Process: com.antutu.ABenchMark, PID: 17480
08-01 11:53:08.513 17480 17504 E AndroidRuntime: java.lang.NullPointerException: Attempt to invoke virtual method 'void android.content.ContentValues.putAll(android.content.ContentValues)' on a null object reference
08-01 11:53:08.513 17480 17504 E AndroidRuntime: 	at daozi-b.ij0.b(DataParseHandler.java:1)
08-01 11:53:08.513 17480 17504 E AndroidRuntime: 	at daozi-b.zi0.G(InfocSDK.java:9)
08-01 11:53:08.513 17480 17504 E AndroidRuntime: 	at daozi-b.aj0.L(InfocUtil.java:6)
08-01 11:53:08.513 17480 17504 E AndroidRuntime: 	at daozi-b.aj0.K(InfocUtil.java:5)
08-01 11:53:08.513 17480 17504 E AndroidRuntime: 	at daozi-b.aj0.q(InfocUtil.java:6)
08-01 11:53:08.513 17480 17504 E AndroidRuntime: 	at com.antutu.benchmark.service.BenchmarkMainService$f.e(BenchmarkMainService.java:4)
08-01 11:53:08.513 17480 17504 E AndroidRuntime: 	at daozi-b.k80.run(Unknown Source:2)
08-01 11:53:08.513 17480 17504 E AndroidRuntime: 	at java.lang.Thread.run(Thread.java:919)
08-01 11:53:08.519  2220 17505 I chatty  : uid=1000 system_server expire 1 line
08-01 11:53:08.535  2220  2344 I chatty  : uid=1000(system) ActivityManager expire 6 lines
08-01 11:53:08.644  2220  4014 I chatty  : uid=1000(system) Binder:2220_F expire 3 lines
08-01 11:53:09.119  2220  3929 I chatty  : uid=1000(system) Binder:2220_C expire 3 lines
08-01 11:53:09.793 17519 17541 E AndroidRuntime: FATAL EXCEPTION: Thread-3
08-01 11:53:09.793 17519 17541 E AndroidRuntime: Process: com.antutu.ABenchMark, PID: 17519
08-01 11:53:09.793 17519 17541 E AndroidRuntime: java.lang.NullPointerException: Attempt to invoke virtual method 'void android.content.ContentValues.putAll(android.content.ContentValues)' on a null object reference
08-01 11:53:09.793 17519 17541 E AndroidRuntime: 	at daozi-b.ij0.b(DataParseHandler.java:1)
08-01 11:53:09.793 17519 17541 E AndroidRuntime: 	at daozi-b.zi0.G(InfocSDK.java:9)
08-01 11:53:09.793 17519 17541 E AndroidRuntime: 	at daozi-b.aj0.L(InfocUtil.java:6)
08-01 11:53:09.793 17519 17541 E AndroidRuntime: 	at daozi-b.aj0.K(InfocUtil.java:5)
08-01 11:53:09.793 17519 17541 E AndroidRuntime: 	at daozi-b.aj0.q(InfocUtil.java:6)
08-01 11:53:09.793 17519 17541 E AndroidRuntime: 	at com.antutu.benchmark.service.BenchmarkMainService$f.e(BenchmarkMainService.java:4)
08-01 11:53:09.793 17519 17541 E AndroidRuntime: 	at daozi-b.k80.run(Unknown Source:2)
08-01 11:53:09.793 17519 17541 E AndroidRuntime: 	at java.lang.Thread.run(Thread.java:919)
08-01 11:53:09.797  2220 17542 I chatty  : uid=1000 system_server expire 1 line
08-01 11:53:11.890  2220  4017 I chatty  : uid=1000(system) Binder:2220_10 expire 3 lines
08-01 11:53:11.942  2220  2352 I chatty  : uid=1000(system) batterystats-wo expire 11 lines
08-01 11:53:12.658  2220  2590 I chatty  : uid=1000(system) UEventObserver expire 8 lines
08-01 11:53:13.429  2220  3929 I chatty  : uid=1000(system) Binder:2220_C expire 8 lines
08-01 11:53:13.585  2220  4745 I chatty  : uid=1000(system) Binder:2220_20 expire 3 lines
08-01 11:53:13.664  2220  2336 I chatty  : uid=1000(system) android.anim expire 29 lines
08-01 11:53:13.671  2220  2345 I chatty  : uid=1000(system) ActivityManager expire 16 lines
08-01 11:53:14.083  2220  4733 I chatty  : uid=1000(system) Binder:2220_15 expire 7 lines
08-01 11:53:18.282  2220  4734 I chatty  : uid=1000(system) Binder:2220_16 expire 3 lines
08-01 11:53:18.303  2220  2776 I chatty  : uid=1000(system) Binder:2220_4 expire 4 lines
08-01 11:53:18.405  2220  2310 I chatty  : uid=1000(system) Binder:2220_2 expire 12 lines
08-01 11:53:18.793  2220  2633 I chatty  : uid=1000(system) ConnectivitySer expire 5 lines
08-01 11:53:22.820  2220  2344 I chatty  : uid=1000(system) ActivityManager expire 19 lines
08-01 11:53:22.856  2220  3972 I chatty  : uid=1000(system) Binder:2220_D expire 2 lines
08-01 11:53:22.884  2220  4017 I chatty  : uid=1000(system) Binder:2220_10 expire 2 lines
08-01 11:53:22.948  2220 18102 I chatty  : uid=1000 system_server expire 1 line
08-01 11:53:23.034  2220  2335 I chatty  : uid=1000(system) android.display expire 2 lines
08-01 11:53:23.037  2220  2220 I chatty  : uid=1000 system_server expire 9 lines
08-01 11:53:23.132  2220  3389 I chatty  : uid=1000(system) LazyTaskWriterT expire 1 line
08-01 11:53:23.269  2220  2384 I chatty  : uid=1000(system) PackageManager expire 2 lines
08-01 11:53:23.338  2220  3895 I chatty  : uid=1000(system) android.fg expire 1 line
08-01 11:53:23.422  2220  4744 I chatty  : uid=1000(system) Binder:2220_1F expire 1 line
08-01 11:53:23.651  2220  2332 I chatty  : uid=1000(system) android.fg expire 2 lines
08-01 11:53:23.881  2220  2343 I chatty  : uid=1000(system) android.bg expire 2 lines
08-01 11:53:23.963  2220  4743 I chatty  : uid=1000(system) Binder:2220_1E expire 1 line
08-01 11:53:24.032  2220  3334 I chatty  : uid=1000(system) Binder:2220_8 expire 1 line
08-01 11:53:24.113  2220  2777 I chatty  : uid=1000(system) Binder:2220_5 expire 3 lines
08-01 11:53:24.545  2220  2585 I chatty  : uid=1000(system) Binder:2220_3 expire 3 lines
08-01 11:53:25.252  2220  4014 I chatty  : uid=1000(system) Binder:2220_F expire 3 lines
08-01 11:53:25.395  2220  3590 I chatty  : uid=1000(system) Binder:2220_B expire 2 lines
08-01 11:53:25.730  2220  2309 I chatty  : uid=1000(system) Binder:2220_1 expire 2 lines
08-01 11:53:26.889  2220  4741 I chatty  : uid=1000(system) Binder:2220_1D expire 3 lines
08-01 11:53:27.233  2220  4740 I chatty  : uid=1000(system) Binder:2220_1C expire 3 lines
08-01 11:53:29.936  2220  3588 I chatty  : uid=1000(system) Binder:2220_A expire 2 lines
08-01 11:53:33.543  2220  4738 I chatty  : uid=1000(system) Binder:2220_1A expire 1 line
08-01 11:53:34.696  2220  4739 I chatty  : uid=1000(system) Binder:2220_1B expire 1 line
08-01 11:53:36.943  2220  4018 I chatty  : uid=1000(system) Binder:2220_11 expire 1 line
08-01 11:53:37.629  2220  4735 I chatty  : uid=1000(system) Binder:2220_17 expire 3 lines
08-01 11:53:38.649  2220  3588 I chatty  : uid=1000(system) Binder:2220_A expire 4 lines
08-01 11:53:38.983  2220  4741 I chatty  : uid=1000(system) Binder:2220_1D expire 4 lines
08-01 11:53:39.764  2220  2777 I chatty  : uid=1000(system) Binder:2220_5 expire 1 line
08-01 11:53:39.786  2220  4020 I chatty  : uid=1000(system) Binder:2220_12 expire 3 lines
08-01 11:53:40.812  2220  2345 I chatty  : uid=1000(system) ActivityManager expire 24 lines
08-01 11:53:41.272  2220  2335 I chatty  : uid=1000(system) android.display expire 5 lines
08-01 11:53:59.958  2220  3590 I chatty  : uid=1000(system) Binder:2220_B expire 2 lines
08-01 11:54:19.774  2220  2373 I chatty  : uid=1000(system) PowerManagerSer expire 2 lines
08-01 11:54:33.720  2220  2590 I chatty  : uid=1000(system) UEventObserver expire 1 line
08-01 11:54:33.843  2220  4734 I chatty  : uid=1000(system) Binder:2220_16 expire 2 lines
08-01 11:54:33.867  2220  4081 I chatty  : uid=1000(system) Binder:2220_13 expire 4 lines
08-01 11:54:41.093  2220  2633 I chatty  : uid=1000(system) ConnectivitySer expire 3 lines
08-01 11:54:41.131  2220  2352 I chatty  : uid=1000(system) batterystats-wo expire 13 lines
08-01 11:54:42.878  2678  2678 V DeadZone: consuming errant click: (816.2442,68.033936)
08-01 11:54:42.878  2678  2678 V DeadZone: consuming errant click: (816.2442,68.033936)
08-01 11:54:43.710  2220  4014 I chatty  : uid=1000(system) Binder:2220_F expire 2 lines
08-01 11:54:43.763  2220  2336 I chatty  : uid=1000(system) android.anim expire 10 lines
08-01 11:54:43.965  2220  2626 I chatty  : uid=1000(system) ClientModeImpl expire 1 line
08-01 11:54:44.068  2220  4745 I chatty  : uid=1000(system) Binder:2220_20 expire 1 line
08-01 11:54:44.570  2220  4017 I chatty  : uid=1000(system) Binder:2220_10 expire 1 line
08-01 11:54:44.572  2220  4012 I chatty  : uid=1000(system) Binder:2220_E expire 1 line
08-01 11:54:48.670  2220  2809 I chatty  : uid=1000(system) Binder:2220_6 expire 2 lines
08-01 11:54:58.978  2220  2776 I chatty  : uid=1000(system) Binder:2220_4 expire 2 lines
08-01 11:54:59.261  2220  2384 I chatty  : uid=1000(system) PackageManager expire 50 lines
08-01 11:54:59.361  2220  2344 I chatty  : uid=1000(system) ActivityManager expire 14 lines
08-01 11:54:59.634  2220  4737 I chatty  : uid=1000(system) Binder:2220_19 expire 2 lines
08-01 11:54:59.719  2220  2220 I chatty  : uid=1000 system_server expire 5 lines
08-01 11:54:59.725  2220  3895 I chatty  : uid=1000(system) android.fg expire 1 line
08-01 11:55:00.331  2220  2343 I chatty  : uid=1000(system) android.bg expire 2 lines
08-01 11:55:00.347  2220  2384 I chatty  : uid=1000(system) PackageManager expire 149 lines
08-01 11:55:00.483  2220  2601 I chatty  : uid=1000(system) AccountManagerS expire 1 line
08-01 11:55:00.484  2220  2220 I chatty  : uid=1000 system_server expire 5 lines
08-01 11:55:00.508  2220  3895 I chatty  : uid=1000(system) android.fg expire 1 line
08-01 11:55:00.773  2220  2332 I chatty  : uid=1000(system) android.fg expire 4 lines
08-01 11:55:01.207  2220  2384 I chatty  : uid=1000(system) PackageManager expire 1 line
08-01 11:55:01.228  2220  2601 I chatty  : uid=1000(system) AccountManagerS expire 1 line
08-01 11:55:01.230  2220  2220 I chatty  : uid=1000 system_server expire 23 lines
08-01 11:55:01.244  2220  3895 I chatty  : uid=1000(system) android.fg expire 1 line
08-01 11:55:01.945  2220  2343 I chatty  : uid=1000(system) android.bg expire 1 line
08-01 11:55:02.244  2220  3334 I chatty  : uid=1000(system) Binder:2220_8 expire 1 line
08-01 11:55:02.246  2220  2344 I chatty  : uid=1000(system) ActivityManager expire 22 lines
08-01 11:55:02.265  2220  2345 I chatty  : uid=1000(system) ActivityManager expire 25 lines
08-01 11:55:02.295  2220  3477 I chatty  : uid=1000(system) Binder:2220_9 expire 2 lines
08-01 11:55:02.400  2220  2585 I chatty  : uid=1000(system) Binder:2220_3 expire 5 lines
08-01 11:55:02.425  2220  4741 I chatty  : uid=1000(system) Binder:2220_1D expire 5 lines
08-01 11:55:07.297  2220  4014 I chatty  : uid=1000(system) Binder:2220_F expire 6 lines
08-01 11:55:07.357  2220  4736 I chatty  : uid=1000(system) Binder:2220_18 expire 1 line
08-01 11:55:07.357  2220  2776 I chatty  : uid=1000(system) Binder:2220_4 expire 1 line
08-01 11:55:07.358  2220  2633 I chatty  : uid=1000(system) ConnectivitySer expire 2 lines
08-01 11:55:09.312  2220  4081 I chatty  : uid=1000(system) Binder:2220_13 expire 4 lines
08-01 11:55:09.417  2220  2336 I chatty  : uid=1000(system) android.anim expire 14 lines
08-01 11:55:09.455 19084 19084 E AndroidRuntime: FATAL EXCEPTION: main
08-01 11:55:09.455 19084 19084 E AndroidRuntime: Process: com.github.uiautomator, PID: 19084
08-01 11:55:09.455 19084 19084 E AndroidRuntime: java.lang.RuntimeException: Unable to start activity ComponentInfo{com.github.uiautomator/com.github.uiautomator.ToastActivity}: android.view.WindowManager$BadTokenException: Unable to add window android.view.ViewRootImpl$W@73a0775 -- permission denied for window type 2038
08-01 11:55:09.455 19084 19084 E AndroidRuntime: 	at android.app.ActivityThread.performLaunchActivity(ActivityThread.java:3477)
08-01 11:55:09.455 19084 19084 E AndroidRuntime: 	at android.app.ActivityThread.handleLaunchActivity(ActivityThread.java:3620)
08-01 11:55:09.455 19084 19084 E AndroidRuntime: 	at android.app.servertransaction.LaunchActivityItem.execute(LaunchActivityItem.java:83)
08-01 11:55:09.455 19084 19084 E AndroidRuntime: 	at android.app.servertransaction.TransactionExecutor.executeCallbacks(TransactionExecutor.java:135)
08-01 11:55:09.455 19084 19084 E AndroidRuntime: 	at android.app.servertransaction.TransactionExecutor.execute(TransactionExecutor.java:95)
08-01 11:55:09.455 19084 19084 E AndroidRuntime: 	at android.app.ActivityThread$H.handleMessage(ActivityThread.java:2183)
08-01 11:55:09.455 19084 19084 E AndroidRuntime: 	at android.os.Handler.dispatchMessage(Handler.java:107)
08-01 11:55:09.455 19084 19084 E AndroidRuntime: 	at android.os.Looper.loop(Looper.java:241)
08-01 11:55:09.455 19084 19084 E AndroidRuntime: 	at android.app.ActivityThread.main(ActivityThread.java:7617)
08-01 11:55:09.455 19084 19084 E AndroidRuntime: 	at java.lang.reflect.Method.invoke(Native Method)
08-01 11:55:09.455 19084 19084 E AndroidRuntime: 	at com.android.internal.os.RuntimeInit$MethodAndArgsCaller.run(RuntimeInit.java:492)
08-01 11:55:09.455 19084 19084 E AndroidRuntime: 	at com.android.internal.os.ZygoteInit.main(ZygoteInit.java:941)
08-01 11:55:09.455 19084 19084 E AndroidRuntime: Caused by: android.view.WindowManager$BadTokenException: Unable to add window android.view.ViewRootImpl$W@73a0775 -- permission denied for window type 2038
08-01 11:55:09.455 19084 19084 E AndroidRuntime: 	at android.view.ViewRootImpl.setView(ViewRootImpl.java:959)
08-01 11:55:09.455 19084 19084 E AndroidRuntime: 	at android.view.WindowManagerGlobal.addView(WindowManagerGlobal.java:387)
08-01 11:55:09.455 19084 19084 E AndroidRuntime: 	at android.view.WindowManagerImpl.addView(WindowManagerImpl.java:95)
08-01 11:55:09.455 19084 19084 E AndroidRuntime: 	at com.github.uiautomator.FloatView.show(FloatView.java:109)
08-01 11:55:09.455 19084 19084 E AndroidRuntime: 	at com.github.uiautomator.ToastActivity.onCreate(ToastActivity.java:30)
08-01 11:55:09.455 19084 19084 E AndroidRuntime: 	at android.app.Activity.performCreate(Activity.java:7810)
08-01 11:55:09.455 19084 19084 E AndroidRuntime: 	at android.app.Activity.performCreate(Activity.java:7799)
08-01 11:55:09.455 19084 19084 E AndroidRuntime: 	at android.app.Instrumentation.callActivityOnCreate(Instrumentation.java:1328)
08-01 11:55:09.455 19084 19084 E AndroidRuntime: 	at androidx.test.runner.MonitoringInstrumentation.callActivityOnCreate(MonitoringInstrumentation.java:711)
08-01 11:55:09.455 19084 19084 E AndroidRuntime: 	at android.app.ActivityThread.performLaunchActivity(ActivityThread.java:3452)
08-01 11:55:09.455 19084 19084 E AndroidRuntime: 	... 11 more
08-01 11:55:09.466  2220 19129 I chatty  : uid=1000 system_server expire 1 line
08-01 11:55:09.487  2220  2310 I chatty  : uid=1000(system) Binder:2220_2 expire 13 lines
08-01 11:55:18.086  2220  4733 I chatty  : uid=1000(system) Binder:2220_15 expire 8 lines
08-01 11:55:19.588  2220  2334 I chatty  : uid=1000(system) android.io expire 14 lines
08-01 11:55:19.774  2220  4012 I chatty  : uid=1000(system) Binder:2220_E expire 1 line
08-01 11:55:21.309  2220  2345 I chatty  : uid=1000(system) ActivityManager expire 12 lines
08-01 11:55:21.421  2220  2334 I chatty  : uid=1000(system) android.io expire 4 lines
08-01 11:55:21.468  2220  2220 I chatty  : uid=1000 system_server expire 9 lines
08-01 11:55:21.479  2220  3334 I chatty  : uid=1000(system) Binder:2220_8 expire 2 lines
08-01 11:55:21.524  2220  4737 I chatty  : uid=1000(system) Binder:2220_19 expire 3 lines
08-01 11:55:21.526  2220  2344 I chatty  : uid=1000(system) ActivityManager expire 3 lines
08-01 11:55:21.805  2220  4739 I chatty  : uid=1000(system) Binder:2220_1B expire 2 lines
08-01 11:55:21.807  2220  2585 I chatty  : uid=1000(system) Binder:2220_3 expire 3 lines
08-01 11:55:21.918  2220  4744 I chatty  : uid=1000(system) Binder:2220_1F expire 1 line
08-01 11:55:21.979  2220  4741 I chatty  : uid=1000(system) Binder:2220_1D expire 7 lines
08-01 11:55:22.027 19459 19557 D ActivityThread: Loading provider call_log_shadow: com.android.providers.contacts.ShadowCallLogProvider
08-01 11:55:22.069  2220  2626 I chatty  : uid=1000(system) ClientModeImpl expire 1 line
08-01 11:55:22.088 19459 19459 D ActivityThread: Loading provider contacts;com.android.contacts: com.android.providers.contacts.ContactsProvider2
08-01 11:55:22.240  2220  4733 I chatty  : uid=1000(system) Binder:2220_15 expire 2 lines
08-01 11:55:22.288  2220  2310 I chatty  : uid=1000(system) Binder:2220_2 expire 1 line
08-01 11:55:22.288  2220  2633 I chatty  : uid=1000(system) ConnectivitySer expire 6 lines
08-01 11:55:22.438  2220  2809 I chatty  : uid=1000(system) Binder:2220_6 expire 2 lines
08-01 11:55:23.370  2220  3972 I chatty  : uid=1000(system) Binder:2220_D expire 4 lines
08-01 11:55:23.632  2220  3895 I chatty  : uid=1000(system) android.fg expire 1 line
08-01 11:55:23.640  2220  4014 I chatty  : uid=1000(system) Binder:2220_F expire 1 line
08-01 11:55:23.764  2220  4081 I chatty  : uid=1000(system) Binder:2220_13 expire 1 line
08-01 11:55:23.828  2220  3588 I chatty  : uid=1000(system) Binder:2220_A expire 3 lines
08-01 11:55:24.945  2220  2776 I chatty  : uid=1000(system) Binder:2220_4 expire 11 lines
08-01 11:55:25.055  2220  2333 I chatty  : uid=1000(system) android.ui expire 1 line
08-01 11:55:25.069  2220  4745 I chatty  : uid=1000(system) Binder:2220_20 expire 6 lines
08-01 11:55:25.082  2220  2335 I chatty  : uid=1000(system) android.display expire 4 lines
08-01 11:55:25.097  2220  2336 I chatty  : uid=1000(system) android.anim expire 22 lines
08-01 11:55:25.573  2220  4738 I chatty  : uid=1000(system) Binder:2220_1A expire 2 lines
08-01 11:55:25.688  2220  4017 I chatty  : uid=1000(system) Binder:2220_10 expire 3 lines
08-01 11:55:25.688  2220  4020 I chatty  : uid=1000(system) Binder:2220_12 expire 8 lines
08-01 11:55:29.579  2220  4743 I chatty  : uid=1000(system) Binder:2220_1E expire 8 lines
08-01 11:55:33.395  2220  4740 I chatty  : uid=1000(system) Binder:2220_1C expire 3 lines
08-01 11:55:33.635  2220  2309 I chatty  : uid=1000(system) Binder:2220_1 expire 3 lines
08-01 11:55:34.088  2220  2590 I chatty  : uid=1000(system) UEventObserver expire 7 lines
08-01 11:55:34.105  2220  4018 I chatty  : uid=1000(system) Binder:2220_11 expire 2 lines
08-01 11:55:34.136  2220  2633 I chatty  : uid=1000(system) ConnectivitySer expire 8 lines
08-01 11:55:34.139  2220  4588 I chatty  : uid=1000(system) Binder:2220_14 expire 8 lines
08-01 11:55:34.173  2220  2335 I chatty  : uid=1000(system) android.display expire 8 lines
08-01 11:55:35.133 20224 20224 W ContextImpl: Calling a method in the system process without a qualified user: android.app.ContextImpl.sendBroadcast:1048 android.content.ContextWrapper.sendBroadcast:448 com.android.settings.bluetooth.DevicePickerFragment.sendDevicePickedIntent:197 com.android.settings.bluetooth.DevicePickerFragment.onDevicePreferenceClick:126 com.android.settings.bluetooth.DeviceListPreferenceFragment.onPreferenceTreeClick:157 
08-01 11:55:35.145  2220  2817 I chatty  : uid=1000(system) Binder:2220_7 expire 4 lines
08-01 11:55:35.203  2220  2336 I chatty  : uid=1000(system) android.anim expire 11 lines
08-01 11:55:35.616  2220  2809 I chatty  : uid=1000(system) Binder:2220_6 expire 8 lines
08-01 11:55:35.716  2220  2345 I chatty  : uid=1000(system) ActivityManager expire 18 lines
08-01 11:55:35.947  2220  3334 I chatty  : uid=1000(system) Binder:2220_8 expire 6 lines
08-01 11:55:36.529  2220  4737 I chatty  : uid=1000(system) Binder:2220_19 expire 3 lines
08-01 11:55:37.190  2220  4738 I chatty  : uid=1000(system) Binder:2220_1A expire 3 lines
08-01 11:55:39.362  2220  4745 I chatty  : uid=1000(system) Binder:2220_20 expire 1 line
08-01 11:55:42.682  2220  3588 I chatty  : uid=1000(system) Binder:2220_A expire 3 lines
08-01 11:55:43.512  2220  2343 I chatty  : uid=1000(system) android.bg expire 1 line
08-01 11:55:48.167  2220  2220 I chatty  : uid=1000 system_server expire 3 lines
08-01 11:55:55.707  2220  4739 I chatty  : uid=1000(system) Binder:2220_1B expire 1 line
08-01 11:55:55.731  2220  4735 I chatty  : uid=1000(system) Binder:2220_17 expire 2 lines
08-01 11:56:01.726  2220  4020 I chatty  : uid=1000(system) Binder:2220_12 expire 3 lines
08-01 11:56:01.726  2220  2777 I chatty  : uid=1000(system) Binder:2220_5 expire 1 line
08-01 11:56:07.748  2220  4014 I chatty  : uid=1000(system) Binder:2220_F expire 6 lines
08-01 11:56:44.894  2220  4741 I chatty  : uid=1000(system) Binder:2220_1D expire 2 lines
08-01 11:56:46.063  2220  3590 I chatty  : uid=1000(system) Binder:2220_B expire 3 lines
08-01 11:57:38.633  2220  2373 I chatty  : uid=1000(system) PowerManagerSer expire 2 lines
08-01 11:57:51.948  2220  4012 I chatty  : uid=1000(system) Binder:2220_E expire 2 lines
08-01 11:57:54.664  2220  2626 I chatty  : uid=1000(system) ClientModeImpl expire 1 line
08-01 11:58:10.291 20796 20824 E AndroidRuntime: FATAL EXCEPTION: Thread-3
08-01 11:58:10.291 20796 20824 E AndroidRuntime: Process: com.antutu.ABenchMark, PID: 20796
08-01 11:58:10.291 20796 20824 E AndroidRuntime: java.lang.NullPointerException: Attempt to invoke virtual method 'void android.content.ContentValues.putAll(android.content.ContentValues)' on a null object reference
08-01 11:58:10.291 20796 20824 E AndroidRuntime: 	at daozi-b.ij0.b(DataParseHandler.java:1)
08-01 11:58:10.291 20796 20824 E AndroidRuntime: 	at daozi-b.zi0.G(InfocSDK.java:9)
08-01 11:58:10.291 20796 20824 E AndroidRuntime: 	at daozi-b.aj0.L(InfocUtil.java:6)
08-01 11:58:10.291 20796 20824 E AndroidRuntime: 	at daozi-b.aj0.K(InfocUtil.java:5)
08-01 11:58:10.291 20796 20824 E AndroidRuntime: 	at daozi-b.aj0.q(InfocUtil.java:6)
08-01 11:58:10.291 20796 20824 E AndroidRuntime: 	at com.antutu.benchmark.service.BenchmarkMainService$f.e(BenchmarkMainService.java:4)
08-01 11:58:10.291 20796 20824 E AndroidRuntime: 	at daozi-b.k80.run(Unknown Source:2)
08-01 11:58:10.291 20796 20824 E AndroidRuntime: 	at java.lang.Thread.run(Thread.java:919)
08-01 11:58:10.297  2220 20826 I chatty  : uid=1000 system_server expire 1 line
08-01 11:58:10.306  2220  2333 I chatty  : uid=1000(system) android.ui expire 7 lines
08-01 11:58:10.315  2220  2344 I chatty  : uid=1000(system) ActivityManager expire 5 lines
08-01 11:58:11.735 20837 20859 E AndroidRuntime: FATAL EXCEPTION: Thread-3
08-01 11:58:11.735 20837 20859 E AndroidRuntime: Process: com.antutu.ABenchMark, PID: 20837
08-01 11:58:11.735 20837 20859 E AndroidRuntime: java.lang.NullPointerException: Attempt to invoke virtual method 'void android.content.ContentValues.putAll(android.content.ContentValues)' on a null object reference
08-01 11:58:11.735 20837 20859 E AndroidRuntime: 	at daozi-b.ij0.b(DataParseHandler.java:1)
08-01 11:58:11.735 20837 20859 E AndroidRuntime: 	at daozi-b.zi0.G(InfocSDK.java:9)
08-01 11:58:11.735 20837 20859 E AndroidRuntime: 	at daozi-b.aj0.L(InfocUtil.java:6)
08-01 11:58:11.735 20837 20859 E AndroidRuntime: 	at daozi-b.aj0.K(InfocUtil.java:5)
08-01 11:58:11.735 20837 20859 E AndroidRuntime: 	at daozi-b.aj0.q(InfocUtil.java:6)
08-01 11:58:11.735 20837 20859 E AndroidRuntime: 	at com.antutu.benchmark.service.BenchmarkMainService$f.e(BenchmarkMainService.java:4)
08-01 11:58:11.735 20837 20859 E AndroidRuntime: 	at daozi-b.k80.run(Unknown Source:2)
08-01 11:58:11.735 20837 20859 E AndroidRuntime: 	at java.lang.Thread.run(Thread.java:919)
08-01 11:58:11.761  2220 20860 I chatty  : uid=1000 system_server expire 1 line
08-01 11:58:18.867  2220  4740 I chatty  : uid=1000(system) Binder:2220_1C expire 1 line
08-01 11:58:40.760  2220  2776 I chatty  : uid=1000(system) Binder:2220_4 expire 1 line
08-01 11:58:41.809  2220  4733 I chatty  : uid=1000(system) Binder:2220_15 expire 1 line
08-01 11:59:07.724  2220  4736 I chatty  : uid=1000(system) Binder:2220_18 expire 2 lines
08-01 11:59:25.705 10950 11381 W SystemConfig: No directory /oem/etc/sysconfig, skipping
08-01 11:59:25.705 10950 11381 W SystemConfig: No directory /oem/etc/permissions, skipping
08-01 11:59:25.851 10950 11381 W SystemConfig: No directory /oem/etc/motorola/bgintents, skipping
08-01 11:59:25.855 10950 11381 W SystemConfig: No directory /product_services/etc/sysconfig, skipping
08-01 11:59:25.855 10950 11381 W SystemConfig: No directory /product_services/etc/permissions, skipping
08-01 11:59:25.855 10950 11381 W SystemConfig: No directory /system/etc/motorola/sysconfig, skipping
08-01 11:59:25.855 10950 11381 W SystemConfig: No directory /oem/etc/motorola/sysconfig, skipping
08-01 11:59:25.856 10950 11381 W SystemConfig: No directory /product/etc/motorola/sysconfig, skipping
08-01 11:59:57.634  2220  2345 I chatty  : uid=1000(system) ActivityManager expire 1 line
08-01 11:59:57.815 21084 21084 D ActivityThread: Loading provider contacts;com.android.contacts: com.android.providers.contacts.ContactsProvider2
08-01 12:02:01.701  2220  3972 I chatty  : uid=1000(system) Binder:2220_D expire 3 lines
08-01 12:02:02.414  2220  2334 I chatty  : uid=1000(system) android.io expire 1 line
08-01 12:02:02.415  2220  2220 V SettingsProvider: Notifying for 0: content://settings/global/bluetooth_on
08-01 12:02:02.416  2220  2334 D BluetoothManagerService: Sending off request.
08-01 12:02:02.419  2220  2334 D BluetoothManagerService: MESSAGE_BLUETOOTH_STATE_CHANGE: ON > TURNING_OFF
08-01 12:02:02.419  2220  2334 D BluetoothManagerService: Sending BLE State Change: ON > TURNING_OFF
08-01 12:02:02.451  2220  2220 I TelecomService: BluetoothDeviceManager: Lost BluetoothHeadset service. Removing all tracked devices.: BMSL.oSD@AKM
08-01 12:02:02.464  2220  4081 W BluetoothManagerService: bindBluetoothProfileService:Trying to bind to profile: 1, while Bluetooth is disabled
08-01 12:02:02.550  2220  2220 W TelecomService: BluetoothPhoneService: onServiceDisconnected: setting mBluetoothHeadet to null
08-01 12:02:02.555  2220  2334 D BluetoothManagerService: MESSAGE_BLUETOOTH_STATE_CHANGE: TURNING_OFF > BLE_ON
08-01 12:02:02.556  2220  2334 D BluetoothManagerService: Intermediate off, back to LE only mode
08-01 12:02:02.556  2220  2334 D BluetoothManagerService: Sending BLE State Change: TURNING_OFF > BLE_ON
08-01 12:02:02.556 19239 19239 E ActivityThread: Service com.android.bluetooth.a2dp.A2dpService has leaked ServiceConnection android.media.browse.MediaBrowser$MediaServiceConnection@77c7dd2 that was originally bound here
08-01 12:02:02.556 19239 19239 E ActivityThread: android.app.ServiceConnectionLeaked: Service com.android.bluetooth.a2dp.A2dpService has leaked ServiceConnection android.media.browse.MediaBrowser$MediaServiceConnection@77c7dd2 that was originally bound here
08-01 12:02:02.556 19239 19239 E ActivityThread: 	at android.app.LoadedApk$ServiceDispatcher.<init>(LoadedApk.java:1814)
08-01 12:02:02.556 19239 19239 E ActivityThread: 	at android.app.LoadedApk.getServiceDispatcherCommon(LoadedApk.java:1686)
08-01 12:02:02.556 19239 19239 E ActivityThread: 	at android.app.LoadedApk.getServiceDispatcher(LoadedApk.java:1665)
08-01 12:02:02.556 19239 19239 E ActivityThread: 	at android.app.ContextImpl.bindServiceCommon(ContextImpl.java:1736)
08-01 12:02:02.556 19239 19239 E ActivityThread: 	at android.app.ContextImpl.bindService(ContextImpl.java:1665)
08-01 12:02:02.556 19239 19239 E ActivityThread: 	at android.content.ContextWrapper.bindService(ContextWrapper.java:705)
08-01 12:02:02.556 19239 19239 E ActivityThread: 	at android.media.browse.MediaBrowser$1.run(MediaBrowser.java:187)
08-01 12:02:02.556 19239 19239 E ActivityThread: 	at android.os.Handler.handleCallback(Handler.java:883)
08-01 12:02:02.556 19239 19239 E ActivityThread: 	at android.os.Handler.dispatchMessage(Handler.java:100)
08-01 12:02:02.556 19239 19239 E ActivityThread: 	at android.os.Looper.loop(Looper.java:241)
08-01 12:02:02.556 19239 19239 E ActivityThread: 	at android.os.HandlerThread.run(HandlerThread.java:67)
08-01 12:02:02.556  2220  2334 D BluetoothManagerService: Broadcasting onBluetoothStateChange(false) to 20 receivers.
08-01 12:02:02.558  2220  2220 I TelecomService: BluetoothDeviceManager: Lost BluetoothHeadset service. Removing all tracked devices.: BMSL.oSD@AKQ
08-01 12:02:02.560  2220  2334 D BluetoothManagerService: Calling sendBrEdrDownCallback callbacks
08-01 12:02:02.560  2220  2334 D BluetoothManagerService: isBleAppPresent() count: 0
08-01 12:02:02.564  2220  2334 D BluetoothManagerService: MESSAGE_BLUETOOTH_STATE_CHANGE: BLE_ON > BLE_TURNING_OFF
08-01 12:02:02.564  2220  2334 D BluetoothManagerService: Sending BLE State Change: BLE_ON > BLE_TURNING_OFF
08-01 12:02:02.572  2220  4737 W BluetoothManagerService: psc.isEmpty is true, removing psc entry for profile 1
08-01 12:02:02.938  2220  2334 D BluetoothManagerService: MESSAGE_BLUETOOTH_STATE_CHANGE: BLE_TURNING_OFF > OFF
08-01 12:02:02.938  2220  2334 D BluetoothManagerService: Bluetooth is complete send Service Down
08-01 12:02:02.938  2220  2334 D BluetoothManagerService: Broadcasting onBluetoothServiceDown() to 13 receivers.
08-01 12:02:02.940  2220  2334 D BluetoothManagerService: unbindAndFinish(): android.bluetooth.IBluetooth$Stub$Proxy@4fa551a mBinding = false mUnbinding = false
08-01 12:02:02.943  2220  2334 D BluetoothManagerService: Sending BLE State Change: BLE_TURNING_OFF > OFF
08-01 12:02:03.070  2220  2809 I ActivityManager: Process com.android.bluetooth (pid 19239) has died: fore SVC 
08-01 12:02:03.072  2220  2335 W ActivityManager: setHasOverlayUi called on unknown pid: 19239
08-01 12:02:04.097  2220  4014 V WindowManager: Changing focus from Window{cfadc13 u0 StatusBar} to Window{2b77e65 u0 com.motorola.launcher3/com.android.a1launcher.AndroidOneLauncher} displayId=0
08-01 12:02:04.113  2220  4740 I WindowManager:   SURFACE SIZE set 1080x86 on display:0: StatusBar
08-01 12:02:29.193  2220  2343 I UsageStatsService: User[0] Flushing usage stats to disk
08-01 12:02:29.366  2220  2343 E AppIdleHistory: Error writing app idle file for user 0
08-01 12:02:36.706  2220  2590 D BatteryService: uevent={POWER_SUPPLY_DP_DM=0, POWER_SUPPLY_VOLTAGE_QNOVO=-22, POWER_SUPPLY_VOLTAGE_NOW=4363514, POWER_SUPPLY_SW_JEITA_ENABLED=0, POWER_SUPPLY_HEALTH=Good, POWER_SUPPLY_TECHNOLOGY=Li-ion, POWER_SUPPLY_CHARGER_TEMP_MAX=812, POWER_SUPPLY_FCC_STEPPER_ENABLE=0, SEQNUM=4912, POWER_SUPPLY_INPUT_CURRENT_LIMITED=0, POWER_SUPPLY_STATUS=Full, POWER_SUPPLY_BATTERY_CHARGING_ENABLED=0, POWER_SUPPLY_CURRENT_MAX=3000000, POWER_SUPPLY_CAPACITY=100, DEVPATH=/devices/soc/800f000.qcom,spmi/spmi-0/spmi0-00/800f000.qcom,spmi:qcom,pm660@0:qcom,qpnp-smb2/power_supply/battery, POWER_SUPPLY_CHARGE_DONE=1, POWER_SUPPLY_CHARGE_TYPE=N/A, POWER_SUPPLY_CHARGER_TEMP=318, POWER_SUPPLY_CHARGE_RATE=Normal, POWER_SUPPLY_CURRENT_QNOVO=-22, POWER_SUPPLY_CURRENT_NOW=3417, POWER_SUPPLY_SYSTEM_TEMP_LEVEL=0, POWER_SUPPLY_PRESENT=1, POWER_SUPPLY_PARALLEL_DISABLE=0, SUBSYSTEM=power_supply, POWER_SUPPLY_SET_SHIP_MODE=0, POWER_SUPPLY_TEMP=290, ACTION=change, POWER_SUPPLY_RERUN_AICL=0, POWER_SUPPLY_AGE=100, POWER_SUPPLY_NAME=battery, POWER_SUPPLY_VOLTAGE_MAX=-22, POWER_SUPPLY_CONSTANT_CHARGE_CURRENT_MAX=3000000, POWER_SUPPLY_CHARGE_COUNTER=5011259, POWER_SUPPLY_STEP_CHARGING_ENABLED=0, POWER_SUPPLY_NUM_SYSTEM_TEMP_LEVELS=8, POWER_SUPPLY_DIE_HEALTH=Cool, POWER_SUPPLY_INPUT_SUSPEND=0}
08-01 12:02:50.044  2220  4020 I ActivityTaskManager: START u0 {act=android.intent.action.MAIN cat=[android.intent.category.LAUNCHER] flg=0x10000000 cmp=com.android.settings/.homepage.SettingsHomepageActivity} from uid 2000
08-01 12:02:50.068  2220  2809 V WindowManager: Changing focus from Window{2b77e65 u0 com.motorola.launcher3/com.android.a1launcher.AndroidOneLauncher} to null displayId=0
08-01 12:02:50.118  2220  2336 I WindowManager:   SURFACE show Surface(name=Splash Screen com.android.settings)/@0x8f3fd3e on display:0: Splash Screen com.android.settings
08-01 12:02:50.221  2220  2345 I ActivityManager: Start proc 21213:com.android.settings.intelligence/u0a129 for service {com.android.settings.intelligence/com.android.settings.intelligence.suggestions.SuggestionService}
08-01 12:02:50.233  2220  2352 E BatteryExternalStatsWorker: no controller energy info supplied for bluetooth
08-01 12:02:50.248  2220  2352 E KernelCpuUidUserSysTimeReader: Negative user/sys time delta for UID=10129
08-01 12:02:50.248  2220  2352 E KernelCpuUidUserSysTimeReader: Prev times: u=2044000 s=570000 Curr times: u=1797000 s=487000
08-01 12:02:50.265  2220  2352 D KernelCpuUidUserSysTimeReader: Removing uids 10210-10210
08-01 12:02:50.266  2220  2352 D KernelCpuUidUserSysTimeReader: Removing uids 10211-10211
08-01 12:02:50.266  2220  2352 D KernelCpuUidUserSysTimeReader: Removing uids 99002-99002
08-01 12:02:50.294  2220  2352 E BatteryExternalStatsWorker: no controller energy info supplied for bluetooth
08-01 12:02:50.334  2220  2345 I ActivityManager: Start proc 21237:com.google.android.permissioncontroller/u0a49 for service {com.google.android.permissioncontroller/com.android.packageinstaller.permission.service.PermissionControllerServiceImpl}
08-01 12:02:50.423  2220  4020 I WindowManager: Window drawn AppWindowToken{3a2bed2 token=Token{299b55d ActivityRecord{2cd9334 u0 com.motorola.launcher3/com.android.a1launcher.AndroidOneLauncher t2}}}
08-01 12:02:50.459  2220  2809 V WindowManager: Changing focus from null to Window{6573168 u0 com.android.settings/com.android.settings.homepage.SettingsHomepageActivity} displayId=0
08-01 12:02:50.509  2220  2352 E BatteryExternalStatsWorker: no controller energy info supplied for bluetooth
08-01 12:02:50.546  2220  2336 I LaunchCheckinHandler: Displayed com.android.settings/.homepage.SettingsHomepageActivity,wp,ca,480
08-01 12:02:50.546  2220  2336 I WindowManager: Window drawn AppWindowToken{48e7e63 token=Token{63f6492 ActivityRecord{e4e5a1d u0 com.android.settings/.homepage.SettingsHomepageActivity t50}}}
08-01 12:02:50.546  2220  2336 I WindowManager:   SURFACE show Surface(name=com.android.settings/com.android.settings.homepage.SettingsHomepageActivity)/@0x36dc498 on display:0: com.android.settings/com.android.settings.homepage.SettingsHomepageActivity
08-01 12:02:51.493  2220  3588 I ActivityTaskManager: START u0 {act=android.intent.action.MAIN cmp=com.android.settings/.SubSettings (has extras)} from uid 1000
08-01 12:02:51.504  2220  3588 V WindowManager: Changing focus from Window{6573168 u0 com.android.settings/com.android.settings.homepage.SettingsHomepageActivity} to null displayId=0
08-01 12:02:51.628  2220  2809 V WindowManager: Changing focus from null to Window{5f1c2f u0 com.android.settings/com.android.settings.SubSettings} displayId=0
08-01 12:02:51.681  2220  2336 I LaunchCheckinHandler: Displayed com.android.settings/.SubSettings,wp,ca,179
08-01 12:02:51.681  2220  2336 I WindowManager: Window drawn AppWindowToken{43b5ba token=Token{e6a16e5 ActivityRecord{d3e5dc u0 com.android.settings/.SubSettings t50}}}
08-01 12:02:51.683  2220  2336 I WindowManager:   SURFACE show Surface(name=com.android.settings/com.android.settings.SubSettings)/@0x814f2be on display:0: com.android.settings/com.android.settings.SubSettings
08-01 12:02:52.130  2220  4740 I WindowManager: Window drawn AppWindowToken{48e7e63 token=Token{63f6492 ActivityRecord{e4e5a1d u0 com.android.settings/.homepage.SettingsHomepageActivity t50}}}
08-01 12:02:52.241  2220  3588 I ActivityTaskManager: START u0 {act=android.intent.action.MAIN cmp=com.android.settings/.SubSettings (has extras)} from uid 1000
08-01 12:02:52.254  2220  4733 V WindowManager: Changing focus from Window{5f1c2f u0 com.android.settings/com.android.settings.SubSettings} to null displayId=0
08-01 12:02:52.290  2220  4733 E UserRestrictionsUtils: Unknown restriction queried by uid 1000 (com.motorola.android.fmradio et al): null
08-01 12:02:52.291  2220  4733 E UserRestrictionsUtils: Unknown restriction queried by uid 1000 (com.motorola.android.fmradio et al): null
08-01 12:02:52.324  2220  2345 I ActivityManager: Start proc 21289:com.motorola.coresettingsext/u0a61 for content provider {com.motorola.coresettingsext/com.motorola.coresettingsext.CoreSettingsDynamicPrefProvider}
08-01 12:02:52.455  2220  4740 W ActivityManager: Permission Denial: Accessing service com.google.android.music/.dial.DialMediaRouteProviderService from pid=3634, uid=10110 that is not exported from uid 10164
08-01 12:02:52.457  2220  2345 I ActivityManager: Start proc 21311:com.android.printspooler/u0a94 for service {com.android.printspooler/com.android.printspooler.model.PrintSpoolerService}
08-01 12:02:52.524  2220  3588 V WindowManager: Changing focus from null to Window{b108e18 u0 com.android.settings/com.android.settings.SubSettings} displayId=0
08-01 12:02:52.570  2220  2336 I LaunchCheckinHandler: Displayed com.android.settings/.SubSettings,wp,ca,319
08-01 12:02:52.571  2220  2336 I WindowManager: Window drawn AppWindowToken{3fa2304 token=Token{2302317 ActivityRecord{74a9b96 u0 com.android.settings/.SubSettings t50}}}
08-01 12:02:52.572  2220  2336 I WindowManager:   SURFACE show Surface(name=com.android.settings/com.android.settings.SubSettings)/@0xd8c73c4 on display:0: com.android.settings/com.android.settings.SubSettings
08-01 12:02:52.602  2220  4081 W ActivityManager: Permission Denial: Accessing service com.google.android.music/.dial.DialMediaRouteProviderService from pid=3634, uid=10110 that is not exported from uid 10164
08-01 12:02:52.983  2220  4081 I WindowManager: Window drawn AppWindowToken{43b5ba token=Token{e6a16e5 ActivityRecord{d3e5dc u0 com.android.settings/.SubSettings t50}}}
08-01 12:02:53.091  2220  2809 I ActivityTaskManager: START u0 {act=android.intent.action.MAIN cmp=com.android.settings/.SubSettings (has extras)} from uid 1000
08-01 12:02:53.102  2220  2809 V WindowManager: Changing focus from Window{b108e18 u0 com.android.settings/com.android.settings.SubSettings} to null displayId=0
08-01 12:02:53.172  2220  4081 V WindowManager: Changing focus from null to Window{650cef2 u0 com.android.settings/com.android.settings.SubSettings} displayId=0
08-01 12:02:53.224  2220  2336 I LaunchCheckinHandler: Displayed com.android.settings/.SubSettings,wp,ca,124
08-01 12:02:53.224  2220  2336 I WindowManager: Window drawn AppWindowToken{19ff4b7 token=Token{762fb6 ActivityRecord{76a8b51 u0 com.android.settings/.SubSettings t50}}}
08-01 12:02:53.225  2220  2336 I WindowManager:   SURFACE show Surface(name=com.android.settings/com.android.settings.SubSettings)/@0xe18e83e on display:0: com.android.settings/com.android.settings.SubSettings
08-01 12:02:53.666  2220  4740 I WindowManager: Window drawn AppWindowToken{3fa2304 token=Token{2302317 ActivityRecord{74a9b96 u0 com.android.settings/.SubSettings t50}}}
08-01 12:02:53.774  2220  4014 D BluetoothManagerService: enable(com.android.settings):  mBluetooth =null mBinding = false mState = OFF
08-01 12:02:53.775  2220  4014 D BluetoothManagerService: enable returning
08-01 12:02:53.775  2220  2334 D BluetoothManagerService: MESSAGE_ENABLE(0): mBluetooth = null
08-01 12:02:53.792  2220  2345 I ActivityManager: Start proc 21337:com.android.bluetooth/1002 for service {com.android.bluetooth/com.android.bluetooth.btservice.AdapterService}
08-01 12:02:53.862  2220  2809 V WindowManager: Changing focus from Window{650cef2 u0 com.android.settings/com.android.settings.SubSettings} to null displayId=0
08-01 12:02:53.897  2220  4740 W ActivityManager: Permission Denial: Accessing service com.google.android.music/.dial.DialMediaRouteProviderService from pid=3634, uid=10110 that is not exported from uid 10164
08-01 12:02:53.898  2220  2809 V WindowManager: Changing focus from null to Window{b108e18 u0 com.android.settings/com.android.settings.SubSettings} displayId=0
08-01 12:02:53.918  2220  2336 I WindowManager: Window drawn AppWindowToken{3fa2304 token=Token{2302317 ActivityRecord{74a9b96 u0 com.android.settings/.SubSettings t50}}}
08-01 12:02:53.920  2220  2220 D BluetoothManagerService: Bluetooth Adapter name changed to Motorola
08-01 12:02:53.920  2220  2220 D BluetoothManagerService: Stored Bluetooth name: Motorola
08-01 12:02:53.921  2220  2336 I WindowManager:   SURFACE show Surface(name=com.android.settings/com.android.settings.SubSettings)/@0x4a1ff14 on display:0: com.android.settings/com.android.settings.SubSettings
08-01 12:02:53.952  2220  2220 D BluetoothManagerService: BluetoothServiceConnection: com.android.bluetooth.btservice.AdapterService
08-01 12:02:53.952  2220  2334 D BluetoothManagerService: MESSAGE_BLUETOOTH_SERVICE_CONNECTED: 1
08-01 12:02:53.953  2220  2334 D BluetoothManagerService: Broadcasting onBluetoothServiceUp() to 13 receivers.
08-01 12:02:53.957  2220  2334 D BluetoothManagerService: MESSAGE_BLUETOOTH_STATE_CHANGE: OFF > BLE_TURNING_ON
08-01 12:02:53.957  2220  2334 D BluetoothManagerService: Sending BLE State Change: OFF > BLE_TURNING_ON
08-01 12:02:53.968  2220  4020 W ActivityManager: Permission Denial: Accessing service com.google.android.music/.dial.DialMediaRouteProviderService from pid=3634, uid=10110 that is not exported from uid 10164
08-01 12:02:54.331  2220  3588 I WindowManager: Window drawn AppWindowToken{19ff4b7 token=Token{762fb6 ActivityRecord{76a8b51 u0 com.android.settings/.SubSettings t50}}}
08-01 12:02:55.157  2220  2220 D BluetoothManagerService: Bluetooth Adapter address changed to 0C:CB:85:6F:31:A8
08-01 12:02:55.157  2220  2220 D BluetoothManagerService: Stored Bluetoothaddress: 0C:CB:85:6F:31:A8
08-01 12:02:55.158  2220  2220 D BluetoothManagerService: Bluetooth Adapter name changed to Motorola
08-01 12:02:55.158  2220  2220 D BluetoothManagerService: Stored Bluetooth name: Motorola
08-01 12:02:55.163  2220  2220 D BluetoothManagerService: Bluetooth Adapter address changed to 0C:CB:85:6F:31:A8
08-01 12:02:55.163  2220  2220 D BluetoothManagerService: Stored Bluetoothaddress: 0C:CB:85:6F:31:A8
08-01 12:02:55.165  2220  2334 D BluetoothManagerService: MESSAGE_BLUETOOTH_STATE_CHANGE: BLE_TURNING_ON > BLE_ON
08-01 12:02:55.165  2220  2334 D BluetoothManagerService: Bluetooth is in LE only mode
08-01 12:02:55.165  2220  2334 D BluetoothManagerService: Binding Bluetooth GATT service
08-01 12:02:55.166  2220  2334 D BluetoothManagerService: Sending BLE State Change: BLE_TURNING_ON > BLE_ON
08-01 12:02:55.167  2220  2220 D BluetoothManagerService: BluetoothServiceConnection: com.android.bluetooth.gatt.GattService
08-01 12:02:55.167  2220  2334 D BluetoothManagerService: MESSAGE_BLUETOOTH_SERVICE_CONNECTED: 2
08-01 12:02:55.167  2220  2334 D BluetoothManagerService: continueFromBleOnState()
08-01 12:02:55.168  2220  2334 D BluetoothManagerService: Persisting Bluetooth Setting: 1
08-01 12:02:55.168  2220  2334 D BluetoothManagerService: MESSAGE_BLUETOOTH_STATE_CHANGE: BLE_ON > TURNING_ON
08-01 12:02:55.168  2220  2334 D BluetoothManagerService: Sending BLE State Change: BLE_ON > TURNING_ON
08-01 12:02:55.169  2220  2220 V SettingsProvider: Notifying for 0: content://settings/global/bluetooth_on
08-01 12:02:55.257  2220  2345 I ActivityManager: Start proc 21402:com.google.android.youtube/u0a159 for service {com.google.android.youtube/com.google.android.apps.youtube.app.extensions.mediabrowser.impl.MainAppMediaBrowserService}
08-01 12:02:55.287  2220  2345 I ActivityManager: Start proc 21420:com.alphainventor.filemanager/u0a177 for service {com.alphainventor.filemanager/com.example.android.uamp.MusicService}
08-01 12:02:55.320  2220  2626 E NotificationService: Suppressing notification from package by user request.
08-01 12:02:55.322  2220  2345 W ActivityManager: Slow operation: 60ms so far, now at startProcess: returned from zygote!
08-01 12:02:55.322  2220  2345 W ActivityManager: Slow operation: 61ms so far, now at startProcess: done updating battery stats
08-01 12:02:55.322  2220  2345 W ActivityManager: Slow operation: 61ms so far, now at startProcess: building log message
08-01 12:02:55.323  2220  2345 I ActivityManager: Start proc 21438:com.google.android.apps.youtube.music/u0a194 for service {com.google.android.apps.youtube.music/com.google.android.apps.youtube.music.mediabrowser.MusicBrowserService}
08-01 12:02:55.323  2220  2345 W ActivityManager: Slow operation: 61ms so far, now at startProcess: starting to update pids map
08-01 12:02:55.323  2220  2345 W ActivityManager: Slow operation: 61ms so far, now at startProcess: done updating pids map
08-01 12:02:55.323  2220  2345 W ActivityManager: Slow operation: 54ms so far, now at startProcess: asking zygote to start proc
08-01 12:02:55.351  2220  2345 W ActivityManager: Slow operation: 82ms so far, now at startProcess: returned from zygote!
08-01 12:02:55.359  2220  2345 W ActivityManager: Slow operation: 90ms so far, now at startProcess: done updating battery stats
08-01 12:02:55.359  2220  2345 W ActivityManager: Slow operation: 90ms so far, now at startProcess: building log message
08-01 12:02:55.359  2220  2345 I ActivityManager: Start proc 21462:com.google.android.music:main/u0a164 for service {com.google.android.music/com.google.android.music.browse.MediaBrowserService}
08-01 12:02:55.359  2220  2345 W ActivityManager: Slow operation: 90ms so far, now at startProcess: starting to update pids map
08-01 12:02:55.359  2220  2345 W ActivityManager: Slow operation: 91ms so far, now at startProcess: done updating pids map
08-01 12:02:55.360  2220  2345 W ActivityManager: Slow operation: 89ms so far, now at startProcess: asking zygote to start proc
08-01 12:02:55.389  2220  2345 W ActivityManager: Slow operation: 118ms so far, now at startProcess: returned from zygote!
08-01 12:02:55.389  2220  2345 W ActivityManager: Slow operation: 118ms so far, now at startProcess: done updating battery stats
08-01 12:02:55.389  2220  2345 W ActivityManager: Slow operation: 118ms so far, now at startProcess: building log message
08-01 12:02:55.389  2220  2345 I ActivityManager: Start proc 21476:org.videolan.vlc/u0a191 for service {org.videolan.vlc/org.videolan.vlc.PlaybackService}
08-01 12:02:55.389  2220  2345 W ActivityManager: Slow operation: 118ms so far, now at startProcess: starting to update pids map
08-01 12:02:55.389  2220  2345 W ActivityManager: Slow operation: 119ms so far, now at startProcess: done updating pids map
08-01 12:02:55.458  2220  2334 D BluetoothManagerService: MESSAGE_BLUETOOTH_STATE_CHANGE: TURNING_ON > ON
08-01 12:02:55.458  2220  2334 D BluetoothManagerService: Broadcasting onBluetoothStateChange(true) to 20 receivers.
08-01 12:02:55.461  2220  4081 D BluetoothManagerService: Creating new ProfileServiceConnections object for profile: 1
08-01 12:02:55.484  2220  2334 D BluetoothManagerService: Sending BLE State Change: TURNING_ON > ON
08-01 12:02:55.487  2220  2344 W BroadcastQueue: Background execution not allowed: receiving Intent { act=android.bluetooth.device.action.UUID flg=0x10 (has extras) } to com.google.android.gms/.chimera.GmsIntentOperationService$PersistentTrustedReceiver
08-01 12:02:55.487  2220  2344 W BroadcastQueue: Background execution not allowed: receiving Intent { act=android.bluetooth.device.action.UUID flg=0x10 (has extras) } to com.google.android.googlequicksearchbox/com.google.android.apps.gsa.broadcastreceiver.external.ExternalCommonBroadcastReceiver
08-01 12:02:55.487  2220  2344 W BroadcastQueue: Background execution not allowed: receiving Intent { act=android.bluetooth.device.action.UUID flg=0x10 (has extras) } to com.google.android.projection.gearhead/com.google.android.apps.auto.carservice.gmscorecompat.CarBluetoothReceiver
