08-01 12:02:55.506  2220  2220 W TelecomService: BluetoothPhoneService: Calling get Profile proxy
08-01 12:02:55.508  2220  2220 W TelecomService: BluetoothPhoneService: Done Calling get Profile proxy
08-01 12:02:55.508  2220  2220 I TelecomService: BluetoothPhoneService: queryPhoneState: BPSI.qPS@AKU
08-01 12:02:55.526  2220  2809 W ActivityManager: Receiver with filter android.content.IntentFilter@5529d20 already registered for pid 20224, callerPackage is com.android.settings
08-01 12:02:55.568  2220  2220 I TelecomService: : - Got BluetoothHeadset: com.android.server.telecom.BluetoothHeadsetProxy@265b85a: BMSL.oSC@AKY
08-01 12:02:55.578  2220  2220 W TelecomService: BluetoothPhoneService: onServiceConnected: setting mBluetoothHeadset
08-01 12:02:55.578  2220  2220 I TelecomService: BluetoothPhoneService: updateHeadsetWithCallState numActive 0, numHeld 0, callState 6, ringing number [****], ringing type 128, ringing name null
08-01 12:02:55.608  2220  2220 W TelecomService: BluetoothPhoneService: onServiceConnected: setting mBluetoothHeadset
08-01 12:02:55.609  2220  2220 I TelecomService: BluetoothPhoneService: updateHeadsetWithCallState numActive 0, numHeld 0, callState 6, ringing number [****], ringing type 128, ringing name null
08-01 12:02:55.631  2220  4081 W ActivityManager: Receiver with filter android.content.IntentFilter@fb82bdc already registered for pid 2678, callerPackage is com.android.systemui
08-01 12:02:55.891  2220  4740 I WindowManager:   SURFACE SIZE set 1080x2246 on display:0: StatusBar
08-01 12:02:55.913  2220  4734 D ConnectivityService: requestNetwork for uid/pid:10194/21438 NetworkRequest [ TRACK_DEFAULT id=168, [ Capabilities: INTERNET&NOT_RESTRICTED&TRUSTED Uid: 10194] ]
08-01 12:02:56.027  2220  2309 D ConnectivityService: requestNetwork for uid/pid:10194/21438 NetworkRequest [ TRACK_DEFAULT id=169, [ Capabilities: INTERNET&NOT_RESTRICTED&TRUSTED Uid: 10194] ]
08-01 12:02:56.070  2220  4738 D ConnectivityService: requestNetwork for uid/pid:10159/21402 NetworkRequest [ TRACK_DEFAULT id=171, [ Capabilities: INTERNET&NOT_RESTRICTED&TRUSTED Uid: 10159] ]
08-01 12:02:56.332  2220  4733 I ActivityManager: Killing 20106:android:ui/1000 (adj 985): empty #17
08-01 12:02:56.371  2220  2335 W ActivityManager: setHasOverlayUi called on unknown pid: 20106
08-01 12:02:56.466  2220  4014 I ActivityManager: Killing 20353:com.google.android.gms:car/u0a110 (adj 985): empty #17
08-01 12:02:56.507  2220  4017 D ConnectivityService: requestNetwork for uid/pid:10159/21402 NetworkRequest [ TRACK_DEFAULT id=173, [ Capabilities: INTERNET&NOT_RESTRICTED&TRUSTED Uid: 10159] ]
08-01 12:02:56.577  2220  4017 D ConnectivityService: requestNetwork for uid/pid:10194/21438 NetworkRequest [ TRACK_DEFAULT id=174, [ Capabilities: INTERNET&NOT_RESTRICTED&TRUSTED Uid: 10194] ]
08-01 12:02:56.707  2220  4081 I ActivityManager: Killing 20270:com.google.android.projection.gearhead:shared/u0a101 (adj 985): empty #17
08-01 12:02:56.736  2220  4743 D ConnectivityService: ConnectivityService NetworkRequestInfo binderDied(NetworkRequest [ LISTEN id=161, [ Capabilities: INTERNET&NOT_RESTRICTED&TRUSTED&NOT_VPN Uid: 10101] ], android.os.BinderProxy@e19e2a1)
08-01 12:02:57.233  2220  3895 W LocationProviderProxy: Odd, no component found for service com.android.location.service.v3.NetworkLocationProvider
08-01 12:02:57.237  2220  4739 W ActivityManager: Permission Denial: Accessing service com.google.android.music/.dial.DialMediaRouteProviderService from pid=3634, uid=10110 that is not exported from uid 10164
08-01 12:02:57.304  2220  2220 I TelecomService: DefaultDialerCache: Refreshing default dialer for user 0: now com.google.android.dialer: DDC.oR@AKc
08-01 12:02:57.458  2220  4740 W ActivityManager: Permission Denial: Accessing service com.google.android.music/.dial.DialMediaRouteProviderService from pid=3634, uid=10110 that is not exported from uid 10164
08-01 12:03:01.746  2220  3972 I ActivityManager: Killing 20646:com.motorola.android.provisioning/u0a54 (adj 985): empty #17
08-01 12:03:02.037  2220  4744 I WindowManager:   SURFACE SIZE set 1080x86 on display:0: StatusBar
08-01 12:03:16.422  2220  4738 I ActivityManager: Force stopping com.android.settings appid=1000 user=0: clear data
08-01 12:03:16.423  2220  4738 I ActivityManager: Killing 20224:com.android.settings/1000 (adj 0): stop com.android.settings
08-01 12:03:16.425  2220  4738 W ActivityTaskManager: Force removing ActivityRecord{74a9b96 u0 com.android.settings/.SubSettings t50 f}: app died, no saved state
08-01 12:03:16.426  2220  4738 V WindowManager: Changing focus from Window{b108e18 u0 com.android.settings/com.android.settings.SubSettings} to null displayId=0
08-01 12:03:16.433  2220  4738 I WindowManager: Window drawn AppWindowToken{3fa2304 token=Token{2302317 ActivityRecord{74a9b96 u0 com.android.settings/.SubSettings t50}}}
08-01 12:03:16.434  2220  4738 W ActivityTaskManager: Force removing ActivityRecord{d3e5dc u0 com.android.settings/.SubSettings t50 f}: app died, no saved state
08-01 12:03:16.438  2220  4738 W ActivityTaskManager: Force removing ActivityRecord{e4e5a1d u0 com.android.settings/.homepage.SettingsHomepageActivity t50 f}: app died, no saved state
08-01 12:03:16.446  2220  4738 I ActivityTaskManager: moveHomeStack, setupComplete:true
08-01 12:03:16.470  2220  4738 I ActivityManager: Killing 20663:com.google.android.apps.messaging/u0a158 (adj 985): empty #17
08-01 12:03:16.474  2220  2344 I ActivityManager: Force stopping com.android.settings appid=1000 user=-1: clearApplicationUserData
08-01 12:03:16.482  2220  4738 I ConditionProviders: Disallowing condition provider com.android.settings
08-01 12:03:16.483  2220  4738 E JobScheduler: Can't cancel all jobs for system uid
08-01 12:03:16.483  2220  4738 E JobScheduler: android.util.Log$TerribleFailure: Can't cancel all jobs for system uid
08-01 12:03:16.483  2220  4738 E JobScheduler: 	at android.util.Log.wtf(Log.java:309)
08-01 12:03:16.483  2220  4738 E JobScheduler: 	at android.util.Slog.wtfStack(Slog.java:111)
08-01 12:03:16.483  2220  4738 E JobScheduler: 	at com.android.server.job.JobSchedulerService.cancelJobsForUid(JobSchedulerService.java:1152)
08-01 12:03:16.483  2220  4738 E JobScheduler: 	at com.android.server.job.JobSchedulerService$LocalService.cancelJobsForUid(JobSchedulerService.java:2511)
08-01 12:03:16.483  2220  4738 E JobScheduler: 	at com.android.server.am.ActivityManagerService.clearApplicationUserData(ActivityManagerService.java:4404)
08-01 12:03:16.483  2220  4738 E JobScheduler: 	at com.android.server.pm.PackageManagerShellCommand.runClear(PackageManagerShellCommand.java:1792)
08-01 12:03:16.483  2220  4738 E JobScheduler: 	at com.android.server.pm.PackageManagerShellCommand.onCommand(PackageManagerShellCommand.java:208)
08-01 12:03:16.483  2220  4738 E JobScheduler: 	at android.os.ShellCommand.exec(ShellCommand.java:104)
08-01 12:03:16.483  2220  4738 E JobScheduler: 	at com.android.server.pm.PackageManagerService.onShellCommand(PackageManagerService.java:22320)
08-01 12:03:16.483  2220  4738 E JobScheduler: 	at android.os.Binder.shellCommand(Binder.java:890)
08-01 12:03:16.483  2220  4738 E JobScheduler: 	at android.os.Binder.onTransact(Binder.java:774)
08-01 12:03:16.483  2220  4738 E JobScheduler: 	at android.content.pm.IPackageManager$Stub.onTransact(IPackageManager.java:4880)
08-01 12:03:16.483  2220  4738 E JobScheduler: 	at com.android.server.pm.PackageManagerService.onTransact(PackageManagerService.java:4223)
08-01 12:03:16.483  2220  4738 E JobScheduler: 	at android.os.Binder.execTransactInternal(Binder.java:1036)
08-01 12:03:16.483  2220  4738 E JobScheduler: 	at android.os.Binder.execTransact(Binder.java:1003)
08-01 12:03:16.516  2220  4744 V WindowManager: Changing focus from null to Window{2b77e65 u0 com.motorola.launcher3/com.android.a1launcher.AndroidOneLauncher} displayId=0
08-01 12:03:16.528  2220  4741 D ConnectivityService: ConnectivityService NetworkRequestInfo binderDied(NetworkRequest [ TRACK_DEFAULT id=162, [ Capabilities: INTERNET&NOT_RESTRICTED&TRUSTED Uid: 10158] ], android.os.BinderProxy@eb947c7)
08-01 12:03:16.528  2220  4020 D ConnectivityService: ConnectivityService NetworkRequestInfo binderDied(NetworkRequest [ TRACK_DEFAULT id=163, [ Capabilities: INTERNET&NOT_RESTRICTED&TRUSTED Uid: 10158] ], android.os.BinderProxy@3ac61f4)
08-01 12:03:16.529  2220  4018 D ConnectivityService: ConnectivityService NetworkRequestInfo binderDied(NetworkRequest [ LISTEN id=164, [ Capabilities: INTERNET&NOT_RESTRICTED&TRUSTED Uid: 10158] ], android.os.BinderProxy@cf63d1d)
08-01 12:03:16.529  2220  2633 D ConnectivityService: releasing NetworkRequest [ TRACK_DEFAULT id=163, [ Capabilities: INTERNET&NOT_RESTRICTED&TRUSTED Uid: 10158] ] (release request)
08-01 12:03:16.529  2220  2633 D ConnectivityService: releasing NetworkRequest [ TRACK_DEFAULT id=162, [ Capabilities: INTERNET&NOT_RESTRICTED&TRUSTED Uid: 10158] ] (release request)
08-01 12:03:16.545  2220  2336 I WindowManager:   SURFACE show Surface(name=com.android.systemui.ImageWallpaper)/@0xe08ac94 on display:0: com.android.systemui.ImageWallpaper
08-01 12:03:16.548  2220  2336 I WindowManager: Window drawn AppWindowToken{3a2bed2 token=Token{299b55d ActivityRecord{2cd9334 u0 com.motorola.launcher3/com.android.a1launcher.AndroidOneLauncher t2}}}
08-01 12:03:16.551  2220  2336 I WindowManager:   SURFACE show Surface(name=com.motorola.launcher3/com.android.a1launcher.AndroidOneLauncher)/@0xd27a960 on display:0: com.motorola.launcher3/com.android.a1launcher.AndroidOneLauncher
08-01 12:03:16.551  2220  2336 I WindowManager:   SURFACE show Surface(name=com.motorola.launcher3/com.android.a1launcher.AndroidOneLauncher)/@0xfbe8e19 on display:0: com.motorola.launcher3/com.android.a1launcher.AndroidOneLauncher
08-01 12:03:16.575  2220  2335 W ActivityManager: setHasOverlayUi called on unknown pid: 20224
08-01 12:03:16.603  2220  2345 I ActivityManager: Start proc 21899:com.android.chrome/u0a156 for broadcast {com.android.chrome/org.chromium.chrome.browser.browserservices.ClientAppBroadcastReceiver}
08-01 12:03:16.675  2220  4081 I ActivityManager: Killing 20752:com.google.android.configupdater/u0a118 (adj 985): empty #17
08-01 12:03:16.685  2220  2345 I ActivityManager: Start proc 21925:com.antutu.ABenchMark/u0a183 for service {com.antutu.ABenchMark/com.antutu.benchmark.service.BenchmarkMainService}
08-01 12:03:16.787  2220  2776 I ActivityManager: Killing 20968:com.google.process.gapps/u0a110 (adj 985): empty #17
08-01 12:03:16.813  2220  2345 I ActivityManager: Start proc 21954:com.android.documentsui/u0a60 for broadcast {com.android.documentsui/com.android.documentsui.PackageReceiver}
08-01 12:03:16.947 21925 21976 E AndroidRuntime: FATAL EXCEPTION: Thread-3
08-01 12:03:16.947 21925 21976 E AndroidRuntime: Process: com.antutu.ABenchMark, PID: 21925
08-01 12:03:16.947 21925 21976 E AndroidRuntime: java.lang.NullPointerException: Attempt to invoke virtual method 'void android.content.ContentValues.putAll(android.content.ContentValues)' on a null object reference
08-01 12:03:16.947 21925 21976 E AndroidRuntime: 	at daozi-b.ij0.b(DataParseHandler.java:1)
08-01 12:03:16.947 21925 21976 E AndroidRuntime: 	at daozi-b.zi0.G(InfocSDK.java:9)
08-01 12:03:16.947 21925 21976 E AndroidRuntime: 	at daozi-b.aj0.L(InfocUtil.java:6)
08-01 12:03:16.947 21925 21976 E AndroidRuntime: 	at daozi-b.aj0.K(InfocUtil.java:5)
08-01 12:03:16.947 21925 21976 E AndroidRuntime: 	at daozi-b.aj0.q(InfocUtil.java:6)
08-01 12:03:16.947 21925 21976 E AndroidRuntime: 	at com.antutu.benchmark.service.BenchmarkMainService$f.e(BenchmarkMainService.java:4)
08-01 12:03:16.947 21925 21976 E AndroidRuntime: 	at daozi-b.k80.run(Unknown Source:2)
08-01 12:03:16.947 21925 21976 E AndroidRuntime: 	at java.lang.Thread.run(Thread.java:919)
08-01 12:03:16.951  2220 21981 I DropBoxManagerService: add tag=data_app_crash isTagEnabled=true flags=0x2
08-01 12:03:16.960  2220  2333 I ActivityManager: Showing crash dialog for package com.antutu.ABenchMark u0
08-01 12:03:16.993  2220  2333 V WindowManager: Changing focus from Window{2b77e65 u0 com.motorola.launcher3/com.android.a1launcher.AndroidOneLauncher} to Window{a535913 u0 Application Error: com.antutu.ABenchMark} displayId=0
08-01 12:03:17.051  2220  2776 I ActivityManager: Killing 21007:com.android.vending:background/u0a104 (adj 985): empty #17
08-01 12:03:17.072  2220  2345 I ActivityManager: Start proc 21993:com.google.android.apps.photos/u0a148 for broadcast {com.google.android.apps.photos/com.google.android.libraries.social.mediastoresync.reset.impl.MediaStoreClearedReceiver}
08-01 12:03:17.103  2220  2336 I WindowManager:   SURFACE show Surface(name=Application Error: com.antutu.ABenchMark)/@0x4dfef61 on display:0: Application Error: com.antutu.ABenchMark
08-01 12:03:17.105  2220  2776 D ConnectivityService: ConnectivityService NetworkRequestInfo binderDied(NetworkRequest [ TRACK_DEFAULT id=167, [ Capabilities: INTERNET&NOT_RESTRICTED&TRUSTED Uid: 10104] ], android.os.BinderProxy@f80a374)
08-01 12:03:17.105  2220  2633 D ConnectivityService: releasing NetworkRequest [ TRACK_DEFAULT id=167, [ Capabilities: INTERNET&NOT_RESTRICTED&TRUSTED Uid: 10104] ] (release request)
08-01 12:03:17.118  2220  3477 I ActivityManager: Process com.antutu.ABenchMark (pid 21925) has died: prcp FGS 
08-01 12:03:17.118  2220  3477 W ActivityManager: Scheduling restart of crashed service com.antutu.ABenchMark/com.antutu.benchmark.service.BenchmarkMainService in 1000ms
08-01 12:03:17.120  2220  4740 W ActivityManager: Ignoring remove of inactive process: ProcessRecord{95ae912 0:com.antutu.ABenchMark/u0a183}
08-01 12:03:17.129  2220  2333 V WindowManager: Changing focus from Window{a535913 u0 Application Error: com.antutu.ABenchMark EXITING} to Window{2b77e65 u0 com.motorola.launcher3/com.android.a1launcher.AndroidOneLauncher} displayId=0
08-01 12:03:17.229  2220  2776 I DropBoxManagerService: add tag=platform_stats_bookmark isTagEnabled=true flags=0x2
08-01 12:03:17.322  2220  4738 I ActivityManager: Killing 20900:com.android.vending/u0a104 (adj 985): empty #17
08-01 12:03:17.364  2220  4738 W BroadcastQueue: Background execution not allowed: receiving Intent { act=android.intent.action.DROPBOX_ENTRY_ADDED flg=0x10 (has extras) } to com.google.android.gms/.stats.service.DropBoxEntryAddedReceiver
08-01 12:03:17.365  2220  2344 W BroadcastQueue: Background execution not allowed: receiving Intent { act=android.intent.action.DROPBOX_ENTRY_ADDED flg=0x10 (has extras) } to com.google.android.gms/.chimera.GmsIntentOperationService$PersistentTrustedReceiver
08-01 12:03:17.366  2220  2344 W BroadcastQueue: Background execution not allowed: receiving Intent { act=android.intent.action.DROPBOX_ENTRY_ADDED flg=0x10 (has extras) } to com.google.android.gms/.stats.service.DropBoxEntryAddedReceiver
08-01 12:03:17.366  2220  2344 W BroadcastQueue: Background execution not allowed: receiving Intent { act=android.intent.action.DROPBOX_ENTRY_ADDED flg=0x10 (has extras) } to com.google.android.gms/.chimera.GmsIntentOperationService$PersistentTrustedReceiver
08-01 12:03:17.394  2220  3477 D ConnectivityService: ConnectivityService NetworkRequestInfo binderDied(NetworkRequest [ TRACK_DEFAULT id=165, [ Capabilities: INTERNET&NOT_RESTRICTED&TRUSTED Uid: 10104] ], android.os.BinderProxy@327c222)
08-01 12:03:17.394  2220  4744 D ConnectivityService: ConnectivityService NetworkRequestInfo binderDied(NetworkRequest [ LISTEN id=166, [ Capabilities: INTERNET&NOT_RESTRICTED&TRUSTED Uid: 10104] ], android.os.BinderProxy@d6034b3)
08-01 12:03:17.395  2220  2633 D ConnectivityService: releasing NetworkRequest [ TRACK_DEFAULT id=165, [ Capabilities: INTERNET&NOT_RESTRICTED&TRUSTED Uid: 10104] ] (release request)
08-01 12:03:18.167  2220  2345 I ActivityManager: Start proc 22039:com.antutu.ABenchMark/u0a183 for service {com.antutu.ABenchMark/com.antutu.benchmark.service.BenchmarkMainService}
08-01 12:03:18.416 22039 22060 E AndroidRuntime: FATAL EXCEPTION: Thread-3
08-01 12:03:18.416 22039 22060 E AndroidRuntime: Process: com.antutu.ABenchMark, PID: 22039
08-01 12:03:18.416 22039 22060 E AndroidRuntime: java.lang.NullPointerException: Attempt to invoke virtual method 'void android.content.ContentValues.putAll(android.content.ContentValues)' on a null object reference
08-01 12:03:18.416 22039 22060 E AndroidRuntime: 	at daozi-b.ij0.b(DataParseHandler.java:1)
08-01 12:03:18.416 22039 22060 E AndroidRuntime: 	at daozi-b.zi0.G(InfocSDK.java:9)
08-01 12:03:18.416 22039 22060 E AndroidRuntime: 	at daozi-b.aj0.L(InfocUtil.java:6)
08-01 12:03:18.416 22039 22060 E AndroidRuntime: 	at daozi-b.aj0.K(InfocUtil.java:5)
08-01 12:03:18.416 22039 22060 E AndroidRuntime: 	at daozi-b.aj0.q(InfocUtil.java:6)
08-01 12:03:18.416 22039 22060 E AndroidRuntime: 	at com.antutu.benchmark.service.BenchmarkMainService$f.e(BenchmarkMainService.java:4)
08-01 12:03:18.416 22039 22060 E AndroidRuntime: 	at daozi-b.k80.run(Unknown Source:2)
08-01 12:03:18.416 22039 22060 E AndroidRuntime: 	at java.lang.Thread.run(Thread.java:919)
08-01 12:03:18.421  2220 22062 I DropBoxManagerService: add tag=data_app_crash isTagEnabled=true flags=0x2
08-01 12:03:18.424  2220  2333 I ActivityManager: Showing crash dialog for package com.antutu.ABenchMark u0
08-01 12:03:18.446  2220  2344 W BroadcastQueue: Background execution not allowed: receiving Intent { act=android.intent.action.DROPBOX_ENTRY_ADDED flg=0x10 (has extras) } to com.google.android.gms/.stats.service.DropBoxEntryAddedReceiver
08-01 12:03:18.446  2220  2344 W BroadcastQueue: Background execution not allowed: receiving Intent { act=android.intent.action.DROPBOX_ENTRY_ADDED flg=0x10 (has extras) } to com.google.android.gms/.chimera.GmsIntentOperationService$PersistentTrustedReceiver
08-01 12:03:18.451  2220  2333 V WindowManager: Changing focus from Window{2b77e65 u0 com.motorola.launcher3/com.android.a1launcher.AndroidOneLauncher} to Window{420f8e7 u0 Application Error: com.antutu.ABenchMark} displayId=0
08-01 12:03:18.562  2220  2333 W Looper  : Slow dispatch took 106ms android.ui h=android.view.Choreographer$FrameHandler c=android.view.Choreographer$FrameDisplayEventReceiver@7ba7a45 m=0
08-01 12:03:18.566  2220  2336 I WindowManager:   SURFACE show Surface(name=Application Error: com.antutu.ABenchMark)/@0x6fd60e2 on display:0: Application Error: com.antutu.ABenchMark
08-01 12:03:18.577  2220  3590 I ActivityManager: Process com.antutu.ABenchMark (pid 22039) has died: prcp FGS 
08-01 12:03:18.579  2220  3590 W ActivityManager: Scheduling restart of crashed service com.antutu.ABenchMark/com.antutu.benchmark.service.BenchmarkMainService in 1800000ms
08-01 12:03:18.582  2220  2333 V WindowManager: Changing focus from Window{420f8e7 u0 Application Error: com.antutu.ABenchMark EXITING} to Window{2b77e65 u0 com.motorola.launcher3/com.android.a1launcher.AndroidOneLauncher} displayId=0
08-01 12:03:18.594  2220  4740 W ActivityManager: Ignoring remove of inactive process: ProcessRecord{ebe4c48 0:com.antutu.ABenchMark/u0a183}
08-01 12:03:19.117  2220  2776 I ActivityTaskManager: START u0 {act=android.intent.action.MAIN cat=[android.intent.category.LAUNCHER] flg=0x10200000 cmp=com.google.android.apps.nbu.files/.home.HomeActivity bnds=[839,420][1038,730]} from uid 10107
08-01 12:03:19.161  2220  2336 V WindowManager: Changing focus from Window{2b77e65 u0 com.motorola.launcher3/com.android.a1launcher.AndroidOneLauncher} to null displayId=0
08-01 12:03:19.163  2220  2345 I ActivityManager: Start proc 22071:com.google.android.apps.nbu.files/u0a136 for activity {com.google.android.apps.nbu.files/com.google.android.apps.nbu.files.home.HomeActivity}
08-01 12:03:19.196  2220  2336 I WindowManager:   SURFACE show Surface(name=Splash Screen com.google.android.apps.nbu.files)/@0x33f4d9a on display:0: Splash Screen com.google.android.apps.nbu.files
08-01 12:03:19.608  2220  2776 V WindowManager: Changing focus from null to Window{73bf74c u0 com.google.android.apps.nbu.files/com.google.android.apps.nbu.files.home.HomeActivity} displayId=0
08-01 12:03:19.687  2220  4736 I WindowManager: Window drawn AppWindowToken{3a2bed2 token=Token{299b55d ActivityRecord{2cd9334 u0 com.motorola.launcher3/com.android.a1launcher.AndroidOneLauncher t2}}}
08-01 12:03:19.709  2220  2336 I LaunchCheckinHandler: Displayed com.google.android.apps.nbu.files/.home.HomeActivity,cp,ca,568
08-01 12:03:19.709  2220  2336 I WindowManager: Window drawn AppWindowToken{bccc519 token=Token{a405c60 ActivityRecord{e083863 u0 com.google.android.apps.nbu.files/.home.HomeActivity t51}}}
08-01 12:03:19.710  2220  2336 I WindowManager:   SURFACE show Surface(name=com.google.android.apps.nbu.files/com.google.android.apps.nbu.files.home.HomeActivity)/@0x9bb9c05 on display:0: com.google.android.apps.nbu.files/com.google.android.apps.nbu.files.home.HomeActivity
08-01 12:03:20.679  2220  4733 I ActivityTaskManager: START u0 {cmp=com.google.android.apps.nbu.files/.documentbrowser.filebrowser.FileBrowserRegularActivity (has extras)} from uid 10136
08-01 12:03:20.693  2220  4733 V WindowManager: Changing focus from Window{73bf74c u0 com.google.android.apps.nbu.files/com.google.android.apps.nbu.files.home.HomeActivity} to null displayId=0
08-01 12:03:20.769  2220  2585 V WindowManager: Changing focus from null to Window{16a6099 u0 com.google.android.apps.nbu.files/com.google.android.apps.nbu.files.documentbrowser.filebrowser.FileBrowserRegularActivity} displayId=0
08-01 12:03:20.792  2220  2336 I LaunchCheckinHandler: Displayed com.google.android.apps.nbu.files/.documentbrowser.filebrowser.FileBrowserRegularActivity,wp,ca,102
08-01 12:03:20.792  2220  2336 I WindowManager: Window drawn AppWindowToken{fa94e47 token=Token{86db586 ActivityRecord{7384661 u0 com.google.android.apps.nbu.files/.documentbrowser.filebrowser.FileBrowserRegularActivity t51}}}
08-01 12:03:20.796  2220  2336 I WindowManager:   SURFACE show Surface(name=com.google.android.apps.nbu.files/com.google.android.apps.nbu.files.documentbrowser.filebrowser.FileBrowserRegularActivity)/@0x5bfe0f8 on display:0: com.google.android.apps.nbu.files/com.google.android.apps.nbu.files.documentbrowser.filebrowser.FileBrowserRegularActivity
08-01 12:03:21.232  2220  4736 I WindowManager: Window drawn AppWindowToken{bccc519 token=Token{a405c60 ActivityRecord{e083863 u0 com.google.android.apps.nbu.files/.home.HomeActivity t51}}}
08-01 12:03:21.749  2220  4736 I ActivityTaskManager: START u0 {cmp=com.google.android.apps.nbu.files/.documentbrowser.filepreview.FilePreviewActivity (has extras)} from uid 10136
08-01 12:03:21.761  2220  3590 V WindowManager: Changing focus from Window{16a6099 u0 com.google.android.apps.nbu.files/com.google.android.apps.nbu.files.documentbrowser.filebrowser.FileBrowserRegularActivity} to null displayId=0
08-01 12:03:21.817  2220  4740 V WindowManager: Changing focus from null to Window{75c446c u0 com.google.android.apps.nbu.files/com.google.android.apps.nbu.files.documentbrowser.filepreview.FilePreviewActivity} displayId=0
08-01 12:03:21.838  2220  2336 I LaunchCheckinHandler: Displayed com.google.android.apps.nbu.files/.documentbrowser.filepreview.FilePreviewActivity,wp,ca,79
08-01 12:03:21.838  2220  2336 I WindowManager: Window drawn AppWindowToken{5ea9372 token=Token{bf787d ActivityRecord{3f1eed4 u0 com.google.android.apps.nbu.files/.documentbrowser.filepreview.FilePreviewActivity t51}}}
08-01 12:03:21.841  2220  2336 I WindowManager:   SURFACE show Surface(name=com.google.android.apps.nbu.files/com.google.android.apps.nbu.files.documentbrowser.filepreview.FilePreviewActivity)/@0x6ee5d96 on display:0: com.google.android.apps.nbu.files/com.google.android.apps.nbu.files.documentbrowser.filepreview.FilePreviewActivity
08-01 12:03:22.248  2220  4736 I WindowManager: Window drawn AppWindowToken{fa94e47 token=Token{86db586 ActivityRecord{7384661 u0 com.google.android.apps.nbu.files/.documentbrowser.filebrowser.FileBrowserRegularActivity t51}}}
08-01 12:03:22.360  2220  4733 I ActivityTaskManager: START u0 {act=android.intent.action.CHOOSER flg=0x1 cmp=android/com.android.internal.app.ChooserActivity clip={image/png U:content://com.google.android.apps.nbu.files.provider/2/91} (has extras)} from uid 10136
08-01 12:03:22.387  2220  2345 I ActivityManager: Start proc 22168:android:ui/1000 for activity {android/com.android.internal.app.ChooserActivity}
08-01 12:03:22.415  2220  4740 V WindowManager: Changing focus from Window{75c446c u0 com.google.android.apps.nbu.files/com.google.android.apps.nbu.files.documentbrowser.filepreview.FilePreviewActivity} to null displayId=0
08-01 12:03:22.535  2220  2585 V WindowManager: Changing focus from null to Window{21df3cd u0 android/com.android.internal.app.ChooserActivity} displayId=0
08-01 12:03:22.715  2220  2336 I LaunchCheckinHandler: Displayed android/com.android.internal.app.ChooserActivity,wp,ca,346
08-01 12:03:22.715  2220  2336 I WindowManager: Window drawn AppWindowToken{f86f95d token=Token{dd56734 ActivityRecord{3fa1a07 u0 android/com.android.internal.app.ChooserActivity t51}}}
08-01 12:03:22.718  2220  2336 I WindowManager:   SURFACE show Surface(name=android/com.android.internal.app.ChooserActivity)/@0x7bf9cfc on display:0: android/com.android.internal.app.ChooserActivity
08-01 12:03:22.813  2220  2345 I ActivityManager: Start proc 22196:com.google.android.gms.ui/u0a110 for service {com.google.android.gms/com.google.android.gms.nearby.sharing.DirectShareService}
08-01 12:03:22.832  2220  2345 I ActivityManager: Start proc 22206:com.google.android.apps.docs:UploadToFolder/u0a166 for service {com.google.android.apps.docs/com.google.android.apps.docs.drive.directsharing.ChooserTargetService}
08-01 12:03:22.969  2220  2585 I ActivityManager: Killing 20313:com.google.android.projection.gearhead:car/u0a101 (adj 985): empty #17
08-01 12:03:23.829  2220  4735 I ActivityTaskManager: START u0 {flg=0x3000000 cmp=com.android.systemui/.chooser.ChooserActivity (has extras)} from uid 1000
08-01 12:03:23.864  2220  2345 I ActivityManager: Start proc 22259:com.android.systemui:ui/u0a131 for activity {com.android.systemui/com.android.systemui.chooser.ChooserActivity}
08-01 12:03:23.886  2220  4735 V WindowManager: Changing focus from Window{21df3cd u0 android/com.android.internal.app.ChooserActivity} to null displayId=0
08-01 12:03:23.943  2220  4733 I ActivityTaskManager: START u0 {act=android.intent.action.SEND typ=image/png flg=0xb080001 cmp=com.android.bluetooth/.opp.BluetoothOppLauncherActivity clip={image/png U:content://com.google.android.apps.nbu.files.provider/2/91} (has extras)} from uid 10136
08-01 12:03:24.017  2220  4735 I ActivityTaskManager: START u0 {act=android.bluetooth.devicepicker.action.LAUNCH flg=0x800000 cmp=com.android.settings/.bluetooth.DevicePickerActivity (has extras)} from uid 1002
08-01 12:03:24.031  2220  4012 V WindowManager: Changing focus from null to Window{a3b3466 u0 com.android.bluetooth/com.android.bluetooth.opp.BluetoothOppLauncherActivity} displayId=0
08-01 12:03:24.082  2220  4012 I WindowManager: Window drawn AppWindowToken{eab1090 token=Token{6395f53 ActivityRecord{8967342 u0 com.android.bluetooth/.opp.BluetoothOppLauncherActivity t51}}}
08-01 12:03:24.083  2220  4012 I WindowManager:   SURFACE show Surface(name=com.android.bluetooth/com.android.bluetooth.opp.BluetoothOppLauncherActivity)/@0x86cddc6 on display:0: com.android.bluetooth/com.android.bluetooth.opp.BluetoothOppLauncherActivity
08-01 12:03:24.108  2220  2345 I ActivityManager: Start proc 22286:com.android.settings/1000 for activity {com.android.settings/com.android.settings.bluetooth.DevicePickerActivity}
08-01 12:03:24.139  2220  4012 V WindowManager: Changing focus from Window{a3b3466 u0 com.android.bluetooth/com.android.bluetooth.opp.BluetoothOppLauncherActivity} to null displayId=0
08-01 12:03:24.154  2220  2336 I WindowManager:   SURFACE show Surface(name=Splash Screen com.android.settings)/@0xf194f9b on display:0: Splash Screen com.android.settings
08-01 12:03:24.181  2220  4735 I WindowManager: Window drawn AppWindowToken{eab1090 token=Token{6395f53 ActivityRecord{8967342 u0 com.android.bluetooth/.opp.BluetoothOppLauncherActivity t51}}}
08-01 12:03:24.387  2220  4735 V WindowManager: Changing focus from null to Window{cd4dadc u0 com.android.settings/com.android.settings.bluetooth.DevicePickerActivity} displayId=0
08-01 12:03:24.524  2220  2336 I LaunchCheckinHandler: Displayed com.android.settings/.bluetooth.DevicePickerActivity,cp,ca,448
08-01 12:03:24.524  2220  2336 I WindowManager: Window drawn AppWindowToken{3291bfd token=Token{835f054 ActivityRecord{21093a7 u0 com.android.settings/.bluetooth.DevicePickerActivity t51}}}
08-01 12:03:24.524  2220  2336 I WindowManager:   SURFACE show Surface(name=com.android.settings/com.android.settings.bluetooth.DevicePickerActivity)/@0x7a8756b on display:0: com.android.settings/com.android.settings.bluetooth.DevicePickerActivity
08-01 12:03:24.585  2220  4018 I WindowManager: Window drawn AppWindowToken{f86f95d token=Token{dd56734 ActivityRecord{3fa1a07 u0 android/com.android.internal.app.ChooserActivity t51}}}
08-01 12:03:24.591  2220  4740 I WindowManager: Window drawn AppWindowToken{5ea9372 token=Token{bf787d ActivityRecord{3f1eed4 u0 com.google.android.apps.nbu.files/.documentbrowser.filepreview.FilePreviewActivity t51}}}
08-01 12:03:24.602  2220  2335 I ActivityManager: Killing 21289:com.motorola.coresettingsext/u0a61 (adj 985): empty #17
08-01 12:03:24.602  2220  2335 I ActivityManager: Killing 21213:com.android.settings.intelligence/u0a129 (adj 985): empty #18
08-01 12:03:24.611  2220  2335 I ActivityManager: Killing 19323:com.bsbportal.music/u0a163 (adj 975): empty #17
08-01 12:03:24.665  2220  4735 D ConnectivityService: ConnectivityService NetworkRequestInfo binderDied(NetworkRequest [ TRACK_DEFAULT id=157, [ Capabilities: INTERNET&NOT_RESTRICTED&TRUSTED Uid: 10163] ], android.os.BinderProxy@3404e3f)
08-01 12:03:24.665  2220  3929 D ConnectivityService: ConnectivityService NetworkRequestInfo binderDied(NetworkRequest [ TRACK_DEFAULT id=149, [ Capabilities: INTERNET&NOT_RESTRICTED&TRUSTED Uid: 10163] ], android.os.BinderProxy@df2b30c)
08-01 12:03:24.665  2220  2777 D ConnectivityService: ConnectivityService NetworkRequestInfo binderDied(NetworkRequest [ TRACK_DEFAULT id=153, [ Capabilities: INTERNET&NOT_RESTRICTED&TRUSTED Uid: 10163] ], android.os.BinderProxy@a2c1455)
08-01 12:03:24.666  2220  2633 D ConnectivityService: releasing NetworkRequest [ TRACK_DEFAULT id=157, [ Capabilities: INTERNET&NOT_RESTRICTED&TRUSTED Uid: 10163] ] (release request)
08-01 12:03:24.666  2220  2633 D ConnectivityService: releasing NetworkRequest [ TRACK_DEFAULT id=153, [ Capabilities: INTERNET&NOT_RESTRICTED&TRUSTED Uid: 10163] ] (release request)
08-01 12:03:24.667  2220  2633 D ConnectivityService: releasing NetworkRequest [ TRACK_DEFAULT id=149, [ Capabilities: INTERNET&NOT_RESTRICTED&TRUSTED Uid: 10163] ] (release request)
08-01 12:03:26.431 22286 22286 W ContextImpl: Calling a method in the system process without a qualified user: android.app.ContextImpl.sendBroadcast:1048 android.content.ContextWrapper.sendBroadcast:448 com.android.settings.bluetooth.DevicePickerFragment.sendDevicePickedIntent:197 com.android.settings.bluetooth.DevicePickerFragment.onDevicePreferenceClick:126 com.android.settings.bluetooth.DeviceListPreferenceFragment.onPreferenceTreeClick:157 
08-01 12:03:26.439  2220  4012 V WindowManager: Changing focus from Window{cd4dadc u0 com.android.settings/com.android.settings.bluetooth.DevicePickerActivity} to null displayId=0
08-01 12:03:26.472  2220  4012 V WindowManager: Changing focus from null to Window{75c446c u0 com.google.android.apps.nbu.files/com.google.android.apps.nbu.files.documentbrowser.filepreview.FilePreviewActivity} displayId=0
08-01 12:03:26.493  2220  2336 I WindowManager: Window drawn AppWindowToken{5ea9372 token=Token{bf787d ActivityRecord{3f1eed4 u0 com.google.android.apps.nbu.files/.documentbrowser.filepreview.FilePreviewActivity t51}}}
08-01 12:03:26.495  2220  2336 I WindowManager:   SURFACE show Surface(name=com.google.android.apps.nbu.files/com.google.android.apps.nbu.files.documentbrowser.filepreview.FilePreviewActivity)/@0x43e6135 on display:0: com.google.android.apps.nbu.files/com.google.android.apps.nbu.files.documentbrowser.filepreview.FilePreviewActivity
08-01 12:03:26.514  2220  2336 I WindowManager:   SURFACE show Surface(name=Toast)/@0x59681ed on display:0: Toast
08-01 12:03:26.755  2220  2345 I ActivityManager: Start proc 22330:com.google.android.projection.gearhead:shared/u0a101 for broadcast {com.google.android.projection.gearhead/com.google.android.apps.auto.wireless.bluetooth.WifiBluetoothReceiver}
08-01 12:03:26.912  2220  2335 I ActivityManager: Killing 21084:android.process.acore/u0a53 (adj 985): empty #17
08-01 12:03:26.932  2220  3929 I WindowManager: Window drawn AppWindowToken{3291bfd token=Token{835f054 ActivityRecord{21093a7 u0 com.android.settings/.bluetooth.DevicePickerActivity t51}}}
08-01 12:03:26.965  2220  4018 I ActivityManager: Killing 21476:org.videolan.vlc/u0a191 (adj 985): empty #17
08-01 12:03:27.011  2220  2345 I ActivityManager: Start proc 22376:com.google.android.projection.gearhead:car/u0a101 for broadcast {com.google.android.projection.gearhead/com.google.android.apps.auto.carservice.gmscorecompat.CarBluetoothReceiver}
08-01 12:03:27.072  2220  3972 I ActivityManager: Killing 20480:com.motorola.dolby.dolbyui/u0a98 (adj 985): empty #17
08-01 12:03:27.386  2220  4017 I ActivityManager: Killing 21438:com.google.android.apps.youtube.music/u0a194 (adj 985): empty #17
08-01 12:03:27.422  2220  2345 I ActivityManager: Start proc 22409:com.google.android.gms:car/u0a110 for service {com.google.android.gms/com.google.android.gms.car.CarService}
08-01 12:03:27.446  2220  3972 D ConnectivityService: ConnectivityService NetworkRequestInfo binderDied(NetworkRequest [ TRACK_DEFAULT id=174, [ Capabilities: INTERNET&NOT_RESTRICTED&TRUSTED Uid: 10194] ], android.os.BinderProxy@8c8f924)
08-01 12:03:27.446  2220  4017 D ConnectivityService: ConnectivityService NetworkRequestInfo binderDied(NetworkRequest [ TRACK_DEFAULT id=168, [ Capabilities: INTERNET&NOT_RESTRICTED&TRUSTED Uid: 10194] ], android.os.BinderProxy@f533c8d)
08-01 12:03:27.446  2220  4733 D ConnectivityService: ConnectivityService NetworkRequestInfo binderDied(NetworkRequest [ TRACK_DEFAULT id=169, [ Capabilities: INTERNET&NOT_RESTRICTED&TRUSTED Uid: 10194] ], android.os.BinderProxy@4f1ee42)
08-01 12:03:27.446  2220  3972 D ConnectivityService: ConnectivityService NetworkRequestInfo binderDied(NetworkRequest [ LISTEN id=170, [ Capabilities: INTERNET&NOT_RESTRICTED&TRUSTED&FOREGROUND Uid: 10194] ], android.os.BinderProxy@aa6be53)
08-01 12:03:27.447  2220  2633 D ConnectivityService: releasing NetworkRequest [ TRACK_DEFAULT id=174, [ Capabilities: INTERNET&NOT_RESTRICTED&TRUSTED Uid: 10194] ] (release request)
08-01 12:03:27.448  2220  2633 D ConnectivityService: releasing NetworkRequest [ TRACK_DEFAULT id=168, [ Capabilities: INTERNET&NOT_RESTRICTED&TRUSTED Uid: 10194] ] (release request)
08-01 12:03:27.448  2220  2633 D ConnectivityService: releasing NetworkRequest [ TRACK_DEFAULT id=169, [ Capabilities: INTERNET&NOT_RESTRICTED&TRUSTED Uid: 10194] ] (release request)
08-01 12:03:27.752  2220  4014 I WindowManager:   SURFACE SIZE set 1080x2246 on display:0: StatusBar
08-01 12:03:27.883  2220  4733 W ActivityManager: Unable to start service Intent { act=local_action cmp=com.google.android.gms/.car.InCallService2 } U=0: not found
08-01 12:03:27.930  2220  4733 I ActivityManager: Killing 21402:com.google.android.youtube/u0a159 (adj 985): empty #17
08-01 12:03:27.987  2220  4014 D ConnectivityService: ConnectivityService NetworkRequestInfo binderDied(NetworkRequest [ TRACK_DEFAULT id=173, [ Capabilities: INTERNET&NOT_RESTRICTED&TRUSTED Uid: 10159] ], android.os.BinderProxy@164cf20)
08-01 12:03:27.988  2220  4014 D ConnectivityService: ConnectivityService NetworkRequestInfo binderDied(NetworkRequest [ TRACK_DEFAULT id=171, [ Capabilities: INTERNET&NOT_RESTRICTED&TRUSTED Uid: 10159] ], android.os.BinderProxy@1c820d9)
08-01 12:03:27.988  2220  4017 D ConnectivityService: ConnectivityService NetworkRequestInfo binderDied(NetworkRequest [ LISTEN id=172, [ Capabilities: INTERNET&NOT_RESTRICTED&TRUSTED&FOREGROUND Uid: 10159] ], android.os.BinderProxy@d0e4a9e)
08-01 12:03:27.988  2220  2633 D ConnectivityService: releasing NetworkRequest [ TRACK_DEFAULT id=173, [ Capabilities: INTERNET&NOT_RESTRICTED&TRUSTED Uid: 10159] ] (release request)
08-01 12:03:27.991  2220  2633 D ConnectivityService: releasing NetworkRequest [ TRACK_DEFAULT id=171, [ Capabilities: INTERNET&NOT_RESTRICTED&TRUSTED Uid: 10159] ] (release request)
08-01 12:03:28.471  2220  4014 W NotificationService: Toast already killed. pkg=com.android.bluetooth callback=android.app.ITransientNotification$Stub$Proxy@f2b117c
08-01 12:03:28.832  2220  2626 E NotificationService: Suppressing notification from package by user request.
08-01 12:03:29.032  2220  4733 I DropBoxManagerService: add tag=event_log isTagEnabled=true flags=0x2
08-01 12:03:29.041  2220  4012 I DropBoxManagerService: add tag=event_data isTagEnabled=true flags=0x2
08-01 12:03:29.041  2220  2344 W BroadcastQueue: Background execution not allowed: receiving Intent { act=android.intent.action.DROPBOX_ENTRY_ADDED flg=0x10 (has extras) } to com.google.android.gms/.stats.service.DropBoxEntryAddedReceiver
08-01 12:03:29.042  2220  2344 W BroadcastQueue: Background execution not allowed: receiving Intent { act=android.intent.action.DROPBOX_ENTRY_ADDED flg=0x10 (has extras) } to com.google.android.gms/.chimera.GmsIntentOperationService$PersistentTrustedReceiver
08-01 12:03:29.047  2220  2344 W BroadcastQueue: Background execution not allowed: receiving Intent { act=android.intent.action.DROPBOX_ENTRY_ADDED flg=0x10 (has extras) } to com.google.android.gms/.stats.service.DropBoxEntryAddedReceiver
08-01 12:03:29.047  2220  2344 W BroadcastQueue: Background execution not allowed: receiving Intent { act=android.intent.action.DROPBOX_ENTRY_ADDED flg=0x10 (has extras) } to com.google.android.gms/.chimera.GmsIntentOperationService$PersistentTrustedReceiver
08-01 12:03:29.097  2220  4739 I DropBoxManagerService: add tag=dumpsys:account isTagEnabled=true flags=0x2
08-01 12:03:29.104  2220  2344 W BroadcastQueue: Background execution not allowed: receiving Intent { act=android.intent.action.DROPBOX_ENTRY_ADDED flg=0x10 (has extras) } to com.google.android.gms/.stats.service.DropBoxEntryAddedReceiver
08-01 12:03:29.104  2220  2344 W BroadcastQueue: Background execution not allowed: receiving Intent { act=android.intent.action.DROPBOX_ENTRY_ADDED flg=0x10 (has extras) } to com.google.android.gms/.chimera.GmsIntentOperationService$PersistentTrustedReceiver
08-01 12:03:29.963  2220  2335 W WindowManager: Unable to start animation, surface is null or no children.
08-01 12:03:33.897  2220  4014 I WindowManager:   SURFACE SIZE set 1080x86 on display:0: StatusBar
08-01 12:03:37.077  2220  2590 D BatteryService: uevent={POWER_SUPPLY_DP_DM=0, POWER_SUPPLY_VOLTAGE_QNOVO=-22, POWER_SUPPLY_VOLTAGE_NOW=4363514, POWER_SUPPLY_SW_JEITA_ENABLED=0, POWER_SUPPLY_HEALTH=Good, POWER_SUPPLY_TECHNOLOGY=Li-ion, POWER_SUPPLY_CHARGER_TEMP_MAX=812, POWER_SUPPLY_FCC_STEPPER_ENABLE=0, SEQNUM=4913, POWER_SUPPLY_INPUT_CURRENT_LIMITED=0, POWER_SUPPLY_STATUS=Full, POWER_SUPPLY_BATTERY_CHARGING_ENABLED=0, POWER_SUPPLY_CURRENT_MAX=3000000, POWER_SUPPLY_CAPACITY=100, DEVPATH=/devices/soc/800f000.qcom,spmi/spmi-0/spmi0-00/800f000.qcom,spmi:qcom,pm660@0:qcom,qpnp-smb2/power_supply/battery, POWER_SUPPLY_CHARGE_DONE=1, POWER_SUPPLY_CHARGE_TYPE=N/A, POWER_SUPPLY_CHARGER_TEMP=332, POWER_SUPPLY_CHARGE_RATE=Normal, POWER_SUPPLY_CURRENT_QNOVO=-22, POWER_SUPPLY_CURRENT_NOW=976, POWER_SUPPLY_SYSTEM_TEMP_LEVEL=0, POWER_SUPPLY_PRESENT=1, POWER_SUPPLY_PARALLEL_DISABLE=0, SUBSYSTEM=power_supply, POWER_SUPPLY_SET_SHIP_MODE=0, POWER_SUPPLY_TEMP=290, ACTION=change, POWER_SUPPLY_RERUN_AICL=0, POWER_SUPPLY_AGE=100, POWER_SUPPLY_NAME=battery, POWER_SUPPLY_VOLTAGE_MAX=-22, POWER_SUPPLY_CONSTANT_CHARGE_CURRENT_MAX=3000000, POWER_SUPPLY_CHARGE_COUNTER=5010945, POWER_SUPPLY_STEP_CHARGING_ENABLED=0, POWER_SUPPLY_NUM_SYSTEM_TEMP_LEVELS=8, POWER_SUPPLY_DIE_HEALTH=Cool, POWER_SUPPLY_INPUT_SUSPEND=0}
08-01 12:03:39.471  2220  2220 W WindowManager: removeWindowToken: Attempted to remove non-existing token: android.os.Binder@ae3790d
08-01 12:03:56.237  2220  2344 I ActivityManager: Killing 21420:com.alphainventor.filemanager/u0a177 (adj 985): empty #17
08-01 12:03:56.324  2220  2336 I WindowManager:   SURFACE show Surface(name=Toast)/@0xea74325 on display:0: Toast
08-01 12:03:58.306  2220  2585 W NotificationService: Toast already killed. pkg=com.android.bluetooth callback=android.app.ITransientNotification$Stub$Proxy@747209e
08-01 12:03:59.793  2220  2335 W WindowManager: Unable to start animation, surface is null or no children.
08-01 12:04:09.305  2220  2220 W WindowManager: removeWindowToken: Attempted to remove non-existing token: android.os.Binder@98e5531
08-01 12:04:26.681  2220  2344 W ActivityManager: Stopping service due to app idle: u0a183 -1m10s17ms com.antutu.ABenchMark/com.antutu.benchmark.service.BenchmarkMainService
08-01 12:04:37.452  2220  2590 D BatteryService: uevent={POWER_SUPPLY_DP_DM=0, POWER_SUPPLY_VOLTAGE_QNOVO=-22, POWER_SUPPLY_VOLTAGE_NOW=4363270, POWER_SUPPLY_SW_JEITA_ENABLED=0, POWER_SUPPLY_HEALTH=Good, POWER_SUPPLY_TECHNOLOGY=Li-ion, POWER_SUPPLY_CHARGER_TEMP_MAX=812, POWER_SUPPLY_FCC_STEPPER_ENABLE=0, SEQNUM=4914, POWER_SUPPLY_INPUT_CURRENT_LIMITED=0, POWER_SUPPLY_STATUS=Full, POWER_SUPPLY_BATTERY_CHARGING_ENABLED=0, POWER_SUPPLY_CURRENT_MAX=3000000, POWER_SUPPLY_CAPACITY=100, DEVPATH=/devices/soc/800f000.qcom,spmi/spmi-0/spmi0-00/800f000.qcom,spmi:qcom,pm660@0:qcom,qpnp-smb2/power_supply/battery, POWER_SUPPLY_CHARGE_DONE=1, POWER_SUPPLY_CHARGE_TYPE=N/A, POWER_SUPPLY_CHARGER_TEMP=318, POWER_SUPPLY_CHARGE_RATE=Normal, POWER_SUPPLY_CURRENT_QNOVO=-22, POWER_SUPPLY_CURRENT_NOW=976, POWER_SUPPLY_SYSTEM_TEMP_LEVEL=0, POWER_SUPPLY_PRESENT=1, POWER_SUPPLY_PARALLEL_DISABLE=0, SUBSYSTEM=power_supply, POWER_SUPPLY_SET_SHIP_MODE=0, POWER_SUPPLY_TEMP=290, ACTION=change, POWER_SUPPLY_RERUN_AICL=0, POWER_SUPPLY_AGE=100, POWER_SUPPLY_NAME=battery, POWER_SUPPLY_VOLTAGE_MAX=-22, POWER_SUPPLY_CONSTANT_CHARGE_CURRENT_MAX=3000000, POWER_SUPPLY_CHARGE_COUNTER=5010899, POWER_SUPPLY_STEP_CHARGING_ENABLED=0, POWER_SUPPLY_NUM_SYSTEM_TEMP_LEVELS=8, POWER_SUPPLY_DIE_HEALTH=Cool, POWER_SUPPLY_INPUT_SUSPEND=0}
08-01 12:04:48.798  2220  2626 E NotificationService: Suppressing notification from package by user request.
08-01 12:04:51.821  2220  2373 V DisplayPowerController: Brightness [10] reason changing to: 'manual [ dim ]', previous reason: 'manual'.
08-01 12:05:37.771  2220  2590 D BatteryService: uevent={POWER_SUPPLY_DP_DM=0, POWER_SUPPLY_VOLTAGE_QNOVO=-22, POWER_SUPPLY_VOLTAGE_NOW=4363025, POWER_SUPPLY_SW_JEITA_ENABLED=0, POWER_SUPPLY_HEALTH=Good, POWER_SUPPLY_TECHNOLOGY=Li-ion, POWER_SUPPLY_CHARGER_TEMP_MAX=812, POWER_SUPPLY_FCC_STEPPER_ENABLE=0, SEQNUM=4915, POWER_SUPPLY_INPUT_CURRENT_LIMITED=0, POWER_SUPPLY_STATUS=Full, POWER_SUPPLY_BATTERY_CHARGING_ENABLED=0, POWER_SUPPLY_CURRENT_MAX=3000000, POWER_SUPPLY_CAPACITY=100, DEVPATH=/devices/soc/800f000.qcom,spmi/spmi-0/spmi0-00/800f000.qcom,spmi:qcom,pm660@0:qcom,qpnp-smb2/power_supply/battery, POWER_SUPPLY_CHARGE_DONE=1, POWER_SUPPLY_CHARGE_TYPE=N/A, POWER_SUPPLY_CHARGER_TEMP=323, POWER_SUPPLY_CHARGE_RATE=Normal, POWER_SUPPLY_CURRENT_QNOVO=-22, POWER_SUPPLY_CURRENT_NOW=3417, POWER_SUPPLY_SYSTEM_TEMP_LEVEL=0, POWER_SUPPLY_PRESENT=1, POWER_SUPPLY_PARALLEL_DISABLE=0, SUBSYSTEM=power_supply, POWER_SUPPLY_SET_SHIP_MODE=0, POWER_SUPPLY_TEMP=290, ACTION=change, POWER_SUPPLY_RERUN_AICL=0, POWER_SUPPLY_AGE=100, POWER_SUPPLY_NAME=battery, POWER_SUPPLY_VOLTAGE_MAX=-22, POWER_SUPPLY_CONSTANT_CHARGE_CURRENT_MAX=3000000, POWER_SUPPLY_CHARGE_COUNTER=5010844, POWER_SUPPLY_STEP_CHARGING_ENABLED=0, POWER_SUPPLY_NUM_SYSTEM_TEMP_LEVELS=8, POWER_SUPPLY_DIE_HEALTH=Cool, POWER_SUPPLY_INPUT_SUSPEND=0}
08-01 12:06:08.792  2220  2626 E NotificationService: Suppressing notification from package by user request.
08-01 12:06:38.198  2220  2590 D BatteryService: uevent={POWER_SUPPLY_DP_DM=0, POWER_SUPPLY_VOLTAGE_QNOVO=-22, POWER_SUPPLY_VOLTAGE_NOW=4363270, POWER_SUPPLY_SW_JEITA_ENABLED=0, POWER_SUPPLY_HEALTH=Good, POWER_SUPPLY_TECHNOLOGY=Li-ion, POWER_SUPPLY_CHARGER_TEMP_MAX=812, POWER_SUPPLY_FCC_STEPPER_ENABLE=0, SEQNUM=4916, POWER_SUPPLY_INPUT_CURRENT_LIMITED=0, POWER_SUPPLY_STATUS=Full, POWER_SUPPLY_BATTERY_CHARGING_ENABLED=0, POWER_SUPPLY_CURRENT_MAX=3000000, POWER_SUPPLY_CAPACITY=100, DEVPATH=/devices/soc/800f000.qcom,spmi/spmi-0/spmi0-00/800f000.qcom,spmi:qcom,pm660@0:qcom,qpnp-smb2/power_supply/battery, POWER_SUPPLY_CHARGE_DONE=1, POWER_SUPPLY_CHARGE_TYPE=N/A, POWER_SUPPLY_CHARGER_TEMP=318, POWER_SUPPLY_CHARGE_RATE=Normal, POWER_SUPPLY_CURRENT_QNOVO=-22, POWER_SUPPLY_CURRENT_NOW=3417, POWER_SUPPLY_SYSTEM_TEMP_LEVEL=0, POWER_SUPPLY_PRESENT=1, POWER_SUPPLY_PARALLEL_DISABLE=0, SUBSYSTEM=power_supply, POWER_SUPPLY_SET_SHIP_MODE=0, POWER_SUPPLY_TEMP=290, ACTION=change, POWER_SUPPLY_RERUN_AICL=0, POWER_SUPPLY_AGE=100, POWER_SUPPLY_NAME=battery, POWER_SUPPLY_VOLTAGE_MAX=-22, POWER_SUPPLY_CONSTANT_CHARGE_CURRENT_MAX=3000000, POWER_SUPPLY_CHARGE_COUNTER=5010783, POWER_SUPPLY_STEP_CHARGING_ENABLED=0, POWER_SUPPLY_NUM_SYSTEM_TEMP_LEVELS=8, POWER_SUPPLY_DIE_HEALTH=Cool, POWER_SUPPLY_INPUT_SUSPEND=0}
08-01 12:07:38.573  2220  2590 D BatteryService: uevent={POWER_SUPPLY_DP_DM=0, POWER_SUPPLY_VOLTAGE_QNOVO=-22, POWER_SUPPLY_VOLTAGE_NOW=4363270, POWER_SUPPLY_SW_JEITA_ENABLED=0, POWER_SUPPLY_HEALTH=Good, POWER_SUPPLY_TECHNOLOGY=Li-ion, POWER_SUPPLY_CHARGER_TEMP_MAX=812, POWER_SUPPLY_FCC_STEPPER_ENABLE=0, SEQNUM=4917, POWER_SUPPLY_INPUT_CURRENT_LIMITED=0, POWER_SUPPLY_STATUS=Full, POWER_SUPPLY_BATTERY_CHARGING_ENABLED=0, POWER_SUPPLY_CURRENT_MAX=3000000, POWER_SUPPLY_CAPACITY=100, DEVPATH=/devices/soc/800f000.qcom,spmi/spmi-0/spmi0-00/800f000.qcom,spmi:qcom,pm660@0:qcom,qpnp-smb2/power_supply/battery, POWER_SUPPLY_CHARGE_DONE=1, POWER_SUPPLY_CHARGE_TYPE=N/A, POWER_SUPPLY_CHARGER_TEMP=318, POWER_SUPPLY_CHARGE_RATE=Normal, POWER_SUPPLY_CURRENT_QNOVO=-22, POWER_SUPPLY_CURRENT_NOW=3417, POWER_SUPPLY_SYSTEM_TEMP_LEVEL=0, POWER_SUPPLY_PRESENT=1, POWER_SUPPLY_PARALLEL_DISABLE=0, SUBSYSTEM=power_supply, POWER_SUPPLY_SET_SHIP_MODE=0, POWER_SUPPLY_TEMP=290, ACTION=change, POWER_SUPPLY_RERUN_AICL=0, POWER_SUPPLY_AGE=100, POWER_SUPPLY_NAME=battery, POWER_SUPPLY_VOLTAGE_MAX=-22, POWER_SUPPLY_CONSTANT_CHARGE_CURRENT_MAX=3000000, POWER_SUPPLY_CHARGE_COUNTER=5010722, POWER_SUPPLY_STEP_CHARGING_ENABLED=0, POWER_SUPPLY_NUM_SYSTEM_TEMP_LEVELS=8, POWER_SUPPLY_DIE_HEALTH=Cool, POWER_SUPPLY_INPUT_SUSPEND=0}
08-01 12:08:18.472  2220  2345 I ActivityManager: Start proc 22675:com.antutu.ABenchMark/u0a183 for service {com.antutu.ABenchMark/com.antutu.benchmark.service.BenchmarkMainService}
08-01 12:08:18.693 22675 22697 E AndroidRuntime: FATAL EXCEPTION: Thread-3
08-01 12:08:18.693 22675 22697 E AndroidRuntime: Process: com.antutu.ABenchMark, PID: 22675
08-01 12:08:18.693 22675 22697 E AndroidRuntime: java.lang.NullPointerException: Attempt to invoke virtual method 'void android.content.ContentValues.putAll(android.content.ContentValues)' on a null object reference
08-01 12:08:18.693 22675 22697 E AndroidRuntime: 	at daozi-b.ij0.b(DataParseHandler.java:1)
08-01 12:08:18.693 22675 22697 E AndroidRuntime: 	at daozi-b.zi0.G(InfocSDK.java:9)
08-01 12:08:18.693 22675 22697 E AndroidRuntime: 	at daozi-b.aj0.L(InfocUtil.java:6)
08-01 12:08:18.693 22675 22697 E AndroidRuntime: 	at daozi-b.aj0.K(InfocUtil.java:5)
08-01 12:08:18.693 22675 22697 E AndroidRuntime: 	at daozi-b.aj0.q(InfocUtil.java:6)
08-01 12:08:18.693 22675 22697 E AndroidRuntime: 	at com.antutu.benchmark.service.BenchmarkMainService$f.e(BenchmarkMainService.java:4)
08-01 12:08:18.693 22675 22697 E AndroidRuntime: 	at daozi-b.k80.run(Unknown Source:2)
08-01 12:08:18.693 22675 22697 E AndroidRuntime: 	at java.lang.Thread.run(Thread.java:919)
08-01 12:08:18.704  2220 22698 I DropBoxManagerService: add tag=data_app_crash isTagEnabled=true flags=0x2
08-01 12:08:18.706  2220  2333 I ActivityManager: Showing crash dialog for package com.antutu.ABenchMark u0
08-01 12:08:18.715  2220  2344 W BroadcastQueue: Background execution not allowed: receiving Intent { act=android.intent.action.DROPBOX_ENTRY_ADDED flg=0x10 (has extras) } to com.google.android.gms/.stats.service.DropBoxEntryAddedReceiver
08-01 12:08:18.716  2220  2344 W BroadcastQueue: Background execution not allowed: receiving Intent { act=android.intent.action.DROPBOX_ENTRY_ADDED flg=0x10 (has extras) } to com.google.android.gms/.chimera.GmsIntentOperationService$PersistentTrustedReceiver
08-01 12:08:18.754  2220  2333 V WindowManager: Changing focus from Window{75c446c u0 com.google.android.apps.nbu.files/com.google.android.apps.nbu.files.documentbrowser.filepreview.FilePreviewActivity} to Window{40f56f9 u0 Application Error: com.antutu.ABenchMark} displayId=0
08-01 12:08:18.840  2220  2585 I ActivityManager: Process com.antutu.ABenchMark (pid 22675) has died: prcp FGS 
08-01 12:08:18.842  2220  2585 W ActivityManager: Scheduling restart of crashed service com.antutu.ABenchMark/com.antutu.benchmark.service.BenchmarkMainService in 1000ms
08-01 12:08:18.846  2220  3929 W ActivityManager: Ignoring remove of inactive process: ProcessRecord{f6e3e1c 0:com.antutu.ABenchMark/u0a183}
