08-01 12:22:59.705  3237 12927 W ctxmgr  : 	at android.os.BinderProxy.transactNative(Native Method)
08-01 12:22:59.705  3237 12927 W ctxmgr  : 	at android.os.BinderProxy.transact(BinderProxy.java:510)
08-01 12:22:59.705  3237 12927 W ctxmgr  : 	at cms.b(:com.google.android.gms@203615039@20.36.15 (120408-333172415):2)
08-01 12:22:59.705  3237 12927 W ctxmgr  : 	at tuc.a(:com.google.android.gms@203615039@20.36.15 (120408-333172415):2)
08-01 12:22:59.705  3237 12927 W ctxmgr  : 	at dfa.a(:com.google.android.gms@203615039@20.36.15 (120408-333172415):3)
08-01 12:22:59.705  3237 12927 W ctxmgr  : 	at drb.b(:com.google.android.gms@203615039@20.36.15 (120408-333172415):2)
08-01 12:22:59.705  3237 12927 W ctxmgr  : 	at drb.a(:com.google.android.gms@203615039@20.36.15 (120408-333172415):14)
08-01 12:22:59.705  3237 12927 W ctxmgr  : 	at dqt.run(:com.google.android.gms@203615039@20.36.15 (120408-333172415):0)
08-01 12:22:59.705  3237 12927 W ctxmgr  : 	at dff.run(:com.google.android.gms@203615039@20.36.15 (120408-333172415):11)
08-01 12:22:59.705  3237 12927 W ctxmgr  : 	at dfh.handleMessage(:com.google.android.gms@203615039@20.36.15 (120408-333172415):4)
08-01 12:22:59.705  3237 12927 W ctxmgr  : 	at svj.run(:com.google.android.gms@203615039@20.36.15 (120408-333172415):2)
08-01 12:22:59.705  3237 12927 W ctxmgr  : 	at svu.b(:com.google.android.gms@203615039@20.36.15 (120408-333172415):12)
08-01 12:22:59.705  3237 12927 W ctxmgr  : 	at svu.run(:com.google.android.gms@203615039@20.36.15 (120408-333172415):7)
08-01 12:22:59.705  3237 12927 W ctxmgr  : 	at java.util.concurrent.ThreadPoolExecutor.runWorker(ThreadPoolExecutor.java:1167)
08-01 12:22:59.705  3237 12927 W ctxmgr  : 	at java.util.concurrent.ThreadPoolExecutor$Worker.run(ThreadPoolExecutor.java:641)
08-01 12:22:59.705  3237 12927 W ctxmgr  : 	at tbu.run(:com.google.android.gms@203615039@20.36.15 (120408-333172415):0)
08-01 12:22:59.705  3237 12927 W ctxmgr  : 	at java.lang.Thread.run(Thread.java:919)
08-01 12:23:09.588  2220  4588 W DevicePolicyManager: Package com.mobile.indiapp (uid=10193, pid=10950) cannot access Device IDs
08-01 12:23:09.589  2954  3833 W TelephonyPermissions: reportAccessDeniedToReadIdentifiers:com.mobile.indiapp:getSubscriberId:isPreinstalled=false:isPrivApp=false
08-01 12:23:09.599  2220  4588 W DevicePolicyManager: Package com.mobile.indiapp (uid=10193, pid=10950) cannot access Device IDs
08-01 12:23:09.600  2954  2990 W TelephonyPermissions: reportAccessDeniedToReadIdentifiers:com.mobile.indiapp:getDeviceId:isPreinstalled=false:isPrivApp=false
08-01 12:23:09.603 10950 11426 I chatty  : uid=10193(com.mobile.indiapp) WaHandlerThread expire 54 lines
08-01 12:23:09.613  1059 25829 E ResolverController: No valid NAT64 prefix (101, <unspecified>/0)
08-01 12:23:25.109  2887  4342 D QCNEJ/WlanStaInfoRelay: Received action: android.net.wifi.RSSI_CHANGED
08-01 12:23:25.109  2887  4342 I QCNEJ/NativeHalConnector: -> SND notifyWlanStaStatusChanged([WlanStaInfo]: wifiSwitchState = 1 rssi = -57 ssid = krishnagadu bssid = 42:e0:75:00:6e:59 dnsInfo = 2401:4900:33bb:a35c::d2;192.168.122.178;0.0.0.0;0.0.0.0; freqBand = _2GHz countryCode = in[RatInfo]: networkType = 1 subType = 101 networkState = CONNECTED netHdl = 437197393933 ipAddrV4 = 192.168.122.158 ipAddrV6 = 2401:4900:33bb:a35c:15bc:bae8:36b9:740 ifNameV4 = wlan0 ifNameV6 = wlan0 slotIdx = 0 isAndroidValidated = true) timeStamp = 2022-08-01 12:23:25.109
08-01 12:23:25.149  2954  2990 E PhoneInterfaceManager: [PhoneIntfMgr] getCarrierPrivilegeStatus: No UICC
08-01 12:23:25.152  4503  4764 I CarrierServices: [267] cno.onConnectivityChange: FiST: Wifi connectivity status true
08-01 12:23:25.172  4503  4952 I CarrierServices: [295] cvm.c: (PEv2-SM): DisabledState: event Connectivity event [null]
08-01 12:23:25.173  4503  4764 I CarrierServices: [267] cod.d: Connected state: [1], networkType: [WIFI]
08-01 12:23:25.176  2954  2990 E PhoneInterfaceManager: [PhoneIntfMgr] getCarrierPrivilegeStatus: No UICC
08-01 12:23:25.177  4503  5005 I CarrierServices: [297] day.d: RCS Configuration storage in Bugle is disabled by p/h flag, using ProvisioningEngineStateCacheUtil.getProvisioningConfigurationForGivenSim()
08-01 12:23:27.908  2220  2590 D BatteryService: uevent={POWER_SUPPLY_DP_DM=0, POWER_SUPPLY_VOLTAGE_QNOVO=-22, POWER_SUPPLY_VOLTAGE_NOW=4367176, POWER_SUPPLY_SW_JEITA_ENABLED=0, POWER_SUPPLY_HEALTH=Good, POWER_SUPPLY_TECHNOLOGY=Li-ion, POWER_SUPPLY_CHARGER_TEMP_MAX=812, POWER_SUPPLY_FCC_STEPPER_ENABLE=0, SEQNUM=5010, POWER_SUPPLY_INPUT_CURRENT_LIMITED=0, POWER_SUPPLY_STATUS=Full, POWER_SUPPLY_BATTERY_CHARGING_ENABLED=0, POWER_SUPPLY_CURRENT_MAX=3000000, POWER_SUPPLY_CAPACITY=100, DEVPATH=/devices/soc/800f000.qcom,spmi/spmi-0/spmi0-00/800f000.qcom,spmi:qcom,pm660@0:qcom,qpnp-smb2/power_supply/battery, POWER_SUPPLY_CHARGE_DONE=1, POWER_SUPPLY_CHARGE_TYPE=N/A, POWER_SUPPLY_CHARGER_TEMP=332, POWER_SUPPLY_CHARGE_RATE=Normal, POWER_SUPPLY_CURRENT_QNOVO=-22, POWER_SUPPLY_CURRENT_NOW=488, POWER_SUPPLY_SYSTEM_TEMP_LEVEL=0, POWER_SUPPLY_PRESENT=1, POWER_SUPPLY_PARALLEL_DISABLE=0, SUBSYSTEM=power_supply, POWER_SUPPLY_SET_SHIP_MODE=0, POWER_SUPPLY_TEMP=290, ACTION=change, POWER_SUPPLY_RERUN_AICL=0, POWER_SUPPLY_AGE=100, POWER_SUPPLY_NAME=battery, POWER_SUPPLY_VOLTAGE_MAX=-22, POWER_SUPPLY_CONSTANT_CHARGE_CURRENT_MAX=3000000, POWER_SUPPLY_CHARGE_COUNTER=5011460, POWER_SUPPLY_STEP_CHARGING_ENABLED=0, POWER_SUPPLY_NUM_SYSTEM_TEMP_LEVELS=8, POWER_SUPPLY_DIE_HEALTH=Cool, POWER_SUPPLY_INPUT_SUSPEND=0}
08-01 12:23:27.927  2954  2954 D QtiCarrierConfigHelper: WARNING, no carrier configs on phone Id: 0
08-01 12:23:27.927  4031  4031 D CmdCenter: - RowBuilder2: setUseWhiteRes useOrNot = true
08-01 12:23:27.931 19152 19152 D UIABatteryMonitor: notify battery changed. current level 100
08-01 12:23:28.253  2887  4342 D QCNEJ/WlanStaInfoRelay: Received action: android.net.wifi.RSSI_CHANGED
08-01 12:23:28.254  2887  4342 I QCNEJ/NativeHalConnector: -> SND notifyWlanStaStatusChanged([WlanStaInfo]: wifiSwitchState = 1 rssi = -46 ssid = krishnagadu bssid = 42:e0:75:00:6e:59 dnsInfo = 2401:4900:33bb:a35c::d2;192.168.122.178;0.0.0.0;0.0.0.0; freqBand = _2GHz countryCode = in[RatInfo]: networkType = 1 subType = 101 networkState = CONNECTED netHdl = 437197393933 ipAddrV4 = 192.168.122.158 ipAddrV6 = 2401:4900:33bb:a35c:15bc:bae8:36b9:740 ifNameV4 = wlan0 ifNameV6 = wlan0 slotIdx = 0 isAndroidValidated = true) timeStamp = 2022-08-01 12:23:28.253
08-01 12:23:28.265  2954  2990 E PhoneInterfaceManager: [PhoneIntfMgr] getCarrierPrivilegeStatus: No UICC
08-01 12:23:28.271  4503  4764 I CarrierServices: [267] cno.onConnectivityChange: FiST: Wifi connectivity status true
08-01 12:23:28.295  4503  4952 I CarrierServices: [295] cvm.c: (PEv2-SM): DisabledState: event Connectivity event [null]
08-01 12:23:28.295  4503  4764 I CarrierServices: [267] cod.d: Connected state: [1], networkType: [WIFI]
08-01 12:23:28.300  2954  2990 E PhoneInterfaceManager: [PhoneIntfMgr] getCarrierPrivilegeStatus: No UICC
08-01 12:23:28.301  4503  5005 I CarrierServices: [297] day.d: RCS Configuration storage in Bugle is disabled by p/h flag, using ProvisioningEngineStateCacheUtil.getProvisioningConfigurationForGivenSim()
08-01 12:23:29.653 10950 11426 I chatty  : uid=10193(com.mobile.indiapp) WaHandlerThread expire 42 lines
08-01 12:23:36.700  1107  1382 D SLPI-EPL259X: Starting Prox Cal, Current PDATA 165, PILT 436, PIHT 636
08-01 12:23:36.701  1107  1382 D SLPI-EPL259X: Prox Cal complete, New PDATA 165, POFFSET 300, PILT 465, PIHT 665
08-01 12:23:38.561  2954  2954 D QtiCarrierConfigHelper: WARNING, no carrier configs on phone Id: 0
08-01 12:23:38.567  4031  4031 D CmdCenter: - RowBuilder2: setUseWhiteRes useOrNot = true
08-01 12:23:38.569 19152 19152 D UIABatteryMonitor: notify battery changed. current level 100
08-01 12:23:39.751  2220  3929 W DevicePolicyManager: Package com.mobile.indiapp (uid=10193, pid=10950) cannot access Device IDs
08-01 12:23:39.752  2954  3833 W TelephonyPermissions: reportAccessDeniedToReadIdentifiers:com.mobile.indiapp:getSubscriberId:isPreinstalled=false:isPrivApp=false
08-01 12:23:39.761  2220  3929 W DevicePolicyManager: Package com.mobile.indiapp (uid=10193, pid=10950) cannot access Device IDs
08-01 12:23:39.762  2954  3833 W TelephonyPermissions: reportAccessDeniedToReadIdentifiers:com.mobile.indiapp:getDeviceId:isPreinstalled=false:isPrivApp=false
08-01 12:23:39.763 10950 11426 I chatty  : uid=10193(com.mobile.indiapp) WaHandlerThread expire 62 lines
08-01 12:23:39.770  1059 25844 E ResolverController: No valid NAT64 prefix (101, <unspecified>/0)
08-01 12:23:56.412  3634 25848 I ChromeSync: [Sync,SyncIntentOperation] Handling the intent: Intent { act=com.google.android.gms.chromesync.SCHEDULED_SYNC cat=[targeted_intent_op_prefix:.chromesync.sync.SyncIntentOperation] dat=content://com.google.android.gms.chromesync.sync.ChimeraSyncReceiverService/117008278765652503498 flg=0x4 cmp=com.google.android.gms/.chimera.GmsIntentOperationService (has extras) }.
08-01 12:23:56.434  1060  1060 D Zygote  : Forked child process 25851
08-01 12:23:56.436  2220  2345 I ActivityManager: Start proc 25851:com.antutu.ABenchMark/u0a183 for service {com.antutu.ABenchMark/com.antutu.benchmark.service.BenchmarkMainService}
08-01 12:23:56.459 25851 25851 E tutu.ABenchMar: Not starting debugger since process cannot load the jdwp agent.
08-01 12:23:56.508 25851 25851 I tutu.ABenchMar: The ClassLoaderContext is a special shared library.
08-01 12:23:56.556  3237  7867 W GetToken: [GetToken]GetToken failed with status code: BadAuthentication
08-01 12:23:56.570  3634 25866 W Auth    : [GoogleAuthUtil] GoogleAuthUtil
08-01 12:23:56.589  3634 25866 W ChromeSync: [Sync,SyncAdapter] Failed to sync.
08-01 12:23:56.589  3634 25866 W ChromeSync: qyq: Error in subscribing to topic.
08-01 12:23:56.589  3634 25866 W ChromeSync: 	at rdf.a(:com.google.android.gms@203615039@20.36.15 (120408-333172415):27)
08-01 12:23:56.589  3634 25866 W ChromeSync: 	at rdf.b(:com.google.android.gms@203615039@20.36.15 (120408-333172415):18)
08-01 12:23:56.589  3634 25866 W ChromeSync: 	at rcz.a(:com.google.android.gms@203615039@20.36.15 (120408-333172415):30)
08-01 12:23:56.589  3634 25866 W ChromeSync: 	at sun.onPerformSync(:com.google.android.gms@203615039@20.36.15 (120408-333172415):4)
08-01 12:23:56.589  3634 25866 W ChromeSync: 	at android.content.AbstractThreadedSyncAdapter$SyncThread.run(AbstractThreadedSyncAdapter.java:334)
08-01 12:23:56.589  3634 25866 W ChromeSync: Caused by: java.util.concurrent.ExecutionException: com.google.android.gms.auth.UserRecoverableAuthException: BadAuthentication
08-01 12:23:56.589  3634 25866 W ChromeSync: 	at btlj.a(:com.google.android.gms@203615039@20.36.15 (120408-333172415):19)
08-01 12:23:56.589  3634 25866 W ChromeSync: 	at btlj.get(:com.google.android.gms@203615039@20.36.15 (120408-333172415):2)
08-01 12:23:56.589  3634 25866 W ChromeSync: 	at rdf.a(:com.google.android.gms@203615039@20.36.15 (120408-333172415):26)
08-01 12:23:56.589  3634 25866 W ChromeSync: 	... 4 more
08-01 12:23:56.589  3634 25866 W ChromeSync: Caused by: com.google.android.gms.auth.UserRecoverableAuthException: BadAuthentication
08-01 12:23:56.589  3634 25866 W ChromeSync: 	at fzr.a(:com.google.android.gms@203615039@20.36.15 (120408-333172415):3)
08-01 12:23:56.589  3634 25866 W ChromeSync: 	at fzl.a(:com.google.android.gms@203615039@20.36.15 (120408-333172415):0)
08-01 12:23:56.589  3634 25866 W ChromeSync: 	at fzr.a(:com.google.android.gms@203615039@20.36.15 (120408-333172415):8)
08-01 12:23:56.589  3634 25866 W ChromeSync: 	at fzr.d(:com.google.android.gms@203615039@20.36.15 (120408-333172415):15)
08-01 12:23:56.589  3634 25866 W ChromeSync: 	at fzr.c(:com.google.android.gms@203615039@20.36.15 (120408-333172415):2)
08-01 12:23:56.589  3634 25866 W ChromeSync: 	at fzr.c(:com.google.android.gms@203615039@20.36.15 (120408-333172415):1)
08-01 12:23:56.589  3634 25866 W ChromeSync: 	at fzk.a(:com.google.android.gms@203615039@20.36.15 (120408-333172415):16)
08-01 12:23:56.589  3634 25866 W ChromeSync: 	at rdf.a(:com.google.android.gms@203615039@20.36.15 (120408-333172415):14)
08-01 12:23:56.589  3634 25866 W ChromeSync: 	... 4 more
08-01 12:23:56.642 25851 25851 D skia    : --- Failed to create image decoder with message 'unimplemented'
08-01 12:23:56.643 25851 25873 W System  : ClassLoader referenced unknown path: 
08-01 12:23:56.644 25851 25851 W JobInfo : Requested interval +10m0s0ms for job 339966 is too small; raising to +15m0s0ms
08-01 12:23:56.662 25851 25874 E AndroidRuntime: FATAL EXCEPTION: Thread-3
08-01 12:23:56.662 25851 25874 E AndroidRuntime: Process: com.antutu.ABenchMark, PID: 25851
08-01 12:23:56.662 25851 25874 E AndroidRuntime: java.lang.NullPointerException: Attempt to invoke virtual method 'void android.content.ContentValues.putAll(android.content.ContentValues)' on a null object reference
08-01 12:23:56.662 25851 25874 E AndroidRuntime: 	at daozi-b.ij0.b(DataParseHandler.java:1)
08-01 12:23:56.662 25851 25874 E AndroidRuntime: 	at daozi-b.zi0.G(InfocSDK.java:9)
08-01 12:23:56.662 25851 25874 E AndroidRuntime: 	at daozi-b.aj0.L(InfocUtil.java:6)
08-01 12:23:56.662 25851 25874 E AndroidRuntime: 	at daozi-b.aj0.K(InfocUtil.java:5)
08-01 12:23:56.662 25851 25874 E AndroidRuntime: 	at daozi-b.aj0.q(InfocUtil.java:6)
08-01 12:23:56.662 25851 25874 E AndroidRuntime: 	at com.antutu.benchmark.service.BenchmarkMainService$f.e(BenchmarkMainService.java:4)
08-01 12:23:56.662 25851 25874 E AndroidRuntime: 	at daozi-b.k80.run(Unknown Source:2)
08-01 12:23:56.662 25851 25874 E AndroidRuntime: 	at java.lang.Thread.run(Thread.java:919)
08-01 12:23:56.671  2220 25875 I DropBoxManagerService: add tag=data_app_crash isTagEnabled=true flags=0x2
08-01 12:23:56.676  2220  2333 I ActivityManager: Showing crash dialog for package com.antutu.ABenchMark u0
08-01 12:23:56.679  2220  2344 W BroadcastQueue: Background execution not allowed: receiving Intent { act=android.intent.action.DROPBOX_ENTRY_ADDED flg=0x10 (has extras) } to com.google.android.gms/.stats.service.DropBoxEntryAddedReceiver
08-01 12:23:56.679  2220  2344 W BroadcastQueue: Background execution not allowed: receiving Intent { act=android.intent.action.DROPBOX_ENTRY_ADDED flg=0x10 (has extras) } to com.google.android.gms/.chimera.GmsIntentOperationService$PersistentTrustedReceiver
08-01 12:23:56.698  2220  2344 W BroadcastQueue: Skipping deliver [background] BroadcastRecord{9b224a2 u-1 android.intent.action.BATTERY_CHANGED} to ReceiverList{fdcf084 25851 com.antutu.ABenchMark/10183/u0 remote:6cfb697}: process gone or crashing
08-01 12:23:56.698  2220  2344 W BroadcastQueue: Skipping deliver [background] BroadcastRecord{f4f2533 u-1 android.net.conn.CONNECTIVITY_CHANGE} to ReceiverList{fdcf084 25851 com.antutu.ABenchMark/10183/u0 remote:6cfb697}: process gone or crashing
08-01 12:23:56.718  2220  2333 V WindowManager: Changing focus from Window{2b77e65 u0 com.motorola.launcher3/com.android.a1launcher.AndroidOneLauncher} to Window{12bc123 u0 Application Error: com.antutu.ABenchMark} displayId=0
08-01 12:23:56.732  2220  3918 I AdrenoGLES: QUALCOMM build                   : f2ab992, I401605978b
08-01 12:23:56.732  2220  3918 I AdrenoGLES: Build Date                       : 09/28/19
08-01 12:23:56.732  2220  3918 I AdrenoGLES: OpenGL ES Shader Compiler Version: EV031.27.05.01
08-01 12:23:56.732  2220  3918 I AdrenoGLES: Local Branch                     : 
08-01 12:23:56.732  2220  3918 I AdrenoGLES: Remote Branch                    : 
08-01 12:23:56.732  2220  3918 I AdrenoGLES: Remote Branch                    : 
08-01 12:23:56.732  2220  3918 I AdrenoGLES: Reconstruct Branch               : 
08-01 12:23:56.732  2220  3918 I AdrenoGLES: Build Config                     : S L 8.0.11 AArch64
08-01 12:23:56.738  2220  3918 I AdrenoGLES: PFP: 0x005ff112, ME: 0x005ff066
08-01 12:23:56.808  2220  2336 I WindowManager:   SURFACE show Surface(name=Application Error: com.antutu.ABenchMark)/@0xb234167 on display:0: Application Error: com.antutu.ABenchMark
08-01 12:23:56.821 25851 25851 D skia    : --- Failed to create image decoder with message 'unimplemented'
08-01 12:23:56.823  3634 19049 I CastDatabase: Saving the database
08-01 12:23:56.826 25851 25851 D skia    : --- Failed to create image decoder with message 'unimplemented'
08-01 12:23:56.832  3634 19049 E SQLiteCastStore: Skip saving CastDeviceInfo: "Nearby device" (__cast_nearby___V_62dfa0f4-367f-4fe8-a4c8-ef453e4e121d)
08-01 12:23:56.832  3634 19049 I SQLiteCastStore: [CastNetworkInfo] saved: 0, skipped: 0, [CastDeviceInfo]: saved 0, skipped 1, [Paired Guest Mode DeviceInfo] saved: 0, skipped: 0. [ProbedNetworks]: saved 0, skipped: 0, [ProbedSocketAddress]: saved 0, skipped: 0, [Network-Device pairs]: saved: 0
08-01 12:23:56.836  2220  4012 I DropBoxManagerService: add tag=platform_stats_bookmark isTagEnabled=true flags=0x2
08-01 12:23:56.843 25851 25884 I Process : Sending signal. PID: 25851 SIG: 9
08-01 12:23:56.853  2220  2344 W BroadcastQueue: Background execution not allowed: receiving Intent { act=android.intent.action.DROPBOX_ENTRY_ADDED flg=0x10 (has extras) } to com.google.android.gms/.stats.service.DropBoxEntryAddedReceiver
08-01 12:23:56.853  2220  2344 W BroadcastQueue: Background execution not allowed: receiving Intent { act=android.intent.action.DROPBOX_ENTRY_ADDED flg=0x10 (has extras) } to com.google.android.gms/.chimera.GmsIntentOperationService$PersistentTrustedReceiver
08-01 12:23:56.883  2220  4012 I ActivityManager: Process com.antutu.ABenchMark (pid 25851) has died: prcp FGS 
08-01 12:23:56.883  2220  2346 I libprocessgroup: Successfully killed process cgroup uid 10183 pid 25851 in 0ms
08-01 12:23:56.883  2220  4012 W ActivityManager: Scheduling restart of crashed service com.antutu.ABenchMark/com.antutu.benchmark.service.BenchmarkMainService in 1000ms
08-01 12:23:56.884  2220  3477 W ActivityManager: Ignoring remove of inactive process: ProcessRecord{77779e5 0:com.antutu.ABenchMark/u0a183}
08-01 12:23:56.885  1060  1060 I Zygote  : Process 25851 exited due to signal 9 (Killed)
08-01 12:23:56.888  2220  2333 V WindowManager: Changing focus from Window{12bc123 u0 Application Error: com.antutu.ABenchMark EXITING} to Window{2b77e65 u0 com.motorola.launcher3/com.android.a1launcher.AndroidOneLauncher} displayId=0
08-01 12:23:56.890  2220  4012 E InputDispatcher: Window handle Window{12bc123 u0 Application Error: com.antutu.ABenchMark} has no registered input channel
08-01 12:23:56.906  2220  3477 E InputDispatcher: Window handle Window{12bc123 u0 Application Error: com.antutu.ABenchMark} has no registered input channel
08-01 12:23:57.909  1060  1060 D Zygote  : Forked child process 25887
08-01 12:23:57.911  2220  2345 I ActivityManager: Start proc 25887:com.antutu.ABenchMark/u0a183 for service {com.antutu.ABenchMark/com.antutu.benchmark.service.BenchmarkMainService}
08-01 12:23:57.927 25887 25887 E tutu.ABenchMar: Not starting debugger since process cannot load the jdwp agent.
08-01 12:23:57.965 25887 25887 I tutu.ABenchMar: The ClassLoaderContext is a special shared library.
08-01 12:23:58.113 25887 25887 D skia    : --- Failed to create image decoder with message 'unimplemented'
08-01 12:23:58.121 25887 25887 W JobInfo : Requested interval +10m0s0ms for job 339966 is too small; raising to +15m0s0ms
08-01 12:23:58.129 25887 25907 W System  : ClassLoader referenced unknown path: 
08-01 12:23:58.149 25887 25908 E AndroidRuntime: FATAL EXCEPTION: Thread-3
08-01 12:23:58.149 25887 25908 E AndroidRuntime: Process: com.antutu.ABenchMark, PID: 25887
08-01 12:23:58.149 25887 25908 E AndroidRuntime: java.lang.NullPointerException: Attempt to invoke virtual method 'void android.content.ContentValues.putAll(android.content.ContentValues)' on a null object reference
08-01 12:23:58.149 25887 25908 E AndroidRuntime: 	at daozi-b.ij0.b(DataParseHandler.java:1)
08-01 12:23:58.149 25887 25908 E AndroidRuntime: 	at daozi-b.zi0.G(InfocSDK.java:9)
08-01 12:23:58.149 25887 25908 E AndroidRuntime: 	at daozi-b.aj0.L(InfocUtil.java:6)
08-01 12:23:58.149 25887 25908 E AndroidRuntime: 	at daozi-b.aj0.K(InfocUtil.java:5)
08-01 12:23:58.149 25887 25908 E AndroidRuntime: 	at daozi-b.aj0.q(InfocUtil.java:6)
08-01 12:23:58.149 25887 25908 E AndroidRuntime: 	at com.antutu.benchmark.service.BenchmarkMainService$f.e(BenchmarkMainService.java:4)
08-01 12:23:58.149 25887 25908 E AndroidRuntime: 	at daozi-b.k80.run(Unknown Source:2)
08-01 12:23:58.149 25887 25908 E AndroidRuntime: 	at java.lang.Thread.run(Thread.java:919)
08-01 12:23:58.152  2220 25909 I DropBoxManagerService: add tag=data_app_crash isTagEnabled=true flags=0x2
08-01 12:23:58.153  2220  2333 I ActivityManager: Showing crash dialog for package com.antutu.ABenchMark u0
08-01 12:23:58.178  2220  2344 W BroadcastQueue: Skipping deliver [background] BroadcastRecord{fbb4bd4 u-1 android.intent.action.BATTERY_CHANGED} to ReceiverList{28743e6 25887 com.antutu.ABenchMark/10183/u0 remote:c5f9241}: process gone or crashing
08-01 12:23:58.178  2220  2344 W BroadcastQueue: Skipping deliver [background] BroadcastRecord{dd2117d u-1 android.net.conn.CONNECTIVITY_CHANGE} to ReceiverList{28743e6 25887 com.antutu.ABenchMark/10183/u0 remote:c5f9241}: process gone or crashing
08-01 12:23:58.181  2220  2333 V WindowManager: Changing focus from Window{2b77e65 u0 com.motorola.launcher3/com.android.a1launcher.AndroidOneLauncher} to Window{773b872 u0 Application Error: com.antutu.ABenchMark} displayId=0
08-01 12:23:58.197  2220  2344 W BroadcastQueue: Background execution not allowed: receiving Intent { act=android.intent.action.DROPBOX_ENTRY_ADDED flg=0x10 (has extras) } to com.google.android.gms/.stats.service.DropBoxEntryAddedReceiver
08-01 12:23:58.197  2220  2344 W BroadcastQueue: Background execution not allowed: receiving Intent { act=android.intent.action.DROPBOX_ENTRY_ADDED flg=0x10 (has extras) } to com.google.android.gms/.chimera.GmsIntentOperationService$PersistentTrustedReceiver
08-01 12:23:58.203  2220  3918 I AdrenoGLES: QUALCOMM build                   : f2ab992, I401605978b
08-01 12:23:58.203  2220  3918 I AdrenoGLES: Build Date                       : 09/28/19
08-01 12:23:58.203  2220  3918 I AdrenoGLES: OpenGL ES Shader Compiler Version: EV031.27.05.01
08-01 12:23:58.203  2220  3918 I AdrenoGLES: Local Branch                     : 
08-01 12:23:58.203  2220  3918 I AdrenoGLES: Remote Branch                    : 
08-01 12:23:58.203  2220  3918 I AdrenoGLES: Remote Branch                    : 
08-01 12:23:58.203  2220  3918 I AdrenoGLES: Reconstruct Branch               : 
08-01 12:23:58.203  2220  3918 I AdrenoGLES: Build Config                     : S L 8.0.11 AArch64
08-01 12:23:58.226  2220  3918 I AdrenoGLES: PFP: 0x005ff112, ME: 0x005ff066
08-01 12:23:58.285  2220  2336 I WindowManager:   SURFACE show Surface(name=Application Error: com.antutu.ABenchMark)/@0x219490f on display:0: Application Error: com.antutu.ABenchMark
08-01 12:23:58.289 25887 25887 D skia    : --- Failed to create image decoder with message 'unimplemented'
08-01 12:23:58.292 25887 25887 D skia    : --- Failed to create image decoder with message 'unimplemented'
08-01 12:23:58.313 25887 25912 I Process : Sending signal. PID: 25887 SIG: 9
08-01 12:23:58.339  2220  2585 I ActivityManager: Process com.antutu.ABenchMark (pid 25887) has died: prcp FGS 
08-01 12:23:58.340  2220  2346 I libprocessgroup: Successfully killed process cgroup uid 10183 pid 25887 in 0ms
08-01 12:23:58.340  2220  2585 W ActivityManager: Scheduling restart of crashed service com.antutu.ABenchMark/com.antutu.benchmark.service.BenchmarkMainService in 1800000ms
08-01 12:23:58.340  1060  1060 I Zygote  : Process 25887 exited due to signal 9 (Killed)
08-01 12:23:58.341  2220  3477 W ActivityManager: Ignoring remove of inactive process: ProcessRecord{a6f4521 0:com.antutu.ABenchMark/u0a183}
08-01 12:23:58.345  2220  2333 V WindowManager: Changing focus from Window{773b872 u0 Application Error: com.antutu.ABenchMark EXITING} to Window{2b77e65 u0 com.motorola.launcher3/com.android.a1launcher.AndroidOneLauncher} displayId=0
08-01 12:23:58.358  2220  3477 E InputDispatcher: Window handle Window{773b872 u0 Application Error: com.antutu.ABenchMark} has no registered input channel
08-01 12:23:59.831 10950 11426 I chatty  : uid=10193(com.mobile.indiapp) WaHandlerThread expire 17 lines
08-01 12:23:59.832 10950 11426 W System.err: 	at b.a.c.g.a(Unknown Source:6)
08-01 12:23:59.832 10950 11426 W System.err: 	at b.a.a.a.a(Unknown Source:138)
08-01 12:23:59.832 10950 11426 W System.err: 	at b.a.c.g.a(Unknown Source:158)
08-01 12:23:59.832 10950 11426 W System.err: 	at b.a.c.g.a(Unknown Source:6)
08-01 12:23:59.833 10950 11426 W System.err: 	at b.a.c.a.a(Unknown Source:175)
08-01 12:23:59.833 10950 11426 W System.err: 	at b.a.c.g.a(Unknown Source:158)
08-01 12:23:59.833 10950 11426 W System.err: 	at b.a.c.j.a(Unknown Source:58)
08-01 12:23:59.833 10950 11426 W System.err: 	at b.a.c.g.a(Unknown Source:158)
08-01 12:23:59.833 10950 11426 W System.err: 	at b.a.c.g.a(Unknown Source:6)
08-01 12:23:59.833 10950 11426 W System.err: 	at com.mobile.indiapp.n.h.a(Unknown Source:14)
08-01 12:23:59.833 10950 11426 W System.err: 	at b.a.c.g.a(Unknown Source:158)
08-01 12:23:59.833 10950 11426 W System.err: 	at b.a.c.g.a(Unknown Source:6)
08-01 12:23:59.833 10950 11426 W System.err: 	at b.z.h(Unknown Source:93)
08-01 12:23:59.833 10950 11426 W System.err: 	at b.z.b(Unknown Source:33)
08-01 12:23:59.833 10950 11426 W System.err: 	at com.mobile.indiapp.x.a.a(Unknown Source:55)
08-01 12:23:59.833 10950 11426 W System.err: 	at com.wa.base.wa.e.a$b.a(Unknown Source:388)
08-01 12:23:59.833 10950 11426 W System.err: 	at com.wa.base.wa.e.a$b$d.run(Unknown Source:171)
08-01 12:23:59.835 10950 11426 W System.err: 	at com.wa.base.wa.e.a$a.run(Unknown Source:8)
08-01 12:23:59.835 10950 11426 W System.err: 	at com.wa.base.wa.g.a$1.run(Unknown Source:9)
08-01 12:23:59.835 10950 11426 W System.err: 	at android.os.Handler.handleCallback(Handler.java:883)
08-01 12:23:59.835 10950 11426 W System.err: 	at android.os.Handler.dispatchMessage(Handler.java:100)
08-01 12:23:59.835 10950 11426 W System.err: 	at android.os.Looper.loop(Looper.java:241)
08-01 12:23:59.835 10950 11426 W System.err: 	at android.os.HandlerThread.run(HandlerThread.java:67)
08-01 12:23:59.835 10950 11426 I gzm_wa_WaNet: response == null
08-01 12:23:59.835 10950 11426 I gzm_wa_WaNet: java.lang.Throwable
08-01 12:23:59.835 10950 11426 I gzm_wa_WaNet: 	at com.wa.base.wa.e.a$b.a(Unknown Source:411)
08-01 12:23:59.835 10950 11426 I gzm_wa_WaNet: 	at com.wa.base.wa.e.a$b$d.run(Unknown Source:171)
08-01 12:23:59.835 10950 11426 I gzm_wa_WaNet: 	at com.wa.base.wa.e.a$a.run(Unknown Source:8)
08-01 12:23:59.835 10950 11426 I gzm_wa_WaNet: 	at com.wa.base.wa.g.a$1.run(Unknown Source:9)
08-01 12:23:59.835 10950 11426 I gzm_wa_WaNet: 	at android.os.Handler.handleCallback(Handler.java:883)
08-01 12:23:59.835 10950 11426 I gzm_wa_WaNet: 	at android.os.Handler.dispatchMessage(Handler.java:100)
08-01 12:23:59.835 10950 11426 I gzm_wa_WaNet: 	at android.os.Looper.loop(Looper.java:241)
08-01 12:23:59.835 10950 11426 I gzm_wa_WaNet: 	at android.os.HandlerThread.run(HandlerThread.java:67)
08-01 12:23:59.837 10950 11426 D gzm_wa_WaNet: request url: https://gjapplog.uc.cn/collect?uc_param_str=&chk=b358c7b5&vno=41tztufn_1653900723709008978&zip=gzip&uuid=00009a530340-601f-4451-b35f-db76ec6c1dc91602215962577&app=4e4d2af43c01
08-01 12:24:01.595  2220  2585 D WificondControl: Scan result ready event
08-01 12:24:01.596  2700  2700 I wpa_supplicant: nl80211: send_and_recv->nl_recvmsgs failed: -33
08-01 12:24:01.638  2220  2626 D ANQPRequestManager: Not allowed to send ANQP request to 119072405138556 for another 71 seconds
08-01 12:24:01.638  2220  2626 D PasspointManager: ANQP entry not found for: 6c:4b:b4:69:2c:7c:<ATTvzr3ufe880>
08-01 12:24:01.639  2220  2626 D ANQPRequestManager: Not allowed to send ANQP request to 62362927102928 for another 429 seconds
08-01 12:24:01.639  2220  2626 D PasspointManager: ANQP entry not found for: 38:b8:00:1d:fb:d0:<TS3._pm_5>
08-01 12:24:01.639  2220  2626 D ANQPRequestManager: Not allowed to send ANQP request to 119072405138552 for another 112 seconds
08-01 12:24:01.639  2220  2626 D PasspointManager: ANQP entry not found for: 6c:4b:b4:69:2c:78:<ATTvzr3ufe880>
08-01 12:24:01.641  2700  2700 I wpa_supplicant: wlan0: GAS-QUERY-START addr=84:d8:1b:e1:60:df dialog_token=79 freq=2412
08-01 12:24:01.642  2220  2626 D HS20    : ANQP initiated on 84:d8:1b:e1:60:df
08-01 12:24:01.642  2220  2626 D PasspointManager: ANQP entry not found for: 84:d8:1b:e1:60:df:<test_2g>
08-01 12:24:01.644  2700  2700 I wpa_supplicant: wlan0: GAS-QUERY-START addr=6c:4b:b4:69:26:88 dialog_token=80 freq=5180
08-01 12:24:01.645  2220  2626 D HS20    : ANQP initiated on 6c:4b:b4:69:26:88
08-01 12:24:01.645  2220  2626 D PasspointManager: ANQP entry not found for: 6c:4b:b4:69:26:88:<ATTwh9CKSp>
08-01 12:24:01.646  2700  2700 I wpa_supplicant: wlan0: GAS-QUERY-START addr=6c:4b:b4:69:26:8c dialog_token=81 freq=5765
08-01 12:24:01.646  2220  2626 D HS20    : ANQP initiated on 6c:4b:b4:69:26:8c
08-01 12:24:01.646  2220  2626 D PasspointManager: ANQP entry not found for: 6c:4b:b4:69:26:8c:<ATTwh9CKSp>
08-01 12:24:01.659  2220  2626 D ANQPRequestManager: Not allowed to send ANQP request to 62362927102928 for another 429 seconds
08-01 12:24:01.659  2220  2626 D PasspointManager: ANQP entry not found for: 38:b8:00:1d:fb:d0:<TS3._pm_5>
08-01 12:24:02.111  2700  2700 I wpa_supplicant: wlan0: GAS-QUERY-DONE addr=84:d8:1b:e1:60:df dialog_token=79 freq=2412 status_code=0 result=TIMEOUT
08-01 12:24:02.112  2700  2700 I wpa_supplicant: wlan0: ANQP-QUERY-DONE addr=84:d8:1b:e1:60:df result=FAILURE
08-01 12:24:04.231  2700  2700 I wpa_supplicant: wlan0: GAS-QUERY-DONE addr=6c:4b:b4:69:26:88 dialog_token=80 freq=5180 status_code=0 result=TIMEOUT
08-01 12:24:04.232  2700  2700 I wpa_supplicant: wlan0: ANQP-QUERY-DONE addr=6c:4b:b4:69:26:88 result=FAILURE
08-01 12:24:06.264  2700  2700 I wpa_supplicant: wlan0: GAS-QUERY-DONE addr=6c:4b:b4:69:26:8c dialog_token=81 freq=5765 status_code=0 result=TIMEOUT
08-01 12:24:06.265  2700  2700 I wpa_supplicant: wlan0: ANQP-QUERY-DONE addr=6c:4b:b4:69:26:8c result=FAILURE
08-01 12:24:09.910  2220  2776 W DevicePolicyManager: Package com.mobile.indiapp (uid=10193, pid=10950) cannot access Device IDs
08-01 12:24:09.911  2954  2990 W TelephonyPermissions: reportAccessDeniedToReadIdentifiers:com.mobile.indiapp:getSubscriberId:isPreinstalled=false:isPrivApp=false
08-01 12:24:09.919  2220  2776 W DevicePolicyManager: Package com.mobile.indiapp (uid=10193, pid=10950) cannot access Device IDs
08-01 12:24:09.920  2954  2990 W TelephonyPermissions: reportAccessDeniedToReadIdentifiers:com.mobile.indiapp:getDeviceId:isPreinstalled=false:isPrivApp=false
08-01 12:24:09.921 10950 11426 W System.err: java.net.SocketTimeoutException: failed to connect to /180.179.9.96 (port 44353) from /192.168.122.158 (port 42348) after 10000ms
08-01 12:24:09.922 10950 11426 W System.err: 	at libcore.io.IoBridge.connectErrno(IoBridge.java:191)
08-01 12:24:09.922 10950 11426 W System.err: 	at libcore.io.IoBridge.connect(IoBridge.java:135)
08-01 12:24:09.922 10950 11426 W System.err: 	at java.net.PlainSocketImpl.socketConnect(PlainSocketImpl.java:142)
08-01 12:24:09.922 10950 11426 W System.err: 	at java.net.AbstractPlainSocketImpl.doConnect(AbstractPlainSocketImpl.java:390)
08-01 12:24:09.922 10950 11426 W System.err: 	at java.net.AbstractPlainSocketImpl.connectToAddress(AbstractPlainSocketImpl.java:230)
08-01 12:24:09.922 10950 11426 W System.err: 	at java.net.AbstractPlainSocketImpl.connect(AbstractPlainSocketImpl.java:212)
08-01 12:24:09.922 10950 11426 W System.err: 	at java.net.SocksSocketImpl.connect(SocksSocketImpl.java:436)
08-01 12:24:09.922 10950 11426 W System.err: 	at java.net.Socket.connect(Socket.java:621)
08-01 12:24:09.922 10950 11426 W System.err: 	at b.a.g.a.a(Unknown Source:0)
08-01 12:24:09.922 10950 11426 W System.err: 	at b.a.b.c.a(Unknown Source:56)
08-01 12:24:09.922 10950 11426 W System.err: 	at b.a.b.c.a(Unknown Source:157)
08-01 12:24:09.922 10950 11426 W System.err: 	at b.a.b.g.a(Unknown Source:139)
08-01 12:24:09.922 10950 11426 W System.err: 	at b.a.b.g.a(Unknown Source:0)
08-01 12:24:09.922 10950 11426 W System.err: 	at b.a.b.g.a(Unknown Source:18)
08-01 12:24:09.922 10950 11426 W System.err: 	at b.a.b.a.a(Unknown Source:26)
08-01 12:24:09.922 10950 11426 W System.err: 	at b.a.c.g.a(Unknown Source:158)
08-01 12:24:09.922 10950 11426 W System.err: 	at b.a.c.g.a(Unknown Source:6)
08-01 12:24:09.922 10950 11426 W System.err: 	at b.a.a.a.a(Unknown Source:138)
08-01 12:24:09.922 10950 11426 W System.err: 	at b.a.c.g.a(Unknown Source:158)
08-01 12:24:09.922 10950 11426 W System.err: 	at b.a.c.g.a(Unknown Source:6)
08-01 12:24:09.922 10950 11426 W System.err: 	at b.a.c.a.a(Unknown Source:175)
08-01 12:24:09.922 10950 11426 W System.err: 	at b.a.c.g.a(Unknown Source:158)
08-01 12:24:09.922 10950 11426 W System.err: 	at b.a.c.j.a(Unknown Source:58)
08-01 12:24:09.922 10950 11426 W System.err: 	at b.a.c.g.a(Unknown Source:158)
08-01 12:24:09.922 10950 11426 W System.err: 	at b.a.c.g.a(Unknown Source:6)
08-01 12:24:09.922 10950 11426 W System.err: 	at b.z.h(Unknown Source:93)
08-01 12:24:09.922 10950 11426 W System.err: 	at b.z.b(Unknown Source:33)
08-01 12:24:09.922 10950 11426 W System.err: 	at com.mobile.indiapp.e.a.h.a(Unknown Source:15)
08-01 12:24:09.923 10950 11426 W System.err: 	at com.mobile.indiapp.e.a.f.a(Unknown Source:108)
08-01 12:24:09.923 10950 11426 W System.err: 	at com.mobile.indiapp.e.a$2.a(Unknown Source:10)
08-01 12:24:09.923 10950 11426 W System.err: 	at b.a.b.f.a(Unknown Source:175)
08-01 12:24:09.923 10950 11426 W System.err: 	at b.a.b.f.d(Unknown Source:69)
08-01 12:24:09.923 10950 11426 W System.err: 	at b.a.b.f.b(Unknown Source:29)
08-01 12:24:09.923 10950 11426 W System.err: 	at b.a.b.g.a(Unknown Source:81)
08-01 12:24:09.923 10950 11426 W System.err: 	at b.a.b.g.a(Unknown Source:0)
08-01 12:24:09.923 10950 11426 W System.err: 	at b.a.b.g.a(Unknown Source:18)
08-01 12:24:09.923 10950 11426 W System.err: 	at b.a.b.a.a(Unknown Source:26)
08-01 12:24:09.923 10950 11426 W System.err: 	at b.a.c.g.a(Unknown Source:158)
08-01 12:24:09.923 10950 11426 W System.err: 	at b.a.c.g.a(Unknown Source:6)
08-01 12:24:09.923 10950 11426 W System.err: 	at b.a.a.a.a(Unknown Source:138)
08-01 12:24:09.923 10950 11426 W System.err: 	at b.a.c.g.a(Unknown Source:158)
08-01 12:24:09.923 10950 11426 W System.err: 	at b.a.c.g.a(Unknown Source:6)
08-01 12:24:09.923 10950 11426 W System.err: 	at b.a.c.a.a(Unknown Source:175)
08-01 12:24:09.923 10950 11426 W System.err: 	at b.a.c.g.a(Unknown Source:158)
08-01 12:24:09.923 10950 11426 W System.err: 	at b.a.c.j.a(Unknown Source:58)
08-01 12:24:09.923 10950 11426 W System.err: 	at b.a.c.g.a(Unknown Source:158)
08-01 12:24:09.923 10950 11426 W System.err: 	at b.a.c.g.a(Unknown Source:6)
08-01 12:24:09.923 10950 11426 W System.err: 	at com.mobile.indiapp.n.h.a(Unknown Source:14)
08-01 12:24:09.923 10950 11426 W System.err: 	at b.a.c.g.a(Unknown Source:158)
08-01 12:24:09.923 10950 11426 W System.err: 	at b.a.c.g.a(Unknown Source:6)
08-01 12:24:09.923 10950 11426 W System.err: 	at b.z.h(Unknown Source:93)
08-01 12:24:09.923 10950 11426 W System.err: 	at b.z.b(Unknown Source:33)
08-01 12:24:09.923 10950 11426 W System.err: 	at com.mobile.indiapp.x.a.a(Unknown Source:55)
08-01 12:24:09.923 10950 11426 W System.err: 	at com.wa.base.wa.e.a$b.a(Unknown Source:388)
08-01 12:24:09.923 10950 11426 W System.err: 	at com.wa.base.wa.e.a$b$d.run(Unknown Source:171)
08-01 12:24:09.924 10950 11426 W System.err: 	at com.wa.base.wa.e.a$a.run(Unknown Source:8)
08-01 12:24:09.924 10950 11426 W System.err: 	at com.wa.base.wa.g.a$1.run(Unknown Source:9)
08-01 12:24:09.924 10950 11426 W System.err: 	at android.os.Handler.handleCallback(Handler.java:883)
08-01 12:24:09.924 10950 11426 W System.err: 	at android.os.Handler.dispatchMessage(Handler.java:100)
08-01 12:24:09.924 10950 11426 W System.err: 	at android.os.Looper.loop(Looper.java:241)
08-01 12:24:09.924 10950 11426 W System.err: 	at android.os.HandlerThread.run(HandlerThread.java:67)
08-01 12:24:09.931  1059 25920 E ResolverController: No valid NAT64 prefix (101, <unspecified>/0)
08-01 12:24:15.462  2220  2373 V DisplayPowerController: Brightness [30] reason changing to: 'manual', previous reason: 'manual [ dim ]'.
08-01 12:24:15.480 10916 10916 E basePlatfprm: com.hasoffer.plug.androrid.ui.window.spirit.a.b(Unknown Source:3)=====
08-01 12:24:15.480  2678  2678 V StatusBar: mStatusBarWindow: com.android.systemui.statusbar.phone.StatusBarWindowView{b39b71f V.E...... ........ 0,0-1080,86} canPanelBeCollapsed(): false
08-01 12:24:15.481  2678  2678 V StatusBar: mStatusBarWindow: com.android.systemui.statusbar.phone.StatusBarWindowView{b39b71f V.E...... ........ 0,0-1080,86} collapseBySetDisable: false
08-01 12:24:15.492  2220  3590 W ActivityTaskManager: getTaskSnapshot: taskId=53 not found
08-01 12:24:15.806  2678  2678 D vol.VolumeDialogImpl: mDialog.dismiss()
08-01 12:24:16.169  2220  3590 I ActivityTaskManager: moveHomeStack, setupComplete:true
08-01 12:24:16.169  2220  3590 I ActivityTaskManager: START u0 {act=android.intent.action.MAIN cat=[android.intent.category.LAUNCHER] flg=0x10100000 pkg=com.google.android.apps.youtube.music cmp=com.google.android.apps.youtube.music/.activities.MusicActivity} from uid 2000
08-01 12:24:16.193  2220  2336 E system_server: Invalid ID 0x00000000.
08-01 12:24:16.205  1060  1060 D Zygote  : Forked child process 25926
08-01 12:24:16.208  2220  2345 I ActivityManager: Start proc 25926:com.google.android.apps.youtube.music/u0a194 for activity {com.google.android.apps.youtube.music/com.google.android.apps.youtube.music.activities.MusicActivity}
08-01 12:24:16.210  2220  2336 V WindowManager: Changing focus from Window{2b77e65 u0 com.motorola.launcher3/com.android.a1launcher.AndroidOneLauncher} to null displayId=0
08-01 12:24:16.217 25926 25926 I chatty  : uid=10194(com.google.android.apps.youtube.music) expire 13 lines
08-01 12:24:16.246  2220  2336 I WindowManager:   SURFACE show Surface(name=Splash Screen com.google.android.apps.youtube.music)/@0x5e6d8e7 on display:0: Splash Screen com.google.android.apps.youtube.music
08-01 12:24:16.387  2220  2585 D ConnectivityService: requestNetwork for uid/pid:10194/25926 NetworkRequest [ TRACK_DEFAULT id=213, [ Capabilities: INTERNET&NOT_RESTRICTED&TRUSTED Uid: 10194] ]
08-01 12:24:16.389  2220  2669 D Ethernet: got request NetworkRequest [ TRACK_DEFAULT id=213, [ Capabilities: INTERNET&NOT_RESTRICTED&TRUSTED Uid: 10194] ] with score 60 and serial -1
08-01 12:24:16.389  2220  2626 D UntrustedWifiNetworkFactory: got request NetworkRequest [ TRACK_DEFAULT id=213, [ Capabilities: INTERNET&NOT_RESTRICTED&TRUSTED Uid: 10194] ] with score 60 and serial -1
08-01 12:24:16.389  2220  2626 D WifiNetworkFactory: got request NetworkRequest [ TRACK_DEFAULT id=213, [ Capabilities: INTERNET&NOT_RESTRICTED&TRUSTED Uid: 10194] ] with score 60 and serial -1
08-01 12:24:16.389  2954  2954 D PhoneSwitcherNetworkRequstListener: got request NetworkRequest [ TRACK_DEFAULT id=213, [ Capabilities: INTERNET&NOT_RESTRICTED&TRUSTED Uid: 10194] ] with score 60 and serial -1
08-01 12:24:16.406  2220  3477 D ConnectivityService: requestNetwork for uid/pid:10194/25926 NetworkRequest [ TRACK_DEFAULT id=214, [ Capabilities: INTERNET&NOT_RESTRICTED&TRUSTED Uid: 10194] ]
08-01 12:24:16.408  2220  2626 D UntrustedWifiNetworkFactory: got request NetworkRequest [ TRACK_DEFAULT id=214, [ Capabilities: INTERNET&NOT_RESTRICTED&TRUSTED Uid: 10194] ] with score 60 and serial -1
08-01 12:24:16.408  2220  2626 D WifiNetworkFactory: got request NetworkRequest [ TRACK_DEFAULT id=214, [ Capabilities: INTERNET&NOT_RESTRICTED&TRUSTED Uid: 10194] ] with score 60 and serial -1
08-01 12:24:16.409  2220  2669 D Ethernet: got request NetworkRequest [ TRACK_DEFAULT id=214, [ Capabilities: INTERNET&NOT_RESTRICTED&TRUSTED Uid: 10194] ] with score 60 and serial -1
08-01 12:24:16.410  2954  2954 D PhoneSwitcherNetworkRequstListener: got request NetworkRequest [ TRACK_DEFAULT id=214, [ Capabilities: INTERNET&NOT_RESTRICTED&TRUSTED Uid: 10194] ] with score 60 and serial -1
08-01 12:24:16.432 25926 25956 I chatty  : uid=10194(com.google.android.apps.youtube.music) expire 3 lines
08-01 12:24:16.500 25926 25961 I chatty  : uid=10194(com.google.android.apps.youtube.music) expire 1 line
08-01 12:24:16.506 25926 25997 I chatty  : uid=10194(com.google.android.apps.youtube.music) expire 1 line
08-01 12:24:16.553 25926 25970 I chatty  : uid=10194(com.google.android.apps.youtube.music) expire 12 lines
08-01 12:24:16.606  1182  1182 E Layer   : [Surface(name=AppWindowToken{c78711b token=Token{e530f2a ActivityRecord{3823015 u0 com.google.android.apps.youtube.music/.activities.MusicActivity t57}}})/@0xa9646a6 - animation-leash#0] No local sync point found
08-01 12:24:16.606  1182  1182 E Layer   : [Surface(name=AppWindowToken{3a2bed2 token=Token{299b55d ActivityRecord{2cd9334 u0 com.motorola.launcher3/com.android.a1launcher.AndroidOneLauncher t2}}})/@0xdcb91a1 - animation-leash#0] No local sync point found
08-01 12:24:16.618  2220  4018 I WindowManager: Window drawn AppWindowToken{3a2bed2 token=Token{299b55d ActivityRecord{2cd9334 u0 com.motorola.launcher3/com.android.a1launcher.AndroidOneLauncher t2}}}
08-01 12:24:16.713  2220  4734 D ConnectivityService: requestNetwork for uid/pid:10194/25926 NetworkRequest [ TRACK_DEFAULT id=216, [ Capabilities: INTERNET&NOT_RESTRICTED&TRUSTED Uid: 10194] ]
08-01 12:24:16.713  2220  2669 D Ethernet: got request NetworkRequest [ TRACK_DEFAULT id=216, [ Capabilities: INTERNET&NOT_RESTRICTED&TRUSTED Uid: 10194] ] with score 60 and serial -1
08-01 12:24:16.713  2220  2626 D UntrustedWifiNetworkFactory: got request NetworkRequest [ TRACK_DEFAULT id=216, [ Capabilities: INTERNET&NOT_RESTRICTED&TRUSTED Uid: 10194] ] with score 60 and serial -1
08-01 12:24:16.714  2220  2626 D WifiNetworkFactory: got request NetworkRequest [ TRACK_DEFAULT id=216, [ Capabilities: INTERNET&NOT_RESTRICTED&TRUSTED Uid: 10194] ] with score 60 and serial -1
08-01 12:24:16.715  2954  2954 D PhoneSwitcherNetworkRequstListener: got request NetworkRequest [ TRACK_DEFAULT id=216, [ Capabilities: INTERNET&NOT_RESTRICTED&TRUSTED Uid: 10194] ] with score 60 and serial -1
08-01 12:24:16.726 25926 26011 I chatty  : uid=10194(com.google.android.apps.youtube.music) expire 1 line
08-01 12:24:16.920  2220  2776 D ConnectivityService: requestNetwork for uid/pid:10194/25926 NetworkRequest [ TRACK_DEFAULT id=217, [ Capabilities: INTERNET&NOT_RESTRICTED&TRUSTED Uid: 10194] ]
08-01 12:24:16.922  2220  2669 D Ethernet: got request NetworkRequest [ TRACK_DEFAULT id=217, [ Capabilities: INTERNET&NOT_RESTRICTED&TRUSTED Uid: 10194] ] with score 60 and serial -1
08-01 12:24:16.922  2220  2626 D UntrustedWifiNetworkFactory: got request NetworkRequest [ TRACK_DEFAULT id=217, [ Capabilities: INTERNET&NOT_RESTRICTED&TRUSTED Uid: 10194] ] with score 60 and serial -1
08-01 12:24:16.922  2220  2626 D WifiNetworkFactory: got request NetworkRequest [ TRACK_DEFAULT id=217, [ Capabilities: INTERNET&NOT_RESTRICTED&TRUSTED Uid: 10194] ] with score 60 and serial -1
08-01 12:24:16.922  2954  2954 D PhoneSwitcherNetworkRequstListener: got request NetworkRequest [ TRACK_DEFAULT id=217, [ Capabilities: INTERNET&NOT_RESTRICTED&TRUSTED Uid: 10194] ] with score 60 and serial -1
08-01 12:24:16.930 25926 25973 I chatty  : uid=10194(com.google.android.apps.youtube.music) expire 7 lines
08-01 12:24:16.983 25926 25926 I chatty  : uid=10194(com.google.android.apps.youtube.music) expire 2 lines
08-01 12:24:16.986 25926 25997 I chatty  : uid=10194(com.google.android.apps.youtube.music) expire 1 line
08-01 12:24:16.997  3634 24450 I CastDatabase: Opening the database
08-01 12:24:16.998  2220  2585 I WifiService: startScan uid=10110
08-01 12:24:17.001  3634  3634 I DiscoveryManager: WifiGuestModeDeviceScanner enabled.
08-01 12:24:17.026  3634 24450 I SQLiteCastStore: 0 CastNetworkInfo instances loaded, 0 CastDeviceInfo instances loaded, 0 paired guest mode devices loaded.
08-01 12:24:17.061 25926 26074 I chatty  : uid=10194(com.google.android.apps.youtube.music) expire 1 line
08-01 12:24:17.095  2220  3477 V WindowManager: Changing focus from null to Window{2717067 u0 com.google.android.apps.youtube.music/com.google.android.apps.youtube.music.activities.MusicActivity} displayId=0
08-01 12:24:17.097 25926 26023 I chatty  : uid=10194(com.google.android.apps.youtube.music) expire 2 lines
08-01 12:24:17.100 25926 25926 W RenderThread: type=1400 audit(0.0:461): avc: denied { read } for uid=10194 name="gpu_model" dev="sysfs" ino=30970 scontext=u:r:untrusted_app:s0:c194,c256,c512,c768 tcontext=u:object_r:sysfs_kgsl:s0 tclass=file permissive=0
08-01 12:24:17.101 25926 26023 I AdrenoGLES: PFP: 0x005ff112, ME: 0x005ff066
08-01 12:24:17.104 25926 26023 W AdrenoUtils: <ReadGpuID_from_sysfs:194>: Failed to open /sys/class/kgsl/kgsl-3d0/gpu_model
08-01 12:24:17.104 25926 26023 W AdrenoUtils: <ReadGpuID:218>: Failed to read chip ID from gpu_model. Fallback to use the GSL path
08-01 12:24:17.106 25926 25926 W View    : requestLayout() improperly called by androidx.coordinatorlayout.widget.CoordinatorLayout{a963dae V.E...... ......ID 0,2102-1080,2102 #7f0b02d3 app:id/floating_layout} during layout: running second layout pass
08-01 12:24:17.122 25926 25926 W YTPL.mediasession: MediaSession created
08-01 12:24:17.124  2220  2776 D MediaSessionService: Media button session is changed to com.google.android.apps.youtube.music/YouTube playerlib (userId=0)
08-01 12:24:17.125  2220  2220 V SettingsProvider: Notifying for 0: content://settings/secure/media_button_receiver
08-01 12:24:17.126 21337 21399 I chatty  : uid=1002(bluetooth) BluetoothAvrcpH expire 1181 lines
08-01 12:24:17.127  2220  2220 V SettingsProvider: Notifying for 0: content://settings/secure/media_button_receiver
08-01 12:24:17.138   847   847 I hwservicemanager: getTransport: Cannot find entry android.hardware.graphics.mapper@3.0::IMapper/default in either framework or device manifest.
08-01 12:24:17.138 25926 26023 W Gralloc3: mapper 3.x is not supported
08-01 12:24:17.160  2220  2336 I LaunchCheckinHandler: Displayed com.google.android.apps.youtube.music/.activities.MusicActivity,cp,ca,976
08-01 12:24:17.161  2220  2336 I WindowManager: Window drawn AppWindowToken{c78711b token=Token{e530f2a ActivityRecord{3823015 u0 com.google.android.apps.youtube.music/.activities.MusicActivity t57}}}
08-01 12:24:17.161  2220  2336 I WindowManager:   SURFACE show Surface(name=com.google.android.apps.youtube.music/com.google.android.apps.youtube.music.activities.MusicActivity)/@0xf2a3737 on display:0: com.google.android.apps.youtube.music/com.google.android.apps.youtube.music.activities.MusicActivity
08-01 12:24:17.167  2220  2343 I ActivityTaskManager: Displayed com.google.android.apps.youtube.music/.activities.MusicActivity: +992ms
08-01 12:24:17.171  2220  2776 W ActivityManager: Permission Denial: Accessing service com.google.android.music/.dial.DialMediaRouteProviderService from pid=25926, uid=10194 that is not exported from uid 10164
08-01 12:24:17.181 25926 25964 W GoogleApiManager: njr could not execute call because it requires feature (integer_to_integer_map, 1).
08-01 12:24:17.194  2220  2343 I ActivityTaskManager: Fully drawn com.google.android.apps.youtube.music/.activities.MusicActivity: +1s25ms
08-01 12:24:17.196  3054  3054 I GoogleInputMethodService: GoogleInputMethodService.onFinishInput():3184 
08-01 12:24:17.196  3054  3054 I GoogleInputMethodService: GoogleInputMethodService.onStartInput():1830 
08-01 12:24:17.248  3634  3634 W CastMediaRouteProvider: Not a Cast compatible category: MDX_MEDIA_ROUTE_CONTROL_CATEGORY