07-28 13:07:51.465   527   565 W BroadcastQueue: Background execution not allowed: receiving Intent { act=android.intent.action.DROPBOX_ENTRY_ADDED flg=0x10 (has extras) } to com.google.android.gms/.chimera.GmsIntentOperationService$PersistentTrustedReceiver
07-28 13:07:52.424  5175  5175 W WorkerPool/5236: type=1400 audit(0.0:281): avc: denied { getattr } for path="/proc/sys/net/ipv4/tcp_fastopen" dev="proc" ino=98468 scontext=u:r:untrusted_app_25:s0:c512,c768 tcontext=u:object_r:proc_net:s0 tclass=file permissive=0 app=com.android.chrome
07-28 13:07:52.424  5175  5175 W WorkerPool/5236: type=1400 audit(0.0:282): avc: denied { read } for name="tcp_fastopen" dev="proc" ino=98468 scontext=u:r:untrusted_app_25:s0:c512,c768 tcontext=u:object_r:proc_net:s0 tclass=file permissive=0 app=com.android.chrome
07-28 13:07:52.517   527  1430 E TaskPersister: File error accessing recents directory (directory doesn't exist?).
07-28 13:07:52.863   527  2866 D CompatibilityChangeReporter: Compat change id reported: 135634846; UID 10121; state: DISABLED
07-28 13:07:52.863   527   566 D CompatibilityChangeReporter: Compat change id reported: 143937733; UID 10121; state: DISABLED
07-28 13:07:52.865  5175  5243 I cr_LibraryLoader: Using linker: org.chromium.base.library_loader.ModernLinker
07-28 13:07:52.868   287   287 D Zygote  : Forked child process 5250
07-28 13:07:52.872   527   566 I ActivityManager: Start proc 5250:com.android.chrome:privileged_process0/u0a121 for service {com.android.chrome/org.chromium.content.app.PrivilegedProcessService0}
07-28 13:07:52.872  5250  5250 W ileged_process: Unexpected CPU variant for X86 using defaults: x86
07-28 13:07:52.873  5250  5250 I ndk_translation: Initialized NDK translation (armv7l), version 0.2.2
07-28 13:07:53.025   391   432 I adbd    : jdwp connection from 5250
07-28 13:07:53.032   527  2866 D CompatibilityChangeReporter: Compat change id reported: 136274596; UID 10121; state: DISABLED
07-28 13:07:53.032   527  2866 I ActivityManager: PendingStartActivityUids startActivity to updateOomAdj delay:3297ms, uid:10121
07-28 13:07:53.037  5250  5250 D ApplicationLoaders: Returning zygote-cached class loader: /system/framework/android.test.base.jar
07-28 13:07:53.039  5250  5250 I ileged_process: The ClassLoaderContext is a special shared library.
07-28 13:07:53.076  5250  5250 D NetworkSecurityConfig: Using Network Security Config from resource network_security_config debugBuild: false
07-28 13:07:53.077  5250  5250 D NetworkSecurityConfig: Using Network Security Config from resource network_security_config debugBuild: false
07-28 13:07:53.081  5250  5250 I cr_ChildProcessService: Creating new ChildProcessService pid=5250
07-28 13:07:53.116  5175  5175 W .android.chrome: type=1400 audit(0.0:283): avc: granted { open } for path="/dev/ashmem" dev="tmpfs" ino=10476 scontext=u:r:untrusted_app_25:s0:c512,c768 tcontext=u:object_r:ashmem_device:s0 tclass=chr_file app=com.android.chrome
07-28 13:07:53.140  5175  5175 W BrowserBlocking: type=1400 audit(0.0:284): avc: granted { open } for path="/dev/ashmem" dev="tmpfs" ino=10476 scontext=u:r:untrusted_app_25:s0:c512,c768 tcontext=u:object_r:ashmem_device:s0 tclass=chr_file app=com.android.chrome
07-28 13:07:53.224  5250  5273 I cr_LibraryLoader: Time to load native libraries: 141 ms (timestamps 3898-4039)
07-28 13:07:53.224  5250  5273 I cr_LibraryLoader: Expected native library version number "55.0.2883.91", actual native library version number "55.0.2883.91"
07-28 13:07:53.224  5250  5273 I cr_LibraryLoader: Using linker: org.chromium.base.library_loader.ModernLinker
07-28 13:07:53.261  5250  5273 I chromium: [INFO:library_loader_hooks.cc(163)] Chromium logging enabled: level = 0, default verbosity = 0
07-28 13:07:55.747  5175  5175 I TetheringManager: registerTetheringEventCallback:com.android.chrome
07-28 13:07:55.825   527   645 D ConnectivityService: NetReassign [no changes]
07-28 13:07:56.806  5250  5273 D libEGL  : loaded /vendor/lib/egl/libEGL_emulation.so
07-28 13:07:56.807  5250  5273 D libEGL  : loaded /vendor/lib/egl/libGLESv1_CM_emulation.so
07-28 13:07:56.809  5250  5273 D libEGL  : loaded /vendor/lib/egl/libGLESv2_emulation.so
07-28 13:07:56.834  5250  5273 D HostConnection: HostConnection::get() New Host Connection established 0xf44212c0, tid 5273
07-28 13:07:56.837  5250  5273 D HostConnection: HostComposition ext ANDROID_EMU_CHECKSUM_HELPER_v1 ANDROID_EMU_native_sync_v2 ANDROID_EMU_native_sync_v3 ANDROID_EMU_native_sync_v4 ANDROID_EMU_dma_v1 ANDROID_EMU_direct_mem ANDROID_EMU_host_composition_v1 ANDROID_EMU_host_composition_v2 ANDROID_EMU_vulkan ANDROID_EMU_deferred_vulkan_commands ANDROID_EMU_vulkan_null_optional_strings ANDROID_EMU_vulkan_create_resources_with_requirements ANDROID_EMU_YUV_Cache ANDROID_EMU_vulkan_ignored_handles ANDROID_EMU_has_shared_slots_host_memory_allocator ANDROID_EMU_vulkan_free_memory_sync ANDROID_EMU_vulkan_shader_float16_int8 ANDROID_EMU_vulkan_async_queue_submit ANDROID_EMU_sync_buffer_data ANDROID_EMU_read_color_buffer_dma GL_OES_vertex_array_object GL_KHR_texture_compression_astc_ldr ANDROID_EMU_host_side_tracing ANDROID_EMU_gles_max_version_2 
07-28 13:07:56.839   174   174 I hwservicemanager: getTransport: Cannot find entry android.hardware.configstore@1.0::ISurfaceFlingerConfigs/default in either framework or device manifest.
07-28 13:07:56.878  5250  5273 D EGL_emulation: eglCreateContext: 0xf44208b0: maj 2 min 0 rcv 2
07-28 13:07:56.880  5250  5273 D EGL_emulation: eglMakeCurrent: 0xf44208b0: ver 2 0 (tinfo 0xf4762350) (first time)
07-28 13:07:57.083  5175  5175 W cr_KnoxSettingsProvider: Permission to read device policy denied.
07-28 13:07:57.567  5175  5236 E libc    : Access denied finding property "net.dns1"
07-28 13:07:57.567  5175  5236 E libc    : Access denied finding property "net.dns2"
07-28 13:07:57.761  5175  5234 W chromium: [WARNING:dns_config_service_posix.cc(316)] Failed to read DnsConfig.
07-28 13:07:58.378  5250  5273 I VideoCapabilities: Unsupported profile 4 for video/mp4v-es
07-28 13:08:00.004   711   711 D KeyguardClockSwitch: Updating clock: 108
07-28 13:08:01.502  5212  5235 I cr_LibraryLoader: Time to load native libraries: 135 ms (timestamps 2183-2318)
07-28 13:08:01.503  5212  5235 I cr_LibraryLoader: Expected native library version number "55.0.2883.91", actual native library version number "55.0.2883.91"
07-28 13:08:01.503  5212  5235 I cr_LibraryLoader: Using linker: org.chromium.base.library_loader.ModernLinker
07-28 13:08:01.539  5212  5235 I chromium: [INFO:library_loader_hooks.cc(163)] Chromium logging enabled: level = 0, default verbosity = 0
07-28 13:08:01.588  5175  5175 W .android.chrome: type=1400 audit(0.0:285): avc: granted { open } for path="/dev/ashmem" dev="tmpfs" ino=10476 scontext=u:r:untrusted_app_25:s0:c512,c768 tcontext=u:object_r:ashmem_device:s0 tclass=chr_file app=com.android.chrome
07-28 13:08:02.488   303   303 D goldfish-address-space: claimShared: Ask to claim region [0x3ed2ca000 0x3edaf0000]
07-28 13:08:02.492   174   174 I hwservicemanager: getTransport: Cannot find entry android.hardware.graphics.mapper@4.0::IMapper/default in either framework or device manifest.
07-28 13:08:02.492  5250  5273 I Gralloc4: mapper 4.x is not supported
07-28 13:08:02.493  5250  5273 D HostConnection: createUnique: call
07-28 13:08:02.498  5250  5273 D HostConnection: HostConnection::get() New Host Connection established 0xf4422d00, tid 5273
07-28 13:08:02.498  5250  5273 D goldfish-address-space: allocate: Ask for block of size 0x100
07-28 13:08:02.498  5250  5273 D goldfish-address-space: allocate: ioctl allocate returned offset 0x3ebffe000 size 0x2000
07-28 13:08:02.502  5250  5273 D HostConnection: HostComposition ext ANDROID_EMU_CHECKSUM_HELPER_v1 ANDROID_EMU_native_sync_v2 ANDROID_EMU_native_sync_v3 ANDROID_EMU_native_sync_v4 ANDROID_EMU_dma_v1 ANDROID_EMU_direct_mem ANDROID_EMU_host_composition_v1 ANDROID_EMU_host_composition_v2 ANDROID_EMU_vulkan ANDROID_EMU_deferred_vulkan_commands ANDROID_EMU_vulkan_null_optional_strings ANDROID_EMU_vulkan_create_resources_with_requirements ANDROID_EMU_YUV_Cache ANDROID_EMU_vulkan_ignored_handles ANDROID_EMU_has_shared_slots_host_memory_allocator ANDROID_EMU_vulkan_free_memory_sync ANDROID_EMU_vulkan_shader_float16_int8 ANDROID_EMU_vulkan_async_queue_submit ANDROID_EMU_sync_buffer_data ANDROID_EMU_read_color_buffer_dma GL_OES_vertex_array_object GL_KHR_texture_compression_astc_ldr ANDROID_EMU_host_side_tracing ANDROID_EMU_gles_max_version_2 
07-28 13:08:02.522  5250  5273 D EGL_emulation: eglCreateContext: 0xf4421f00: maj 2 min 0 rcv 2
07-28 13:08:02.656  5175  5175 W .android.chrome: type=1400 audit(0.0:286): avc: granted { open } for path="/dev/ashmem" dev="tmpfs" ino=10476 scontext=u:r:untrusted_app_25:s0:c512,c768 tcontext=u:object_r:ashmem_device:s0 tclass=chr_file app=com.android.chrome
07-28 13:08:02.776  5175  5175 W .android.chrome: type=1400 audit(0.0:287): avc: granted { open } for path="/dev/ashmem" dev="tmpfs" ino=10476 scontext=u:r:untrusted_app_25:s0:c512,c768 tcontext=u:object_r:ashmem_device:s0 tclass=chr_file app=com.android.chrome
07-28 13:08:03.213  5175  5175 I Choreographer: Skipped 100 frames!  The application may be doing too much work on its main thread.
07-28 13:08:03.382  5175  5175 W InstanceID/Rpc: Found 10087
07-28 13:08:03.752  5175  5283 W cr_tabmodel: Starting to fetch tab list.
07-28 13:08:03.752  5175  5283 E cr_tabmodel: State file does not exist.
07-28 13:08:03.755  5175  5175 I Choreographer: Skipped 31 frames!  The application may be doing too much work on its main thread.
07-28 13:08:03.984  5175  5245 W chromium: [WARNING:spdy_session.cc(2322)] Received RST for invalid stream1
07-28 13:08:04.716  5175  5175 W Chrome_FileUser: type=1400 audit(0.0:288): avc: granted { open } for path="/dev/ashmem" dev="tmpfs" ino=10476 scontext=u:r:untrusted_app_25:s0:c512,c768 tcontext=u:object_r:ashmem_device:s0 tclass=chr_file app=com.android.chrome
07-28 13:08:04.998   303   303 D goldfish-address-space: claimShared: Ask to claim region [0x3f255f000 0x3f2d85000]
07-28 13:08:05.086  5250  5273 D EGL_emulation: eglCreateContext: 0xf4421e90: maj 2 min 0 rcv 2
07-28 13:08:05.148  5175  5175 W Chrome_FileUser: type=1400 audit(0.0:289): avc: granted { open } for path="/dev/ashmem" dev="tmpfs" ino=10476 scontext=u:r:untrusted_app_25:s0:c512,c768 tcontext=u:object_r:ashmem_device:s0 tclass=chr_file app=com.android.chrome
07-28 13:07:57.024   527   645 D ConnectivityService: NetReassign [no changes]
07-28 13:08:05.218   527  1489 I ActivityTaskManager: START u0 {cmp=com.android.chrome/org.chromium.chrome.browser.firstrun.FirstRunActivity (has extras)} from uid 10121
07-28 13:08:05.176  5175  5175 W .android.chrome: type=1400 audit(0.0:290): avc: granted { open } for path="/dev/ashmem" dev="tmpfs" ino=10476 scontext=u:r:untrusted_app_25:s0:c512,c768 tcontext=u:object_r:ashmem_device:s0 tclass=chr_file app=com.android.chrome
07-28 13:08:05.218   527   557 D EventSequenceValidator: Transition from INTENT_FAILED to INTENT_STARTED
07-28 13:08:05.221   406   406 I perfetto: ing_service_impl.cc:758 Configured tracing session 27, #sources:1, duration:5000 ms, #buffers:1, total buffer size:4096 KB, total sessions:1, uid:1071 session name: ""
07-28 13:08:05.221   399   399 I perfetto: probes_producer.cc:230  Ftrace setup (target_buf=27)
07-28 13:08:05.224   527   557 D EventSequenceValidator: Transition from INTENT_STARTED to INTENT_FAILED
07-28 13:08:05.228  5175  5175 I cr_Ime  : ImeThread is enabled.
07-28 13:08:05.251  5175  5175 I Choreographer: Skipped 87 frames!  The application may be doing too much work on its main thread.
07-28 13:08:05.273  5175  5211 I OpenGLRenderer: Davey! duration=1483ms; Flags=0, IntendedVsync=4624604288427, Vsync=4626054288369, OldestInputEvent=9223372036854775807, NewestInputEvent=0, HandleInputStart=4626067622800, AnimationStart=4626067657000, PerformTraversalsStart=4626071619100, DrawStart=4626072444300, SyncQueued=4626072787200, SyncStart=4626073900600, IssueDrawCommandsStart=4626073999300, SwapBuffers=4626077019800, FrameCompleted=4626088950000, DequeueBufferDuration=1057600, QueueBufferDuration=6407500, GpuCompleted=0, 
07-28 13:08:05.274   399   399 I perfetto: ftrace_procfs.cc:176    enabled ftrace
07-28 13:08:05.262     0     0 W perfetto: enabled ftrace
07-28 13:08:05.272  5175  5175 W Chrome_FileUser: type=1400 audit(0.0:291): avc: granted { open } for path="/dev/ashmem" dev="tmpfs" ino=10476 scontext=u:r:untrusted_app_25:s0:c512,c768 tcontext=u:object_r:ashmem_device:s0 tclass=chr_file app=com.android.chrome
07-28 13:08:05.316  5175  5175 W Chrome_FileUser: type=1400 audit(0.0:292): avc: granted { open } for path="/dev/ashmem" dev="tmpfs" ino=10476 scontext=u:r:untrusted_app_25:s0:c512,c768 tcontext=u:object_r:ashmem_device:s0 tclass=chr_file app=com.android.chrome
07-28 13:08:05.388  5250  5273 D EGL_emulation: eglCreateContext: 0xf4421d40: maj 2 min 0 rcv 2
07-28 13:08:05.448  5175  5175 W Chrome_FileUser: type=1400 audit(0.0:293): avc: granted { open } for path="/dev/ashmem" dev="tmpfs" ino=10476 scontext=u:r:untrusted_app_25:s0:c512,c768 tcontext=u:object_r:ashmem_device:s0 tclass=chr_file app=com.android.chrome
07-28 13:08:05.624   527  1202 W ActivityTaskManager: Tried to set launchTime (0) < mLastActivityLaunchTime (4610551)
07-28 13:08:05.592  5175  5175 W Chrome_FileUser: type=1400 audit(0.0:294): avc: granted { open } for path="/dev/ashmem" dev="tmpfs" ino=10476 scontext=u:r:untrusted_app_25:s0:c512,c768 tcontext=u:object_r:ashmem_device:s0 tclass=chr_file app=com.android.chrome
07-28 13:08:05.625   527  1202 W InputReader: Device virtio_input_multi_touch_9 is associated with display ADISPLAY_ID_NONE.
07-28 13:08:05.625   527  1202 W InputReader: Device virtio_input_multi_touch_7 is associated with display ADISPLAY_ID_NONE.
07-28 13:08:05.625   527  1202 W InputReader: Device virtio_input_multi_touch_6 is associated with display ADISPLAY_ID_NONE.
07-28 13:08:05.625   527  1202 W InputReader: Device virtio_input_multi_touch_3 is associated with display ADISPLAY_ID_NONE.
07-28 13:08:05.625   527  1202 W InputReader: Device virtio_input_multi_touch_10 is associated with display ADISPLAY_ID_NONE.
07-28 13:08:05.625   527  1202 W InputReader: Device virtio_input_multi_touch_8 is associated with display ADISPLAY_ID_NONE.
07-28 13:08:05.625   527  1202 W InputReader: Device virtio_input_multi_touch_4 is associated with display ADISPLAY_ID_NONE.
07-28 13:08:05.625   527  1202 W InputReader: Device virtio_input_multi_touch_11 is associated with display ADISPLAY_ID_NONE.
07-28 13:08:05.625   527  1202 W InputReader: Device virtio_input_multi_touch_5 is associated with display ADISPLAY_ID_NONE.
07-28 13:08:05.625   527  1202 W InputReader: Device virtio_input_multi_touch_2 is associated with display ADISPLAY_ID_NONE.
07-28 13:08:05.625   527  1202 W InputReader: Device virtio_input_multi_touch_9 is associated with display ADISPLAY_ID_NONE.
07-28 13:08:05.625   527  1202 W InputReader: Device virtio_input_multi_touch_7 is associated with display ADISPLAY_ID_NONE.
07-28 13:08:05.625   527  1202 W InputReader: Device virtio_input_multi_touch_6 is associated with display ADISPLAY_ID_NONE.
07-28 13:08:05.625   527  1202 W InputReader: Device virtio_input_multi_touch_3 is associated with display ADISPLAY_ID_NONE.
07-28 13:08:05.625   527  1202 W InputReader: Device virtio_input_multi_touch_10 is associated with display ADISPLAY_ID_NONE.
07-28 13:08:05.625   527  1202 W InputReader: Device virtio_input_multi_touch_8 is associated with display ADISPLAY_ID_NONE.
07-28 13:08:05.625   527  1202 W InputReader: Device virtio_input_multi_touch_4 is associated with display ADISPLAY_ID_NONE.
07-28 13:08:05.625   527  1202 W InputReader: Device virtio_input_multi_touch_11 is associated with display ADISPLAY_ID_NONE.
07-28 13:08:05.625   527  1202 W InputReader: Device virtio_input_multi_touch_5 is associated with display ADISPLAY_ID_NONE.
07-28 13:08:05.625   527  1202 W InputReader: Device virtio_input_multi_touch_2 is associated with display ADISPLAY_ID_NONE.
07-28 13:08:05.658  1215  2117 E angh    : Phenotype API error. Event # caox@341c0c99, EventCode: 7 [CONTEXT service_id=51 ]
07-28 13:08:05.658  1215  2117 E angh    : anfl: 29505: No config packages for log source, or config package not registered
07-28 13:08:05.658  1215  2117 E angh    : 	at angw.b(:com.google.android.gms@201817022@20.18.17 (040700-311416286):7)
07-28 13:08:05.658  1215  2117 E angh    : 	at angt.b(:com.google.android.gms@201817022@20.18.17 (040700-311416286):2)
07-28 13:08:05.658  1215  2117 E angh    : 	at angh.a(:com.google.android.gms@201817022@20.18.17 (040700-311416286):90)
07-28 13:08:05.658  1215  2117 E angh    : 	at angh.a(:com.google.android.gms@201817022@20.18.17 (040700-311416286):77)
07-28 13:08:05.658  1215  2117 E angh    : 	at zus.run(:com.google.android.gms@201817022@20.18.17 (040700-311416286):10)
07-28 13:08:05.658  1215  2117 E angh    : 	at blot.run(:com.google.android.gms@201817022@20.18.17 (040700-311416286):2)
07-28 13:08:05.658  1215  2117 E angh    : 	at sji.b(:com.google.android.gms@201817022@20.18.17 (040700-311416286):12)
07-28 13:08:05.658  1215  2117 E angh    : 	at sji.run(:com.google.android.gms@201817022@20.18.17 (040700-311416286):7)
07-28 13:08:05.658  1215  2117 E angh    : 	at java.util.concurrent.ThreadPoolExecutor.runWorker(ThreadPoolExecutor.java:1167)
07-28 13:08:05.658  1215  2117 E angh    : 	at java.util.concurrent.ThreadPoolExecutor$Worker.run(ThreadPoolExecutor.java:641)
07-28 13:08:05.658  1215  2117 E angh    : 	at spj.run(:com.google.android.gms@201817022@20.18.17 (040700-311416286):0)
07-28 13:08:05.658  1215  2117 E angh    : 	at java.lang.Thread.run(Thread.java:923)
07-28 13:08:05.659  1215  2117 E AsyncOperation: serviceID=51, operation=GetExperimentTokensOperationCall
07-28 13:08:05.659  1215  2117 E AsyncOperation: OperationException[Status{statusCode=No config packages for log source, or config package not registered, resolution=null}]
07-28 13:08:05.659  1215  2117 E AsyncOperation: 	at angh.a(:com.google.android.gms@201817022@20.18.17 (040700-311416286):92)
07-28 13:08:05.659  1215  2117 E AsyncOperation: 	at angh.a(:com.google.android.gms@201817022@20.18.17 (040700-311416286):77)
07-28 13:08:05.659  1215  2117 E AsyncOperation: 	at zus.run(:com.google.android.gms@201817022@20.18.17 (040700-311416286):10)
07-28 13:08:05.659  1215  2117 E AsyncOperation: 	at blot.run(:com.google.android.gms@201817022@20.18.17 (040700-311416286):2)
07-28 13:08:05.659  1215  2117 E AsyncOperation: 	at sji.b(:com.google.android.gms@201817022@20.18.17 (040700-311416286):12)
07-28 13:08:05.659  1215  2117 E AsyncOperation: 	at sji.run(:com.google.android.gms@201817022@20.18.17 (040700-311416286):7)
07-28 13:08:05.659  1215  2117 E AsyncOperation: 	at java.util.concurrent.ThreadPoolExecutor.runWorker(ThreadPoolExecutor.java:1167)
07-28 13:08:05.659  1215  2117 E AsyncOperation: 	at java.util.concurrent.ThreadPoolExecutor$Worker.run(ThreadPoolExecutor.java:641)
07-28 13:08:05.659  1215  2117 E AsyncOperation: 	at spj.run(:com.google.android.gms@201817022@20.18.17 (040700-311416286):0)
07-28 13:08:05.659  1215  2117 E AsyncOperation: 	at java.lang.Thread.run(Thread.java:923)
07-28 13:08:05.709   527   645 D ConnectivityService: NetReassign [no changes]
07-28 13:08:05.800   303   303 D goldfish-address-space: claimShared: Ask to claim region [0x3f2d85000 0x3f36ea000]
07-28 13:08:05.821   303   303 D goldfish-address-space: claimShared: Ask to claim region [0x3f0000000 0x3f0965000]
07-28 13:08:05.834   303   303 D goldfish-address-space: claimShared: Ask to claim region [0x3f0965000 0x3f12ca000]
07-28 13:08:05.850   303   303 D goldfish-address-space: claimShared: Ask to claim region [0x3f1b74000 0x3f239a000]
07-28 13:08:05.870   527   564 I ActivityTaskManager: Displayed com.android.chrome/org.chromium.chrome.browser.firstrun.FirstRunActivity: +637ms
07-28 13:08:06.071  5175  5175 I cr_InstantAppsHandler: Not handling with Instant Apps
07-28 13:08:06.203  1697  1712 I gle.android.gm: Background concurrent copying GC freed 165707(4511KB) AllocSpace objects, 1(132KB) LOS objects, 49% free, 10MB/21MB, paused 268us total 102.322ms
07-28 13:08:06.364  5175  5175 W .android.chrome: type=1400 audit(0.0:295): avc: granted { open } for path="/dev/ashmem" dev="tmpfs" ino=10476 scontext=u:r:untrusted_app_25:s0:c512,c768 tcontext=u:object_r:ashmem_device:s0 tclass=chr_file app=com.android.chrome
07-28 13:08:07.216  5175  5175 W Thread-4: type=1400 audit(0.0:296): avc: granted { open } for path="/dev/ashmem" dev="tmpfs" ino=10476 scontext=u:r:untrusted_app_25:s0:c512,c768 tcontext=u:object_r:ashmem_device:s0 tclass=chr_file app=com.android.chrome
07-28 13:08:07.314  5175  5175 I chromium: [INFO:CONSOLE(0)] "The source list for Content Security Policy directive 'script-src' contains an invalid source: ''report-sample''. It will be ignored.", source: https://www.google.com/m?hl=en&source=android-launcher-widget&q=youtube+music (0)
07-28 13:08:08.237   527  1430 E TaskPersister: File error accessing recents directory (directory doesn't exist?).
07-28 13:08:10.226   399   399 I perfetto: probes_producer.cc:329  Producer stop (id=27)
07-28 13:08:10.231   406   406 I perfetto: ng_service_impl.cc:1948 Tracing session 27 ended, total sessions:0
07-28 13:08:10.232   399   399 I perfetto: ftrace_procfs.cc:183    disabled ftrace
07-28 13:08:10.221     0     0 W perfetto: disabled ftrace
07-28 13:08:10.528  5175  5175 W Thread-4: type=1400 audit(0.0:297): avc: granted { open } for path="/dev/ashmem" dev="tmpfs" ino=10476 scontext=u:r:untrusted_app_25:s0:c512,c768 tcontext=u:object_r:ashmem_device:s0 tclass=chr_file app=com.android.chrome
07-28 13:08:12.860  5175  5175 I chatty  : uid=10121(com.android.chrome) identical 1 line
07-28 13:08:13.644  5175  5175 W Thread-4: type=1400 audit(0.0:299): avc: granted { open } for path="/dev/ashmem" dev="tmpfs" ino=10476 scontext=u:r:untrusted_app_25:s0:c512,c768 tcontext=u:object_r:ashmem_device:s0 tclass=chr_file app=com.android.chrome
07-28 13:08:13.783  5175  5175 V NFC     : this device does not have NFC support
07-28 13:08:13.895  5175  5175 I cr_BindingManager: Moderate binding enabled: maxSize=20
07-28 13:08:13.908  5175  5317 I cr_LogcatExtraction: Trying to extract logcat for minidump
07-28 13:08:13.909     0     0 D logd    : logdr: UID=10121 GID=10121 PID=5318 n tail=0 logMask=99 pid=0 start=0ns timeout=0ns
07-28 13:08:13.948  1697  2128 I Icing   : IndexChimeraService.getServiceInterface callingPackage=com.google.android.gms componentName=null serviceId=36 [CONTEXT service_id=21 ]
07-28 13:08:13.957  1697  2128 I Icing   : IndexChimeraService.getServiceInterface callingPackage=com.android.chrome componentName=null serviceId=36 [CONTEXT service_id=21 ]
07-28 13:08:13.961  1697  2615 W Icing   : No valid account for uploading user actions [CONTEXT service_id=21 ]
07-28 13:08:13.987  1697  2128 I Icing   : IndexChimeraService.getServiceInterface callingPackage=com.google.android.gms componentName=null serviceId=30 [CONTEXT service_id=21 ]
07-28 13:08:14.006  1697  2615 I Icing   : Usage reports ok 1, Failed Usage reports 0, indexed 0, rejected 0 [CONTEXT service_id=21 ]
07-28 13:08:14.010  1697  2615 W Icing   : No valid account for uploading user actions [CONTEXT service_id=21 ]
07-28 13:08:14.013  5175  5317 I cr_LogcatExtraction: Output crash dump:
07-28 13:08:14.013  5175  5317 I cr_LogcatExtraction: /data/user/0/com.android.chrome/cache/Crash Reports/714c0605-eb42-852e-349c34ae-4426eb60.dmp
07-28 13:08:14.022  1697  2615 I Icing   : Usage reports ok 0, Failed Usage reports 0, indexed 0, rejected 0 [CONTEXT service_id=21 ]
07-28 13:08:14.024  5175  5320 E cr_Icing: Failed to clear legacy corpus. Status Code: 8 Message: No CorpusConfig for history of com.android.chrome
07-28 13:08:14.027  5175  5324 I cr_MinidmpUploadService: Attempting to upload accumulated crash dumps.
07-28 13:08:14.027  1697  2615 W Icing   : No valid account for uploading user actions [CONTEXT service_id=21 ]
07-28 13:08:14.034  5175  5324 E cr_MDUploadCallable: Ignoring invalidly bound crash dump: '/data/user/0/com.android.chrome/cache/Crash Reports/714c0605-eb42-852e-349c34ae-4426eb60.dmp.try0'
07-28 13:08:14.044  1697  2615 I Icing   : Usage reports ok 0, Failed Usage reports 0, indexed 0, rejected 0 [CONTEXT service_id=21 ]
07-28 13:08:14.968  5175  5175 W Thread-4: type=1400 audit(0.0:300): avc: granted { open } for path="/dev/ashmem" dev="tmpfs" ino=10476 scontext=u:r:untrusted_app_25:s0:c512,c768 tcontext=u:object_r:ashmem_device:s0 tclass=chr_file app=com.android.chrome
07-28 13:08:19.042   475   475 E netmgr  : qemu_pipe_open_ns:62: Could not connect to the 'pipe:qemud:network' service: Invalid argument
07-28 13:08:19.042   475   475 E netmgr  : Failed to open QEMU pipe 'qemud:network': Invalid argument
07-28 13:08:19.807   487   487 E wifi_forwarder: qemu_pipe_open_ns:62: Could not connect to the 'pipe:qemud:wififorward' service: Invalid argument
07-28 13:08:19.807   487   487 E wifi_forwarder: RemoteConnection failed to initialize: RemoteConnection failed to open pipe
07-28 13:08:30.182   208   210 E android.system.suspend@1.0-service: Error opening kernel wakelock stats for: wakeup34: Permission denied
07-28 13:08:30.176   208   208 W Binder:208_1: type=1400 audit(0.0:301): avc: denied { read } for name="wakeup34" dev="sysfs" ino=18950 scontext=u:r:system_suspend:s0 tcontext=u:object_r:sysfs:s0 tclass=dir permissive=0
07-28 13:08:30.195   208   210 E android.system.suspend@1.0-service: Error opening kernel wakelock stats for: wakeup35: Permission denied
07-28 13:08:30.192   208   208 W Binder:208_1: type=1400 audit(0.0:302): avc: denied { read } for name="wakeup35" dev="sysfs" ino=19013 scontext=u:r:system_suspend:s0 tcontext=u:object_r:sysfs:s0 tclass=dir permissive=0
07-28 13:08:55.450  5175  5276 W google-breakpad: Failed to generate minidump.
07-28 13:08:55.498  5326  5276 F google-breakpad: -----BEGIN BREAKPAD MICRODUMP-----
07-28 13:08:55.499  5326  5276 F google-breakpad: V Chrome_Android:55.0.2883.91
07-28 13:08:55.501  5326  5276 F google-breakpad: O A arm 04 i686 Android/sdk_phone_x86/generic_x86:11/RSR1.210210.001.A1/7193139:userdebug/dev-keys
07-28 13:08:55.501  5326  5276 F google-breakpad: P browser
07-28 13:08:55.507  5326  5276 F google-breakpad: G UNKNOWN
07-28 13:08:55.512  5326  5276 F google-breakpad: H 12C00000 FFBD0000 0020 39E18000 8B254000 0C:01 0D:03 0E:01 0F:02 10:05 11:08 12:01 14:06 17:01 1B:01 1C:01 1D:02
07-28 13:08:55.514  5326  5276 F google-breakpad: S 0 B58BFE10 B58BF000 00008000
07-28 13:08:55.526  5326  5276 F google-breakpad: S B58BF000 0000000000000000000000000000000000000000000000000000000000000000000000000000000000000000000000000000000000000000000000000000000000000000000000000000000000000000000000000000000000000000000000000000000000000000000000000000000000000000000000000000000000000000000000000000000000000000000000000000000000000000000000000000000000000000000000000000000000000000000000000000000000000000000000000000000000000000000000000000000000000000000000000000000000000000000000000000000000000000000000000000000000000000B6F68BB51592C5BE90F58BB50BF38BB524F28BB5C783C5BE30000000000000000000000000000000000000000000000000000000000000000000000000000000000000000000000000000000000000000000000000000000000000000000000000000000000000000000000000000000000000000000000000000000000000000000000000000000
07-28 13:08:55.526  5326  5276 F google-breakpad: S B58BF180 00000000000000000000000000000000000000000000000000000000000000000000000000000000000000000000000000000000000000000000000000000000000000000000000000000000000000000000000000000000000000000000000000000000000000000000000000000000000000000000000000000000000000000000000000000000000000000000000000000000AD97251BC4F68BB51592C5BE04000000D65BD7BE68F58BB5AD97251B2BF78BB51592C5BE550000007A6CD7BE80F58BB57370C5BE06F88BB51592C5BEE0F68BB55BF48BB574F38BB5C783C5BE30000000000000000000000000000000000000000000000000000000040000000000000049FCE3BE0000000017F38BB51AF38BB5550000000000000049FCE3BE64F88BB51592C5BE38F78BB5B3F48BB5CCF38BB5C783C5BE3030744A38F38BB530F38BB524F38BB539F38BB5A0F58BB500000000B8F58BB5A8F58BB500000000D00D38F400000000000000000000000000000000000000000000000000000000
07-28 13:08:55.526  5326  5276 F google-breakpad: S B58BF300 00000000000000003532373600000000000000000000000000000000000000000000000000000000000000000000000000000000000000000000000000000000000000000000000000000000000000000000000000000000000000000000000000000000AD97251B14F88BB51592C5BE04000000D65BD7BEB8F68BB5AD97251B75F88BB51592C5BE50000000A566D7BED0F68BB57370C5BE002000000000000000000000000000000000000000000000000000000000000000000000AD97251B6CF88BB51592C5BE04000000D65BD7BE10F78BB5AD97251B02000000CAF48BB50200000028F78BB5ACF98BB51592C5BE80F88BB5FAF58BB514F58BB5C783C5BE30F98BB51592C5BE98F88BB514F68BB52CF58BB5C783C5BE30F48BB5F0F68BB500000000040000000000000049FCE3BE00000000BFF48BB5C2F48BB5020000000000000049FCE3BE00000000D7F48BB5DAF48BB500000000260B744ACBF48BB5280B744AE0F48BB5D8F48BB5CCF48BB5E1F48BB548F78BB50000000060F78BB5
07-28 13:08:55.527  5326  5276 F google-breakpad: S B58BF480 50F78BB5000000001300000000000000DC010000A0F58BB5E6070000DC010000D0B60000A419BDC511FA8BB51592C5BE35323736BAF68BB5D4F58BB5C783C5BE3030303082000000E0F43139E4000000D0B60000C831BDC5E0F48BB57105BCC5380000000000000000000000D9E2BBC500000000A0F58BB50000000000000000584D0000AD97251BB4F98BB51592C5BE04000000D65BD7BE58F88BB5AD97251BC6F98BB51592C5BE020000003C66D7BE70F88BB57370C5BE00200000C783C5BE30303030C783C5BE303030300000000000000000000000000000000000000000000000000000000000000000040000000000000049FCE3BE0000000007F68BB50AF68BB5020000000000000049FCE3BE000000001FF68BB522F68BB500000000DE09744A13F68BB5E009744A28F68BB520F68BB514F68BB529F68BB590F88BB500000000A8F88BB598F88BB500000000120000000000000003000000B973C5BE00200000F0F68BB5E6070000DC010000D0B60000A419BDC5353237368C08BEC5
07-28 13:08:55.528  5326  5276 F google-breakpad: S B58BF600 000000003C000000D0B60000F031BDC5D00031388200000030F68BB5E4000000D0B60000C831BDC530F68BB5000000000000000000000000EE01000048F78BB5E6070000AD97251B05000000D568D7BE0500000098F98BB505000000B973C5BE00200000B973C5BE002001008200000088F68BB5E4000000D0B60000C831BDC5E9FB8BB51592C5BE18FB8BB592F88BB5ACF78BB5C783C5BE3030303048F78BB50000000000000000584D0000050000000000000049FCE3BE50000000506429BFA0000000506429BF4F000000EF9BB2BCA0000000460000008CF78BB5506429BF60000000EF9BB2BC8CF78BB55500000070AC30B5FFA7B3BCAD97251B680000000000000280460DF448C1BDC5A578B8C523F88BB50F0000002000000023F88BB50F00000070D761F445000000000000000000000000000000AD97251B70354DDB6800000080460DF498F78BB580F78BB564F98BB570354DDB00F88BB5B36AB8C584F78BB58CF78BB598F78BB5E357CBBCDCF98BB5000000000000000000000000
07-28 13:08:55.528  5326  5276 F google-breakpad: S B58BF780 EE01000090F88BB5E6070000EE010000D0B60000A419BDC5000000008C08BEC5000000003C000000D0B60000F031BDC5D000000082000000D0F78BB5E4000000D0B60000C831BDC5D0F78BB57105BCC50E0000000000000000000000D9E2BBC50000000090F88BB50000000000000000584D0000B05D46E690F88BB5E05D46E6981274D2AD97251B9C14000000000000000000000000000000000000AD97251B9C140000000000000000000000000000000000000000000000000000000000000000000000000000000000000000000000000000000000000000000000000000AF5BD7BEB5F98BB5D701000098F88BB530F98BB5F8F88BB52866D7BED0FB8BB5A00F8FB3FB81C5BEF8F88BB51D000000E0FB8BB5D0FB8BB500000000B5F98BB5D70100001200000004000000D000000000000000584D0000E09446E6E63CE262AD97251B78F98BB526000000D46D48BF78F98BB526000000D46D48BFD06D48BF0000000000000000000000000000000000000000000000000000000000000000
07-28 13:08:55.528  5326  5276 F google-breakpad: S B58BF900 2F00000053AECBBC000000000000000000000000000000000000000098F98BB5B5F98BB58CFB8BB5F401000070F98BB500000000D0FB8BB5A00F8FB3ADADCBBC070000001C0000000D000000080000000E000000260000009C1400000000000078F98BB52866D7BE94E0BDC5AF5BD7BED0FB8BB56E432F00E607000007000000040000001C0000000D000000080000000E00000026000000323032322F30372F32382D31333A30383A31342E30333820353237362044656C65746520747970653D33202331380A0094E0BDC5CB26B5BCF09A8FB30F00000084FA8BB5AD97251B14FA8BB590FA8BB514FA8BB518FC8BB56CFA8BB5C4AC30B584FA8BB500000000D0AC30B55923B5BC10F149C0F09A8FB30F000000110000000F000000E01843B5C4AC30B560FA8BB560FA8BB591B1CBBC6E7E51140100000000FC8BB57C3401F494E0BDC590FA8BB57004C7BE7204C7BE0000000000000000A3FA8BB50F00000070AC30B570AC30B5D0AC30B55100000005FD00000000000051000000B2010200
07-28 13:08:55.529  5326  5276 F google-breakpad: S B58BFA80 80810000010000008927000089ABCDEFFEDCBA9866657242765432104C6576656C44422E4F70656E2E55736167655265706F72747342756661636B656E6480000000000000000000000000003001000000000000A72394AB39A093FCC3595B65D15D848535F23ABD70BCBFBEC67E9B28FA27A1EAF87CA21F6556ACC4012345670000000064FB8BB594FB8BB564FB8BB5B0FB8BB5F4FB8BB578FB8BB5B0FB8BB5AD97251B010000002180E0BEE535B4BC0400000094E0BDC564FB8BB576543210FEDCBA98F4FB8BB5AD97251B010000002180E0BE64FB8BB56100000090FF0FB426000000000000000000000000000000000000000000000000000000000000000000000000000000000000000000000078FC8BB59560BEBFD0FB8BB50B0000000CFD8BB501000000109101BF1000000044FD8BB51D0000000000000094E0BDC500000000ACFC8BB500FC8BB5B3CBB8C5009C140F3DE2622CD5D91AB5AD97251B00FC8BB55896BEBFCAD9BDBF60FC8BB50100080005000000000000001F51BEBF
07-28 13:08:55.529  5326  5276 F google-breakpad: S B58BFC00 0000000000000000000000000000000000000000000000000000000000000000000000000000000000000000ACFC8BB578FC8BB594E0BDC50000000000000000000000000000000000000000AD97251BAD97251B78FC8BB594E0BDC5000000002E00000044FD8BB503000000ACFC8BB5F06C55F415FEBDBF0F3DE2622CD5D91A6C6F672EAD97251B04FD8BB594E0BDC5000000001600000044FD8BB516000000F0FE8BB577FDBDBF94E0BDC50CFD8BB501000000109101BF1000000044FD8BB51D000000AD97251B74F47BB504FD8BB5109101BFF3FFBDBF1600000074F47BB505000000109101BF94E0BDC544FD8BB516000000F0FE8BB5F06C55F409FFBDBFAD97251B1C0000000000000005000000109101BF000000000000000044FD8BB5AD97251B5CFD8BB594E0BDC544FD8BB54E5AD2BE84FD8BB588BE94BCED34E5BD7CFD8BB54661696C656420746F2067656E6572617465206D696E6964756D702E00000000AD97251B0000000020240AF400000000CE14000010240AF420240AF4
07-28 13:08:55.529  5326  5276 F google-breakpad: S B58BFD80 1FDFE0BE0001000000100000007080DBBC22B8C5F8040000000000003714000020240AF410240AF450A852BF70030000907095BC000000000B000000907095BC181ABDD200000000C8AB52BFCDE198BE6DE198BEF80400000400000CBC22B8C50000000000FE8BB5D1ECCBBC90D9A7BCAC00000045EFB816E8FE8BB51C1080DB108061F4D1ECCBBC33EDCBBC18A9BBC500000000D86D48BF10FF8BB5406D55F4108061F4D1ECCBBC90D9A7BC0000000000000000108061F4D86D48BFE349CBBC000000000000000000000000000000000000000000000000000000000000000000000000000000000000000000000000000000000000000045EFB8160100000028FF8BB55CFF8BB5F46C55F44CFF8BB5B8FE8BB510FF8BB5486948BF108061F4F06C55F4FFFFFFFFF432E4BE0033E4BEFC3FE4BE182BE4BE45EFB816010000000000000000000000000000000000000000000000000000001FDFE0BE000000000000000000000000000000000000000000000000000000000000000000000000
07-28 13:08:55.530  5326  5276 F google-breakpad: S B58BFF00 000000003CFF8BB5000000003CFF8BB50000000000000000F04561F40000000000000000DF60B8C5E0C80BB40000000000000000000000000000000040000000400000000000000002000000800317BF1FDFE0BE280000004DDBD8BCF0A68FB373EBB816010000008C8D07B80000000000000000108061F4346948BF306948BF00000000000000000000000000000000000000002746CBBCF945CBBC108061F494E0BDC5208061F400000000E345CBBC083532373600000000000000AD97251BE0F17BB5108061F490596BF42DBFCABCE0FF8BB500000000000000001C1080DB000000000000000000000000000000000000000000000000000000000000000030E80FE630E80FE630E80FE630E80FE630E80FE630E80FE630E80FE630E80FE630E80FE630E80FE630E80FE630E80FE630E80FE630E80FE630E80FE630E80FE630E80FE630E80FE630E80FE630E80FE630E80FE630E80FE630E80FE630E80FE630E80FE630E80FE630E80FE630E80FE630E80FE630E80FE630E80FE630E80FE6
07-28 13:08:55.530  5326  5276 F google-breakpad: S B58C0080 30E80FE630E80FE630E80FE630E80FE630E80FE630E80FE630E80FE630E80FE630E80FE630E80FE630E80FE630E80FE630E80FE630E80FE630E80FE630E80FE630E80FE630E80FE630E80FE630E80FE630E80FE630E80FE630E80FE630E80FE630E80FE630E80FE630E80FE630E80FE630E80FE630E80FE630E80FE630E80FE630E80FE630E80FE630E80FE630E80FE630E80FE630E80FE630E80FE630E80FE630E80FE630E80FE630E80FE630E80FE630E80FE630E80FE630E80FE630E80FE630E80FE630E80FE630E80FE630E80FE630E80FE630E80FE630E80FE630E80FE630E80FE630E80FE630E80FE630E80FE630E80FE630E80FE630E80FE630E80FE630E80FE630E80FE630E80FE630E80FE630E80FE630E80FE630E80FE630E80FE630E80FE630E80FE630E80FE630E80FE630E80FE630E80FE630E80FE630E80FE630E80FE630E80FE630E80FE630E80FE630E80FE630E80FE630E80FE630E80FE630E80FE630E80FE630E80FE630E80FE630E80FE630E80FE630E80FE630E80FE6
07-28 13:08:55.531  5326  5276 F google-breakpad: S B58C0200 30E80FE630E80FE630E80FE630E80FE630E80FE630E80FE630E80FE630E80FE630E80FE630E80FE630E80FE630E80FE630E80FE630E80FE630E80FE630E80FE630E80FE630E80FE630E80FE630E80FE630E80FE630E80FE630E80FE630E80FE630E80FE630E80FE630E80FE630E80FE630E80FE630E80FE630E80FE630E80FE630E80FE630E80FE630E80FE630E80FE630E80FE630E80FE630E80FE630E80FE630E80FE630E80FE630E80FE630E80FE630E80FE630E80FE630E80FE630E80FE630E80FE630E80FE630E80FE630E80FE630E80FE630E80FE630E80FE630E80FE630E80FE630E80FE630E80FE630E80FE630E80FE630E80FE630E80FE630E80FE630E80FE630E80FE630E80FE630E80FE630E80FE630E80FE630E80FE630E80FE630E80FE630E80FE630E80FE630E80FE630E80FE630E80FE630E80FE630E80FE630E80FE630E80FE630E80FE630E80FE630E80FE630E80FE630E80FE630E80FE630E80FE630E80FE630E80FE630E80FE630E80FE630E80FE630E80FE630E80FE6
07-28 13:08:55.531  5326  5276 F google-breakpad: S B58C0380 30E80FE630E80FE630E80FE630E80FE630E80FE630E80FE630E80FE630E80FE630E80FE630E80FE630E80FE630E80FE630E80FE630E80FE630E80FE630E80FE630E80FE630E80FE630E80FE630E80FE630E80FE630E80FE630E80FE630E80FE630E80FE630E80FE630E80FE630E80FE630E80FE630E80FE630E80FE630E80FE630E80FE630E80FE630E80FE630E80FE630E80FE630E80FE630E80FE630E80FE630E80FE630E80FE630E80FE630E80FE630E80FE630E80FE630E80FE630E80FE630E80FE630E80FE630E80FE630E80FE630E80FE630E80FE630E80FE630E80FE630E80FE630E80FE630E80FE630E80FE630E80FE630E80FE630E80FE630E80FE630E80FE630E80FE630E80FE630E80FE630E80FE630E80FE630E80FE630E80FE630E80FE630E80FE630E80FE630E80FE630E80FE630E80FE630E80FE630E80FE630E80FE630E80FE630E80FE630E80FE630E80FE630E80FE630E80FE630E80FE630E80FE630E80FE630E80FE630E80FE630E80FE630E80FE630E80FE630E80FE6
07-28 13:08:55.531  5326  5276 F google-breakpad: S B58C0500 30E80FE630E80FE630E80FE630E80FE630E80FE630E80FE630E80FE630E80FE630E80FE630E80FE630E80FE630E80FE630E80FE630E80FE630E80FE630E80FE630E80FE630E80FE630E80FE630E80FE630E80FE630E80FE630E80FE630E80FE630E80FE630E80FE630E80FE630E80FE630E80FE630E80FE630E80FE630E80FE630E80FE630E80FE630E80FE630E80FE630E80FE630E80FE630E80FE630E80FE630E80FE630E80FE630E80FE630E80FE630E80FE630E80FE630E80FE630E80FE630E80FE630E80FE630E80FE630E80FE630E80FE630E80FE630E80FE630E80FE630E80FE630E80FE630E80FE630E80FE630E80FE630E80FE630E80FE630E80FE630E80FE630E80FE630E80FE630E80FE630E80FE630E80FE630E80FE630E80FE630E80FE630E80FE630E80FE630E80FE630E80FE630E80FE630E80FE630E80FE630E80FE630E80FE630E80FE630E80FE630E80FE630E80FE630E80FE630E80FE630E80FE630E80FE630E80FE630E80FE630E80FE630E80FE630E80FE630E80FE6
07-28 13:08:55.531  5326  5276 F google-breakpad: S B58C0680 30E80FE630E80FE630E80FE630E80FE630E80FE630E80FE630E80FE630E80FE630E80FE630E80FE630E80FE630E80FE630E80FE630E80FE630E80FE630E80FE630E80FE630E80FE630E80FE630E80FE630E80FE630E80FE630E80FE630E80FE630E80FE630E80FE630E80FE630E80FE630E80FE630E80FE630E80FE630E80FE630E80FE630E80FE630E80FE630E80FE630E80FE630E80FE630E80FE630E80FE630E80FE630E80FE630E80FE630E80FE630E80FE630E80FE630E80FE630E80FE630E80FE630E80FE630E80FE630E80FE630E80FE630E80FE630E80FE630E80FE630E80FE630E80FE630E80FE630E80FE630E80FE630E80FE630E80FE630E80FE630E80FE630E80FE630E80FE630E80FE630E80FE630E80FE630E80FE630E80FE630E80FE630E80FE630E80FE630E80FE630E80FE630E80FE630E80FE630E80FE630E80FE630E80FE630E80FE630E80FE630E80FE630E80FE630E80FE630E80FE630E80FE630E80FE630E80FE630E80FE630E80FE630E80FE630E80FE630E80FE6
07-28 13:08:55.531  5326  5276 F google-breakpad: S B58C0800 30E80FE630E80FE630E80FE630E80FE630E80FE630E80FE630E80FE630E80FE630E80FE630E80FE630E80FE630E80FE630E80FE630E80FE630E80FE630E80FE630E80FE630E80FE630E80FE630E80FE630E80FE630E80FE630E80FE630E80FE630E80FE630E80FE630E80FE630E80FE630E80FE630E80FE630E80FE630E80FE630E80FE630E80FE630E80FE630E80FE630E80FE630E80FE630E80FE630E80FE630E80FE630E80FE630E80FE630E80FE630E80FE630E80FE630E80FE630E80FE630E80FE630E80FE630E80FE630E80FE630E80FE630E80FE630E80FE630E80FE630E80FE630E80FE630E80FE630E80FE630E80FE630E80FE630E80FE630E80FE630E80FE630E80FE630E80FE630E80FE630E80FE630E80FE630E80FE630E80FE630E80FE630E80FE630E80FE630E80FE630E80FE630E80FE630E80FE630E80FE630E80FE630E80FE630E80FE630E80FE630E80FE630E80FE630E80FE630E80FE630E80FE630E80FE630E80FE630E80FE630E80FE630E80FE630E80FE630E80FE6
07-28 13:08:55.531  5326  5276 F google-breakpad: S B58C0980 30E80FE630E80FE630E80FE630E80FE630E80FE630E80FE630E80FE630E80FE630E80FE630E80FE630E80FE630E80FE630E80FE630E80FE630E80FE630E80FE630E80FE630E80FE630E80FE630E80FE630E80FE630E80FE630E80FE630E80FE630E80FE630E80FE630E80FE630E80FE630E80FE630E80FE630E80FE630E80FE630E80FE630E80FE630E80FE630E80FE630E80FE630E80FE630E80FE630E80FE630E80FE630E80FE630E80FE630E80FE630E80FE630E80FE630E80FE630E80FE630E80FE630E80FE630E80FE630E80FE630E80FE630E80FE630E80FE630E80FE630E80FE630E80FE630E80FE630E80FE630E80FE630E80FE630E80FE630E80FE630E80FE630E80FE630E80FE630E80FE630E80FE630E80FE630E80FE630E80FE630E80FE630E80FE630E80FE630E80FE630E80FE630E80FE630E80FE630E80FE630E80FE630E80FE630E80FE630E80FE630E80FE630E80FE630E80FE630E80FE630E80FE630E80FE630E80FE630E80FE630E80FE630E80FE630E80FE630E80FE6
07-28 13:08:55.532  5326  5276 F google-breakpad: S B58C0B00 30E80FE630E80FE630E80FE630E80FE630E80FE630E80FE630E80FE630E80FE630E80FE630E80FE630E80FE630E80FE630E80FE630E80FE630E80FE630E80FE630E80FE630E80FE630E80FE630E80FE630E80FE630E80FE630E80FE630E80FE630E80FE630E80FE630E80FE630E80FE630E80FE630E80FE630E80FE630E80FE630E80FE630E80FE630E80FE630E80FE630E80FE630E80FE630E80FE630E80FE630E80FE630E80FE630E80FE630E80FE630E80FE630E80FE630E80FE630E80FE630E80FE630E80FE630E80FE630E80FE630E80FE630E80FE630E80FE630E80FE630E80FE630E80FE630E80FE630E80FE630E80FE630E80FE630E80FE630E80FE630E80FE630E80FE630E80FE630E80FE630E80FE630E80FE630E80FE630E80FE630E80FE630E80FE630E80FE630E80FE630E80FE630E80FE630E80FE630E80FE630E80FE630E80FE630E80FE630E80FE630E80FE630E80FE630E80FE630E80FE630E80FE630E80FE630E80FE630E80FE630E80FE630E80FE630E80FE630E80FE6
07-28 13:08:55.532  5326  5276 F google-breakpad: S B58C0C80 30E80FE630E80FE630E80FE630E80FE630E80FE630E80FE630E80FE630E80FE630E80FE630E80FE630E80FE630E80FE630E80FE630E80FE630E80FE630E80FE630E80FE630E80FE630E80FE630E80FE630E80FE630E80FE630E80FE630E80FE630E80FE630E80FE630E80FE630E80FE630E80FE630E80FE630E80FE630E80FE630E80FE630E80FE630E80FE630E80FE630E80FE630E80FE630E80FE630E80FE630E80FE630E80FE630E80FE630E80FE630E80FE630E80FE630E80FE630E80FE630E80FE630E80FE630E80FE630E80FE630E80FE630E80FE630E80FE630E80FE630E80FE630E80FE630E80FE630E80FE630E80FE630E80FE630E80FE630E80FE630E80FE630E80FE630E80FE630E80FE630E80FE630E80FE630E80FE630E80FE630E80FE630E80FE630E80FE630E80FE630E80FE630E80FE630E80FE630E80FE630E80FE630E80FE630E80FE630E80FE630E80FE630E80FE630E80FE630E80FE630E80FE630E80FE630E80FE630E80FE630E80FE630E80FE630E80FE630E80FE6
07-28 13:08:55.532  5326  5276 F google-breakpad: S B58C0E00 30E80FE630E80FE630E80FE630E80FE630E80FE630E80FE630E80FE630E80FE630E80FE630E80FE630E80FE630E80FE630E80FE630E80FE630E80FE630E80FE630E80FE630E80FE630E80FE630E80FE630E80FE630E80FE630E80FE630E80FE630E80FE630E80FE630E80FE630E80FE630E80FE630E80FE630E80FE630E80FE630E80FE630E80FE630E80FE630E80FE630E80FE630E80FE630E80FE630E80FE630E80FE630E80FE630E80FE630E80FE630E80FE630E80FE630E80FE630E80FE630E80FE630E80FE630E80FE630E80FE630E80FE630E80FE630E80FE630E80FE630E80FE630E80FE630E80FE630E80FE630E80FE630E80FE630E80FE630E80FE630E80FE630E80FE630E80FE630E80FE630E80FE630E80FE630E80FE630E80FE630E80FE630E80FE630E80FE630E80FE630E80FE630E80FE630E80FE630E80FE630E80FE630E80FE630E80FE630E80FE630E80FE630E80FE630E80FE630E80FE630E80FE630E80FE630E80FE630E80FE630E80FE630E80FE630E80FE630E80FE6
07-28 13:08:55.532  5326  5276 F google-breakpad: S B58C0F80 30E80FE630E80FE630E80FE630E80FE630E80FE630E80FE630E80FE630E80FE630E80FE630E80FE630E80FE630E80FE630E80FE630E80FE630E80FE630E80FE630E80FE630E80FE630E80FE630E80FE630E80FE630E80FE630E80FE630E80FE630E80FE630E80FE630E80FE630E80FE630E80FE630E80FE630E80FE630E80FE630E80FE630E80FE630E80FE630E80FE630E80FE630E80FE630E80FE630E80FE630E80FE630E80FE630E80FE630E80FE630E80FE630E80FE630E80FE630E80FE630E80FE630E80FE630E80FE630E80FE630E80FE630E80FE630E80FE630E80FE630E80FE630E80FE630E80FE630E80FE630E80FE630E80FE630E80FE630E80FE630E80FE630E80FE630E80FE630E80FE630E80FE630E80FE630E80FE630E80FE630E80FE630E80FE630E80FE630E80FE630E80FE630E80FE630E80FE630E80FE630E80FE630E80FE630E80FE630E80FE630E80FE630E80FE630E80FE630E80FE630E80FE630E80FE630E80FE630E80FE630E80FE630E80FE630E80FE630E80FE6
07-28 13:08:55.532  5326  5276 F google-breakpad: S B58C1100 30E80FE630E80FE630E80FE630E80FE630E80FE630E80FE630E80FE630E80FE630E80FE630E80FE630E80FE630E80FE630E80FE630E80FE630E80FE630E80FE630E80FE630E80FE630E80FE630E80FE630E80FE630E80FE630E80FE630E80FE630E80FE630E80FE630E80FE630E80FE630E80FE630E80FE630E80FE630E80FE630E80FE630E80FE630E80FE630E80FE630E80FE630E80FE630E80FE630E80FE630E80FE630E80FE630E80FE630E80FE630E80FE630E80FE630E80FE630E80FE630E80FE630E80FE630E80FE630E80FE630E80FE630E80FE630E80FE630E80FE630E80FE630E80FE630E80FE630E80FE630E80FE630E80FE630E80FE630E80FE630E80FE630E80FE630E80FE630E80FE630E80FE630E80FE630E80FE630E80FE630E80FE630E80FE630E80FE630E80FE630E80FE630E80FE630E80FE630E80FE630E80FE630E80FE630E80FE630E80FE630E80FE630E80FE630E80FE630E80FE630E80FE630E80FE630E80FE630E80FE630E80FE630E80FE630E80FE630E80FE6
07-28 13:08:55.533  5326  5276 F google-breakpad: S B58C1280 30E80FE630E80FE630E80FE630E80FE630E80FE630E80FE630E80FE630E80FE630E80FE630E80FE630E80FE630E80FE630E80FE630E80FE630E80FE630E80FE630E80FE630E80FE630E80FE630E80FE630E80FE630E80FE630E80FE630E80FE630E80FE630E80FE630E80FE630E80FE630E80FE630E80FE630E80FE630E80FE630E80FE630E80FE630E80FE630E80FE630E80FE630E80FE630E80FE630E80FE630E80FE630E80FE630E80FE630E80FE630E80FE630E80FE630E80FE630E80FE630E80FE630E80FE630E80FE630E80FE630E80FE630E80FE630E80FE630E80FE630E80FE630E80FE630E80FE630E80FE630E80FE630E80FE630E80FE630E80FE630E80FE630E80FE630E80FE630E80FE630E80FE630E80FE630E80FE630E80FE630E80FE630E80FE630E80FE630E80FE630E80FE630E80FE630E80FE630E80FE630E80FE630E80FE630E80FE630E80FE630E80FE630E80FE630E80FE630E80FE630E80FE630E80FE630E80FE630E80FE630E80FE630E80FE630E80FE630E80FE6
07-28 13:08:55.533  5326  5276 F google-breakpad: S B58C1400 30E80FE630E80FE630E80FE630E80FE630E80FE630E80FE630E80FE630E80FE630E80FE630E80FE630E80FE630E80FE630E80FE630E80FE630E80FE630E80FE630E80FE630E80FE630E80FE630E80FE630E80FE630E80FE630E80FE630E80FE630E80FE630E80FE630E80FE630E80FE630E80FE630E80FE630E80FE630E80FE630E80FE630E80FE630E80FE630E80FE630E80FE630E80FE630E80FE630E80FE630E80FE630E80FE630E80FE630E80FE630E80FE630E80FE630E80FE630E80FE630E80FE630E80FE630E80FE630E80FE630E80FE630E80FE630E80FE630E80FE630E80FE630E80FE630E80FE630E80FE630E80FE630E80FE630E80FE630E80FE630E80FE630E80FE630E80FE630E80FE630E80FE630E80FE630E80FE630E80FE630E80FE630E80FE630E80FE630E80FE630E80FE630E80FE630E80FE630E80FE630E80FE630E80FE630E80FE630E80FE630E80FE630E80FE630E80FE630E80FE630E80FE630E80FE630E80FE630E80FE630E80FE630E80FE630E80FE630E80FE6
07-28 13:08:55.533  5326  5276 F google-breakpad: S B58C1580 30E80FE630E80FE630E80FE630E80FE630E80FE630E80FE630E80FE630E80FE630E80FE630E80FE630E80FE630E80FE630E80FE630E80FE630E80FE630E80FE630E80FE630E80FE630E80FE630E80FE630E80FE630E80FE630E80FE630E80FE630E80FE630E80FE630E80FE630E80FE630E80FE630E80FE630E80FE630E80FE630E80FE630E80FE630E80FE630E80FE630E80FE630E80FE630E80FE630E80FE630E80FE630E80FE630E80FE630E80FE630E80FE630E80FE630E80FE630E80FE630E80FE630E80FE630E80FE630E80FE630E80FE630E80FE630E80FE630E80FE630E80FE630E80FE630E80FE630E80FE630E80FE630E80FE630E80FE630E80FE630E80FE630E80FE630E80FE630E80FE630E80FE630E80FE630E80FE630E80FE630E80FE630E80FE630E80FE630E80FE630E80FE630E80FE630E80FE630E80FE630E80FE630E80FE630E80FE630E80FE630E80FE630E80FE630E80FE630E80FE630E80FE630E80FE630E80FE630E80FE630E80FE630E80FE630E80FE630E80FE6
07-28 13:08:55.533  5326  5276 F google-breakpad: S B58C1700 30E80FE630E80FE630E80FE630E80FE630E80FE630E80FE630E80FE630E80FE630E80FE630E80FE630E80FE630E80FE630E80FE630E80FE630E80FE630E80FE630E80FE630E80FE630E80FE630E80FE630E80FE630E80FE630E80FE630E80FE630E80FE630E80FE630E80FE630E80FE630E80FE630E80FE630E80FE630E80FE630E80FE630E80FE630E80FE630E80FE630E80FE630E80FE630E80FE630E80FE630E80F