adb server is out of date.  killing...
* daemon started successfully *
--------- beginning of kernel
07-28 12:18:42.129     0     0 D logd    : Skipping 4294966348 entries from slow reader, pid 364, from LogBuffer::kickMe()
07-28 12:18:43.149     0     0 D logd    : logdr: UID=2000 GID=2000 PID=4603 b tail=0 logMask=99 pid=0 start=0ns timeout=0ns
--------- beginning of main
07-28 12:18:47.070  1074  1074 D TaplEvents: Main / Touch event: MotionEvent { action=ACTION_DOWN, actionButton=0, id[0]=0, x[0]=964.9402, y[0]=1961.8799, toolType[0]=TOOL_TYPE_FINGER, buttonState=0, classification=NONE, metaState=0, flags=0x0, edgeFlags=0x0, pointerCount=1, historySize=0, eventTime=1667884, downTime=1667884, deviceId=6, source=0x5002, displayId=0 }
07-28 12:18:47.299  1074  1074 D TaplEvents: Main / Touch event: MotionEvent { action=ACTION_UP, actionButton=0, id[0]=0, x[0]=964.9402, y[0]=1961.8799, toolType[0]=TOOL_TYPE_FINGER, buttonState=0, classification=NONE, metaState=0, flags=0x0, edgeFlags=0x0, pointerCount=1, historySize=0, eventTime=1668107, downTime=1667884, deviceId=6, source=0x5002, displayId=0 }
07-28 12:18:47.303  1074  1074 D TaplEvents: Main / start: startAppShortcutOrInfoActivity
--------- beginning of system
07-28 12:18:47.310   527  1489 I ActivityTaskManager: START u0 {act=android.intent.action.MAIN cat=[android.intent.category.LAUNCHER] flg=0x10200000 pkg=com.android.camera2 cmp=com.android.camera2/com.android.camera.CameraLauncher bnds=[842,1836][1043,2084]} from uid 10109
07-28 12:18:47.310   527   557 D EventSequenceValidator: Transition from INTENT_FAILED to INTENT_STARTED
07-28 12:18:47.327   406   406 I perfetto: ing_service_impl.cc:758 Configured tracing session 16, #sources:1, duration:5000 ms, #buffers:1, total buffer size:4096 KB, total sessions:1, uid:1071 session name: ""
07-28 12:18:47.330   399   399 I perfetto: probes_producer.cc:230  Ftrace setup (target_buf=16)
07-28 12:18:47.342   527  4174 I system_server: oneway function results will be dropped but finished with status OK and parcel size 4
07-28 12:18:47.342   527  4174 I chatty  : uid=1000(system) Binder:527_13 identical 1 line
07-28 12:18:47.348   527  4174 I system_server: oneway function results will be dropped but finished with status OK and parcel size 4
07-28 12:18:47.358   527  4174 W InputReader: Device virtio_input_multi_touch_9 is associated with display ADISPLAY_ID_NONE.
07-28 12:18:47.358   527  4174 W InputReader: Device virtio_input_multi_touch_7 is associated with display ADISPLAY_ID_NONE.
07-28 12:18:47.358   527  4174 W InputReader: Device virtio_input_multi_touch_6 is associated with display ADISPLAY_ID_NONE.
07-28 12:18:47.358   527  4174 W InputReader: Device virtio_input_multi_touch_3 is associated with display ADISPLAY_ID_NONE.
07-28 12:18:47.358   527  4174 W InputReader: Device virtio_input_multi_touch_10 is associated with display ADISPLAY_ID_NONE.
07-28 12:18:47.359   527  4174 W InputReader: Device virtio_input_multi_touch_8 is associated with display ADISPLAY_ID_NONE.
07-28 12:18:47.359   527  4174 W InputReader: Device virtio_input_multi_touch_4 is associated with display ADISPLAY_ID_NONE.
07-28 12:18:47.359   527  4174 W InputReader: Device virtio_input_multi_touch_11 is associated with display ADISPLAY_ID_NONE.
07-28 12:18:47.359   527  4174 W InputReader: Device virtio_input_multi_touch_5 is associated with display ADISPLAY_ID_NONE.
07-28 12:18:47.359   527  4174 W InputReader: Device virtio_input_multi_touch_2 is associated with display ADISPLAY_ID_NONE.
07-28 12:18:47.359   527  4174 W InputReader: Device virtio_input_multi_touch_9 is associated with display ADISPLAY_ID_NONE.
07-28 12:18:47.363   303   303 D goldfish-address-space: claimShared: Ask to claim region [0x3f506d000 0x3f591e000]
07-28 12:18:47.363   527  4174 W InputReader: Device virtio_input_multi_touch_7 is associated with display ADISPLAY_ID_NONE.
07-28 12:18:47.364   527  4174 W InputReader: Device virtio_input_multi_touch_6 is associated with display ADISPLAY_ID_NONE.
07-28 12:18:47.364   527  4174 W InputReader: Device virtio_input_multi_touch_3 is associated with display ADISPLAY_ID_NONE.
07-28 12:18:47.364   527  4174 W InputReader: Device virtio_input_multi_touch_10 is associated with display ADISPLAY_ID_NONE.
07-28 12:18:47.364   527  4174 W InputReader: Device virtio_input_multi_touch_8 is associated with display ADISPLAY_ID_NONE.
07-28 12:18:47.364   527  4174 W InputReader: Device virtio_input_multi_touch_4 is associated with display ADISPLAY_ID_NONE.
07-28 12:18:47.364   527  4174 W InputReader: Device virtio_input_multi_touch_11 is associated with display ADISPLAY_ID_NONE.
07-28 12:18:47.364   527  4174 W InputReader: Device virtio_input_multi_touch_5 is associated with display ADISPLAY_ID_NONE.
07-28 12:18:47.364   527  4174 W InputReader: Device virtio_input_multi_touch_2 is associated with display ADISPLAY_ID_NONE.
07-28 12:18:47.371   399   399 I perfetto: ftrace_procfs.cc:176    enabled ftrace
07-28 12:18:47.357     0     0 W perfetto: enabled ftrace
07-28 12:18:47.391  4308  4308 V CAM_QuickActivity: START onRestart: Activity = com.android.camera.CameraActivity@b3f441f
07-28 12:18:47.391  4308  4308 V CAM_QuickActivity: END onRestart: Activity = com.android.camera.CameraActivity@b3f441f
07-28 12:18:47.398   527   557 D EventSequenceValidator: Transition from INTENT_STARTED to ACTIVITY_LAUNCHED
07-28 12:18:47.402  4308  4308 V CAM_QuickActivity: START onStart: Activity = com.android.camera.CameraActivity@b3f441f
07-28 12:18:47.416  4308  4308 V CAM_FilmstripView: recycleView
07-28 12:18:47.416  4308  4308 V CAM_FilmstripView: suggesting item bounds: 1080x1977
07-28 12:18:47.416  4308  4308 V CAM_FilmstripView: getRecycledView, recycled=true
07-28 12:18:47.417  4308  4308 D CAM_FilmstripView: reload() - Ensure all items are loaded at max size.
07-28 12:18:47.419  4308  4308 I CAM_FilmstripView: [ViewItem:0] mData.renderThumbnail()
07-28 12:18:47.420  4308  4308 V CAM_QuickActivity: END onStart: Activity = com.android.camera.CameraActivity@b3f441f
07-28 12:18:47.421  4308  4308 V CAM_QuickActivity: START onNewIntent: Activity = com.android.camera.CameraActivity@b3f441f
07-28 12:18:47.421  4308  4308 V CAM_QuickActivity: Intent Action = android.intent.action.MAIN
07-28 12:18:47.421   386   470 D AudioFlinger: mixer(0xec934030) throttle end: throttle time(3)
07-28 12:18:47.421  4308  4308 V CAM_QuickActivity: END onNewIntent: Activity = com.android.camera.CameraActivity@b3f441f
07-28 12:18:47.421  4308  4308 V CAM_QuickActivity: START onResume: Activity = com.android.camera.CameraActivity@b3f441f
07-28 12:18:47.425  4308  4308 V CAM_QuickActivity: onResume(): isKeyguardLocked() = false
07-28 12:18:47.429  4308  4308 V CAM_QuickActivity: onResume --> onResumeTasks()
07-28 12:18:47.430  4308  4308 V CAM_Profiler: [  0.000ms][ui] GUARD: CameraActivity.resume - START
07-28 12:18:47.431  4308  4308 V CAM_CameraActivity: Build info: sdk_phone_x86-userdebug 11 RSR1.210210.001.A1 7193139 dev-keys
07-28 12:18:47.443  4308  4308 V CAM_Profiler: [  0.000ms][ui] GUARD: CaptureModule.resume - START
07-28 12:18:47.443  4308  4308 V CAM_Profiler: [  0.292ms][ui] GUARD: CaptureModule.resume - [ 0.013ms] getRemoteShutterListener.onModuleReady
07-28 12:18:47.445  4308  4435 D CAM_Storage: External storage state=mounted
07-28 12:18:47.446  4308  4308 V CAM_Profiler: [  2.852ms][ui] GUARD: CaptureModule.resume - [ 0.250ms] initSurfaceTextureConsumer
07-28 12:18:47.447  4308  4612 V CAM_Profiler: [  0.000ms] GUARD: CaptureModule.closeCamera() - START
07-28 12:18:47.447  4308  4612 V CAM_Profiler: [  0.295ms] GUARD: CaptureModule.closeCamera() - [ 0.295ms] mCameraOpenCloseLock.acquire()
07-28 12:18:47.447  4308  4612 V CAM_Profiler: [  0.510ms] GUARD: CaptureModule.closeCamera() - STOP
07-28 12:18:47.448  4308  4612 V CAM_Profiler: [  0.000ms] GUARD: CaptureModule.openCameraAndStartPreview() - START
07-28 12:18:47.448  4308  4612 V CAM_Profiler: [  0.087ms] GUARD: CaptureModule.openCameraAndStartPreview() - [ 0.087ms] Acquired mCameraOpenCloseLock
07-28 12:18:47.448  4308  4612 I CAM_OneCamera1Opnr: Opening Camera: CameraId{Api2='0',Api1:0}
07-28 12:18:47.448  4308  4612 V CAM_ActvCamDevTrckr: Tracking active camera: CameraId{Api2='0',Api1:0}
07-28 12:18:47.459  4308  4308 V CAM_Profiler: [ 15.768ms][ui] GUARD: CaptureModule.resume - [ 7.939ms] mHeadingSensor.activate()
07-28 12:18:47.459  4308  4308 I CAM_Profiler: [ 15.768ms][ui] GUARD: CaptureModule.resume - STOP
07-28 12:18:47.459  4308  4308 I CAM_Profiler: [ 29.546ms][ui] GUARD: CameraActivity.resume - [16.428ms] mCurrentModule.resume
07-28 12:18:47.461   414  4168 I CameraService: CameraService::connect call (PID -1 "com.android.camera2", camera ID 0) for HAL version default and Camera API version 2
07-28 12:18:47.465   414  4168 I Camera2ClientBase: Camera 0: Opened. Client: com.android.camera2 (PID 4308, UID 10091)
07-28 12:18:47.466   414  4168 I CameraDeviceClient: CameraDeviceClient 0: Opened
07-28 12:18:47.492   527  4174 I system_server: oneway function results will be dropped but finished with status OK and parcel size 4
07-28 12:18:47.496  4308  4308 V CAM_Profiler: [ 66.132ms][ui] GUARD: CameraActivity.resume - [ 0.009ms] mPanoramaViewHelper.onResume()
07-28 12:18:47.496  4308  4308 V CAM_LcyLocProvider: starting location updates
07-28 12:18:47.500  4308  4308 D CAM_LcyLocProvider: startReceivingLocationUpdates
07-28 12:18:47.500  4308  4308 I CAM_Profiler: [ 70.137ms][ui] GUARD: CameraActivity.resume - STOP
07-28 12:18:47.500  4308  4308 V CAM_QuickActivity: END onResume: Activity = com.android.camera.CameraActivity@b3f441f
07-28 12:18:47.505   295   382 E libc    : Access denied finding property "ro.camera.req.fmq.size"
07-28 12:18:47.505   295   382 E FMQ     : grantorIdx must be less than 3
07-28 12:18:47.505   295   382 E libc    : Access denied finding property "ro.camera.res.fmq.size"
07-28 12:18:47.505   295   382 E FMQ     : grantorIdx must be less than 3
07-28 12:18:47.508   414  4168 E FMQ     : grantorIdx must be less than 3
07-28 12:18:47.515   414  4168 E FMQ     : grantorIdx must be less than 3
07-28 12:18:47.517  4308  4616 D CCodec  : allocate(c2.android.vorbis.decoder)
07-28 12:18:47.518   438   497 V C2Store : in init
07-28 12:18:47.518   438   497 V C2Store : loading dll
07-28 12:18:47.492   295   295 W HwBinder:295_1: type=1400 audit(0.0:128): avc: denied { read } for name="u:object_r:default_prop:s0" dev="tmpfs" ino=8302 scontext=u:r:hal_camera_default:s0 tcontext=u:object_r:default_prop:s0 tclass=file permissive=0
07-28 12:18:47.504   295   295 W HwBinder:295_1: type=1400 audit(0.0:129): avc: denied { read } for name="u:object_r:default_prop:s0" dev="tmpfs" ino=8302 scontext=u:r:hal_camera_default:s0 tcontext=u:object_r:default_prop:s0 tclass=file permissive=0
07-28 12:18:47.526   303   303 D goldfish-address-space: claimShared: Ask to claim region [0x3f9c2f000 0x3fa4e0000]
07-28 12:18:47.582  4308  4612 I CAM_Profiler: [134.026ms] GUARD: CaptureModule.openCameraAndStartPreview() - [133.939ms] mOneCameraOpener.open()
07-28 12:18:47.582  4308  4612 I CAM_Profiler: [134.026ms] GUARD: CaptureModule.openCameraAndStartPreview() - STOP
07-28 12:18:47.583  4308  4616 I CCodec  : Created component [c2.android.vorbis.decoder]
07-28 12:18:47.588  4308  4616 D CCodecConfig: read media type: audio/vorbis
07-28 12:18:47.614  4308  4350 I CAM_OneCamCreator: Camera support level: LIMITED_YUV
07-28 12:18:47.615  4308  4350 I CAM_OneCamCreator: Picture Size Configuration: PictureSizeCalculator.Configuration{native size=1280x960, crop=Rect(0, 0 - 1280, 960)}
07-28 12:18:47.621  4308  4616 D ReflectedParamUpdater: extent() != 1 for single value type: algo.buffers.max-count.values
07-28 12:18:47.621  4308  4616 D ReflectedParamUpdater: extent() != 1 for single value type: output.subscribed-indices.values
07-28 12:18:47.630  4308  4350 D CAM_CaptureModule: onCameraOpened: com.android.camera.one.v2.initialization.GenericOneCameraImpl@f74f940
07-28 12:18:47.630  4308  4350 D CAM_CaptureModule: starting preview ...
07-28 12:18:47.750  4308  4616 D ReflectedParamUpdater: extent() != 1 for single value type: input.buffers.allocator-ids.values
07-28 12:18:47.750  4308  4616 D ReflectedParamUpdater: extent() != 1 for single value type: output.buffers.allocator-ids.values
07-28 12:18:47.751  4308  4616 D ReflectedParamUpdater: extent() != 1 for single value type: algo.buffers.allocator-ids.values
07-28 12:18:47.751  4308  4616 D ReflectedParamUpdater: extent() != 1 for single value type: output.buffers.pool-ids.values
07-28 12:18:47.751  4308  4616 D ReflectedParamUpdater: extent() != 1 for single value type: algo.buffers.pool-ids.values
07-28 12:18:47.753  4308  4616 I CCodecConfig: query failed after returning 7 values (BAD_INDEX)
07-28 12:18:47.753  4308  4616 D CCodecConfig: c2 config diff is Dict {
07-28 12:18:47.753  4308  4616 D CCodecConfig:   c2::u32 coded.bitrate.value = 64000
07-28 12:18:47.753  4308  4616 D CCodecConfig:   c2::u32 input.buffers.max-size.value = 32768
07-28 12:18:47.753  4308  4616 D CCodecConfig:   c2::u32 input.delay.value = 0
07-28 12:18:47.753  4308  4616 D CCodecConfig:   string input.media-type.value = "audio/vorbis"
07-28 12:18:47.753  4308  4616 D CCodecConfig:   string output.media-type.value = "audio/raw"
07-28 12:18:47.753  4308  4616 D CCodecConfig:   c2::u32 raw.channel-count.value = 1
07-28 12:18:47.753  4308  4616 D CCodecConfig:   c2::u32 raw.sample-rate.value = 48000
07-28 12:18:47.753  4308  4616 D CCodecConfig: }
07-28 12:18:47.755  4308  4616 D CCodec  : [c2.android.vorbis.decoder] buffers are bound to CCodec for this session
07-28 12:18:47.755  4308  4616 D CCodecConfig: no c2 equivalents for durationUs
07-28 12:18:47.755  4308  4616 D CCodecConfig: no c2 equivalents for track-id
07-28 12:18:47.755  4308  4616 D CCodecConfig: no c2 equivalents for csd-1
07-28 12:18:47.755  4308  4616 D CCodecConfig: no c2 equivalents for channel-mask
07-28 12:18:47.755  4308  4616 D CCodecConfig: no c2 equivalents for flags
07-28 12:18:47.756  4308  4616 D CCodecConfig: c2 config diff is   c2::u32 raw.channel-count.value = 2
07-28 12:18:47.756  4308  4616 D CCodecConfig:   c2::u32 raw.sample-rate.value = 44100
07-28 12:18:47.756  4308  4616 W Codec2Client: query -- param skipped: index = 1107298332.
07-28 12:18:47.756  4308  4616 D CCodec  : setup formats input: AMessage(what = 0x00000000) = {
07-28 12:18:47.756  4308  4616 D CCodec  :   int32_t channel-count = 2
07-28 12:18:47.756  4308  4616 D CCodec  :   int32_t max-input-size = 32768
07-28 12:18:47.756  4308  4616 D CCodec  :   string mime = "audio/vorbis"
07-28 12:18:47.756  4308  4616 D CCodec  :   int32_t sample-rate = 44100
07-28 12:18:47.756  4308  4616 D CCodec  : } and output: AMessage(what = 0x00000000) = {
07-28 12:18:47.756  4308  4616 D CCodec  :   int32_t channel-count = 2
07-28 12:18:47.756  4308  4616 D CCodec  :   string mime = "audio/raw"
07-28 12:18:47.756  4308  4616 D CCodec  :   int32_t sample-rate = 44100
07-28 12:18:47.756  4308  4616 D CCodec  :   int32_t channel-mask = 3
07-28 12:18:47.756  4308  4616 D CCodec  : }
07-28 12:18:47.758  4308  4616 W Codec2Client: query -- param skipped: index = 1342179345.
07-28 12:18:47.758  4308  4616 W Codec2Client: query -- param skipped: index = 2415921170.
07-28 12:18:47.758  4308  4616 E FMQ     : grantorIdx must be less than 3
07-28 12:18:47.758  4308  4616 E FMQ     : grantorIdx must be less than 3
07-28 12:18:47.759  4308  4616 D CCodecBufferChannel: [c2.android.vorbis.decoder#684] Created input block pool with allocatorID 16 => poolID 24 - OK (0)
07-28 12:18:47.759   438   438 D BufferPoolAccessor2.0: bufferpool2 0xef583658 : 0(0 size) total buffers - 0(0 size) used buffers - 26/30 (recycle/alloc) - 5/29 (fetch/transfer)
07-28 12:18:47.759   438   438 D BufferPoolAccessor2.0: Destruction - bufferpool2 0xef583658 cached: 0/0M, 0/0% in use; allocs: 30, 87% recycled; transfers: 29, 83% unfetched
07-28 12:18:47.760   438   438 D BufferPoolAccessor2.0: bufferpool2 0xef584b98 : 0(0 size) total buffers - 0(0 size) used buffers - 28/30 (recycle/alloc) - 3/29 (fetch/transfer)
07-28 12:18:47.760   438   438 D BufferPoolAccessor2.0: Destruction - bufferpool2 0xef584b98 cached: 0/0M, 0/0% in use; allocs: 30, 93% recycled; transfers: 29, 90% unfetched
07-28 12:18:47.760   438   497 E FMQ     : grantorIdx must be less than 3
07-28 12:18:47.760   438   497 E FMQ     : grantorIdx must be less than 3
07-28 12:18:47.761   426   762 D BufferPoolAccessor2.0: bufferpool2 0xea485968 : 0(0 size) total buffers - 0(0 size) used buffers - 93/104 (recycle/alloc) - 11/198 (fetch/transfer)
07-28 12:18:47.761   426   762 D BufferPoolAccessor2.0: Destruction - bufferpool2 0xea485968 cached: 0/0M, 0/0% in use; allocs: 104, 89% recycled; transfers: 198, 94% unfetched
07-28 12:18:47.762  4308  4616 I CCodecBufferChannel: [c2.android.vorbis.decoder#684] Created output block pool with allocatorID 16 => poolID 51 - OK
07-28 12:18:47.762  4308  4616 D CCodecBufferChannel: [c2.android.vorbis.decoder#684] Configured output block pool ids 51 => OK
07-28 12:18:47.763   438  4621 D SimpleC2Component: Using output block pool with poolID 51 => got 51 - 0
07-28 12:18:47.764  4308  4616 E FMQ     : grantorIdx must be less than 3
07-28 12:18:47.764   438   438 E FMQ     : grantorIdx must be less than 3
07-28 12:18:47.775   438  4621 E FMQ     : grantorIdx must be less than 3
07-28 12:18:47.775  4308  4347 E FMQ     : grantorIdx must be less than 3
07-28 12:18:47.874  4308  4616 D CCodecBufferChannel: [c2.android.vorbis.decoder#684] MediaCodec discarded an unknown buffer
07-28 12:18:47.875  4308  4616 I chatty  : uid=10091(com.android.camera2) identical 1 line
07-28 12:18:47.875  4308  4616 D CCodecBufferChannel: [c2.android.vorbis.decoder#684] MediaCodec discarded an unknown buffer
07-28 12:18:47.965   414   605 W CameraDeviceClient: createSurfaceFromGbp: Camera 0 with consumer usage flag: 256: Forcing asynchronous mode for stream
07-28 12:18:47.966   414   605 W CameraDeviceClient: createSurfaceFromGbp: Camera 0: Overriding format 0x1 to IMPLEMENTATION_DEFINED
07-28 12:18:47.968   414   605 E Camera3-Device: configureStreams: Stream 0: DataSpace override not allowed for format 0x23
07-28 12:18:47.978   303   303 D goldfish-address-space: claimShared: Ask to claim region [0x3f8965000 0x3f9216000]
07-28 12:18:47.994   414   605 D Camera3-Device: Set real time priority for request queue thread (tid 4619)
07-28 12:18:48.007  4308  4616 I hw-BpHwBinder: onLastStrongRef automatically unlinking death recipients
07-28 12:18:48.008   438  3588 I hw-BpHwBinder: onLastStrongRef automatically unlinking death recipients
07-28 12:18:48.009   438  3588 V C2Store : in ~ComponentModule
07-28 12:18:48.009   438  3588 V C2Store : unloading dll
07-28 12:18:48.025   303   303 D goldfish-address-space: claimShared: Ask to claim region [0x3fd2ca000 0x3fdb7b000]
07-28 12:18:48.085  4308  4622 V CAM_SettingsManager: listeners: [com.android.camera.app.CameraAppUI@1f070ae, com.android.camera.ButtonManager@b14606b, com.android.camera.widget.IndicatorIconController@aee0061, com.android.camera.settings.SettingObserver$Listener@e55cb3]
07-28 12:18:48.093  4308  4626 D CAM_CommandExecutor: Executing command: com.android.camera.one.v2.commands.PreviewCommand@2453b7a START
07-28 12:18:48.098  4308  4627 D CCodec  : allocate(c2.android.vorbis.decoder)
07-28 12:18:48.098  4308  4626 D CAM_CommandExecutor: Executing command: com.android.camera.one.v2.commands.PreviewCommand@2453b7a END
07-28 12:18:48.098   438  3588 V C2Store : in init
07-28 12:18:48.098   438  3588 V C2Store : loading dll
07-28 12:18:48.099  4308  4627 I CCodec  : Created component [c2.android.vorbis.decoder]
07-28 12:18:48.100  4308  4627 D CCodecConfig: read media type: audio/vorbis
07-28 12:18:48.103  4308  4627 D ReflectedParamUpdater: extent() != 1 for single value type: algo.buffers.max-count.values
07-28 12:18:48.103  4308  4627 D ReflectedParamUpdater: extent() != 1 for single value type: output.subscribed-indices.values
07-28 12:18:48.104  4308  4627 D ReflectedParamUpdater: extent() != 1 for single value type: input.buffers.allocator-ids.values
07-28 12:18:48.104  4308  4627 D ReflectedParamUpdater: extent() != 1 for single value type: output.buffers.allocator-ids.values
07-28 12:18:48.104  4308  4627 D ReflectedParamUpdater: extent() != 1 for single value type: algo.buffers.allocator-ids.values
07-28 12:18:48.104  4308  4627 D ReflectedParamUpdater: extent() != 1 for single value type: output.buffers.pool-ids.values
07-28 12:18:48.104  4308  4627 D ReflectedParamUpdater: extent() != 1 for single value type: algo.buffers.pool-ids.values
07-28 12:18:48.105  4308  4627 I CCodecConfig: query failed after returning 7 values (BAD_INDEX)
07-28 12:18:48.105  4308  4627 D CCodecConfig: c2 config diff is Dict {
07-28 12:18:48.105  4308  4627 D CCodecConfig:   c2::u32 coded.bitrate.value = 64000
07-28 12:18:48.105  4308  4627 D CCodecConfig:   c2::u32 input.buffers.max-size.value = 32768
07-28 12:18:48.105  4308  4627 D CCodecConfig:   c2::u32 input.delay.value = 0
07-28 12:18:48.105  4308  4627 D CCodecConfig:   string input.media-type.value = "audio/vorbis"
07-28 12:18:48.105  4308  4627 D CCodecConfig:   string output.media-type.value = "audio/raw"
07-28 12:18:48.105  4308  4627 D CCodecConfig:   c2::u32 raw.channel-count.value = 1
07-28 12:18:48.105  4308  4627 D CCodecConfig:   c2::u32 raw.sample-rate.value = 48000
07-28 12:18:48.105  4308  4627 D CCodecConfig: }
07-28 12:18:48.106  4308  4627 D CCodec  : [c2.android.vorbis.decoder] buffers are bound to CCodec for this session
07-28 12:18:48.106  4308  4627 D CCodecConfig: no c2 equivalents for durationUs
07-28 12:18:48.106  4308  4627 D CCodecConfig: no c2 equivalents for track-id
07-28 12:18:48.106  4308  4627 D CCodecConfig: no c2 equivalents for csd-1
07-28 12:18:48.106  4308  4627 D CCodecConfig: no c2 equivalents for channel-mask
07-28 12:18:48.106  4308  4627 D CCodecConfig: no c2 equivalents for flags
07-28 12:18:48.107  4308  4627 D CCodecConfig: c2 config diff is   c2::u32 raw.channel-count.value = 2
07-28 12:18:48.107  4308  4627 D CCodecConfig:   c2::u32 raw.sample-rate.value = 44100
07-28 12:18:48.107  4308  4627 W Codec2Client: query -- param skipped: index = 1107298332.
07-28 12:18:48.107  4308  4627 D CCodec  : setup formats input: AMessage(what = 0x00000000) = {
07-28 12:18:48.107  4308  4627 D CCodec  :   int32_t channel-count = 2
07-28 12:18:48.107  4308  4627 D CCodec  :   int32_t max-input-size = 32768
07-28 12:18:48.107  4308  4627 D CCodec  :   string mime = "audio/vorbis"
07-28 12:18:48.107  4308  4627 D CCodec  :   int32_t sample-rate = 44100
07-28 12:18:48.107  4308  4627 D CCodec  : } and output: AMessage(what = 0x00000000) = {
07-28 12:18:48.107  4308  4627 D CCodec  :   int32_t channel-count = 2
07-28 12:18:48.107  4308  4627 D CCodec  :   string mime = "audio/raw"
07-28 12:18:48.107  4308  4627 D CCodec  :   int32_t sample-rate = 44100
07-28 12:18:48.107  4308  4627 D CCodec  :   int32_t channel-mask = 3
07-28 12:18:48.107  4308  4627 D CCodec  : }
07-28 12:18:48.108  4308  4627 W Codec2Client: query -- param skipped: index = 1342179345.
07-28 12:18:48.108  4308  4627 W Codec2Client: query -- param skipped: index = 2415921170.
07-28 12:18:48.108  4308  4627 E FMQ     : grantorIdx must be less than 3
07-28 12:18:48.108  4308  4627 E FMQ     : grantorIdx must be less than 3
07-28 12:18:48.108  4308  4627 D CCodecBufferChannel: [c2.android.vorbis.decoder#159] Created input block pool with allocatorID 16 => poolID 25 - OK (0)
07-28 12:18:48.108   438  1054 E FMQ     : grantorIdx must be less than 3
07-28 12:18:48.108   438  1054 E FMQ     : grantorIdx must be less than 3
07-28 12:18:48.109  4308  4627 I CCodecBufferChannel: [c2.android.vorbis.decoder#159] Created output block pool with allocatorID 16 => poolID 52 - OK
07-28 12:18:48.109  4308  4627 D CCodecBufferChannel: [c2.android.vorbis.decoder#159] Configured output block pool ids 52 => OK
07-28 12:18:48.110   438  4628 D SimpleC2Component: Using output block pool with poolID 52 => got 52 - 0
07-28 12:18:48.110  4308  4627 E FMQ     : grantorIdx must be less than 3
07-28 12:18:48.110   438  1054 E FMQ     : grantorIdx must be less than 3
07-28 12:18:48.115   438  4628 E FMQ     : grantorIdx must be less than 3
07-28 12:18:48.115  4308  4347 E FMQ     : grantorIdx must be less than 3
07-28 12:18:48.210  4308  4627 D CCodecBufferChannel: [c2.android.vorbis.decoder#159] MediaCodec discarded an unknown buffer
07-28 12:18:48.210  4308  4627 I chatty  : uid=10091(com.android.camera2) identical 1 line
07-28 12:18:48.210  4308  4627 D CCodecBufferChannel: [c2.android.vorbis.decoder#159] MediaCodec discarded an unknown buffer
07-28 12:18:48.212  4308  4627 I hw-BpHwBinder: onLastStrongRef automatically unlinking death recipients
07-28 12:18:48.212   438  1054 I hw-BpHwBinder: onLastStrongRef automatically unlinking death recipients
07-28 12:18:48.212   438  1054 V C2Store : in ~ComponentModule
07-28 12:18:48.212   438  1054 V C2Store : unloading dll
07-28 12:18:48.369   303   360 D goldfish-address-space: claimShared: Ask to claim region [0x3f7dbd000 0x3f7f7f000]
07-28 12:18:48.380   304   551 W EmuHWC2 : validate: layer 65 CompositionType 1, fallback
07-28 12:18:48.423  4308  4333 I OpenGLRenderer: Davey! duration=1021ms; Flags=1, IntendedVsync=1668187706549, Vsync=1668304373211, OldestInputEvent=9223372036854775807, NewestInputEvent=0, HandleInputStart=1668318956600, AnimationStart=1668319004900, PerformTraversalsStart=1668319037700, DrawStart=1668792629800, SyncQueued=1668794434100, SyncStart=1668823174300, IssueDrawCommandsStart=1668823425100, SwapBuffers=1669203751600, FrameCompleted=1669238276700, DequeueBufferDuration=81500, QueueBufferDuration=6497900, GpuCompleted=926158351400, 
07-28 12:18:48.426  4308  4308 V CAM_FocusController: configurePreviewDimensions(RectF(0.0, 207.0, 1080.0, 1647.0))
07-28 12:18:48.426  4308  4308 I CAM_FocusRingView: Computing center via preview size.
07-28 12:18:48.426  4308  4308 V CAM_CameraActivity: ignoring storage callback after activity pause
07-28 12:18:48.427  4308  4308 I CAM_FilmstripView: [ViewItem:0] mData.renderTiny()
07-28 12:18:48.427  4308  4308 V CAM_FilmstripView: updateViewItem() - recycling old data item and setting new
07-28 12:18:48.433  4308  4308 D CAM_FilmstripView: updateViewItem(bufferIndex: 2)
07-28 12:18:48.433  4308  4308 D CAM_FilmstripView: updateViewItem() - mIsUserScrolling: false
07-28 12:18:48.433  4308  4308 D CAM_FilmstripView: updateViewItem() - mController.isScrolling() - false
07-28 12:18:48.433  4308  4308 I CAM_FilmstripView: [ViewItem:0] mData.renderThumbnail()
07-28 12:18:48.441  4308  4308 W CAM_IndicatorIconCtrlr: Trying to sync a pano indicator that is not initialized.
07-28 12:18:48.441  4308  4308 D CAM_CaptureModule: Ready for capture.
07-28 12:18:48.441  4308  4308 V CAM_CameraAppUI: onPreviewStarted
07-28 12:18:48.447   527   564 D ArtManagerInternalImpl: /data/misc/iorapd/com.android.camera2/20002170/com.android.camera.CameraLauncher/compiled_traces/compiled_trace.pb doesn't exist
07-28 12:18:48.449   527   557 D EventSequenceValidator: Transition from ACTIVITY_LAUNCHED to ACTIVITY_FINISHED
07-28 12:18:48.454   303   360 D goldfish-address-space: claimShared: Ask to claim region [0x3f7601000 0x3f77c3000]
07-28 12:18:49.379   386   470 W AudioFlinger: write blocked for 905 msecs, 5 delayed writes, thread 13
07-28 12:18:49.368     0     0 W sched   : RT throttling activated
07-28 12:18:49.509   304   551 W EmuHWC2 : No layers, exit, buffer 0xea641910
07-28 12:18:49.510   527  1489 D WifiNl80211Manager: Scan result ready event
07-28 12:18:49.511   527  1489 D WifiNative: Scan result ready event
07-28 12:18:49.513  1074  1540 I OpenGLRenderer: Davey! duration=1519ms; Flags=0, IntendedVsync=1668421016652, Vsync=1668787683304, OldestInputEvent=9223372036854775807, NewestInputEvent=0, HandleInputStart=1668795299400, AnimationStart=1668795319000, PerformTraversalsStart=1668795904800, DrawStart=1668796174900, SyncQueued=1668796394300, SyncStart=1669184989000, IssueDrawCommandsStart=1669191176500, SwapBuffers=1669196553600, FrameCompleted=1670329514700, DequeueBufferDuration=1129983600, QueueBufferDuration=1215000, GpuCompleted=928501020900, 
07-28 12:18:49.514   711  1195 I OpenGLRenderer: Davey! duration=1884ms; Flags=0, IntendedVsync=1668387688190, Vsync=1668804354840, OldestInputEvent=9223372036854775807, NewestInputEvent=0, HandleInputStart=1668819298500, AnimationStart=1668819335700, PerformTraversalsStart=1668821793800, DrawStart=1669180310500, SyncQueued=1669181279900, SyncStart=1669239089400, IssueDrawCommandsStart=1669239172200, SwapBuffers=1669239872100, FrameCompleted=1670329809800, DequeueBufferDuration=1087700500, QueueBufferDuration=995900, GpuCompleted=930115775200, 
07-28 12:18:49.536   303   360 D goldfish-address-space: claimShared: Ask to claim region [0x3f77c3000 0x3f7985000]
07-28 12:18:49.548  4308  4333 I OpenGLRenderer: Davey! duration=1109ms; Flags=0, IntendedVsync=1669254372638, Vsync=1669254372638, OldestInputEvent=9223372036854775807, NewestInputEvent=0, HandleInputStart=1669257891600, AnimationStart=1669257906400, PerformTraversalsStart=1669257929100, DrawStart=1669258381900, SyncQueued=1669258468000, SyncStart=1669258763100, IssueDrawCommandsStart=1669258833900, SwapBuffers=1670194520300, FrameCompleted=1670364208800, DequeueBufferDuration=93600, QueueBufferDuration=18118200, GpuCompleted=926192124100, 
07-28 12:18:49.553  1074  1074 I Choreographer: Skipped 69 frames!  The application may be doing too much work on its main thread.
07-28 12:18:49.611   335  1067 E SurfaceFlinger: setDesiredDisplayConfigSpecs: failed to call setDesiredDisplayConfigSpecs: -22
07-28 12:18:49.611   335   335 E Layer   : [Surface(name=Task=14)/@0x398c082 - animation-leash#0] No local sync point found
07-28 12:18:49.611   335   335 E Layer   : [Surface(name=Task=14)/@0x398c082 - animation-leash#0] No local sync point found
07-28 12:18:49.611   335   335 E Layer   : [Surface(name=Task=1)/@0x85f43ad - animation-leash#0] No local sync point found
07-28 12:18:49.611   335   335 E Layer   : [Surface(name=Task=1)/@0x85f43ad - animation-leash#0] No local sync point found
07-28 12:18:49.611   527   557 E SurfaceFlinger: setDesiredDisplayConfigSpecs failed to transact: -22
07-28 12:18:49.641  4308  4308 D CAM_CaptureModule: onSurfaceTextureUpdated --> updatePreviewTransform
07-28 12:18:49.641  4308  4308 D CAM_CaptureModule: updatePreviewTransform: 1080 x 1977
07-28 12:18:49.643  4308  4308 V CAM_CameraAppUI: hiding cover via onSurfaceTextureUpdated
07-28 12:18:49.643  4308  4308 D CameraPerformanceTracker: First preview frame received
07-28 12:18:49.671   303   360 D goldfish-address-space: claimShared: Ask to claim region [0x3f7985000 0x3f7b47000]
07-28 12:18:49.704  4308  4308 V CAM_CaptureModule: AF status is state:INACTIVE
07-28 12:18:49.710  4308  4308 V CAM_TexViewHelper: onLayoutChange
07-28 12:18:49.710  4308  4308 D CAM_CaptureModule: updatePreviewTransform: 1080 x 1977
07-28 12:18:49.726   711   711 I Choreographer: Skipped 77 frames!  The application may be doing too much work on its main thread.
07-28 12:18:49.743   711  1195 I OpenGLRenderer: Davey! duration=1627ms; Flags=0, IntendedVsync=1668821009326, Vsync=1669237675976, OldestInputEvent=9223372036854775807, NewestInputEvent=0, HandleInputStart=1669239511200, AnimationStart=1669239551400, PerformTraversalsStart=1669240797800, DrawStart=1670430401100, SyncQueued=1670430424100, SyncStart=1670540993000, IssueDrawCommandsStart=1670541070600, SwapBuffers=1670542318100, FrameCompleted=1670559283100, DequeueBufferDuration=685300, QueueBufferDuration=14385800, GpuCompleted=930135144600, 
07-28 12:18:49.746   303   360 D goldfish-address-space: claimShared: Ask to claim region [0x3f6337000 0x3f64f9000]
07-28 12:18:49.755  4308  4308 V CAM_FocusController: configurePreviewDimensions(RectF(0.0, 207.0, 1080.0, 1647.0))
07-28 12:18:49.755  4308  4308 I CAM_FocusRingView: Computing center via preview size.
07-28 12:18:49.759  4308  4308 V CAM_TexViewHelper: onLayoutChange
07-28 12:18:49.759  4308  4308 D CAM_CaptureModule: updatePreviewTransform: 1080 x 1977
07-28 12:18:49.884   711  1195 I OpenGLRenderer: Davey! duration=1354ms; Flags=0, IntendedVsync=1669254372638, Vsync=1670537705920, OldestInputEvent=9223372036854775807, NewestInputEvent=0, HandleInputStart=1670556454000, AnimationStart=1670556932800, PerformTraversalsStart=1670557665500, DrawStart=1670557731500, SyncQueued=1670557764100, SyncStart=1670648552800, IssueDrawCommandsStart=1670649772500, SwapBuffers=1670689226500, FrameCompleted=1670700002800, DequeueBufferDuration=1074300, QueueBufferDuration=8643200, GpuCompleted=195764454000, 
07-28 12:18:49.997   711  1195 I OpenGLRenderer: Davey! duration=1459ms; Flags=0, IntendedVsync=1669254372638, Vsync=1670537705920, OldestInputEvent=9223372036854775807, NewestInputEvent=0, HandleInputStart=1670556454000, AnimationStart=1670556932800, PerformTraversalsStart=1670557665500, DrawStart=1670650090200, SyncQueued=1670650119400, SyncStart=1670749036900, IssueDrawCommandsStart=1670759576700, SwapBuffers=1670774809900, FrameCompleted=1670812662800, DequeueBufferDuration=255200, QueueBufferDuration=19857800, GpuCompleted=930149682900, 
07-28 12:18:50.391   527  1430 E TaskPersister: File error accessing recents directory (directory doesn't exist?).
07-28 12:18:50.454   527  1183 I system_server: oneway function results will be dropped but finished with status OK and parcel size 4
07-28 12:18:50.489   326   326 I android.hardware.vibrator-service.example: Vibrator reporting capabilities
07-28 12:18:50.490   326   326 I android.hardware.vibrator-service.example: Vibrator off
07-28 12:18:50.491   326   326 I android.hardware.vibrator-service.example: Vibrator perform
07-28 12:18:50.491   326  4630 I android.hardware.vibrator-service.example: Starting perform on another thread
07-28 12:18:50.521   527  1183 I system_server: oneway function results will be dropped but finished with status OK and parcel size 4
07-28 12:18:50.523   527  1183 I system_server: oneway function results will be dropped but finished with status OK and parcel size 4
07-28 12:18:50.592   326  4630 I android.hardware.vibrator-service.example: Notifying perform complete
07-28 12:18:50.593   326   326 I android.hardware.vibrator-service.example: Vibrator off
07-28 12:18:50.603   527   554 D AutofillManagerService: Close system dialogs
07-28 12:18:50.605   527   557 D EventSequenceValidator: Transition from ACTIVITY_FINISHED to INTENT_STARTED
07-28 12:18:50.622   527   555 I ActivityTaskManager: START u0 {act=android.intent.action.MAIN cat=[android.intent.category.HOME] flg=0x10000100 cmp=com.android.launcher3/.uioverrides.QuickstepLauncher (has extras)} from uid 0
07-28 12:18:50.635   711   711 V ShadeControllerImpl: NotificationShadeWindow: com.android.systemui.statusbar.phone.NotificationShadeWindowView{4ff07a9 I.E...... ......ID 0,0-1080,2280} canPanelBeCollapsed(): false
07-28 12:18:50.636   527   555 W InputReader: Device virtio_input_multi_touch_9 is associated with display ADISPLAY_ID_NONE.
07-28 12:18:50.636   527   555 W InputReader: Device virtio_input_multi_touch_7 is associated with display ADISPLAY_ID_NONE.
07-28 12:18:50.636   527   555 W InputReader: Device virtio_input_multi_touch_6 is associated with display ADISPLAY_ID_NONE.
07-28 12:18:50.636   527   555 W InputReader: Device virtio_input_multi_touch_3 is associated with display ADISPLAY_ID_NONE.
07-28 12:18:50.636   527   555 W InputReader: Device virtio_input_multi_touch_10 is associated with display ADISPLAY_ID_NONE.
07-28 12:18:50.636   527   555 W InputReader: Device virtio_input_multi_touch_8 is associated with display ADISPLAY_ID_NONE.
07-28 12:18:50.636   527   555 W InputReader: Device virtio_input_multi_touch_4 is associated with display ADISPLAY_ID_NONE.
07-28 12:18:50.636   527   555 W InputReader: Device virtio_input_multi_touch_11 is associated with display ADISPLAY_ID_NONE.
07-28 12:18:50.636   527   555 W InputReader: Device virtio_input_multi_touch_5 is associated with display ADISPLAY_ID_NONE.
07-28 12:18:50.636   527   555 W InputReader: Device virtio_input_multi_touch_2 is associated with display ADISPLAY_ID_NONE.
07-28 12:18:50.637   527   555 W InputReader: Device virtio_input_multi_touch_9 is associated with display ADISPLAY_ID_NONE.
07-28 12:18:50.637   527   555 W InputReader: Device virtio_input_multi_touch_7 is associated with display ADISPLAY_ID_NONE.
07-28 12:18:50.637   527   555 W InputReader: Device virtio_input_multi_touch_6 is associated with display ADISPLAY_ID_NONE.
07-28 12:18:50.637   527   555 W InputReader: Device virtio_input_multi_touch_3 is associated with display ADISPLAY_ID_NONE.
07-28 12:18:50.637   527   555 W InputReader: Device virtio_input_multi_touch_10 is associated with display ADISPLAY_ID_NONE.
07-28 12:18:50.637   527   555 W InputReader: Device virtio_input_multi_touch_8 is associated with display ADISPLAY_ID_NONE.
07-28 12:18:50.637   527   555 W InputReader: Device virtio_input_multi_touch_4 is associated with display ADISPLAY_ID_NONE.
07-28 12:18:50.637   527   555 W InputReader: Device virtio_input_multi_touch_11 is associated with display ADISPLAY_ID_NONE.
07-28 12:18:50.637   527   555 W InputReader: Device virtio_input_multi_touch_5 is associated with display ADISPLAY_ID_NONE.
07-28 12:18:50.637   527   555 W InputReader: Device virtio_input_multi_touch_2 is associated with display ADISPLAY_ID_NONE.
07-28 12:18:50.659   406   406 I perfetto: ing_service_impl.cc:758 Configured tracing session 17, #sources:1, duration:5000 ms, #buffers:1, total buffer size:4096 KB, total sessions:2, uid:1071 session name: ""
07-28 12:18:50.659   399   399 I perfetto: probes_producer.cc:230  Ftrace setup (target_buf=17)
07-28 12:18:50.667  4308  4308 V CAM_QuickActivity: START onPause: Activity = com.android.camera.CameraActivity@b3f441f
07-28 12:18:50.667  4308  4308 V CAM_QuickActivity: onPause --> onPauseTasks()
07-28 12:18:50.667  4308  4308 V CAM_Profiler: [  0.000ms][ui] GUARD: CameraActivity.onPause - START
07-28 12:18:50.672  4308  4308 V CAM_Profiler: [  0.000ms][ui] GUARD: CaptureModule.closeCamera() - START
07-28 12:18:50.672  4308  4308 V CAM_Profiler: [  0.186ms][ui] GUARD: CaptureModule.closeCamera() - [ 0.186ms] mCameraOpenCloseLock.acquire()
07-28 12:18:50.678   295  4125 W EmulatedCamera_QemuCamera3: flush: Not implemented; ignored
07-28 12:18:50.678   527  1183 I system_server: oneway function results will be dropped but finished with status OK and parcel size 4
07-28 12:18:50.686   527   557 D EventSequenceValidator: Transition from INTENT_STARTED to ACTIVITY_LAUNCHED
07-28 12:18:50.696  1074  1074 D TaplTarget: Launcher.onNewIntent: Intent { act=android.intent.action.MAIN cat=[android.intent.category.HOME] flg=0x10400100 cmp=com.android.launcher3/.uioverrides.QuickstepLauncher (has extras) }
07-28 12:18:50.701   527   554 D AutofillManagerService: Close system dialogs
07-28 12:18:50.703   711   711 V ShadeControllerImpl: NotificationShadeWindow: com.android.systemui.statusbar.phone.NotificationShadeWindowView{4ff07a9 I.E...... ......ID 0,0-1080,2280} canPanelBeCollapsed(): false
07-28 12:18:50.738   303   360 D goldfish-address-space: claimShared: Ask to claim region [0x3f64f9000 0x3f6e5e000]
07-28 12:18:50.791   303   360 D goldfish-address-space: claimShared: Ask to claim region [0x3f4000000 0x3f4965000]
07-28 12:18:50.857   303   360 D goldfish-address-space: claimShared: Ask to claim region [0x3fdb7b000 0x3fe4e0000]
07-28 12:18:50.885   414   605 I Camera3-Device: disconnectImpl: E
07-28 12:18:50.887   414   605 I CameraLatencyHistogram: ProcessCaptureRequest latency histogram (26) samples:
07-28 12:18:50.888   414   605 I CameraLatencyHistogram:        40     80    120    160    200    240    280    320    360    inf (max ms)
07-28 12:18:50.891   414   605 I CameraLatencyHistogram:      84.62   11.54   3.85   0.00   0.00   0.00   0.00   0.00   0.00   0.00 (%)
07-28 12:18:50.944   414   605 I CameraLatencyHistogram: Stream 1 dequeueBuffer latency histogram (26) samples:
07-28 12:18:50.944   414   605 I CameraLatencyHistogram:         5     10     15     20     25     30     35     40     45    inf (max ms)
07-28 12:18:50.944   414   605 I CameraLatencyHistogram:      61.54   15.38   0.00   0.00   0.00   0.00   0.00   3.85   0.00   19.23 (%)
07-28 12:18:50.944   414   605 I Camera3-Device: disconnectImpl: X
07-28 12:18:50.946   414   605 I CameraService: disconnect: Disconnected client for camera 0 for PID 4308
07-28 12:18:50.946  4308  4308 D CAM_LoggingImageReader: Closing: ImageReader{width=1280, height=960, format=YUV_420_888}
07-28 12:18:50.947  4308  4308 I CAM_Profiler: [275.102ms][ui] GUARD: CaptureModule.closeCamera() - [274.916ms] mCamera.close()
07-28 12:18:50.947  4308  4308 I CAM_Profiler: [275.268ms][ui] GUARD: CaptureModule.closeCamera() - STOP
07-28 12:18:50.949  4308  4381 W android.camera: Long monitor contention with owner main (4308) at void android.hardware.camera2.impl.CameraDeviceImpl.close()(CameraDeviceImpl.java:1326) waiters=0 in void android.hardware.camera2.impl.CameraDeviceImpl$CameraDeviceCallbacks.onCaptureStarted(android.hardware.camera2.impl.CaptureResultExtras, long) for 211ms
07-28 12:18:50.951  4308  4308 V CAM_LcyLocProvider: stopping location updates
07-28 12:18:50.952  4308  4308 D CAM_LcyLocProvider: stopReceivingLocationUpdates
07-28 12:18:50.952  4308  4308 V CAM_CameraActivity: onPause closing camera
07-28 12:18:50.952  4308  4308 V CAM_CameraController: Closing camera
07-28 12:18:50.953  4308  4337 W CAM2PORT_AndCamAgntImp: Releasing camera without any camera opened.
07-28 12:18:50.953  4308  4308 I CAM_Profiler: [286.034ms][ui] GUARD: CameraActivity.onPause - STOP
07-28 12:18:50.953  4308  4308 V CAM_QuickActivity: END onPause: Activity = com.android.camera.CameraActivity@b3f441f
07-28 12:18:50.957   303   360 D goldfish-address-space: claimShared: Ask to claim region [0x3fe4e0000 0x3fee45000]
07-28 12:18:50.969   527   564 D ArtManagerInternalImpl: /data/misc/iorapd/com.android.launcher3/30/com.android.launcher3.uioverrides.QuickstepLauncher/compiled_traces/compiled_trace.pb doesn't exist
07-28 12:18:50.972   527   557 D EventSequenceValidator: Transition from ACTIVITY_LAUNCHED to ACTIVITY_FINISHED
07-28 12:18:51.023  4308  4308 V CAM_TexViewHelper: onLayoutChange
07-28 12:18:51.023  4308  4308 D CAM_CaptureModule: updatePreviewTransform: 1080 x 1977
07-28 12:18:51.752  4308  4308 V CAM_QuickActivity: START onStop: Activity = com.android.camera.CameraActivity@b3f441f
07-28 12:18:51.753  4308  4308 D CAM_LcyLocProvider: disconnect
07-28 12:18:51.753  4308  4308 V CAM_QuickActivity: END onStop: Activity = com.android.camera.CameraActivity@b3f441f
07-28 12:18:52.334   399   399 I perfetto: probes_producer.cc:329  Producer stop (id=16)
07-28 12:18:52.335   406   406 I perfetto: ng_service_impl.cc:1948 Tracing session 16 ended, total sessions:1
07-28 12:18:52.539  1074  1074 D TaplEvents: Main / Touch event: MotionEvent { action=ACTION_DOWN, actionButton=0, id[0]=0, x[0]=523.98193, y[0]=1953.8782, toolType[0]=TOOL_TYPE_FINGER, buttonState=0, classification=NONE, metaState=0, flags=0x0, edgeFlags=0x0, pointerCount=1, historySize=0, eventTime=1673354, downTime=1673354, deviceId=6, source=0x5002, displayId=0 }
07-28 12:18:52.662  1074  1074 D TaplEvents: Main / Touch event: MotionEvent { action=ACTION_UP, actionButton=0, id[0]=0, x[0]=523.98193, y[0]=1953.8782, toolType[0]=TOOL_TYPE_FINGER, buttonState=0, classification=NONE, metaState=0, flags=0x0, edgeFlags=0x0, pointerCount=1, historySize=0, eventTime=1673471, downTime=1673354, deviceId=6, source=0x5002, displayId=0 }
07-28 12:18:52.666  1074  1074 D TaplEvents: Main / start: startAppShortcutOrInfoActivity
07-28 12:18:52.668   527  1489 I ActivityTaskManager: START u0 {act=android.intent.action.MAIN cat=[android.intent.category.LAUNCHER] flg=0x10200000 pkg=com.google.android.apps.maps cmp=com.google.android.apps.maps/com.google.android.maps.MapsActivity bnds=[440,1836][641,2084]} from uid 10109
07-28 12:18:52.669   527   557 D EventSequenceValidator: Transition from ACTIVITY_FINISHED to INTENT_STARTED
07-28 12:18:52.671   527  1183 I system_server: oneway function results will be dropped but finished with status OK and parcel size 4
07-28 12:18:52.672   406   406 I perfetto: ing_service_impl.cc:758 Configured tracing session 18, #sources:1, duration:5000 ms, #buffers:1, total buffer size:4096 KB, total sessions:2, uid:1071 session name: ""
07-28 12:18:52.673   399   399 I perfetto: probes_producer.cc:230  Ftrace setup (target_buf=18)
07-28 12:18:52.686   527   557 D EventSequenceValidator: Transition from INTENT_STARTED to ACTIVITY_LAUNCHED
07-28 12:18:52.695   527  1489 W InputReader: Device virtio_input_multi_touch_9 is associated with display ADISPLAY_ID_NONE.
07-28 12:18:52.695   527  1489 W InputReader: Device virtio_input_multi_touch_7 is associated with display ADISPLAY_ID_NONE.
07-28 12:18:52.695   527  1489 W InputReader: Device virtio_input_multi_touch_6 is associated with display ADISPLAY_ID_NONE.
07-28 12:18:52.695   527  1489 W InputReader: Device virtio_input_multi_touch_3 is associated with display ADISPLAY_ID_NONE.
07-28 12:18:52.695   527  1489 W InputReader: Device virtio_input_multi_touch_10 is associated with display ADISPLAY_ID_NONE.
07-28 12:18:52.695   527  1489 W InputReader: Device virtio_input_multi_touch_8 is associated with display ADISPLAY_ID_NONE.
07-28 12:18:52.695   527  1489 W InputReader: Device virtio_input_multi_touch_4 is associated with display ADISPLAY_ID_NONE.
07-28 12:18:52.695   527  1489 W InputReader: Device virtio_input_multi_touch_11 is associated with display ADISPLAY_ID_NONE.
07-28 12:18:52.695   527  1489 W InputReader: Device virtio_input_multi_touch_5 is associated with display ADISPLAY_ID_NONE.
07-28 12:18:52.695   527  1489 W InputReader: Device virtio_input_multi_touch_2 is associated with display ADISPLAY_ID_NONE.
07-28 12:18:52.697   527  1489 W InputReader: Device virtio_input_multi_touch_9 is associated with display ADISPLAY_ID_NONE.
07-28 12:18:52.697   527  1489 W InputReader: Device virtio_input_multi_touch_7 is associated with display ADISPLAY_ID_NONE.
07-28 12:18:52.698   527  1489 W InputReader: Device virtio_input_multi_touch_6 is associated with display ADISPLAY_ID_NONE.
07-28 12:18:52.698   527  1489 W InputReader: Device virtio_input_multi_touch_3 is associated with display ADISPLAY_ID_NONE.
07-28 12:18:52.698   527  1489 W InputReader: Device virtio_input_multi_touch_10 is associated with display ADISPLAY_ID_NONE.
07-28 12:18:52.698   527  1489 W InputReader: Device virtio_input_multi_touch_8 is associated with display ADISPLAY_ID_NONE.
07-28 12:18:52.698   527  1489 W InputReader: Device virtio_input_multi_touch_4 is associated with display ADISPLAY_ID_NONE.
07-28 12:18:52.698   527  1489 W InputReader: Device virtio_input_multi_touch_11 is associated with display ADISPLAY_ID_NONE.
07-28 12:18:52.698   527  1489 W InputReader: Device virtio_input_multi_touch_5 is associated with display ADISPLAY_ID_NONE.
07-28 12:18:52.698   527  1489 W InputReader: Device virtio_input_multi_touch_2 is associated with display ADISPLAY_ID_NONE.
07-28 12:18:52.728   303   360 D goldfish-address-space: claimShared: Ask to claim region [0x3f6e5e000 0x3f77c3000]
07-28 12:18:52.815   527  1183 I system_server: oneway function results will be dropped but finished with status OK and parcel size 4
07-28 12:18:52.858   208   210 E android.system.suspend@1.0-service: Error opening kernel wakelock stats for: wakeup34: Permission denied
07-28 12:18:52.856   208   208 W Binder:208_1: type=1400 audit(0.0:130): avc: denied { read } for name="wakeup34" dev="sysfs" ino=18950 scontext=u:r:system_suspend:s0 tcontext=u:object_r:sysfs:s0 tclass=dir permissive=0
07-28 12:18:52.867   208   210 E android.system.suspend@1.0-service: Error opening kernel wakelock stats for: wakeup35: Permission denied
07-28 12:18:52.864   208   208 W Binder:208_1: type=1400 audit(0.0:131): avc: denied { read } for name="wakeup35" dev="sysfs" ino=19013 scontext=u:r:system_suspend:s0 tcontext=u:object_r:sysfs:s0 tclass=dir permissive=0
07-28 12:18:52.958   304   551 W EmuHWC2 : validate: layer 70 CompositionType 1, fallback
07-28 12:18:52.967   304   551 W EmuHWC2 : No layers, exit, buffer 0xea641110
07-28 12:18:52.975   304   551 W EmuHWC2 : validate: layer 70 CompositionType 1, fallback
07-28 12:18:52.985   304   551 W EmuHWC2 : No layers, exit, buffer 0xea641910
07-28 12:18:52.990   304   551 W EmuHWC2 : validate: layer 70 CompositionType 1, fallback
07-28 12:18:52.998   304   551 W EmuHWC2 : No layers, exit, buffer 0xea641110
07-28 12:18:53.003  2231  2249 W droid.apps.map: Reducing the number of considered missed Gc histogram windows from 162 to 100
07-28 12:18:53.007   304   551 W EmuHWC2 : validate: layer 70 CompositionType 1, fallback
07-28 12:18:53.012   304   551 W EmuHWC2 : No layers, exit, buffer 0xea641910
07-28 12:18:53.025   304   551 W EmuHWC2 : validate: layer 70 CompositionType 1, fallback
07-28 12:18:53.032   304   551 W EmuHWC2 : No layers, exit, buffer 0xea641110
07-28 12:18:53.040   304   551 W EmuHWC2 : validate: layer 70 CompositionType 1, fallback
07-28 12:18:53.045   304   551 W EmuHWC2 : No layers, exit, buffer 0xea641910
