07-28 12:18:53.056   304   551 W EmuHWC2 : validate: layer 70 CompositionType 1, fallback
07-28 12:18:53.060   304   551 W EmuHWC2 : No layers, exit, buffer 0xea641110
07-28 12:18:53.075   304   551 W EmuHWC2 : validate: layer 70 CompositionType 1, fallback
07-28 12:18:53.079   304   551 W EmuHWC2 : No layers, exit, buffer 0xea641910
07-28 12:18:53.090   304   551 W EmuHWC2 : validate: layer 70 CompositionType 1, fallback
07-28 12:18:53.094   304   551 W EmuHWC2 : No layers, exit, buffer 0xea641110
07-28 12:18:53.108   304   551 W EmuHWC2 : validate: layer 70 CompositionType 1, fallback
07-28 12:18:53.111   304   551 W EmuHWC2 : No layers, exit, buffer 0xea641910
07-28 12:18:53.124   304   551 W EmuHWC2 : validate: layer 70 CompositionType 1, fallback
07-28 12:18:53.129   304   551 W EmuHWC2 : No layers, exit, buffer 0xea641110
07-28 12:18:53.140   304   551 W EmuHWC2 : validate: layer 70 CompositionType 1, fallback
07-28 12:18:53.147   304   551 W EmuHWC2 : No layers, exit, buffer 0xea641910
07-28 12:18:53.157   304   551 W EmuHWC2 : validate: layer 70 CompositionType 1, fallback
07-28 12:18:53.162   304   551 W EmuHWC2 : No layers, exit, buffer 0xea641110
07-28 12:18:53.174   304   551 W EmuHWC2 : validate: layer 70 CompositionType 1, fallback
07-28 12:18:53.179   304   551 W EmuHWC2 : No layers, exit, buffer 0xea641910
07-28 12:18:53.190   304   551 W EmuHWC2 : validate: layer 70 CompositionType 1, fallback
07-28 12:18:53.196   304   551 W EmuHWC2 : No layers, exit, buffer 0xea641110
07-28 12:18:53.207   304   551 W EmuHWC2 : validate: layer 70 CompositionType 1, fallback
07-28 12:18:53.212   304   551 W EmuHWC2 : No layers, exit, buffer 0xea641910
07-28 12:18:53.224   304   551 W EmuHWC2 : validate: layer 70 CompositionType 1, fallback
07-28 12:18:53.232   304   551 W EmuHWC2 : No layers, exit, buffer 0xea641110
07-28 12:18:53.241   304   551 W EmuHWC2 : validate: layer 70 CompositionType 1, fallback
07-28 12:18:53.245   304   551 W EmuHWC2 : No layers, exit, buffer 0xea641910
07-28 12:18:53.258   304   551 W EmuHWC2 : validate: layer 70 CompositionType 1, fallback
07-28 12:18:53.262   304   551 W EmuHWC2 : No layers, exit, buffer 0xea641110
07-28 12:18:53.274   304   551 W EmuHWC2 : validate: layer 70 CompositionType 1, fallback
07-28 12:18:53.278   304   551 W EmuHWC2 : No layers, exit, buffer 0xea641910
07-28 12:18:53.358   335   335 E Layer   : [Surface(name=Task=1)/@0x85f43ad - animation-leash#0] No local sync point found
07-28 12:18:53.358   335   335 E Layer   : [Surface(name=Task=16)/@0x96b4448 - animation-leash#0] No local sync point found
07-28 12:18:53.373   335   335 E Layer   : [Surface(name=Task=1)/@0x85f43ad - animation-leash#0] No local sync point found
07-28 12:18:53.373   335   335 E Layer   : [Surface(name=Task=16)/@0x96b4448 - animation-leash#0] No local sync point found
07-28 12:18:53.384   426  4493 D BufferPoolAccessor2.0: evictor expired: 1, evicted: 0
07-28 12:18:53.384   438   923 D BufferPoolAccessor2.0: bufferpool2 0xef583658 : 0(0 size) total buffers - 0(0 size) used buffers - 28/30 (recycle/alloc) - 2/29 (fetch/transfer)
07-28 12:18:53.384   438   923 D BufferPoolAccessor2.0: bufferpool2 0xef5819a8 : 0(0 size) total buffers - 0(0 size) used buffers - 29/30 (recycle/alloc) - 1/29 (fetch/transfer)
07-28 12:18:53.384   438   923 D BufferPoolAccessor2.0: evictor expired: 4, evicted: 2
07-28 12:18:53.426  4308  4346 D BufferPoolAccessor2.0: bufferpool2 0xf404d7d8 : 0(0 size) total buffers - 0(0 size) used buffers - 2/9 (recycle/alloc) - 7/64 (fetch/transfer)
07-28 12:18:53.426  4308  4346 D BufferPoolAccessor2.0: bufferpool2 0xf404b908 : 0(0 size) total buffers - 0(0 size) used buffers - 3/9 (recycle/alloc) - 6/64 (fetch/transfer)
07-28 12:18:53.426  4308  4346 D BufferPoolAccessor2.0: evictor expired: 2, evicted: 2
07-28 12:18:53.466   527  4174 D CompatibilityChangeReporter: Compat change id reported: 136274596; UID 10102; state: ENABLED
07-28 12:18:53.467  2231  4654 I FA      : Tag Manager is not found and thus will not be used
07-28 12:18:53.609  1697  1740 I gle.android.gm: Waiting for a blocking GC ProfileSaver
07-28 12:18:53.640  1697  2536 I FontsSharedState: Updating from directory version 0 to 17 from disk
07-28 12:18:53.653  1697  2536 I FontsContentProvider: Received query Google Sans:500, URI content://com.google.android.gms.fonts
07-28 12:18:53.654  1697  2536 I FontsContentProvider: Query [Google Sans:500] resolved to {Google Sans, wdth 100.0, wght 500, ital 0.0, bestEffort false}
07-28 12:18:53.661  1697  2536 I FontsContentProvider: Fetch {Google Sans, wdth 100.0, wght 500, ital 0.0, bestEffort false} end status Status{statusCode=SUCCESS, resolution=null}
07-28 12:18:53.685  1697  2584 I FontsContentProvider: Pulling font file for id = 1, cache size = 1
07-28 12:18:53.703  1697  1712 I gle.android.gm: Background concurrent copying GC freed 28458(1350KB) AllocSpace objects, 18(872KB) LOS objects, 49% free, 7629KB/14MB, paused 1.361ms total 131.317ms
07-28 12:18:53.705  1697  2584 I FontsContentProvider: Received query Google Sans:500, URI content://com.google.android.gms.fonts
07-28 12:18:53.705  1697  2584 I FontsContentProvider: Query [Google Sans:500] resolved to {Google Sans, wdth 100.0, wght 500, ital 0.0, bestEffort false}
07-28 12:18:53.705  1697  1712 W gle.android.gm: Reducing the number of considered missed Gc histogram windows from 132 to 100
07-28 12:18:53.705  1697  1740 I gle.android.gm: WaitForGcToComplete blocked ProfileSaver on ProfileSaver for 96.429ms
07-28 12:18:53.712  1697  2584 I FontsContentProvider: Fetch {Google Sans, wdth 100.0, wght 500, ital 0.0, bestEffort false} end status Status{statusCode=SUCCESS, resolution=null}
07-28 12:18:53.728  1697  4583 I FontsContentProvider: Pulling font file for id = 2, cache size = 2
07-28 12:18:53.986  1697  4583 I FontsContentProvider: Received query Google Sans, URI content://com.google.android.gms.fonts
07-28 12:18:53.986  1697  4583 I FontsContentProvider: Query [Google Sans] resolved to {Google Sans, wdth 100.0, wght 400, ital 0.0, bestEffort false}
07-28 12:18:53.989  1697  4583 I FontsContentProvider: Fetch {Google Sans, wdth 100.0, wght 400, ital 0.0, bestEffort false} end status Status{statusCode=SUCCESS, resolution=null}
07-28 12:18:53.999  1697  2584 I FontsContentProvider: Pulling font file for id = 3, cache size = 3
07-28 12:18:54.002  2231  2249 I droid.apps.map: Background concurrent copying GC freed 5075(609KB) AllocSpace objects, 18(2412KB) LOS objects, 49% free, 9266KB/18MB, paused 842us total 114.094ms
07-28 12:18:54.039  1697  2584 I FontsContentProvider: Received query Google Sans, URI content://com.google.android.gms.fonts
07-28 12:18:54.039  1697  2584 I FontsContentProvider: Query [Google Sans] resolved to {Google Sans, wdth 100.0, wght 400, ital 0.0, bestEffort false}
07-28 12:18:54.053  1697  2584 I FontsContentProvider: Fetch {Google Sans, wdth 100.0, wght 400, ital 0.0, bestEffort false} end status Status{statusCode=SUCCESS, resolution=null}
07-28 12:18:54.074  1697  2584 I FontsContentProvider: Pulling font file for id = 4, cache size = 4
07-28 12:18:54.273  2231  4642 D HostConnection: HostConnection::get() New Host Connection established 0xf44289c0, tid 4642
07-28 12:18:54.277  2231  4642 D HostConnection: HostComposition ext ANDROID_EMU_CHECKSUM_HELPER_v1 ANDROID_EMU_native_sync_v2 ANDROID_EMU_native_sync_v3 ANDROID_EMU_native_sync_v4 ANDROID_EMU_dma_v1 ANDROID_EMU_direct_mem ANDROID_EMU_host_composition_v1 ANDROID_EMU_host_composition_v2 ANDROID_EMU_vulkan ANDROID_EMU_deferred_vulkan_commands ANDROID_EMU_vulkan_null_optional_strings ANDROID_EMU_vulkan_create_resources_with_requirements ANDROID_EMU_YUV_Cache ANDROID_EMU_vulkan_ignored_handles ANDROID_EMU_has_shared_slots_host_memory_allocator ANDROID_EMU_vulkan_free_memory_sync ANDROID_EMU_vulkan_shader_float16_int8 ANDROID_EMU_vulkan_async_queue_submit ANDROID_EMU_sync_buffer_data ANDROID_EMU_read_color_buffer_dma GL_OES_vertex_array_object GL_KHR_texture_compression_astc_ldr ANDROID_EMU_host_side_tracing ANDROID_EMU_gles_max_version_2 
07-28 12:18:54.277  2231  4642 W OpenGLRenderer: Failed to choose config with EGL_SWAP_BEHAVIOR_PRESERVED, retrying without...
07-28 12:18:54.287  2231  2231 W View    : requestLayout() improperly called by android.widget.LinearLayout{9e4ee9b V.E...... ......ID 0,490-1080,793 #7f0b012b app:id/compass_container} during layout: running second layout pass
07-28 12:18:54.287  2231  2231 W View    : requestLayout() improperly called by com.google.android.apps.gmm.map.ui.CompassButtonView{e0f0238 I.E...... ......I. 915,171-1047,303 #7f0b00d3 app:id/base_compass_button} during layout: running second layout pass
07-28 12:18:54.290   335   384 W ServiceManager: Permission failure: android.permission.ACCESS_SURFACE_FLINGER from uid=10102 pid=2231
07-28 12:18:54.290   335   384 D PermissionCache: checking android.permission.ACCESS_SURFACE_FLINGER for uid=10102 => denied (392 us)
07-28 12:18:54.307  2231  4642 D EGL_emulation: eglCreateContext: 0xf4420450: maj 2 min 0 rcv 2
07-28 12:18:54.311  2231  4642 D EGL_emulation: eglMakeCurrent: 0xf4420450: ver 2 0 (tinfo 0xc0e04f50) (first time)
07-28 12:18:54.325   303   360 D goldfish-address-space: claimShared: Ask to claim region [0x3f8965000 0x3f92ca000]
07-28 12:18:54.330   174   174 I hwservicemanager: getTransport: Cannot find entry android.hardware.graphics.mapper@4.0::IMapper/default in either framework or device manifest.
07-28 12:18:54.330  2231  4642 I Gralloc4: mapper 4.x is not supported
07-28 12:18:54.332  2231  4642 D HostConnection: createUnique: call
07-28 12:18:54.334  2231  4642 D HostConnection: HostConnection::get() New Host Connection established 0xf44203e0, tid 4642
07-28 12:18:54.335  2231  4642 D goldfish-address-space: allocate: Ask for block of size 0x100
07-28 12:18:54.335  2231  4642 D goldfish-address-space: allocate: ioctl allocate returned offset 0x3f3ffe000 size 0x2000
07-28 12:18:54.343  2231  4642 D HostConnection: HostComposition ext ANDROID_EMU_CHECKSUM_HELPER_v1 ANDROID_EMU_native_sync_v2 ANDROID_EMU_native_sync_v3 ANDROID_EMU_native_sync_v4 ANDROID_EMU_dma_v1 ANDROID_EMU_direct_mem ANDROID_EMU_host_composition_v1 ANDROID_EMU_host_composition_v2 ANDROID_EMU_vulkan ANDROID_EMU_deferred_vulkan_commands ANDROID_EMU_vulkan_null_optional_strings ANDROID_EMU_vulkan_create_resources_with_requirements ANDROID_EMU_YUV_Cache ANDROID_EMU_vulkan_ignored_handles ANDROID_EMU_has_shared_slots_host_memory_allocator ANDROID_EMU_vulkan_free_memory_sync ANDROID_EMU_vulkan_shader_float16_int8 ANDROID_EMU_vulkan_async_queue_submit ANDROID_EMU_sync_buffer_data ANDROID_EMU_read_color_buffer_dma GL_OES_vertex_array_object GL_KHR_texture_compression_astc_ldr ANDROID_EMU_host_side_tracing ANDROID_EMU_gles_max_version_2 
07-28 12:18:54.385  2231  2248 I droid.apps.map: JIT allocated 61KB for compiled code of boolean bmbt.a(bmgo, java.lang.Object, bmfs)
07-28 12:18:54.386  2231  2248 I droid.apps.map: Compiler allocated 4466KB to compile boolean bmbt.a(bmgo, java.lang.Object, bmfs)
07-28 12:18:54.611   303   360 D goldfish-address-space: claimShared: Ask to claim region [0x3fd2ca000 0x3fdc2f000]
07-28 12:18:54.658  2231  4642 I OpenGLRenderer: Davey! duration=816ms; Flags=1, IntendedVsync=1674654428390, Vsync=1674987761710, OldestInputEvent=9223372036854775807, NewestInputEvent=0, HandleInputStart=1674993933700, AnimationStart=1674993968200, PerformTraversalsStart=1674997394800, DrawStart=1675166074500, SyncQueued=1675171302800, SyncStart=1675173922300, IssueDrawCommandsStart=1675178453100, SwapBuffers=1675401837700, FrameCompleted=1675473316900, DequeueBufferDuration=45936400, QueueBufferDuration=6786900, GpuCompleted=7412800351391678987, 
07-28 12:18:54.684   527   557 D EventSequenceValidator: Transition from ACTIVITY_LAUNCHED to ACTIVITY_FINISHED
07-28 12:18:54.705   527   564 D ArtManagerInternalImpl: /data/misc/iorapd/com.google.android.apps.maps/1043701040/com.google.android.maps.MapsActivity/compiled_traces/compiled_trace.pb doesn't exist
07-28 12:18:54.710   527   564 I ActivityTaskManager: Displayed com.google.android.apps.maps/com.google.android.maps.MapsActivity: +2s14ms
07-28 12:18:54.758  2231  4663 D HostConnection: HostConnection::get() New Host Connection established 0xf44315c0, tid 4663
07-28 12:18:54.797  2231  4663 D HostConnection: HostComposition ext ANDROID_EMU_CHECKSUM_HELPER_v1 ANDROID_EMU_native_sync_v2 ANDROID_EMU_native_sync_v3 ANDROID_EMU_native_sync_v4 ANDROID_EMU_dma_v1 ANDROID_EMU_direct_mem ANDROID_EMU_host_composition_v1 ANDROID_EMU_host_composition_v2 ANDROID_EMU_vulkan ANDROID_EMU_deferred_vulkan_commands ANDROID_EMU_vulkan_null_optional_strings ANDROID_EMU_vulkan_create_resources_with_requirements ANDROID_EMU_YUV_Cache ANDROID_EMU_vulkan_ignored_handles ANDROID_EMU_has_shared_slots_host_memory_allocator ANDROID_EMU_vulkan_free_memory_sync ANDROID_EMU_vulkan_shader_float16_int8 ANDROID_EMU_vulkan_async_queue_submit ANDROID_EMU_sync_buffer_data ANDROID_EMU_read_color_buffer_dma GL_OES_vertex_array_object GL_KHR_texture_compression_astc_ldr ANDROID_EMU_host_side_tracing ANDROID_EMU_gles_max_version_2 
07-28 12:18:54.807  2231  4663 D EGL_emulation: eglCreateContext: 0xf4431010: maj 2 min 0 rcv 2
07-28 12:18:54.809   303   360 D goldfish-address-space: claimShared: Ask to claim region [0x3f0000000 0x3f08da000]
07-28 12:18:54.825  2231  4663 D EGL_emulation: eglMakeCurrent: 0xf4431010: ver 2 0 (tinfo 0xc0e05790) (first time)
07-28 12:18:55.082  2231  2231 I Choreographer: Skipped 53 frames!  The application may be doing too much work on its main thread.
07-28 12:18:55.211  2231  2249 I droid.apps.map: Background young concurrent copying GC freed 55176(3878KB) AllocSpace objects, 17(2304KB) LOS objects, 0% free, 19MB/19MB, paused 1.734ms total 235.935ms
07-28 12:18:55.251   303   360 D goldfish-address-space: claimShared: Ask to claim region [0x3f08da000 0x3f123f000]
07-28 12:18:55.257  2231  4642 I OpenGLRenderer: Davey! duration=1064ms; Flags=1, IntendedVsync=1675004475410, Vsync=1675887808708, OldestInputEvent=9223372036854775807, NewestInputEvent=0, HandleInputStart=1675898476400, AnimationStart=1675898491700, PerformTraversalsStart=1675899056500, DrawStart=1675926003900, SyncQueued=1675954954400, SyncStart=1675959243000, IssueDrawCommandsStart=1675959384800, SwapBuffers=1676035667200, FrameCompleted=1676073175200, DequeueBufferDuration=6406200, QueueBufferDuration=29990900, GpuCompleted=2453298604776941486, 
07-28 12:18:55.495  2231  2277 W droid.apps.map: Long monitor contention with owner TilePrepPool1 (4667) at zjv zmv.a(java.lang.String, zim, cgiy)(PG:101) waiters=1 in zjv zmv.a(java.lang.String, zim, cgiy) for 515ms
07-28 12:18:55.495  2231  4663 W droid.apps.map: Long monitor contention with owner DefaultPool2 (2277) at void yzm.a(cglj)(PG:31) waiters=0 in zim zej.b() for 452ms
07-28 12:18:55.518   303   360 D goldfish-address-space: claimShared: Ask to claim region [0x3f123f000 0x3f1b19000]
07-28 12:18:55.639  2231  2249 I droid.apps.map: Background concurrent copying GC freed 48081(2391KB) AllocSpace objects, 29(4668KB) LOS objects, 50% free, 20MB/41MB, paused 2.281ms total 425.658ms
07-28 12:18:55.661   399   399 I perfetto: probes_producer.cc:329  Producer stop (id=17)
07-28 12:18:55.663   406   406 I perfetto: ng_service_impl.cc:1948 Tracing session 17 ended, total sessions:1
07-28 12:18:55.704   174   174 I hwservicemanager: getTransport: Cannot find entry android.hardware.graphics.allocator@4.0::IAllocator/default in either framework or device manifest.
07-28 12:18:55.705  2231  4671 W Gralloc4: allocator 3.x is not supported
07-28 12:18:55.708   303   360 D goldfish-address-space: claimShared: Ask to claim region [0x3f1b19000 0x3f1b74000]
07-28 12:18:55.721   527  1430 E TaskPersister: File error accessing recents directory (directory doesn't exist?).
07-28 12:18:55.732  2231  4673 D HostConnection: HostConnection::get() New Host Connection established 0xf4433e00, tid 4673
07-28 12:18:55.775  2231  4673 D HostConnection: HostComposition ext ANDROID_EMU_CHECKSUM_HELPER_v1 ANDROID_EMU_native_sync_v2 ANDROID_EMU_native_sync_v3 ANDROID_EMU_native_sync_v4 ANDROID_EMU_dma_v1 ANDROID_EMU_direct_mem ANDROID_EMU_host_composition_v1 ANDROID_EMU_host_composition_v2 ANDROID_EMU_vulkan ANDROID_EMU_deferred_vulkan_commands ANDROID_EMU_vulkan_null_optional_strings ANDROID_EMU_vulkan_create_resources_with_requirements ANDROID_EMU_YUV_Cache ANDROID_EMU_vulkan_ignored_handles ANDROID_EMU_has_shared_slots_host_memory_allocator ANDROID_EMU_vulkan_free_memory_sync ANDROID_EMU_vulkan_shader_float16_int8 ANDROID_EMU_vulkan_async_queue_submit ANDROID_EMU_sync_buffer_data ANDROID_EMU_read_color_buffer_dma GL_OES_vertex_array_object GL_KHR_texture_compression_astc_ldr ANDROID_EMU_host_side_tracing ANDROID_EMU_gles_max_version_2 
07-28 12:18:55.779  2231  4673 W OpenGLRenderer: Failed to choose config with EGL_SWAP_BEHAVIOR_PRESERVED, retrying without...
07-28 12:18:55.785   527   541 I system_server: oneway function results will be dropped but finished with status OK and parcel size 4
07-28 12:18:55.824  2231  4673 D EGL_emulation: eglCreateContext: 0xf44170e0: maj 2 min 0 rcv 2
07-28 12:18:55.833  2231  4673 D EGL_emulation: eglMakeCurrent: 0xf44170e0: ver 2 0 (tinfo 0xc0e17ad0) (first time)
07-28 12:18:55.841  2231  4671 D HostConnection: HostConnection::get() New Host Connection established 0xf4426880, tid 4671
07-28 12:18:55.875  2231  4671 D HostConnection: HostComposition ext ANDROID_EMU_CHECKSUM_HELPER_v1 ANDROID_EMU_native_sync_v2 ANDROID_EMU_native_sync_v3 ANDROID_EMU_native_sync_v4 ANDROID_EMU_dma_v1 ANDROID_EMU_direct_mem ANDROID_EMU_host_composition_v1 ANDROID_EMU_host_composition_v2 ANDROID_EMU_vulkan ANDROID_EMU_deferred_vulkan_commands ANDROID_EMU_vulkan_null_optional_strings ANDROID_EMU_vulkan_create_resources_with_requirements ANDROID_EMU_YUV_Cache ANDROID_EMU_vulkan_ignored_handles ANDROID_EMU_has_shared_slots_host_memory_allocator ANDROID_EMU_vulkan_free_memory_sync ANDROID_EMU_vulkan_shader_float16_int8 ANDROID_EMU_vulkan_async_queue_submit ANDROID_EMU_sync_buffer_data ANDROID_EMU_read_color_buffer_dma GL_OES_vertex_array_object GL_KHR_texture_compression_astc_ldr ANDROID_EMU_host_side_tracing ANDROID_EMU_gles_max_version_2 
07-28 12:18:55.927  2231  4663 W droid.apps.map: Long monitor contention with owner LabelingPool1 (4664) at java.lang.Long zej.a(java.lang.Long, int, bxdl)(PG:125) waiters=0 in zim zej.b() for 297ms
07-28 12:18:55.947   303   360 D goldfish-address-space: claimShared: Ask to claim region [0x3f1b74000 0x3f244e000]
07-28 12:18:56.034   303   360 D goldfish-address-space: claimShared: Ask to claim region [0x3f244e000 0x3f24a9000]
07-28 12:18:56.072   303   360 D goldfish-address-space: claimShared: Ask to claim region [0x3f24a9000 0x3f2504000]
07-28 12:18:56.142   303   360 D goldfish-address-space: claimShared: Ask to claim region [0x3f2504000 0x3f255f000]
07-28 12:18:56.737  4308  4324 W MessageQueue: Handler (android.os.Handler) {10bcbf7} sending message to a Handler on a dead thread
07-28 12:18:56.737  4308  4324 W MessageQueue: java.lang.IllegalStateException: Handler (android.os.Handler) {10bcbf7} sending message to a Handler on a dead thread
07-28 12:18:56.737  4308  4324 W MessageQueue: 	at android.os.MessageQueue.enqueueMessage(MessageQueue.java:560)
07-28 12:18:56.737  4308  4324 W MessageQueue: 	at android.os.Handler.enqueueMessage(Handler.java:778)
07-28 12:18:56.737  4308  4324 W MessageQueue: 	at android.os.Handler.sendMessageAtTime(Handler.java:727)
07-28 12:18:56.737  4308  4324 W MessageQueue: 	at android.os.Handler.sendMessageDelayed(Handler.java:697)
07-28 12:18:56.737  4308  4324 W MessageQueue: 	at android.os.Handler.post(Handler.java:427)
07-28 12:18:56.737  4308  4324 W MessageQueue: 	at android.hardware.camera2.impl.CameraDeviceImpl$CameraHandlerExecutor.execute(CameraDeviceImpl.java:2155)
07-28 12:18:56.737  4308  4324 W MessageQueue: 	at android.hardware.camera2.impl.CallbackProxies$SessionStateCallbackProxy.onClosed(CallbackProxies.java:104)
07-28 12:18:56.737  4308  4324 W MessageQueue: 	at android.hardware.camera2.impl.CameraCaptureSessionImpl.close(CameraCaptureSessionImpl.java:587)
07-28 12:18:56.737  4308  4324 W MessageQueue: 	at android.hardware.camera2.impl.CameraCaptureSessionImpl.finalize(CameraCaptureSessionImpl.java:878)
07-28 12:18:56.737  4308  4324 W MessageQueue: 	at java.lang.Daemons$FinalizerDaemon.doFinalize(Daemons.java:291)
07-28 12:18:56.737  4308  4324 W MessageQueue: 	at java.lang.Daemons$FinalizerDaemon.runInternal(Daemons.java:278)
07-28 12:18:56.737  4308  4324 W MessageQueue: 	at java.lang.Daemons$Daemon.run(Daemons.java:139)
07-28 12:18:56.737  4308  4324 W MessageQueue: 	at java.lang.Thread.run(Thread.java:923)
07-28 12:18:56.737   414   606 I Camera3-Device: disconnectImpl: E
07-28 12:18:56.737   414   606 I Camera2ClientBase: Closed Camera 0. Client was: com.android.camera2 (PID 4308, UID 10091)
07-28 12:18:56.737   414   606 I Camera3-Device: disconnectImpl: E
07-28 12:18:56.964   326   326 I android.hardware.vibrator-service.example: Vibrator reporting capabilities
07-28 12:18:56.965   326   326 I android.hardware.vibrator-service.example: Vibrator off
07-28 12:18:56.966   326   326 I android.hardware.vibrator-service.example: Vibrator perform
07-28 12:18:56.967   326  4686 I android.hardware.vibrator-service.example: Starting perform on another thread
07-28 12:18:56.974   527   614 I system_server: oneway function results will be dropped but finished with status OK and parcel size 4
07-28 12:18:56.974   527   614 I system_server: oneway function results will be dropped but finished with status OK and parcel size 4
07-28 12:18:56.982   527   541 I system_server: oneway function results will be dropped but finished with status OK and parcel size 4
07-28 12:18:57.069   326  4686 I android.hardware.vibrator-service.example: Notifying perform complete
07-28 12:18:57.070   326   326 I android.hardware.vibrator-service.example: Vibrator off
07-28 12:18:57.116   326   326 I android.hardware.vibrator-service.example: Vibrator reporting capabilities
07-28 12:18:57.117   326   326 I android.hardware.vibrator-service.example: Vibrator off
07-28 12:18:57.118   527  1183 I system_server: oneway function results will be dropped but finished with status OK and parcel size 4
07-28 12:18:57.120   326   326 I android.hardware.vibrator-service.example: Vibrator perform
07-28 12:18:57.120   326  4688 I android.hardware.vibrator-service.example: Starting perform on another thread
07-28 12:18:57.134   527   554 D AutofillManagerService: Close system dialogs
07-28 12:18:57.136   527   555 I ActivityTaskManager: START u0 {act=android.intent.action.MAIN cat=[android.intent.category.HOME] flg=0x10000100 cmp=com.android.launcher3/.uioverrides.QuickstepLauncher (has extras)} from uid 0
07-28 12:18:57.137   527   557 D EventSequenceValidator: Transition from ACTIVITY_FINISHED to INTENT_STARTED
07-28 12:18:57.147   406   406 I perfetto: ing_service_impl.cc:758 Configured tracing session 19, #sources:1, duration:5000 ms, #buffers:1, total buffer size:4096 KB, total sessions:2, uid:1071 session name: ""
07-28 12:18:57.149   399   399 I perfetto: probes_producer.cc:230  Ftrace setup (target_buf=19)
07-28 12:18:57.167   527   557 D EventSequenceValidator: Transition from INTENT_STARTED to ACTIVITY_LAUNCHED
07-28 12:18:57.169   711   711 V ShadeControllerImpl: NotificationShadeWindow: com.android.systemui.statusbar.phone.NotificationShadeWindowView{4ff07a9 I.E...... ......ID 0,0-1080,2280} canPanelBeCollapsed(): false
07-28 12:18:57.174   527   614 W InputReader: Device virtio_input_multi_touch_9 is associated with display ADISPLAY_ID_NONE.
07-28 12:18:57.174   527   614 W InputReader: Device virtio_input_multi_touch_7 is associated with display ADISPLAY_ID_NONE.
07-28 12:18:57.174   527   614 W InputReader: Device virtio_input_multi_touch_6 is associated with display ADISPLAY_ID_NONE.
07-28 12:18:57.174   527   614 W InputReader: Device virtio_input_multi_touch_3 is associated with display ADISPLAY_ID_NONE.
07-28 12:18:57.174   527   614 W InputReader: Device virtio_input_multi_touch_10 is associated with display ADISPLAY_ID_NONE.
07-28 12:18:57.174   527   614 W InputReader: Device virtio_input_multi_touch_8 is associated with display ADISPLAY_ID_NONE.
07-28 12:18:57.174   527   614 W InputReader: Device virtio_input_multi_touch_4 is associated with display ADISPLAY_ID_NONE.
07-28 12:18:57.174   527   614 W InputReader: Device virtio_input_multi_touch_11 is associated with display ADISPLAY_ID_NONE.
07-28 12:18:57.174   527   614 W InputReader: Device virtio_input_multi_touch_5 is associated with display ADISPLAY_ID_NONE.
07-28 12:18:57.174   527   614 W InputReader: Device virtio_input_multi_touch_2 is associated with display ADISPLAY_ID_NONE.
07-28 12:18:57.174   527   614 W InputReader: Device virtio_input_multi_touch_9 is associated with display ADISPLAY_ID_NONE.
07-28 12:18:57.174   527   614 W InputReader: Device virtio_input_multi_touch_7 is associated with display ADISPLAY_ID_NONE.
07-28 12:18:57.174   527   614 W InputReader: Device virtio_input_multi_touch_6 is associated with display ADISPLAY_ID_NONE.
07-28 12:18:57.174   527   614 W InputReader: Device virtio_input_multi_touch_3 is associated with display ADISPLAY_ID_NONE.
07-28 12:18:57.175   527   614 W InputReader: Device virtio_input_multi_touch_10 is associated with display ADISPLAY_ID_NONE.
07-28 12:18:57.175   527   614 W InputReader: Device virtio_input_multi_touch_8 is associated with display ADISPLAY_ID_NONE.
07-28 12:18:57.175   527   614 W InputReader: Device virtio_input_multi_touch_4 is associated with display ADISPLAY_ID_NONE.
07-28 12:18:57.175   527   614 W InputReader: Device virtio_input_multi_touch_11 is associated with display ADISPLAY_ID_NONE.
07-28 12:18:57.175   527   614 W InputReader: Device virtio_input_multi_touch_5 is associated with display ADISPLAY_ID_NONE.
07-28 12:18:57.175   527   614 W InputReader: Device virtio_input_multi_touch_2 is associated with display ADISPLAY_ID_NONE.
07-28 12:18:57.205  1074  1074 D TaplTarget: Launcher.onNewIntent: Intent { act=android.intent.action.MAIN cat=[android.intent.category.HOME] flg=0x10400100 cmp=com.android.launcher3/.uioverrides.QuickstepLauncher (has extras) }
07-28 12:18:57.224   326  4688 I android.hardware.vibrator-service.example: Notifying perform complete
07-28 12:18:57.228   326   326 I android.hardware.vibrator-service.example: Vibrator off
07-28 12:18:57.239   527   554 D AutofillManagerService: Close system dialogs
07-28 12:18:57.252   303   360 D goldfish-address-space: claimShared: Ask to claim region [0x3f255f000 0x3f2ec4000]
07-28 12:18:57.280   711   711 V ShadeControllerImpl: NotificationShadeWindow: com.android.systemui.statusbar.phone.NotificationShadeWindowView{4ff07a9 I.E...... ......ID 0,0-1080,2280} canPanelBeCollapsed(): false
07-28 12:18:57.286   303   360 D goldfish-address-space: claimShared: Ask to claim region [0x3f2ec4000 0x3f3829000]
07-28 12:18:57.290   303   303 D goldfish-address-space: claimShared: Ask to claim region [0x3f64f9000 0x3f6e5e000]
07-28 12:18:57.353   303   303 D goldfish-address-space: claimShared: Ask to claim region [0x3f6e5e000 0x3f77c3000]
07-28 12:18:57.403   527   557 D EventSequenceValidator: Transition from ACTIVITY_LAUNCHED to ACTIVITY_FINISHED
07-28 12:18:57.409   527   564 D ArtManagerInternalImpl: /data/misc/iorapd/com.android.launcher3/30/com.android.launcher3.uioverrides.QuickstepLauncher/compiled_traces/compiled_trace.pb doesn't exist
07-28 12:18:57.651   711   728 I ndroid.systemu: NativeAlloc concurrent copying GC freed 5411(352KB) AllocSpace objects, 2(40KB) LOS objects, 49% free, 6107KB/11MB, paused 1.084ms total 231.403ms
07-28 12:18:57.682   399   399 I perfetto: probes_producer.cc:329  Producer stop (id=18)
07-28 12:18:57.692   406   406 I perfetto: ng_service_impl.cc:1948 Tracing session 18 ended, total sessions:1
07-28 12:18:57.746  2231  2249 I droid.apps.map: Background young concurrent copying GC freed 160320(7284KB) AllocSpace objects, 144(10016KB) LOS objects, 17% free, 33MB/41MB, paused 550us total 900.879ms
07-28 12:18:58.109   527  3568 D HostConnection: HostConnection::get() New Host Connection established 0xf4436800, tid 3568
07-28 12:18:58.115   527  3568 D HostConnection: HostComposition ext ANDROID_EMU_CHECKSUM_HELPER_v1 ANDROID_EMU_native_sync_v2 ANDROID_EMU_native_sync_v3 ANDROID_EMU_native_sync_v4 ANDROID_EMU_dma_v1 ANDROID_EMU_direct_mem ANDROID_EMU_host_composition_v1 ANDROID_EMU_host_composition_v2 ANDROID_EMU_vulkan ANDROID_EMU_deferred_vulkan_commands ANDROID_EMU_vulkan_null_optional_strings ANDROID_EMU_vulkan_create_resources_with_requirements ANDROID_EMU_YUV_Cache ANDROID_EMU_vulkan_ignored_handles ANDROID_EMU_has_shared_slots_host_memory_allocator ANDROID_EMU_vulkan_free_memory_sync ANDROID_EMU_vulkan_shader_float16_int8 ANDROID_EMU_vulkan_async_queue_submit ANDROID_EMU_sync_buffer_data ANDROID_EMU_read_color_buffer_dma GL_OES_vertex_array_object GL_KHR_texture_compression_astc_ldr ANDROID_EMU_host_side_tracing ANDROID_EMU_gles_max_version_2 
07-28 12:18:58.115   527  3568 W OpenGLRenderer: Failed to choose config with EGL_SWAP_BEHAVIOR_PRESERVED, retrying without...
07-28 12:18:58.143   527  3568 D EGL_emulation: eglCreateContext: 0xf443b420: maj 2 min 0 rcv 2
07-28 12:18:58.147   527  3568 D EGL_emulation: eglMakeCurrent: 0xf443b420: ver 2 0 (tinfo 0xbea0c150) (first time)
07-28 12:18:58.429   527   537 I system_server: NativeAlloc concurrent copying GC freed 186515(8382KB) AllocSpace objects, 24(608KB) LOS objects, 49% free, 12MB/24MB, paused 519us total 183.644ms
07-28 12:18:59.534  2231  2249 I droid.apps.map: ThreadFlipBegin blocked for 8.343ms
07-28 12:19:00.006   711   711 D KeyguardClockSwitch: Updating clock: 1219
07-28 12:19:00.075   527  4174 I system_server: oneway function results will be dropped but finished with status OK and parcel size 4
07-28 12:19:01.077   391   391 W adbd    : timeout expired while flushing socket, closing
07-28 12:19:02.173   399   399 I perfetto: probes_producer.cc:329  Producer stop (id=19)
07-28 12:19:02.175   406   406 I perfetto: ng_service_impl.cc:1948 Tracing session 19 ended, total sessions:0
07-28 12:19:02.176   399   399 I perfetto: ftrace_procfs.cc:183    disabled ftrace
07-28 12:19:02.164     0     0 W perfetto: disabled ftrace
07-28 12:19:03.334  2231  2231 V NFC     : this device does not have NFC support
07-28 12:19:04.350  2231  4654 W ConnectionTracker: Exception thrown while unbinding
07-28 12:19:04.350  2231  4654 W ConnectionTracker: java.lang.IllegalArgumentException: Service not registered: lm@a412631
07-28 12:19:04.350  2231  4654 W ConnectionTracker: 	at android.app.LoadedApk.forgetServiceDispatcher(LoadedApk.java:1757)
07-28 12:19:04.350  2231  4654 W ConnectionTracker: 	at android.app.ContextImpl.unbindService(ContextImpl.java:1874)
07-28 12:19:04.350  2231  4654 W ConnectionTracker: 	at android.content.ContextWrapper.unbindService(ContextWrapper.java:792)
07-28 12:19:04.350  2231  4654 W ConnectionTracker: 	at ce.b(:com.google.android.gms.dynamite_measurementdynamite@201817052@20.18.17 (040700-0):1)
07-28 12:19:04.350  2231  4654 W ConnectionTracker: 	at ce.a(:com.google.android.gms.dynamite_measurementdynamite@201817052@20.18.17 (040700-0):5)
07-28 12:19:04.350  2231  4654 W ConnectionTracker: 	at ln.A(:com.google.android.gms.dynamite_measurementdynamite@201817052@20.18.17 (040700-0):10)
07-28 12:19:04.350  2231  4654 W ConnectionTracker: 	at ky.a(:com.google.android.gms.dynamite_measurementdynamite@201817052@20.18.17 (040700-0):3)
07-28 12:19:04.350  2231  4654 W ConnectionTracker: 	at dy.run(:com.google.android.gms.dynamite_measurementdynamite@201817052@20.18.17 (040700-0):2)
07-28 12:19:04.350  2231  4654 W ConnectionTracker: 	at java.util.concurrent.Executors$RunnableAdapter.call(Executors.java:462)
07-28 12:19:04.350  2231  4654 W ConnectionTracker: 	at java.util.concurrent.FutureTask.run(FutureTask.java:266)
07-28 12:19:04.350  2231  4654 W ConnectionTracker: 	at iw.run(:com.google.android.gms.dynamite_measurementdynamite@201817052@20.18.17 (040700-0):15)
07-28 12:19:05.928  1215  1215 W SystemServiceRegistry: No service published for: persistent_data_block
07-28 12:19:08.046   527   541 D WifiNl80211Manager: Scan result ready event
07-28 12:19:08.046   527   541 D WifiNative: Scan result ready event
07-28 12:19:17.630   475   475 E netmgr  : qemu_pipe_open_ns:62: Could not connect to the 'pipe:qemud:network' service: Invalid argument
07-28 12:19:17.630   475   475 E netmgr  : Failed to open QEMU pipe 'qemud:network': Invalid argument
07-28 12:19:17.994   487   487 E wifi_forwarder: qemu_pipe_open_ns:62: Could not connect to the 'pipe:qemud:wififorward' service: Invalid argument
07-28 12:19:17.994   487   487 E wifi_forwarder: RemoteConnection failed to initialize: RemoteConnection failed to open pipe
07-28 12:19:21.308   208   208 W Binder:208_1: type=1400 audit(0.0:132): avc: denied { read } for name="wakeup34" dev="sysfs" ino=18950 scontext=u:r:system_suspend:s0 tcontext=u:object_r:sysfs:s0 tclass=dir permissive=0
07-28 12:19:21.310   208   210 E android.system.suspend@1.0-service: Error opening kernel wakelock stats for: wakeup34: Permission denied
07-28 12:19:21.317   208   210 E android.system.suspend@1.0-service: Error opening kernel wakelock stats for: wakeup35: Permission denied
07-28 12:19:21.312   208   208 W Binder:208_1: type=1400 audit(0.0:133): avc: denied { read } for name="wakeup35" dev="sysfs" ino=19013 scontext=u:r:system_suspend:s0 tcontext=u:object_r:sysfs:s0 tclass=dir permissive=0
07-28 12:19:23.271  1697  2615 I CastDatabase: Saving the database
07-28 12:19:23.276  1697  2615 I SQLiteCastStore: [CastNetworkInfo] saved: 0, skipped: 0, [CastDeviceInfo]: saved 0, skipped 0, [Paired Guest Mode DeviceInfo] saved: 0, skipped: 0. [ProbedNetworks]: saved 0, skipped: 0, [ProbedSocketAddress]: saved 0, skipped: 0, [Network-Device pairs]: saved: 0
07-28 12:19:58.086   527   565 W ActivityManager: Stopping service due to app idle: u0a102 -1m4s658ms com.google.android.apps.maps/com.google.android.apps.gmm.util.systemhealth.impl.SystemHealthService
07-28 12:20:00.004   711   711 D KeyguardClockSwitch: Updating clock: 1220
07-28 12:20:17.693   475   475 E netmgr  : qemu_pipe_open_ns:62: Could not connect to the 'pipe:qemud:network' service: Invalid argument
07-28 12:20:17.693   475   475 E netmgr  : Failed to open QEMU pipe 'qemud:network': Invalid argument
07-28 12:20:18.049   487   487 E wifi_forwarder: qemu_pipe_open_ns:62: Could not connect to the 'pipe:qemud:wififorward' service: Invalid argument
07-28 12:20:18.049   487   487 E wifi_forwarder: RemoteConnection failed to initialize: RemoteConnection failed to open pipe
07-28 12:20:26.243     0     0 W healthd : battery l=100 v=5000 t=25.0 h=2 st=4 c=900000 fc=300000 cc=10 chg=
07-28 12:20:28.050   527  4174 D WifiNl80211Manager: Scan result ready event
07-28 12:20:28.050   527  4174 D WifiNative: Scan result ready event
07-28 12:20:59.215   208   210 E android.system.suspend@1.0-service: Error opening kernel wakelock stats for: wakeup34: Permission denied
07-28 12:20:59.212   208   208 W Binder:208_1: type=1400 audit(0.0:134): avc: denied { read } for name="wakeup34" dev="sysfs" ino=18950 scontext=u:r:system_suspend:s0 tcontext=u:object_r:sysfs:s0 tclass=dir permissive=0
07-28 12:20:59.225   208   210 E android.system.suspend@1.0-service: Error opening kernel wakelock stats for: wakeup35: Permission denied
07-28 12:20:59.224   208   208 W Binder:208_1: type=1400 audit(0.0:135): avc: denied { read } for name="wakeup35" dev="sysfs" ino=19013 scontext=u:r:system_suspend:s0 tcontext=u:object_r:sysfs:s0 tclass=dir permissive=0
07-28 12:21:00.005   711   711 D KeyguardClockSwitch: Updating clock: 1221
07-28 12:21:17.756   475   475 E netmgr  : qemu_pipe_open_ns:62: Could not connect to the 'pipe:qemud:network' service: Invalid argument
07-28 12:21:17.756   475   475 E netmgr  : Failed to open QEMU pipe 'qemud:network': Invalid argument
07-28 12:21:18.106   487   487 E wifi_forwarder: qemu_pipe_open_ns:62: Could not connect to the 'pipe:qemud:wififorward' service: Invalid argument
07-28 12:21:18.106   487   487 E wifi_forwarder: RemoteConnection failed to initialize: RemoteConnection failed to open pipe
07-28 12:21:53.864   208   210 E android.system.suspend@1.0-service: Error opening kernel wakelock stats for: wakeup34: Permission denied
07-28 12:21:53.860   208   208 W Binder:208_1: type=1400 audit(0.0:136): avc: denied { read } for name="wakeup34" dev="sysfs" ino=18950 scontext=u:r:system_suspend:s0 tcontext=u:object_r:sysfs:s0 tclass=dir permissive=0
07-28 12:21:53.879   208   210 E android.system.suspend@1.0-service: Error opening kernel wakelock stats for: wakeup35: Permission denied
07-28 12:21:53.876   208   208 W Binder:208_1: type=1400 audit(0.0:137): avc: denied { read } for name="wakeup35" dev="sysfs" ino=19013 scontext=u:r:system_suspend:s0 tcontext=u:object_r:sysfs:s0 tclass=dir permissive=0
07-28 12:22:00.002   711   711 D KeyguardClockSwitch: Updating clock: 1222
07-28 12:22:08.980   208   208 W Binder:208_1: type=1400 audit(0.0:138): avc: denied { read } for name="wakeup34" dev="sysfs" ino=18950 scontext=u:r:system_suspend:s0 tcontext=u:object_r:sysfs:s0 tclass=dir permissive=0
07-28 12:22:08.982   208   210 E android.system.suspend@1.0-service: Error opening kernel wakelock stats for: wakeup34: Permission denied
07-28 12:22:08.985   208   210 E android.system.suspend@1.0-service: Error opening kernel wakelock stats for: wakeup35: Permission denied
07-28 12:22:08.980   208   208 W Binder:208_1: type=1400 audit(0.0:139): avc: denied { read } for name="wakeup35" dev="sysfs" ino=19013 scontext=u:r:system_suspend:s0 tcontext=u:object_r:sysfs:s0 tclass=dir permissive=0
07-28 12:22:17.808   475   475 E netmgr  : qemu_pipe_open_ns:62: Could not connect to the 'pipe:qemud:network' service: Invalid argument
07-28 12:22:17.808   475   475 E netmgr  : Failed to open QEMU pipe 'qemud:network': Invalid argument
07-28 12:22:18.119   487   487 E wifi_forwarder: qemu_pipe_open_ns:62: Could not connect to the 'pipe:qemud:wififorward' service: Invalid argument
07-28 12:22:18.119   487   487 E wifi_forwarder: RemoteConnection failed to initialize: RemoteConnection failed to open pipe
07-28 12:22:56.807   208   210 E android.system.suspend@1.0-service: Error opening kernel wakelock stats for: wakeup34: Permission denied
07-28 12:22:56.804   208   208 W Binder:208_1: type=1400 audit(0.0:140): avc: denied { read } for name="wakeup34" dev="sysfs" ino=18950 scontext=u:r:system_suspend:s0 tcontext=u:object_r:sysfs:s0 tclass=dir permissive=0
07-28 12:22:56.821   208   210 E android.system.suspend@1.0-service: Error opening kernel wakelock stats for: wakeup35: Permission denied
07-28 12:22:56.816   208   208 W Binder:208_1: type=1400 audit(0.0:141): avc: denied { read } for name="wakeup35" dev="sysfs" ino=19013 scontext=u:r:system_suspend:s0 tcontext=u:object_r:sysfs:s0 tclass=dir permissive=0
07-28 12:23:00.002   711   711 D KeyguardClockSwitch: Updating clock: 1223
07-28 12:23:08.014   527   618 I ActivityManager: Killing 2447:com.google.android.gms.ui/u0a87 (adj 955): empty for 1874s
07-28 12:23:08.014   527   618 I ActivityManager: Killing 2329:com.android.externalstorage/u0a48 (adj 955): empty for 1877s
07-28 12:23:08.015   527   618 I ActivityManager: Killing 2204:com.android.traceur/u0a82 (adj 965): empty for 1879s
07-28 12:23:08.015   527   618 I ActivityManager: Killing 2179:com.android.shell/2000 (adj 965): empty for 1879s
07-28 12:23:08.074   527  4174 D WifiNl80211Manager: Scan result ready event
07-28 12:23:08.074   527  4174 D WifiNative: Scan result ready event
07-28 12:23:08.081   287   287 I Zygote  : Process 2179 exited due to signal 9 (Killed)
07-28 12:23:08.083   527  4174 I ActivityManager: Killing 1754:android.process.media/u0a49 (adj 945): empty for 1872s
07-28 12:23:08.084   287   287 I Zygote  : Process 2329 exited due to signal 9 (Killed)
07-28 12:23:08.091   287   287 I Zygote  : Process 2204 exited due to signal 9 (Killed)
07-28 12:23:08.098   287   287 I Zygote  : Process 1754 exited due to signal 9 (Killed)
07-28 12:23:08.098   287   287 I Zygote  : Process 2447 exited due to signal 9 (Killed)
07-28 12:23:08.126   527   564 I ProcessStatsService: Pruning old procstats: /data/system/procstats/state-2022-05-27-12-07-06.bin
07-28 12:23:08.131   527   567 I libprocessgroup: Successfully killed process cgroup uid 10087 pid 2447 in 115ms
07-28 12:23:08.131   527   567 I libprocessgroup: Successfully killed process cgroup uid 10048 pid 2329 in 0ms
07-28 12:23:08.131   527   567 I libprocessgroup: Successfully killed process cgroup uid 10082 pid 2204 in 0ms
07-28 12:23:08.132   527   567 I libprocessgroup: Successfully killed process cgroup uid 2000 pid 2179 in 0ms
07-28 12:23:08.132   527   567 I libprocessgroup: Successfully killed process cgroup uid 10049 pid 1754 in 0ms
07-28 12:23:08.176  1697  2272 I Checkin : [EventLogChimeraService] Opted in for usage reporting: false
07-28 12:23:08.176  1697  2272 I Checkin : [EventLogChimeraService] Aggregate from 1658986187125 (log), 1658986187125 (data)
07-28 12:21:15.869     0     0 W healthd : battery l=100 v=5000 t=25.0 h=2 st=4 c=900000 fc=300000 cc=10 chg=
07-28 12:23:08.166     0     0 D logd    : logdr: UID=10087 GID=10087 PID=1697 n tail=0 logMask=4 pid=0 start=0ns timeout=0ns
07-28 12:23:08.199   527  1489 I DropBoxManagerService: add tag=event_data isTagEnabled=true flags=0x2
07-28 12:23:08.206   527   565 W BroadcastQueue: Background execution not allowed: receiving Intent { act=android.intent.action.DROPBOX_ENTRY_ADDED flg=0x10 (has extras) } to com.google.android.gms/.stats.service.DropBoxEntryAddedReceiver
07-28 12:23:08.206   527   565 W BroadcastQueue: Background execution not allowed: receiving Intent { act=android.intent.action.DROPBOX_ENTRY_ADDED flg=0x10 (has extras) } to com.google.android.gms/.chimera.GmsIntentOperationService$PersistentTrustedReceiver
07-28 12:23:17.825   475   475 E netmgr  : qemu_pipe_open_ns:62: Could not connect to the 'pipe:qemud:network' service: Invalid argument
07-28 12:23:17.825   475   475 E netmgr  : Failed to open QEMU pipe 'qemud:network': Invalid argument
07-28 12:23:18.123   487   487 E wifi_forwarder: qemu_pipe_open_ns:62: Could not connect to the 'pipe:qemud:wififorward' service: Invalid argument
07-28 12:23:18.123   487   487 E wifi_forwarder: RemoteConnection failed to initialize: RemoteConnection failed to open pipe
07-28 12:23:24.756   208   210 E android.system.suspend@1.0-service: Error opening kernel wakelock stats for: wakeup34: Permission denied
07-28 12:23:24.759   208   210 E android.system.suspend@1.0-service: Error opening kernel wakelock stats for: wakeup35: Permission denied
07-28 12:23:24.752   208   208 W Binder:208_1: type=1400 audit(0.0:142): avc: denied { read } for name="wakeup34" dev="sysfs" ino=18950 scontext=u:r:system_suspend:s0 tcontext=u:object_r:sysfs:s0 tclass=dir permissive=0
07-28 12:23:24.756   208   208 W Binder:208_1: type=1400 audit(0.0:143): avc: denied { read } for name="wakeup35" dev="sysfs" ino=19013 scontext=u:r:system_suspend:s0 tcontext=u:object_r:sysfs:s0 tclass=dir permissive=0
07-28 12:23:56.829   208   210 E android.system.suspend@1.0-service: Error opening kernel wakelock stats for: wakeup34: Permission denied
07-28 12:23:56.824   208   208 W Binder:208_1: type=1400 audit(0.0:144): avc: denied { read } for name="wakeup34" dev="sysfs" ino=18950 scontext=u:r:system_suspend:s0 tcontext=u:object_r:sysfs:s0 tclass=dir permissive=0
07-28 12:23:56.833   208   210 E android.system.suspend@1.0-service: Error opening kernel wakelock stats for: wakeup35: Permission denied
07-28 12:23:56.828   208   208 W Binder:208_1: type=1400 audit(0.0:145): avc: denied { read } for name="wakeup35" dev="sysfs" ino=19013 scontext=u:r:system_suspend:s0 tcontext=u:object_r:sysfs:s0 tclass=dir permissive=0
07-28 12:24:00.001   711   711 D KeyguardClockSwitch: Updating clock: 1224
07-28 12:24:09.502  1215  1215 W GCM     : Heartbeat timeout, GCM connection reset -4
07-28 12:24:09.502   527   565 I ActivityManager: Killing 2636:com.android.cellbroadcastreceiver.module/u0a117 (adj 995): empty for 1932s
07-28 12:24:09.514   287   287 I Zygote  : Process 2636 exited due to signal 9 (Killed)
07-28 12:24:09.516  1215  4715 E WakeLock: GCM_HB_ALARM release without a matched acquire!
07-28 12:24:09.516  1215  4715 W WakeLock: GCM_HB_ALARM counter does not exist
07-28 12:24:09.518   527   645 D ConnectivityService: reportNetworkConnectivity(101, false) by 10087
07-28 12:24:09.518   887  1853 D NetworkMonitor/101: Forcing reevaluation for UID 10087. Dns signal count: 0
07-28 12:24:09.549   527   567 I libprocessgroup: Successfully killed process cgroup uid 10117 pid 2636 in 45ms
07-28 12:24:09.625   887  4718 D NetworkMonitor/101: PROBE_DNS connectivitycheck.gstatic.com 102ms OK 142.250.195.195,2404:6800:4007:827::2003
07-28 12:24:09.627   887  4717 D NetworkMonitor/101: PROBE_DNS www.google.com 105ms OK 172.217.160.164,2404:6800:4009:80a::2004
07-28 12:24:09.635  1215  4719 I NetworkManagementSocketTagger: tagSocketFd(-1, 536871943, -1) failed with errno-9
07-28 12:24:09.992   887  4718 D NetworkMonitor/101: PROBE_HTTP http://connectivitycheck.gstatic.com/generate_204 time=365ms ret=204 request={Connection=[close], User-Agent=[Mozilla/5.0 (X11; Linux x86_64) AppleWebKit/537.36 (KHTML, like Gecko) Chrome/60.0.3112.32 Safari/537.36]} headers={null=[HTTP/1.1 204 No Content], Connection=[close], Content-Length=[0], Date=[Thu, 28 Jul 2022 06:54:12 GMT], X-Android-Received-Millis=[1658991249991], X-Android-Response-Source=[NETWORK 204], X-Android-Selected-Protocol=[http/1.1], X-Android-Sent-Millis=[1658991249633]}
07-28 12:24:10.089   887  4717 D NetworkMonitor/101: PROBE_HTTPS https://www.google.com/generate_204 time=460ms ret=204 request={Connection=[close], User-Agent=[Mozilla/5.0 (X11; Linux x86_64) AppleWebKit/537.36 (KHTML, like Gecko) Chrome/60.0.3112.32 Safari/537.36]} headers={null=[HTTP/1.1 204 No Content], Alt-Svc=[h3=":443"; ma=2592000,h3-29=":443"; ma=2592000,h3-Q050=":443"; ma=2592000,h3-Q046=":443"; ma=2592000,h3-Q043=":443"; ma=2592000,quic=":443"; ma=2592000; v="46,43"], Connection=[close], Content-Length=[0], Date=[Thu, 28 Jul 2022 06:54:12 GMT], X-Android-Received-Millis=[1658991250087], X-Android-Response-Source=[NETWORK 204], X-Android-Selected-Protocol=[http/1.1], X-Android-Sent-Millis=[1658991250055]}
07-28 12:24:10.093   887  4716 D NetworkMonitor/101: isCaptivePortal: isSuccessful()=true isPortal()=false RedirectUrl=null isPartialConnectivity()=false Time=570ms
07-28 12:24:10.093   527   565 W BroadcastQueue: Background execution not allowed: receiving Intent { act=android.net.conn.NETWORK_CONDITIONS_MEASURED flg=0x10 (has extras) } to com.google.android.gms/.chimera.GmsIntentOperationService$PersistentTrustedReceiver
07-28 12:24:10.094   527   645 D ConnectivityService: [101 WIFI] validation passed
07-28 12:24:17.832   475   475 E netmgr  : qemu_pipe_open_ns:62: Could not connect to the 'pipe:qemud:network' service: Invalid argument
07-28 12:24:17.832   475   475 E netmgr  : Failed to open QEMU pipe 'qemud:network': Invalid argument
07-28 12:24:18.129   487   487 E wifi_forwarder: qemu_pipe_open_ns:62: Could not connect to the 'pipe:qemud:wififorward' service: Invalid argument
07-28 12:24:18.129   487   487 E wifi_forwarder: RemoteConnection failed to initialize: RemoteConnection failed to open pipe
07-28 12:24:25.178   208   210 E android.system.suspend@1.0-service: Error opening kernel wakelock stats for: wakeup34: Permission denied
07-28 12:24:25.176   208   208 W Binder:208_1: type=1400 audit(0.0:146): avc: denied { read } for name="wakeup34" dev="sysfs" ino=18950 scontext=u:r:system_suspend:s0 tcontext=u:object_r:sysfs:s0 tclass=dir permissive=0
07-28 12:24:25.182   208   210 E android.system.suspend@1.0-service: Error opening kernel wakelock stats for: wakeup35: Permission denied
07-28 12:24:25.180   208   208 W Binder:208_1: type=1400 audit(0.0:147): avc: denied { read } for name="wakeup35" dev="sysfs" ino=19013 scontext=u:r:system_suspend:s0 tcontext=u:object_r:sysfs:s0 tclass=dir permissive=0
07-28 12:25:00.003   711   711 D KeyguardClockSwitch: Updating clock: 1225
07-28 12:25:17.861   475   475 E netmgr  : qemu_pipe_open_ns:62: Could not connect to the 'pipe:qemud:network' service: Invalid argument
07-28 12:25:17.861   475   475 E netmgr  : Failed to open QEMU pipe 'qemud:network': Invalid argument
07-28 12:25:18.135   487   487 E wifi_forwarder: qemu_pipe_open_ns:62: Could not connect to the 'pipe:qemud:wififorward' service: Invalid argument
07-28 12:25:18.135   487   487 E wifi_forwarder: RemoteConnection failed to initialize: RemoteConnection failed to open pipe
07-28 12:25:48.074   527  3149 D WifiNl80211Manager: Scan result ready event
07-28 12:25:48.074   527  3149 D WifiNative: Scan result ready event
07-28 12:26:00.004   711   711 D KeyguardClockSwitch: Updating clock: 1226
07-28 12:26:17.894   475   475 E netmgr  : qemu_pipe_open_ns:62: Could not connect to the 'pipe:qemud:network' service: Invalid argument
07-28 12:26:17.894   475   475 E netmgr  : Failed to open QEMU pipe 'qemud:network': Invalid argument
07-28 12:26:18.139   487   487 E wifi_forwarder: qemu_pipe_open_ns:62: Could not connect to the 'pipe:qemud:wififorward' service: Invalid argument
