07-28 13:07:48.600  5158  5101 F google-breakpad: M F0DB1000 00007000 0000C000 000000000000000000000000000000000 libtinyxml2.so
07-28 13:07:48.600  5158  5101 F google-breakpad: M F0DE1000 00000000 00003000 665303BA577FB0D3D0B4354CF26E10F90 libETC1.so
07-28 13:07:48.600  5158  5101 F google-breakpad: M F0E4B000 00046000 00068000 000000000000000000000000000000000 libc++.so
07-28 13:07:48.600  5158  5101 F google-breakpad: M F0F00000 00033000 0005E000 000000000000000000000000000000000 libmedia.so
07-28 13:07:48.600  5158  5101 F google-breakpad: M F0FA2000 00019000 0001B000 000000000000000000000000000000000 libm.so
07-28 13:07:48.600  5158  5101 F google-breakpad: M F0FFE000 00011000 0002D000 000000000000000000000000000000000 libRScpp.so
07-28 13:07:48.600  5158  5101 F google-breakpad: M F1071000 00000000 00001000 1BC4919639D8CC15C292CB8F50A3FEB00 libdl_android.so
07-28 13:07:48.600  5158  5101 F google-breakpad: M F10C7000 00045000 00053000 000000000000000000000000000000000 libbinder.so
07-28 13:07:48.600  5158  5101 F google-breakpad: M F115D000 00013000 0001E000 000000000000000000000000000000000 android.hardware.media.c2@1.1.so
07-28 13:07:48.601  5158  5101 F google-breakpad: M F1195000 00009000 00014000 000000000000000000000000000000000 libbufferhubqueue.so
07-28 13:07:48.601  5158  5101 F google-breakpad: M F11E2000 00007000 0000B000 000000000000000000000000000000000 libaudiofoundation.so
07-28 13:07:48.601  5158  5101 F google-breakpad: M F121D000 0000F000 00014000 000000000000000000000000000000000 libmediandk.so
07-28 13:07:48.601  5158  5101 F google-breakpad: M F1252000 00001000 00003000 000000000000000000000000000000000 libhardware_legacy.so
07-28 13:07:48.601  5158  5101 F google-breakpad: M F12B2000 0001C000 0002F000 000000000000000000000000000000000 android.hardware.drm@1.1.so
07-28 13:07:48.601  5158  5101 F google-breakpad: M F1337000 00001000 00003000 000000000000000000000000000000000 libaudiopolicy.so
07-28 13:07:48.601  5158  5101 F google-breakpad: M F1374000 00005000 00006000 000000000000000000000000000000000 libgraphicsenv.so
07-28 13:07:48.601  5158  5101 F google-breakpad: M F13B2000 00000000 00001000 81B04872685A15AC274C8E0EDD7F98230 libvndksupport.so
07-28 13:07:48.601  5158  5101 F google-breakpad: M F13D4000 0000B000 00011000 000000000000000000000000000000000 libmediadrmmetrics_lite.so
07-28 13:07:48.601  5158  5101 F google-breakpad: M F1411000 0000A000 00009000 000000000000000000000000000000000 libsensor.so
07-28 13:07:48.602  5158  5101 F google-breakpad: M F1451000 00007000 0000A000 000000000000000000000000000000000 libnativedisplay.so
07-28 13:07:48.602  5158  5101 F google-breakpad: M F14AE000 00001000 00002000 000000000000000000000000000000000 libstatssocket.so
07-28 13:07:48.602  5158  5101 F google-breakpad: M F14CA000 00000000 00001000 9FCAC832DE3ED0F966B49A816EFCD8D10 libcodec2_hidl_client@1.1.so
07-28 13:07:48.602  5158  5101 F google-breakpad: M F155D000 0003B000 00059000 000000000000000000000000000000000 libaudioclient.so
07-28 13:07:48.602  5158  5101 F google-breakpad: M F15FA000 00000000 00002000 746BD23E8D2A4E9780D08EC317F33F5E0 libmedia_jni_utils.so
07-28 13:07:48.602  5158  5101 F google-breakpad: M F161C000 00010000 00021000 000000000000000000000000000000000 libmediautils.so
07-28 13:07:48.602  5158  5101 F google-breakpad: M F1659000 0000C000 00017000 000000000000000000000000000000000 libaudioutils.so
07-28 13:07:48.602  5158  5101 F google-breakpad: M F1687000 00002000 00002000 000000000000000000000000000000000 capture_state_listener-aidl-V1-cpp.so
07-28 13:07:48.602  5158  5101 F google-breakpad: M F16EB000 0002A000 00048000 000000000000000000000000000000000 android.hardware.drm@1.2.so
07-28 13:07:48.602  5158  5101 F google-breakpad: M F1754000 0000D000 00015000 000000000000000000000000000000000 android.frameworks.bufferhub@1.0.so
07-28 13:07:48.602  5158  5101 F google-breakpad: M F17A0000 0000E000 0000D000 000000000000000000000000000000000 libSurfaceFlingerProp.so
07-28 13:07:48.602  5158  5101 F google-breakpad: M F17D3000 0000E000 00017000 000000000000000000000000000000000 libpdx_default_transport.so
07-28 13:07:48.602  5158  5101 F google-breakpad: M F1830000 00007000 0000B000 000000000000000000000000000000000 libdatasource.so
07-28 13:07:48.602  5158  5101 F google-breakpad: M F1874000 00002000 00003000 000000000000000000000000000000000 libstagefright_omx_utils.so
07-28 13:07:48.603  5158  5101 F google-breakpad: M F1896000 00009000 0000D000 000000000000000000000000000000000 android.hardware.cas.native@1.0.so
07-28 13:07:48.603  5158  5101 F google-breakpad: M F18D2000 0000A000 0001B000 000000000000000000000000000000000 libexpat.so
07-28 13:07:48.603  5158  5101 F google-breakpad: M F1920000 0000A000 0000E000 000000000000000000000000000000000 android.hardware.graphics.mapper@2.0.so
07-28 13:07:48.603  5158  5101 F google-breakpad: M F1945000 00000000 00002000 71C36BBAE612CB2854E0E8C2C55AF6E50 libdexfile_support.so
07-28 13:07:48.603  5158  5101 F google-breakpad: M F1A33000 000A6000 00110000 000000000000000000000000000000000 libicuuc.so
07-28 13:07:48.603  5158  5101 F google-breakpad: M F1C1A000 0008D000 000F9000 000000000000000000000000000000000 libandroid_runtime.so
07-28 13:07:48.603  5158  5101 F google-breakpad: M F1D42000 00001000 00002000 000000000000000000000000000000000 libmediandk_utils.so
07-28 13:07:48.603  5158  5101 F google-breakpad: M F1DA1000 00005000 00015000 000000000000000000000000000000000 libpiex.so
07-28 13:07:48.603  5158  5101 F google-breakpad: M F1DE0000 00017000 0002F000 000000000000000000000000000000000 android.hardware.cas@1.0.so
07-28 13:07:48.603  5158  5101 F google-breakpad: M F1E78000 0002A000 00032000 000000000000000000000000000000000 libcamera_client.so
07-28 13:07:48.603  5158  5101 F google-breakpad: M F1EEF000 00004000 00004000 000000000000000000000000000000000 libGLESv1_CM.so
07-28 13:07:48.603  5158  5101 F google-breakpad: M F1F2F000 00008000 0000A000 000000000000000000000000000000000 android.hardware.memtrack@1.0.so
07-28 13:07:48.603  5158  5101 F google-breakpad: M F1F60000 00002000 00006000 000000000000000000000000000000000 libbpf.so
07-28 13:07:48.603  5158  5101 F google-breakpad: M F1F90000 0000F000 00008000 000000000000000000000000000000000 libGLESv3.so
07-28 13:07:48.603  5158  5101 F google-breakpad: M F1FD4000 00000000 00002000 63A67650D915CC9B2F05F2D70FA967AF0 libnativebridge_lazy.so
07-28 13:07:48.604  5158  5101 F google-breakpad: M F201A000 00012000 00020000 000000000000000000000000000000000 libstagefright_foundation.so
07-28 13:07:48.604  5158  5101 F google-breakpad: M F204F000 00006000 00023000 000000000000000000000000000000000 liblzma.so
07-28 13:07:48.604  5158  5101 F google-breakpad: M F209A000 00005000 00008000 000000000000000000000000000000000 libhidl-gen-utils.so
07-28 13:07:48.604  5158  5101 F google-breakpad: M F20CF000 0000A000 0001C000 000000000000000000000000000000000 libbacktrace.so
07-28 13:07:48.604  5158  5101 F google-breakpad: M F2131000 00007000 0000A000 000000000000000000000000000000000 libgralloctypes.so
07-28 13:07:48.604  5158  5101 F google-breakpad: M F2164000 0000C000 0000F000 000000000000000000000000000000000 android.hardware.configstore@1.1.so
07-28 13:07:48.604  5158  5101 F google-breakpad: M F21A9000 00002000 00003000 000000000000000000000000000000000 libnativehelper.so
07-28 13:07:48.604  5158  5101 F google-breakpad: M F21CA000 00005000 00012000 000000000000000000000000000000000 libselinux.so
07-28 13:07:48.604  5158  5101 F google-breakpad: M F2232000 00028000 00076000 000000000000000000000000000000000 libsfplugin_ccodec.so
07-28 13:07:48.604  5158  5101 F google-breakpad: M F22F7000 00000000 00001000 887F8F5DD08EE89094A036BE77F030D60 libnativeloader_lazy.so
07-28 13:07:48.604  5158  5101 F google-breakpad: M F2311000 00003000 00009000 000000000000000000000000000000000 libmeminfo.so
07-28 13:07:48.604  5158  5101 F google-breakpad: M F239D000 0003B000 00060000 000000000000000000000000000000000 libjpeg.so
07-28 13:07:48.604  5158  5101 F google-breakpad: M F2433000 00004000 00004000 000000000000000000000000000000000 libvibrator.so
07-28 13:07:48.604  5158  5101 F google-breakpad: M F2454000 00008000 00012000 000000000000000000000000000000000 libcodec2_hidl_client@1.0.so
07-28 13:07:48.604  5158  5101 F google-breakpad: M F2498000 00013000 00025000 000000000000000000000000000000000 android.hardware.graphics.bufferqueue@2.0.so
07-28 13:07:48.605  5158  5101 F google-breakpad: M F24D3000 0000B000 00026000 000000000000000000000000000000000 libmemunreachable.so
07-28 13:07:48.605  5158  5101 F google-breakpad: M F2529000 00006000 0000A000 000000000000000000000000000000000 libbinder_ndk.so
07-28 13:07:48.605  5158  5101 F google-breakpad: M F2566000 00002000 0000A000 000000000000000000000000000000000 libtimeinstate.so
07-28 13:07:48.605  5158  5101 F google-breakpad: M F25BD000 00031000 00092000 000000000000000000000000000000000 libharfbuzz_ng.so
07-28 13:07:48.605  5158  5101 F google-breakpad: M F26B6000 00000000 00002000 1E851FC18848AD6CFFD52CD3CDF911820 android.hardware.common-V1-ndk_platform.so
07-28 13:07:48.605  5158  5101 F google-breakpad: M F26C5000 00002000 00005000 000000000000000000000000000000000 libnetd_client.so
07-28 13:07:48.605  5158  5101 F google-breakpad: M F2733000 0000F000 00008000 000000000000000000000000000000000 libGLESv2.so
07-28 13:07:48.605  5158  5101 F google-breakpad: M F275B000 00004000 00005000 000000000000000000000000000000000 libcamera_metadata.so
07-28 13:07:48.605  5158  5101 F google-breakpad: M F279F000 00010000 00015000 000000000000000000000000000000000 android.hardware.drm@1.3.so
07-28 13:07:48.605  5158  5101 F google-breakpad: M F27D9000 00001000 00003000 000000000000000000000000000000000 android.hardware.graphics.common-V1-ndk_platform.so
07-28 13:07:48.605  5158  5101 F google-breakpad: M F2815000 00000000 00001000 39DC36D2F85090FD72DC73C5ACB2DF010 android.hardware.graphics.common@1.1.so
07-28 13:07:48.605  5158  5101 F google-breakpad: M F288D000 00047000 0008B000 000000000000000000000000000000000 libhidlbase.so
07-28 13:07:48.605  5158  5101 F google-breakpad: M F2A2F000 000D7000 001B8000 000000000000000000000000000000000 libicui18n.so
07-28 13:07:48.605  5158  5101 F google-breakpad: M F2C27000 00005000 0000A000 000000000000000000000000000000000 libcutils.so
07-28 13:07:48.605  5158  5101 F google-breakpad: M F2C58000 00001000 00002000 000000000000000000000000000000000 libstagefright_http_support.so
07-28 13:07:48.606  5158  5101 F google-breakpad: M F2C95000 0000E000 00017000 000000000000000000000000000000000 android.hardware.graphics.mapper@4.0.so
07-28 13:07:48.606  5158  5101 F google-breakpad: M F2D05000 00035000 00070000 000000000000000000000000000000000 android.hardware.media.c2@1.0.so
07-28 13:07:48.606  5158  5101 F google-breakpad: M F2D90000 00003000 00005000 000000000000000000000000000000000 libdebuggerd_client.so
07-28 13:07:48.606  5158  5101 F google-breakpad: M F2E15000 00029000 00058000 000000000000000000000000000000000 android.hardware.media.omx@1.0.so
07-28 13:07:48.606  5158  5101 F google-breakpad: M F2E9D000 0000C000 00012000 000000000000000000000000000000000 android.system.suspend@1.0.so
07-28 13:07:48.607  5158  5101 F google-breakpad: M F2ED2000 00001000 00002000 000000000000000000000000000000000 libaudiomanager.so
07-28 13:07:48.607  5158  5101 F google-breakpad: M F2F06000 00005000 0000A000 000000000000000000000000000000000 libbufferhub.so
07-28 13:07:48.607  5158  5101 F google-breakpad: M F2F5F000 0000D000 00016000 000000000000000000000000000000000 android.hidl.memory@1.0.so
07-28 13:07:48.607  5158  5101 F google-breakpad: M F2FC4000 0003F000 00090000 000000000000000000000000000000000 libdng_sdk.so
07-28 13:07:48.607  5158  5101 F google-breakpad: M F3095000 00001000 00003000 000000000000000000000000000000000 libusbhost.so
07-28 13:07:48.607  5158  5101 F google-breakpad: M F3127000 00063000 00086000 000000000000000000000000000000000 libgui.so
07-28 13:07:48.607  5158  5101 F google-breakpad: M F31D3000 00000000 00001000 0915FE6E2AB7E912FB0D8200A470E3D30 android.hidl.safe_union@1.0.so
07-28 13:07:48.607  5158  5101 F google-breakpad: M F321F000 00005000 0000A000 000000000000000000000000000000000 libstatslog.so
07-28 13:07:48.607  5158  5101 F google-breakpad: M F324A000 00008000 0000A000 000000000000000000000000000000000 android.hidl.memory.token@1.0.so
07-28 13:07:48.607  5158  5101 F google-breakpad: M F32B4000 0000F000 00046000 000000000000000000000000000000000 libbase.so
07-28 13:07:48.607  5158  5101 F google-breakpad: M F332C000 0001C000 00021000 000000000000000000000000000000000 libstatspull.so
07-28 13:07:48.607  5158  5101 F google-breakpad: M F33A0000 00000000 00002000 0A91E052F177A96C33CFC803BC482AB90 android.hardware.configstore-utils.so
07-28 13:07:48.608  5158  5101 F google-breakpad: M F33F6000 00001000 00002000 000000000000000000000000000000000 libfmq.so
07-28 13:07:48.608  5158  5101 F google-breakpad: M F35E4000 001CA000 0072D000 000000000000000000000000000000000 libhwui.so
07-28 13:07:48.608  5158  5101 F google-breakpad: M F3D7A000 00002000 00002000 000000000000000000000000000000000 libhidlmemory.so
07-28 13:07:48.608  5158  5101 F google-breakpad: M F3DAE000 00003000 00004000 000000000000000000000000000000000 libstagefright_codecbase.so
07-28 13:07:48.608  5158  5101 F google-breakpad: M F3DF5000 0002A000 00047000 000000000000000000000000000000000 libandroidfw.so
07-28 13:07:48.608  5158  5101 F google-breakpad: M F3E58000 00000000 00001000 8BCE0F8CA8F95E6AB69B23B117BE7F650 libandroid_runtime_lazy.so
07-28 13:07:48.608  5158  5101 F google-breakpad: M F3E92000 0000C000 0001D000 000000000000000000000000000000000 libstagefright_framecapture_utils.so
07-28 13:07:48.608  5158  5101 F google-breakpad: M F3EEE000 00001000 00002000 000000000000000000000000000000000 libnativebridge.so
07-28 13:07:48.608  5158  5101 F google-breakpad: M F3F13000 00011000 00020000 000000000000000000000000000000000 libnblog.so
07-28 13:07:48.608  5158  5101 F google-breakpad: M F3F5A000 00016000 0001F000 000000000000000000000000000000000 libinput.so
07-28 13:07:48.610  5158  5101 F google-breakpad: M F4AF3000 00000000 00001000 30DEC6310B25647E00000000000000000 linux-gate.so
07-28 13:07:48.610  5158  5101 F google-breakpad: M F4B32000 0003D000 000F8000 000000000000000000000000000000000 linker
07-28 13:07:48.610  5158  5101 F google-breakpad: -----END BREAKPAD MICRODUMP-----
07-28 13:07:48.618  5000  5101 W google-breakpad: ### ### ### ### ### ### ### ### ### ### ### ### ###
07-28 13:07:48.619  5000  5101 W google-breakpad: Chrome build fingerprint:
07-28 13:07:48.619  5000  5101 W google-breakpad: 55.0.2883.91
07-28 13:07:48.619  5000  5101 W google-breakpad: 288309152
07-28 13:07:48.624  5000  5101 W google-breakpad: ### ### ### ### ### ### ### ### ### ### ### ### ###
07-28 13:07:48.627  5000  5101 F libc    : Fatal signal 11 (SIGSEGV), code 1 (SEGV_MAPERR), fault addr 0x0 in tid 5101 (Thread-5), pid 5000 (.android.chrome)
07-28 13:07:48.674  5161  5161 I crash_dump32: obtaining output fd from tombstoned, type: kDebuggerdTombstone
07-28 13:07:48.675   280   280 I tombstoned: received crash request for pid 5101
07-28 13:07:48.678  5161  5161 I crash_dump32: performing dump of process 5000 (target tid = 5101)
07-28 13:07:48.685  5161  5161 F DEBUG   : *** *** *** *** *** *** *** *** *** *** *** *** *** *** *** ***
07-28 13:07:48.685  5161  5161 F DEBUG   : Build fingerprint: 'Android/sdk_phone_x86/generic_x86:11/RSR1.210210.001.A1/7193139:userdebug/dev-keys'
07-28 13:07:48.685  5161  5161 F DEBUG   : Revision: '0'
07-28 13:07:48.685  5161  5161 F DEBUG   : ABI: 'x86'
07-28 13:07:48.685  5161  5161 F DEBUG   : Timestamp: 2022-07-28 13:07:48+0530
07-28 13:07:48.685  5161  5161 F DEBUG   : pid: 5000, tid: 5101, name: Thread-5  >>> com.android.chrome <<<
07-28 13:07:48.685  5161  5161 F DEBUG   : uid: 10121
07-28 13:07:48.685  5161  5161 F DEBUG   : signal 11 (SIGSEGV), code 1 (SEGV_MAPERR), fault addr 0x0
07-28 13:07:48.685  5161  5161 F DEBUG   : Cause: null pointer dereference
07-28 13:07:48.685  5161  5161 F DEBUG   :     eax bcaffcd1  ebx e611cc80  ecx 000000ac  edx 00000000
07-28 13:07:48.685  5161  5161 F DEBUG   :     edi bcaffcc9  esi f461beb0
07-28 13:07:48.685  5161  5161 F DEBUG   :     ebp b60c3f08  esp b60c3ee0  eip e60c1e21
07-28 13:07:48.736  5161  5161 F DEBUG   : backtrace:
07-28 13:07:48.736  5161  5161 F DEBUG   :       #00 pc 001efe21  /system/lib/libndk_translation.so (ndk_translation::PrctlForGuest(int, unsigned long, unsigned long, unsigned long, unsigned long)+33) (BuildId: ca20d07948eb897d9ee91bdeb9bd0155)
07-28 13:07:48.736  5161  5161 F DEBUG   :       #01 pc 001ed8a7  /system/lib/libndk_translation.so (ndk_translation::(anonymous namespace)::RunGuestSyscallImpl(long, long, long, long, long, long, long)+3927) (BuildId: ca20d07948eb897d9ee91bdeb9bd0155)
07-28 13:07:48.736  5161  5161 F DEBUG   :       #02 pc 001ec8dd  /system/lib/libndk_translation.so (ndk_translation::RunKernelSyscall(ndk_translation::ProcessState*)+93) (BuildId: ca20d07948eb897d9ee91bdeb9bd0155)
07-28 13:07:48.736  5161  5161 F DEBUG   :       #03 pc 000d2340  /system/lib/libndk_translation.so (ndk_translation::SVC(ndk_translation::ProcessState*, ndk_translation::SVC_Args const&)+32) (BuildId: ca20d07948eb897d9ee91bdeb9bd0155)
07-28 13:07:48.736  5161  5161 F DEBUG   :       #04 pc 0016fafd  <anonymous:c5dad000>
07-28 13:07:48.862     0     0 D logd    : logdr: UID=10121 GID=10121 PID=5161 n tail=50 logMask=8 pid=5000 start=0ns timeout=0ns
07-28 13:07:48.863     0     0 D logd    : logdr: UID=10121 GID=10121 PID=5161 n tail=50 logMask=1 pid=5000 start=0ns timeout=0ns
07-28 13:07:49.031     0     0 D logd    : logdr: UID=10121 GID=10121 PID=5161 n tail=0 logMask=8 pid=5000 start=0ns timeout=0ns
07-28 13:07:49.033     0     0 D logd    : logdr: UID=10121 GID=10121 PID=5161 n tail=0 logMask=1 pid=5000 start=0ns timeout=0ns
07-28 13:07:49.047   280   280 E tombstoned: Tombstone written to: /data/tombstones/tombstone_18
07-28 13:07:49.049   527   573 I BootReceiver: Copying /data/tombstones/tombstone_18 to DropBox (SYSTEM_TOMBSTONE)
07-28 13:07:49.050   527   573 I DropBoxManagerService: add tag=SYSTEM_TOMBSTONE isTagEnabled=true flags=0x2
07-28 13:07:49.052   527  5168 W ActivityTaskManager:   Force finishing activity com.android.chrome/org.chromium.chrome.browser.firstrun.FirstRunActivity
07-28 13:07:49.055   527  5169 I DropBoxManagerService: add tag=data_app_native_crash isTagEnabled=true flags=0x2
07-28 13:07:49.056   303   303 D goldfish-address-space: claimShared: Ask to claim region [0x3ec965000 0x3ed2ca000]
07-28 13:07:49.081     0     0 I init    : Untracked pid 5161 exited with status 0
07-28 13:07:49.095     0     0 I init    : Untracked pid 5163 exited with status 0
07-28 13:07:49.140   527   619 W InputDispatcher: channel 'f5428eb com.android.chrome/org.chromium.chrome.browser.firstrun.FirstRunActivity (server)' ~ Consumer closed input channel or an error occurred.  events=0x9
07-28 13:07:49.140   527   619 E InputDispatcher: channel 'f5428eb com.android.chrome/org.chromium.chrome.browser.firstrun.FirstRunActivity (server)' ~ Channel is unrecoverably broken and will be disposed!
07-28 13:07:49.153   527  2866 D ConnectivityService: ConnectivityService NetworkRequestInfo binderDied(NetworkRequest [ LISTEN id=26, [ Capabilities: INTERNET&NOT_RESTRICTED&TRUSTED&FOREGROUND Uid: 10121 AdministratorUids: [] RequestorUid: 10121 RequestorPackageName: com.android.chrome] ], android.os.BinderProxy@d40ab65)
07-28 13:07:49.155   527  3149 D ConnectivityService: ConnectivityService NetworkRequestInfo binderDied(NetworkRequest [ LISTEN id=24, [ Capabilities: INTERNET&NOT_RESTRICTED&TRUSTED&FOREGROUND Uid: 10121 AdministratorUids: [] RequestorUid: 10121 RequestorPackageName: com.android.chrome] ], android.os.BinderProxy@64dfc5c)
07-28 13:07:49.155   287   287 I Zygote  : Process 5000 exited due to signal 11 (Segmentation fault)
07-28 13:07:49.183   287   287 I Zygote  : Process 5037 exited cleanly (0)
07-28 13:07:49.193   287   287 I Zygote  : Process 5075 exited cleanly (0)
07-28 13:07:49.388   527  5168 W ActivityTaskManager: Exception thrown during pause
07-28 13:07:49.388   527  5168 W ActivityTaskManager: android.os.DeadObjectException
07-28 13:07:49.388   527  5168 W ActivityTaskManager: 	at android.os.BinderProxy.transactNative(Native Method)
07-28 13:07:49.388   527  5168 W ActivityTaskManager: 	at android.os.BinderProxy.transact(BinderProxy.java:540)
07-28 13:07:49.388   527  5168 W ActivityTaskManager: 	at android.app.IApplicationThread$Stub$Proxy.scheduleTransaction(IApplicationThread.java:2504)
07-28 13:07:49.388   527  5168 W ActivityTaskManager: 	at android.app.servertransaction.ClientTransaction.schedule(ClientTransaction.java:136)
07-28 13:07:49.388   527  5168 W ActivityTaskManager: 	at com.android.server.wm.ClientLifecycleManager.scheduleTransaction(ClientLifecycleManager.java:47)
07-28 13:07:49.388   527  5168 W ActivityTaskManager: 	at com.android.server.wm.ClientLifecycleManager.scheduleTransaction(ClientLifecycleManager.java:69)
07-28 13:07:49.388   527  5168 W ActivityTaskManager: 	at com.android.server.wm.ActivityStack.startPausingLocked(ActivityStack.java:1109)
07-28 13:07:49.388   527  5168 W ActivityTaskManager: 	at com.android.server.wm.ActivityRecord.finishIfPossible(ActivityRecord.java:2630)
07-28 13:07:49.388   527  5168 W ActivityTaskManager: 	at com.android.server.wm.ActivityRecord.finishIfPossible(ActivityRecord.java:2526)
07-28 13:07:49.388   527  5168 W ActivityTaskManager: 	at com.android.server.wm.ActivityStack.finishTopCrashedActivityLocked(ActivityStack.java:2217)
07-28 13:07:49.388   527  5168 W ActivityTaskManager: 	at com.android.server.wm.RootWindowContainer.finishTopCrashedActivities(RootWindowContainer.java:2275)
07-28 13:07:49.388   527  5168 W ActivityTaskManager: 	at com.android.server.wm.ActivityTaskManagerService$LocalService.finishTopCrashedActivities(ActivityTaskManagerService.java:7271)
07-28 13:07:49.388   527  5168 W ActivityTaskManager: 	at com.android.server.am.AppErrors.handleAppCrashLocked(AppErrors.java:759)
07-28 13:07:49.388   527  5168 W ActivityTaskManager: 	at com.android.server.am.AppErrors.makeAppCrashingLocked(AppErrors.java:606)
07-28 13:07:49.388   527  5168 W ActivityTaskManager: 	at com.android.server.am.AppErrors.crashApplicationInner(AppErrors.java:489)
07-28 13:07:49.388   527  5168 W ActivityTaskManager: 	at com.android.server.am.AppErrors.crashApplication(AppErrors.java:419)
07-28 13:07:49.388   527  5168 W ActivityTaskManager: 	at com.android.server.am.ActivityManagerService.handleApplicationCrashInner(ActivityManagerService.java:9894)
07-28 13:07:49.388   527  5168 W ActivityTaskManager: 	at com.android.server.am.NativeCrashListener$NativeCrashReporter.run(NativeCrashListener.java:84)
07-28 13:07:49.393   527  5168 W InputReader: Device virtio_input_multi_touch_9 is associated with display ADISPLAY_ID_NONE.
07-28 13:07:49.393   527  5168 W InputReader: Device virtio_input_multi_touch_7 is associated with display ADISPLAY_ID_NONE.
07-28 13:07:49.393   527  5168 W InputReader: Device virtio_input_multi_touch_6 is associated with display ADISPLAY_ID_NONE.
07-28 13:07:49.393   527  5168 W InputReader: Device virtio_input_multi_touch_3 is associated with display ADISPLAY_ID_NONE.
07-28 13:07:49.393   527  5168 W InputReader: Device virtio_input_multi_touch_10 is associated with display ADISPLAY_ID_NONE.
07-28 13:07:49.393   527  5168 W InputReader: Device virtio_input_multi_touch_8 is associated with display ADISPLAY_ID_NONE.
07-28 13:07:49.393   527  5168 W InputReader: Device virtio_input_multi_touch_4 is associated with display ADISPLAY_ID_NONE.
07-28 13:07:49.393   527  5168 W InputReader: Device virtio_input_multi_touch_11 is associated with display ADISPLAY_ID_NONE.
07-28 13:07:49.393   527  5168 W InputReader: Device virtio_input_multi_touch_5 is associated with display ADISPLAY_ID_NONE.
07-28 13:07:49.393   527  5168 W InputReader: Device virtio_input_multi_touch_2 is associated with display ADISPLAY_ID_NONE.
07-28 13:07:49.393   527  5168 W InputReader: Device virtio_input_multi_touch_9 is associated with display ADISPLAY_ID_NONE.
07-28 13:07:49.393   527  5168 W InputReader: Device virtio_input_multi_touch_7 is associated with display ADISPLAY_ID_NONE.
07-28 13:07:49.393   527  5168 W InputReader: Device virtio_input_multi_touch_6 is associated with display ADISPLAY_ID_NONE.
07-28 13:07:49.393   527  5168 W InputReader: Device virtio_input_multi_touch_3 is associated with display ADISPLAY_ID_NONE.
07-28 13:07:49.393   527  5168 W InputReader: Device virtio_input_multi_touch_10 is associated with display ADISPLAY_ID_NONE.
07-28 13:07:49.393   527  5168 W InputReader: Device virtio_input_multi_touch_8 is associated with display ADISPLAY_ID_NONE.
07-28 13:07:49.393   527  5168 W InputReader: Device virtio_input_multi_touch_4 is associated with display ADISPLAY_ID_NONE.
07-28 13:07:49.394   527  5168 W InputReader: Device virtio_input_multi_touch_11 is associated with display ADISPLAY_ID_NONE.
07-28 13:07:49.394   527  5168 W InputReader: Device virtio_input_multi_touch_5 is associated with display ADISPLAY_ID_NONE.
07-28 13:07:49.394   527  5168 W InputReader: Device virtio_input_multi_touch_2 is associated with display ADISPLAY_ID_NONE.
07-28 13:07:49.395   527  5168 I ActivityTaskManager: Restarting because process died: ActivityRecord{25ace3e u0 com.android.chrome/org.chromium.chrome.browser.ChromeTabbedActivity t20}
07-28 13:07:49.395   527  5168 W ActivityTaskManager: Tried to set launchTime (4543579) < mLastActivityLaunchTime (4558147)
07-28 13:07:49.397   527  5168 W ActivityTaskManager: Exception when starting activity com.android.chrome/org.chromium.chrome.browser.ChromeTabbedActivity
07-28 13:07:49.397   527  5168 W ActivityTaskManager: android.os.DeadObjectException
07-28 13:07:49.397   527  5168 W ActivityTaskManager: 	at android.os.BinderProxy.transactNative(Native Method)
07-28 13:07:49.397   527  5168 W ActivityTaskManager: 	at android.os.BinderProxy.transact(BinderProxy.java:540)
07-28 13:07:49.397   527  5168 W ActivityTaskManager: 	at android.app.IApplicationThread$Stub$Proxy.scheduleTransaction(IApplicationThread.java:2504)
07-28 13:07:49.397   527  5168 W ActivityTaskManager: 	at android.app.servertransaction.ClientTransaction.schedule(ClientTransaction.java:136)
07-28 13:07:49.397   527  5168 W ActivityTaskManager: 	at com.android.server.wm.ClientLifecycleManager.scheduleTransaction(ClientLifecycleManager.java:47)
07-28 13:07:49.397   527  5168 W ActivityTaskManager: 	at com.android.server.wm.ActivityStackSupervisor.realStartActivityLocked(ActivityStackSupervisor.java:863)
07-28 13:07:49.397   527  5168 W ActivityTaskManager: 	at com.android.server.wm.ActivityStackSupervisor.startSpecificActivity(ActivityStackSupervisor.java:971)
07-28 13:07:49.397   527  5168 W ActivityTaskManager: 	at com.android.server.wm.ActivityStack.resumeTopActivityInnerLocked(ActivityStack.java:1934)
07-28 13:07:49.397   527  5168 W ActivityTaskManager: 	at com.android.server.wm.ActivityStack.resumeTopActivityUncheckedLocked(ActivityStack.java:1511)
07-28 13:07:49.397   527  5168 W ActivityTaskManager: 	at com.android.server.wm.ActivityRecord.makeActiveIfNeeded(ActivityRecord.java:4728)
07-28 13:07:49.397   527  5168 W ActivityTaskManager: 	at com.android.server.wm.RootWindowContainer.resumeFocusedStacksTopActivities(RootWindowContainer.java:2326)
07-28 13:07:49.397   527  5168 W ActivityTaskManager: 	at com.android.server.wm.RootWindowContainer.resumeFocusedStacksTopActivities(RootWindowContainer.java:2286)
07-28 13:07:49.397   527  5168 W ActivityTaskManager: 	at com.android.server.wm.ActivityStack.startPausingLocked(ActivityStack.java:1158)
07-28 13:07:49.397   527  5168 W ActivityTaskManager: 	at com.android.server.wm.ActivityRecord.finishIfPossible(ActivityRecord.java:2630)
07-28 13:07:49.397   527  5168 W ActivityTaskManager: 	at com.android.server.wm.ActivityRecord.finishIfPossible(ActivityRecord.java:2526)
07-28 13:07:49.397   527  5168 W ActivityTaskManager: 	at com.android.server.wm.ActivityStack.finishTopCrashedActivityLocked(ActivityStack.java:2217)
07-28 13:07:49.397   527  5168 W ActivityTaskManager: 	at com.android.server.wm.RootWindowContainer.finishTopCrashedActivities(RootWindowContainer.java:2275)
07-28 13:07:49.397   527  5168 W ActivityTaskManager: 	at com.android.server.wm.ActivityTaskManagerService$LocalService.finishTopCrashedActivities(ActivityTaskManagerService.java:7271)
07-28 13:07:49.397   527  5168 W ActivityTaskManager: 	at com.android.server.am.AppErrors.handleAppCrashLocked(AppErrors.java:759)
07-28 13:07:49.397   527  5168 W ActivityTaskManager: 	at com.android.server.am.AppErrors.makeAppCrashingLocked(AppErrors.java:606)
07-28 13:07:49.397   527  5168 W ActivityTaskManager: 	at com.android.server.am.AppErrors.crashApplicationInner(AppErrors.java:489)
07-28 13:07:49.397   527  5168 W ActivityTaskManager: 	at com.android.server.am.AppErrors.crashApplication(AppErrors.java:419)
07-28 13:07:49.397   527  5168 W ActivityTaskManager: 	at com.android.server.am.ActivityManagerService.handleApplicationCrashInner(ActivityManagerService.java:9894)
07-28 13:07:49.397   527  5168 W ActivityTaskManager: 	at com.android.server.am.NativeCrashListener$NativeCrashReporter.run(NativeCrashListener.java:84)
07-28 13:07:49.400   527   554 W system_server: Long monitor contention with owner NativeCrashReport (5168) at void com.android.server.am.AppErrors.crashApplicationInner(com.android.server.am.ProcessRecord, android.app.ApplicationErrorReport$CrashInfo, int, int)(AppErrors.java:499) waiters=0 in int com.android.server.am.ActivityManagerService.broadcastIntentWithFeature(android.app.IApplicationThread, java.lang.String, android.content.Intent, java.lang.String, android.content.IIntentReceiver, int, java.lang.String, android.os.Bundle, java.lang.String[], int, android.os.Bundle, boolean, boolean, int) for 331ms
07-28 13:07:49.400   527   612 I WindowManager: WIN DEATH: Window{f5428eb u0 com.android.chrome/org.chromium.chrome.browser.firstrun.FirstRunActivity}
07-28 13:07:49.400   527   612 W InputDispatcher: Attempted to unregister already unregistered input channel 'f5428eb com.android.chrome/org.chromium.chrome.browser.firstrun.FirstRunActivity (server)'
07-28 13:07:49.400   527   554 W Looper  : Slow dispatch took 332ms android.fg h=com.android.server.DropBoxManagerService$DropBoxManagerBroadcastHandler c=null m=1
07-28 13:07:49.401   527   565 W BroadcastQueue: Background execution not allowed: receiving Intent { act=android.intent.action.DROPBOX_ENTRY_ADDED flg=0x10 (has extras) } to com.google.android.gms/.stats.service.DropBoxEntryAddedReceiver
07-28 13:07:49.401   527   565 W BroadcastQueue: Background execution not allowed: receiving Intent { act=android.intent.action.DROPBOX_ENTRY_ADDED flg=0x10 (has extras) } to com.google.android.gms/.chimera.GmsIntentOperationService$PersistentTrustedReceiver
07-28 13:07:49.401   527  1489 I ActivityManager: Process com.android.chrome:privileged_process0 (pid 5075) has died: fg  BTOP
07-28 13:07:49.402   527   567 I libprocessgroup: Successfully killed process cgroup uid 10121 pid 5075 in 0ms
07-28 13:07:49.419   527  2866 I WindowManager: WIN DEATH: Window{ab8aae4 u0 com.android.chrome/org.chromium.chrome.browser.ChromeTabbedActivity}
07-28 13:07:49.419   527  2866 W InputDispatcher: Attempted to unregister already unregistered input channel 'ab8aae4 com.android.chrome/org.chromium.chrome.browser.ChromeTabbedActivity (server)'
07-28 13:07:49.421   527  1489 W ActivityManager: Scheduling restart of crashed service com.android.chrome/org.chromium.content.app.PrivilegedProcessService0 in 1000ms for connection
07-28 13:07:49.424   527  1183 I ActivityManager: Process com.android.chrome:sandboxed_process0:org.chromium.content.app.SandboxedProcessService0 (pid 5037) has died: cch CACC
07-28 13:07:49.425   527   567 I libprocessgroup: Successfully killed process cgroup uid 99000 pid 5037 in 0ms
07-28 13:07:49.429   527  1183 W ActivityManager: Scheduling restart of crashed service com.android.chrome/org.chromium.content.app.SandboxedProcessService0 in 10993ms for connection
07-28 13:07:49.436   208   210 E android.system.suspend@1.0-service: Error opening kernel wakelock stats for: wakeup34: Permission denied
07-28 13:07:49.432   208   208 W Binder:208_1: type=1400 audit(0.0:269): avc: denied { read } for name="wakeup34" dev="sysfs" ino=18950 scontext=u:r:system_suspend:s0 tcontext=u:object_r:sysfs:s0 tclass=dir permissive=0
07-28 13:07:49.445   208   210 E android.system.suspend@1.0-service: Error opening kernel wakelock stats for: wakeup35: Permission denied
07-28 13:07:49.440   208   208 W Binder:208_1: type=1400 audit(0.0:270): avc: denied { read } for name="wakeup35" dev="sysfs" ino=19013 scontext=u:r:system_suspend:s0 tcontext=u:object_r:sysfs:s0 tclass=dir permissive=0
07-28 13:07:49.451   527   554 W Looper  : Slow delivery took 327ms android.fg h=com.android.server.DropBoxManagerService$DropBoxManagerBroadcastHandler c=null m=1
07-28 13:07:49.451   527   565 W BroadcastQueue: Background execution not allowed: receiving Intent { act=android.intent.action.DROPBOX_ENTRY_ADDED flg=0x10 (has extras) } to com.google.android.gms/.stats.service.DropBoxEntryAddedReceiver
07-28 13:07:49.452   527   557 E ActivityManager: ProcessRecord{e1cae78 5000:com.android.chrome/u0a121} is attached to a previous process
07-28 13:07:49.452   527   567 I libprocessgroup: Successfully killed process cgroup uid 10121 pid 5000 in 0ms
07-28 13:07:49.453   527   557 E ActivityManager: Already have existing proc ProcessRecord{e1cae78 5000:com.android.chrome/u0a121} when adding ProcessRecord{97cccb6 0:com.android.chrome/u0a121}
07-28 13:07:49.453   527   557 D CompatibilityChangeReporter: Compat change id reported: 135634846; UID 10121; state: DISABLED
07-28 13:07:49.454   527   565 W BroadcastQueue: Background execution not allowed: receiving Intent { act=android.intent.action.DROPBOX_ENTRY_ADDED flg=0x10 (has extras) } to com.google.android.gms/.chimera.GmsIntentOperationService$PersistentTrustedReceiver
07-28 13:07:49.455   527   565 I DropBoxManagerService: add tag=system_server_wtf isTagEnabled=true flags=0x2
07-28 13:07:49.455   527   554 W Looper  : Drained
07-28 13:07:49.460   208   210 E android.system.suspend@1.0-service: Error opening kernel wakelock stats for: wakeup34: Permission denied
07-28 13:07:49.463   527   565 I DropBoxManagerService: add tag=system_server_wtf isTagEnabled=true flags=0x2
07-28 13:07:49.466   208   210 E android.system.suspend@1.0-service: Error opening kernel wakelock stats for: wakeup35: Permission denied
07-28 13:07:49.460   208   208 W Binder:208_1: type=1400 audit(0.0:271): avc: denied { read } for name="wakeup34" dev="sysfs" ino=18950 scontext=u:r:system_suspend:s0 tcontext=u:object_r:sysfs:s0 tclass=dir permissive=0
07-28 13:07:49.464   208   208 W Binder:208_1: type=1400 audit(0.0:272): avc: denied { read } for name="wakeup35" dev="sysfs" ino=19013 scontext=u:r:system_suspend:s0 tcontext=u:object_r:sysfs:s0 tclass=dir permissive=0
07-28 13:07:49.472   527   900 I ActivityManager: Process com.android.chrome (pid 5000) has died: fg  TOP 
07-28 13:07:49.473   527   567 I libprocessgroup: Successfully killed process cgroup uid 10121 pid 5000 in 0ms
07-28 13:07:49.475   527   566 D CompatibilityChangeReporter: Compat change id reported: 143937733; UID 10121; state: DISABLED
07-28 13:07:49.483   287   287 D Zygote  : Forked child process 5175
07-28 13:07:49.508   527   566 W ActivityManager: Slow operation: 56ms so far, now at startProcess: returned from zygote!
07-28 13:07:49.513   527   566 W ActivityManager: Slow operation: 60ms so far, now at startProcess: done updating battery stats
07-28 13:07:49.513  5175  5175 W .android.chrom: Unexpected CPU variant for X86 using defaults: x86
07-28 13:07:49.513   527   566 W ActivityManager: Slow operation: 60ms so far, now at startProcess: building log message
07-28 13:07:49.513   527   566 I ActivityManager: Start proc 5175:com.android.chrome/u0a121 for top-activity {com.android.chrome/org.chromium.chrome.browser.ChromeTabbedActivity}
07-28 13:07:49.513   527   566 W ActivityManager: Slow operation: 60ms so far, now at startProcess: starting to update pids map
07-28 13:07:49.514   527   566 W ActivityManager: Slow operation: 61ms so far, now at startProcess: done updating pids map
07-28 13:07:49.514  5175  5175 I ndk_translation: Initialized NDK translation (armv7l), version 0.2.2
07-28 13:07:49.518   303   303 D goldfish-address-space: claimShared: Ask to claim region [0x3ed2ca000 0x3edc2f000]
07-28 13:07:49.721   391   432 I adbd    : jdwp connection from 5175
07-28 13:07:49.734   527  5117 W InputReader: Device virtio_input_multi_touch_9 is associated with display ADISPLAY_ID_NONE.
07-28 13:07:49.734   527  5117 W InputReader: Device virtio_input_multi_touch_7 is associated with display ADISPLAY_ID_NONE.
07-28 13:07:49.734   527  5117 W InputReader: Device virtio_input_multi_touch_6 is associated with display ADISPLAY_ID_NONE.
07-28 13:07:49.734   527  5117 W InputReader: Device virtio_input_multi_touch_3 is associated with display ADISPLAY_ID_NONE.
07-28 13:07:49.734   527  5117 W InputReader: Device virtio_input_multi_touch_10 is associated with display ADISPLAY_ID_NONE.
07-28 13:07:49.734   527  5117 W InputReader: Device virtio_input_multi_touch_8 is associated with display ADISPLAY_ID_NONE.
07-28 13:07:49.734   527  5117 W InputReader: Device virtio_input_multi_touch_4 is associated with display ADISPLAY_ID_NONE.
07-28 13:07:49.734   527  5117 W InputReader: Device virtio_input_multi_touch_11 is associated with display ADISPLAY_ID_NONE.
07-28 13:07:49.735   527  5117 W InputReader: Device virtio_input_multi_touch_5 is associated with display ADISPLAY_ID_NONE.
07-28 13:07:49.735   527  5117 W InputReader: Device virtio_input_multi_touch_2 is associated with display ADISPLAY_ID_NONE.
07-28 13:07:49.735   527  5117 W InputReader: Device virtio_input_multi_touch_9 is associated with display ADISPLAY_ID_NONE.
07-28 13:07:49.735   527  5117 W InputReader: Device virtio_input_multi_touch_7 is associated with display ADISPLAY_ID_NONE.
07-28 13:07:49.735   527  5117 W InputReader: Device virtio_input_multi_touch_6 is associated with display ADISPLAY_ID_NONE.
07-28 13:07:49.735   527  5117 W InputReader: Device virtio_input_multi_touch_3 is associated with display ADISPLAY_ID_NONE.
07-28 13:07:49.735   527  5117 W InputReader: Device virtio_input_multi_touch_10 is associated with display ADISPLAY_ID_NONE.
07-28 13:07:49.735   527  5117 W InputReader: Device virtio_input_multi_touch_8 is associated with display ADISPLAY_ID_NONE.
07-28 13:07:49.735   527  5117 W InputReader: Device virtio_input_multi_touch_4 is associated with display ADISPLAY_ID_NONE.
07-28 13:07:49.735   527  5117 W InputReader: Device virtio_input_multi_touch_11 is associated with display ADISPLAY_ID_NONE.
07-28 13:07:49.735   527  5117 W InputReader: Device virtio_input_multi_touch_5 is associated with display ADISPLAY_ID_NONE.
07-28 13:07:49.735   527  5117 W InputReader: Device virtio_input_multi_touch_2 is associated with display ADISPLAY_ID_NONE.
07-28 13:07:49.753  5175  5175 D ApplicationLoaders: Returning zygote-cached class loader: /system/framework/android.test.base.jar
07-28 13:07:49.756  5175  5175 I .android.chrom: The ClassLoaderContext is a special shared library.
07-28 13:07:49.807  5175  5175 D NetworkSecurityConfig: Using Network Security Config from resource network_security_config debugBuild: false
07-28 13:07:49.808  5175  5175 D NetworkSecurityConfig: Using Network Security Config from resource network_security_config debugBuild: false
07-28 13:07:49.822  5175  5175 W DynamiteModule: Local module descriptor class for com.google.android.gms.googlecertificates not found.
07-28 13:07:49.830  5175  5175 I .android.chrom: The ClassLoaderContext is a special shared library.
07-28 13:07:49.836  5175  5175 I .android.chrom: The ClassLoaderContext is a special shared library.
07-28 13:07:49.837  5175  5175 D nativeloader: classloader namespace configured for unbundled product apk. library_path=/product/priv-app/PrebuiltGmsCore/lib/x86:/product/priv-app/PrebuiltGmsCore/PrebuiltGmsCore.apk!/lib/x86:/product/lib:/system/product/lib
07-28 13:07:49.851  5175  5175 I DynamiteModule: Considering local module com.google.android.gms.googlecertificates:0 and remote module com.google.android.gms.googlecertificates:4
07-28 13:07:49.851  5175  5175 I DynamiteModule: Selected remote version of com.google.android.gms.googlecertificates, version >= 4
07-28 13:07:49.862  5175  5175 W .android.chrom: Unsupported class loader
07-28 13:07:49.867  5175  5175 W .android.chrom: Unsupported class loader
07-28 13:07:49.869   527   900 E system_server: Invalid class loader spec: =UnsupportedClassLoaderContext=
07-28 13:07:49.869   527   900 E PackageDexUsage: Unsupported context?
07-28 13:07:50.017  5175  5204 W cr_tabmodel: Starting to fetch tab list.
07-28 13:07:50.017  5175  5210 W cr_tabmodel: Starting to fetch tab list.
07-28 13:07:50.017  5175  5210 E cr_tabmodel: State file does not exist.
07-28 13:07:50.018  5175  5204 W cr_tabmodel: Finished fetching tab list.
07-28 13:07:50.128  5175  5211 D libEGL  : loaded /vendor/lib/egl/libEGL_emulation.so
07-28 13:07:50.133  5175  5211 D libEGL  : loaded /vendor/lib/egl/libGLESv1_CM_emulation.so
07-28 13:07:50.138  5175  5211 D libEGL  : loaded /vendor/lib/egl/libGLESv2_emulation.so
07-28 13:07:50.186  5175  5211 D HostConnection: HostConnection::get() New Host Connection established 0xf441f110, tid 5211
07-28 13:07:50.195  5175  5211 D HostConnection: HostComposition ext ANDROID_EMU_CHECKSUM_HELPER_v1 ANDROID_EMU_native_sync_v2 ANDROID_EMU_native_sync_v3 ANDROID_EMU_native_sync_v4 ANDROID_EMU_dma_v1 ANDROID_EMU_direct_mem ANDROID_EMU_host_composition_v1 ANDROID_EMU_host_composition_v2 ANDROID_EMU_vulkan ANDROID_EMU_deferred_vulkan_commands ANDROID_EMU_vulkan_null_optional_strings ANDROID_EMU_vulkan_create_resources_with_requirements ANDROID_EMU_YUV_Cache ANDROID_EMU_vulkan_ignored_handles ANDROID_EMU_has_shared_slots_host_memory_allocator ANDROID_EMU_vulkan_free_memory_sync ANDROID_EMU_vulkan_shader_float16_int8 ANDROID_EMU_vulkan_async_queue_submit ANDROID_EMU_sync_buffer_data ANDROID_EMU_read_color_buffer_dma GL_OES_vertex_array_object GL_KHR_texture_compression_astc_ldr ANDROID_EMU_host_side_tracing ANDROID_EMU_gles_max_version_2 
07-28 13:07:50.199   174   174 I hwservicemanager: getTransport: Cannot find entry android.hardware.configstore@1.0::ISurfaceFlingerConfigs/default in either framework or device manifest.
07-28 13:07:50.201  5175  5211 W OpenGLRenderer: Failed to choose config with EGL_SWAP_BEHAVIOR_PRESERVED, retrying without...
07-28 13:07:50.240  5175  5211 D EGL_emulation: eglCreateContext: 0xf441ea80: maj 2 min 0 rcv 2
07-28 13:07:50.247  5175  5211 D EGL_emulation: eglMakeCurrent: 0xf441ea80: ver 2 0 (tinfo 0xf4772f10) (first time)
07-28 13:07:50.254   303   303 D goldfish-address-space: claimShared: Ask to claim region [0x3edc2f000 0x3ee594000]
07-28 13:07:50.257   174   174 I hwservicemanager: getTransport: Cannot find entry android.hardware.graphics.mapper@4.0::IMapper/default in either framework or device manifest.
07-28 13:07:50.258  5175  5211 I Gralloc4: mapper 4.x is not supported
07-28 13:07:50.262  5175  5211 D HostConnection: createUnique: call
07-28 13:07:50.263  5175  5211 D HostConnection: HostConnection::get() New Host Connection established 0xf4401dd0, tid 5211
07-28 13:07:50.264  5175  5211 D goldfish-address-space: allocate: Ask for block of size 0x100
07-28 13:07:50.264  5175  5211 D goldfish-address-space: allocate: ioctl allocate returned offset 0x3ebffe000 size 0x2000
07-28 13:07:50.280  5175  5211 D HostConnection: HostComposition ext ANDROID_EMU_CHECKSUM_HELPER_v1 ANDROID_EMU_native_sync_v2 ANDROID_EMU_native_sync_v3 ANDROID_EMU_native_sync_v4 ANDROID_EMU_dma_v1 ANDROID_EMU_direct_mem ANDROID_EMU_host_composition_v1 ANDROID_EMU_host_composition_v2 ANDROID_EMU_vulkan ANDROID_EMU_deferred_vulkan_commands ANDROID_EMU_vulkan_null_optional_strings ANDROID_EMU_vulkan_create_resources_with_requirements ANDROID_EMU_YUV_Cache ANDROID_EMU_vulkan_ignored_handles ANDROID_EMU_has_shared_slots_host_memory_allocator ANDROID_EMU_vulkan_free_memory_sync ANDROID_EMU_vulkan_shader_float16_int8 ANDROID_EMU_vulkan_async_queue_submit ANDROID_EMU_sync_buffer_data ANDROID_EMU_read_color_buffer_dma GL_OES_vertex_array_object GL_KHR_texture_compression_astc_ldr ANDROID_EMU_host_side_tracing ANDROID_EMU_gles_max_version_2 
07-28 13:07:50.520   303   303 D goldfish-address-space: claimShared: Ask to claim region [0x3ee594000 0x3eeef9000]
07-28 13:07:50.572   303   303 D goldfish-address-space: claimShared: Ask to claim region [0x3eeef9000 0x3ef85e000]
07-28 13:07:50.587  5175  5209 I cr_LibraryLoader: Time to load native libraries: 580 ms (timestamps 822-1402)
07-28 13:07:50.587  5175  5209 I cr_LibraryLoader: Expected native library version number "55.0.2883.91", actual native library version number "55.0.2883.91"
07-28 13:07:50.601  5175  5209 I chromium: [INFO:library_loader_hooks.cc(163)] Chromium logging enabled: level = 0, default verbosity = 0
07-28 13:07:50.603  5175  5209 W cr_ChildProcLauncher: Create a new ChildConnectionAllocator with package name = com.android.chrome, inSandbox = true
07-28 13:07:50.609   527   900 D CompatibilityChangeReporter: Compat change id reported: 135634846; UID 10121; state: DISABLED
07-28 13:07:50.611   527   566 D CompatibilityChangeReporter: Compat change id reported: 143937733; UID 10121; state: DISABLED
07-28 13:07:50.612  5175  5175 I cr_BrowserStartup: Initializing chromium process, singleProcess=false
07-28 13:07:50.616   287   287 D Zygote  : Forked child process 5212
07-28 13:07:50.621   527   566 I ActivityManager: Start proc 5212:com.android.chrome:sandboxed_process0:org.chromium.content.app.SandboxedProcessService0/u0i1 for service {com.android.chrome/org.chromium.content.app.SandboxedProcessService0}
07-28 13:07:50.621  5212  5212 W ProcessService: Unexpected CPU variant for X86 using defaults: x86
07-28 13:07:50.621  5212  5212 W nativebridge: Cannot stat code cache directory /data/user/0/com.android.chrome/code_cache: Permission denied.
07-28 13:07:50.622  5212  5212 I ndk_translation: Initialized NDK translation (armv7l), version 0.2.2
07-28 13:07:50.794   391   432 I adbd    : jdwp connection from 5212
07-28 13:07:50.802   527   900 D CompatibilityChangeReporter: Compat change id reported: 136274596; UID 10121; state: DISABLED
07-28 13:07:50.813  5212  5212 D ApplicationLoaders: Returning zygote-cached class loader: /system/framework/android.test.base.jar
07-28 13:07:50.814  5212  5212 I ProcessService: The ClassLoaderContext is a special shared library.
07-28 13:07:50.820  5212  5212 W ProcessService0: type=1400 audit(0.0:273): avc: denied { getattr } for path="/data/user/0/com.android.chrome" dev="dm-5" ino=123401 scontext=u:r:isolated_app:s0:c512,c768 tcontext=u:object_r:app_data_file:s0:c512,c768 tclass=dir permissive=0 b/120394782
07-28 13:07:50.821     0     0 W audit   : audit_lost=1 audit_rate_limit=5 audit_backlog_limit=64
07-28 13:07:50.825     0     0 E audit   : rate limit exceeded
07-28 13:07:50.820  5212  5212 I chatty  : uid=99001(u0_i9001) com.android.chrome:sandboxed_process0:org.chromium.content.app.SandboxedPro identical 3 lines
07-28 13:07:50.828  5212  5212 W ProcessService0: type=1400 audit(0.0:277): avc: denied { getattr } for path="/data/user/0/com.android.chrome" dev="dm-5" ino=123401 scontext=u:r:isolated_app:s0:c512,c768 tcontext=u:object_r:app_data_file:s0:c512,c768 tclass=dir permissive=0 b/120394782
07-28 13:07:50.846  5212  5212 D NetworkSecurityConfig: Using Network Security Config from resource network_security_config debugBuild: false
07-28 13:07:50.846  5212  5212 D NetworkSecurityConfig: Using Network Security Config from resource network_security_config debugBuild: false
07-28 13:07:50.828  5212  5212 W ProcessService0: type=1400 audit(0.0:278): avc: denied { getattr } for path="/data/user/0/com.android.chrome" dev="dm-5" ino=123401 scontext=u:r:isolated_app:s0:c512,c768 tcontext=u:object_r:app_data_file:s0:c512,c768 tclass=dir permissive=0 b/120394782
07-28 13:07:50.850  5212  5212 I cr_ChildProcessService: Creating new ChildProcessService pid=5212
07-28 13:07:50.828  5212  5212 W ProcessService0: type=1400 audit(0.0:279): avc: denied { getattr } for path="/data/user/0/com.android.chrome" dev="dm-5" ino=123401 scontext=u:r:isolated_app:s0:c512,c768 tcontext=u:object_r:app_data_file:s0:c512,c768 tclass=dir permissive=0 b/120394782
07-28 13:07:50.901  5175  5236 E libc    : Access denied finding property "net.dns1"
07-28 13:07:50.902  5175  5236 E libc    : Access denied finding property "net.dns2"
07-28 13:07:51.062  5175  5234 W chromium: [WARNING:dns_config_service_posix.cc(316)] Failed to read DnsConfig.
07-28 13:07:51.165  5175  5175 I Choreographer: Skipped 32 frames!  The application may be doing too much work on its main thread.
07-28 13:07:51.464   527   565 W BroadcastQueue: Background execution not allowed: receiving Intent { act=android.intent.action.DROPBOX_ENTRY_ADDED flg=0x10 (has extras) } to com.google.android.gms/.stats.service.DropBoxEntryAddedReceiver
