08-01 12:28:17.425 26868 26886 W Role    : com.github.uiautomator not qualified for android.app.role.SMS due to missing RequiredComponent{mIntentFilterData=IntentFilterData{mAction='android.provider.Telephony.SMS_DELIVER', mCategories='[]', mDataScheme='null', mDataType='null'}, mPermission='android.permission.BROADCAST_SMS', mMetaData=[]}
08-01 12:28:17.430  4503 27385 I CarrierServices: [321] cyr.a: Handling Provisioning Event: [Bugle information (100)]
08-01 12:28:17.434 27092 27372 I BugleRcsEngine: [1888] abbi.a: (Sim): Broadcasting Intent { act=com.google.android.ims.SIM_ABSENT }
08-01 12:28:17.438  4503  5059 I CarrierServices: [299] czb.a: Rcs multi sim is disabled defaultSub mismatch defaultDataSub
08-01 12:28:17.441 27092 27092 I Bugle   : SimChangeReceiver: action: com.google.android.ims.SIM_ABSENT
08-01 12:28:17.443 27092 27125 W Bugle   : Get mms config failed: invalid subId. subId=1, real subId=1, map={ }
08-01 12:28:17.444 27092 27125 I BugleBackup: Registering preference change listener for "buglesub_1".
08-01 12:28:17.444  4503 27385 I CarrierServices: [321] czb.a: RcsAvailabilityManager: Calculating Rcs Availability
08-01 12:28:17.451  4503  5059 I CarrierServices: [299] day.a: Rcs is enabled from user settings: true
08-01 12:28:17.456  4503 27385 I CarrierServices: [321] czb.a: Bugle has minimum required RCS permissions: true
08-01 12:28:17.461  4503  5059 I CarrierServices: [299] day.b: Bugle is default SMS app: true
08-01 12:28:17.464  4503 27385 I CarrierServices: [321] day.d: RCS Configuration storage in Bugle is disabled by p/h flag, using ProvisioningEngineStateCacheUtil.getProvisioningConfigurationForGivenSim()
08-01 12:28:17.466  4503  5059 I CarrierServices: [299] dci.a: Using MCC based URL
08-01 12:28:17.469  4503 27385 I CarrierServices: [321] czb.a: Rcs multi sim is disabled defaultSub mismatch defaultDataSub
08-01 12:28:17.473  4503  5059 I CarrierServices: [299] dci.a: Prepending "http" to URL hashed-pii:uri[[_ShN2CzsSRUnh-swk9lGc7NMCHfA8q3qKYIAvpVtIlQ]]
08-01 12:28:17.479  4503 27385 I CarrierServices: [321] day.a: Rcs is enabled from user settings: true
08-01 12:28:17.480  4503  5059 I CarrierServices: [299] day.d: RCS Configuration storage in Bugle is disabled by p/h flag, using ProvisioningEngineStateCacheUtil.getProvisioningConfigurationForGivenSim()
08-01 12:28:17.487  4503 27385 I CarrierServices: [321] day.b: Bugle is default SMS app: true
08-01 12:28:17.487  4503  5059 I CarrierServices: [299] day.d: RCS Configuration storage in Bugle is disabled by p/h flag, using ProvisioningEngineStateCacheUtil.getProvisioningConfigurationForGivenSim()
08-01 12:28:17.491 27092 27372 W BugleRcsEngine: [1888] abbi.e: (Sim): Default SIM info not updated.
08-01 12:28:17.495  4503 27385 I CarrierServices: [321] dci.a: Using MCC based URL
08-01 12:28:17.497 27092 27372 I BugleRcsEngine: [1888] abbi.e: (Sim): Processing an intent
08-01 12:28:17.499  4503  5059 I CarrierServices: [299] due.b: Checking if using CarrierServices.apk is possible. Enabled: true, isAtLeastM: true, runningInsideBugle: false
08-01 12:28:17.503  4503 27385 I CarrierServices: [321] dci.a: Prepending "http" to URL hashed-pii:uri[[_ShN2CzsSRUnh-swk9lGc7NMCHfA8q3qKYIAvpVtIlQ]]
08-01 12:28:17.505  4503  5059 I CarrierServices: [299] bki.onCsLibPhenotypeUpdated: BindingManager: binding and reset P/H Flag stay same
08-01 12:28:17.508  4503 27385 I CarrierServices: [321] day.d: RCS Configuration storage in Bugle is disabled by p/h flag, using ProvisioningEngineStateCacheUtil.getProvisioningConfigurationForGivenSim()
08-01 12:28:17.512 27092 27372 I BugleRcsEngine: [1888] abbi.a: (Sim): Ignoring duplicate SIM state: ABSENT
08-01 12:28:17.512  4503  5059 I CarrierServices: [299] czb.a: RcsAvailabilityManager: Rcs Availability still DISABLED_SIM_ABSENT (RCS is disabled due to SIM absent)
08-01 12:28:17.514  4503 27385 I CarrierServices: [321] day.d: RCS Configuration storage in Bugle is disabled by p/h flag, using ProvisioningEngineStateCacheUtil.getProvisioningConfigurationForGivenSim()
08-01 12:28:17.518 27092 27123 I BugleRcs: RcsAvailabilityUtilForProvisioningEngineV2: updated datastore for rcs availability, simId: Redacted-20, availability: DISABLED_SIM_ABSENT
08-01 12:28:17.518 27092 27123 I BugleRcs: RcsAvailabilityUtilForProvisioningEngineV2: Get Updated RcsAvailability, RcsAvailability: DISABLED_SIM_ABSENT, SimId: Redacted-20
08-01 12:28:17.518 27092 27123 I RcsClientLib: Disconnecting SignupService
08-01 12:28:17.518 27092 27092 I RcsClientLib: Disconnecting ChatSessionService
08-01 12:28:17.518 27092 27092 W RcsClientLib: Unexpected error when trying to unbind com.google.android.ims.rcsservice.chatsession.IChatSession: Service not registered: aisc@8fea53b
08-01 12:28:17.519 27092 27092 W RcsClientLib: java.lang.IllegalArgumentException: Service not registered: aisc@8fea53b
08-01 12:28:17.519 27092 27092 W RcsClientLib: 	at android.app.LoadedApk.forgetServiceDispatcher(LoadedApk.java:1760)
08-01 12:28:17.519 27092 27092 W RcsClientLib: 	at android.app.ContextImpl.unbindService(ContextImpl.java:1791)
08-01 12:28:17.519 27092 27092 W RcsClientLib: 	at android.content.ContextWrapper.unbindService(ContextWrapper.java:741)
08-01 12:28:17.519 27092 27092 W RcsClientLib: 	at aisb.b(PG:40)
08-01 12:28:17.519 27092 27092 W RcsClientLib: 	at aisb.disconnect(PG:38)
08-01 12:28:17.519 27092 27092 W RcsClientLib: 	at nrn.b(PG:35)
08-01 12:28:17.519 27092 27092 W RcsClientLib: 	at nrq.a(PG:37)
08-01 12:28:17.519 27092 27092 W RcsClientLib: 	at nco.a(PG:38)
08-01 12:28:17.519 27092 27092 W RcsClientLib: 	at nca.run(Unknown Source:16)
08-01 12:28:17.519 27092 27092 W RcsClientLib: 	at akmf.run(PG:2)
08-01 12:28:17.519 27092 27092 W RcsClientLib: 	at android.os.Handler.handleCallback(Handler.java:883)
08-01 12:28:17.519 27092 27092 W RcsClientLib: 	at android.os.Handler.dispatchMessage(Handler.java:100)
08-01 12:28:17.519 27092 27092 W RcsClientLib: 	at android.os.Looper.loop(Looper.java:241)
08-01 12:28:17.519 27092 27092 W RcsClientLib: 	at android.app.ActivityThread.main(ActivityThread.java:7617)
08-01 12:28:17.519 27092 27092 W RcsClientLib: 	at java.lang.reflect.Method.invoke(Native Method)
08-01 12:28:17.519 27092 27092 W RcsClientLib: 	at com.android.internal.os.RuntimeInit$MethodAndArgsCaller.run(RuntimeInit.java:492)
08-01 12:28:17.519 27092 27092 W RcsClientLib: 	at com.android.internal.os.ZygoteInit.main(ZygoteInit.java:941)
08-01 12:28:17.519 27092 27092 I RcsClientLib: Disconnecting EventService
08-01 12:28:17.519 27092 27092 W RcsClientLib: Unexpected error when trying to unbind com.google.android.ims.rcsservice.events.IEvent: Service not registered: aisc@2354e96
08-01 12:28:17.519 27092 27092 W RcsClientLib: java.lang.IllegalArgumentException: Service not registered: aisc@2354e96
08-01 12:28:17.519 27092 27092 W RcsClientLib: 	at android.app.LoadedApk.forgetServiceDispatcher(LoadedApk.java:1760)
08-01 12:28:17.519 27092 27092 W RcsClientLib: 	at android.app.ContextImpl.unbindService(ContextImpl.java:1791)
08-01 12:28:17.519 27092 27092 W RcsClientLib: 	at android.content.ContextWrapper.unbindService(ContextWrapper.java:741)
08-01 12:28:17.519 27092 27092 W RcsClientLib: 	at aisb.b(PG:40)
08-01 12:28:17.519 27092 27092 W RcsClientLib: 	at aisb.disconnect(PG:38)
08-01 12:28:17.519 27092 27092 W RcsClientLib: 	at com.google.android.rcs.client.events.EventService.disconnect(PG:7)
08-01 12:28:17.519 27092 27092 W RcsClientLib: 	at nrn.b(PG:36)
08-01 12:28:17.519 27092 27092 W RcsClientLib: 	at nrq.a(PG:37)
08-01 12:28:17.519 27092 27092 W RcsClientLib: 	at nco.a(PG:38)
08-01 12:28:17.519 27092 27092 W RcsClientLib: 	at nca.run(Unknown Source:16)
08-01 12:28:17.519 27092 27092 W RcsClientLib: 	at akmf.run(PG:2)
08-01 12:28:17.519 27092 27092 W RcsClientLib: 	at android.os.Handler.handleCallback(Handler.java:883)
08-01 12:28:17.519 27092 27092 W RcsClientLib: 	at android.os.Handler.dispatchMessage(Handler.java:100)
08-01 12:28:17.519 27092 27092 W RcsClientLib: 	at android.os.Looper.loop(Looper.java:241)
08-01 12:28:17.519 27092 27092 W RcsClientLib: 	at android.app.ActivityThread.main(ActivityThread.java:7617)
08-01 12:28:17.519 27092 27092 W RcsClientLib: 	at java.lang.reflect.Method.invoke(Native Method)
08-01 12:28:17.519 27092 27092 W RcsClientLib: 	at com.android.internal.os.RuntimeInit$MethodAndArgsCaller.run(RuntimeInit.java:492)
08-01 12:28:17.519 27092 27092 W RcsClientLib: 	at com.android.internal.os.ZygoteInit.main(ZygoteInit.java:941)
08-01 12:28:17.519 27092 27092 I RcsClientLib: Disconnecting ContactsService
08-01 12:28:17.520 27092 27092 W RcsClientLib: Unexpected error when trying to unbind com.google.android.ims.rcsservice.contacts.IContactsManagement: Service not registered: aisc@3eb8e04
08-01 12:28:17.520 27092 27092 W RcsClientLib: java.lang.IllegalArgumentException: Service not registered: aisc@3eb8e04
08-01 12:28:17.520 27092 27092 W RcsClientLib: 	at android.app.LoadedApk.forgetServiceDispatcher(LoadedApk.java:1760)
08-01 12:28:17.520 27092 27092 W RcsClientLib: 	at android.app.ContextImpl.unbindService(ContextImpl.java:1791)
08-01 12:28:17.520 27092 27092 W RcsClientLib: 	at android.content.ContextWrapper.unbindService(ContextWrapper.java:741)
08-01 12:28:17.520 27092 27092 W RcsClientLib: 	at aisb.b(PG:40)
08-01 12:28:17.520 27092 27092 W RcsClientLib: 	at aisb.disconnect(PG:38)
08-01 12:28:17.520 27092 27092 W RcsClientLib: 	at nrn.b(PG:37)
08-01 12:28:17.520 27092 27092 W RcsClientLib: 	at nrq.a(PG:37)
08-01 12:28:17.520 27092 27092 W RcsClientLib: 	at nco.a(PG:38)
08-01 12:28:17.520 27092 27092 W RcsClientLib: 	at nca.run(Unknown Source:16)
08-01 12:28:17.520 27092 27092 W RcsClientLib: 	at akmf.run(PG:2)
08-01 12:28:17.520 27092 27092 W RcsClientLib: 	at android.os.Handler.handleCallback(Handler.java:883)
08-01 12:28:17.520 27092 27092 W RcsClientLib: 	at android.os.Handler.dispatchMessage(Handler.java:100)
08-01 12:28:17.520 27092 27092 W RcsClientLib: 	at android.os.Looper.loop(Looper.java:241)
08-01 12:28:17.520 27092 27092 W RcsClientLib: 	at android.app.ActivityThread.main(ActivityThread.java:7617)
08-01 12:28:17.520 27092 27092 W RcsClientLib: 	at java.lang.reflect.Method.invoke(Native Method)
08-01 12:28:17.520 27092 27092 W RcsClientLib: 	at com.android.internal.os.RuntimeInit$MethodAndArgsCaller.run(RuntimeInit.java:492)
08-01 12:28:17.520 27092 27092 W RcsClientLib: 	at com.android.internal.os.ZygoteInit.main(ZygoteInit.java:941)
08-01 12:28:17.520 27092 27123 I BugleRcs: RcsAvailabilityUtilForProvisioningEngineV2: success updating RCS availability async
08-01 12:28:17.520 27092 27092 I RcsClientLib: Disconnecting FileTransferService
08-01 12:28:17.520 27092 27092 W RcsClientLib: Unexpected error when trying to unbind com.google.android.ims.rcsservice.filetransfer.IFileTransfer: Service not registered: aisc@96fbe22
08-01 12:28:17.520 27092 27092 W RcsClientLib: java.lang.IllegalArgumentException: Service not registered: aisc@96fbe22
08-01 12:28:17.520 27092 27092 W RcsClientLib: 	at android.app.LoadedApk.forgetServiceDispatcher(LoadedApk.java:1760)
08-01 12:28:17.520 27092 27092 W RcsClientLib: 	at android.app.ContextImpl.unbindService(ContextImpl.java:1791)
08-01 12:28:17.520 27092 27092 W RcsClientLib: 	at android.content.ContextWrapper.unbindService(ContextWrapper.java:741)
08-01 12:28:17.520 27092 27092 W RcsClientLib: 	at aisb.b(PG:40)
08-01 12:28:17.520 27092 27092 W RcsClientLib: 	at aisb.disconnect(PG:38)
08-01 12:28:17.520 27092 27092 W RcsClientLib: 	at nrn.b(PG:38)
08-01 12:28:17.520 27092 27092 W RcsClientLib: 	at nrq.a(PG:37)
08-01 12:28:17.520 27092 27092 W RcsClientLib: 	at nco.a(PG:38)
08-01 12:28:17.520 27092 27092 W RcsClientLib: 	at nca.run(Unknown Source:16)
08-01 12:28:17.520 27092 27092 W RcsClientLib: 	at akmf.run(PG:2)
08-01 12:28:17.520 27092 27092 W RcsClientLib: 	at android.os.Handler.handleCallback(Handler.java:883)
08-01 12:28:17.520 27092 27092 W RcsClientLib: 	at android.os.Handler.dispatchMessage(Handler.java:100)
08-01 12:28:17.520 27092 27092 W RcsClientLib: 	at android.os.Looper.loop(Looper.java:241)
08-01 12:28:17.520 27092 27092 W RcsClientLib: 	at android.app.ActivityThread.main(ActivityThread.java:7617)
08-01 12:28:17.520 27092 27092 W RcsClientLib: 	at java.lang.reflect.Method.invoke(Native Method)
08-01 12:28:17.520 27092 27092 W RcsClientLib: 	at com.android.internal.os.RuntimeInit$MethodAndArgsCaller.run(RuntimeInit.java:492)
08-01 12:28:17.520 27092 27092 W RcsClientLib: 	at com.android.internal.os.ZygoteInit.main(ZygoteInit.java:941)
08-01 12:28:17.520 27092 27092 I RcsClientLib: Disconnecting LocationSharingService
08-01 12:28:17.521 27092 27092 W RcsClientLib: Unexpected error when trying to unbind com.google.android.ims.rcsservice.locationsharing.ILocationSharing: Service not registered: aisc@958670
08-01 12:28:17.521 27092 27092 W RcsClientLib: java.lang.IllegalArgumentException: Service not registered: aisc@958670
08-01 12:28:17.521 27092 27092 W RcsClientLib: 	at android.app.LoadedApk.forgetServiceDispatcher(LoadedApk.java:1760)
08-01 12:28:17.521 27092 27092 W RcsClientLib: 	at android.app.ContextImpl.unbindService(ContextImpl.java:1791)
08-01 12:28:17.521 27092 27092 W RcsClientLib: 	at android.content.ContextWrapper.unbindService(ContextWrapper.java:741)
08-01 12:28:17.521 27092 27092 W RcsClientLib: 	at aisb.b(PG:40)
08-01 12:28:17.521 27092 27092 W RcsClientLib: 	at aisb.disconnect(PG:38)
08-01 12:28:17.521 27092 27092 W RcsClientLib: 	at nrn.b(PG:39)
08-01 12:28:17.521 27092 27092 W RcsClientLib: 	at nrq.a(PG:37)
08-01 12:28:17.521 27092 27092 W RcsClientLib: 	at nco.a(PG:38)
08-01 12:28:17.521 27092 27092 W RcsClientLib: 	at nca.run(Unknown Source:16)
08-01 12:28:17.521 27092 27092 W RcsClientLib: 	at akmf.run(PG:2)
08-01 12:28:17.521 27092 27092 W RcsClientLib: 	at android.os.Handler.handleCallback(Handler.java:883)
08-01 12:28:17.521 27092 27092 W RcsClientLib: 	at android.os.Handler.dispatchMessage(Handler.java:100)
08-01 12:28:17.521 27092 27092 W RcsClientLib: 	at android.os.Looper.loop(Looper.java:241)
08-01 12:28:17.521 27092 27092 W RcsClientLib: 	at android.app.ActivityThread.main(ActivityThread.java:7617)
08-01 12:28:17.521 27092 27092 W RcsClientLib: 	at java.lang.reflect.Method.invoke(Native Method)
08-01 12:28:17.521 27092 27092 W RcsClientLib: 	at com.android.internal.os.RuntimeInit$MethodAndArgsCaller.run(RuntimeInit.java:492)
08-01 12:28:17.521 27092 27092 W RcsClientLib: 	at com.android.internal.os.ZygoteInit.main(ZygoteInit.java:941)
08-01 12:28:17.521 27092 27092 I RcsClientLib: Disconnecting ImsConnectionTrackerService
08-01 12:28:17.521 27092 27092 W RcsClientLib: Unexpected error when trying to unbind com.google.android.ims.rcsservice.ims.IImsConnectionTracker: Service not registered: aisc@6ef9a6e
08-01 12:28:17.522 27092 27092 W RcsClientLib: java.lang.IllegalArgumentException: Service not registered: aisc@6ef9a6e
08-01 12:28:17.522 27092 27092 W RcsClientLib: 	at android.app.LoadedApk.forgetServiceDispatcher(LoadedApk.java:1760)
08-01 12:28:17.522 27092 27092 W RcsClientLib: 	at android.app.ContextImpl.unbindService(ContextImpl.java:1791)
08-01 12:28:17.522 27092 27092 W RcsClientLib: 	at android.content.ContextWrapper.unbindService(ContextWrapper.java:741)
08-01 12:28:17.522 27092 27092 W RcsClientLib: 	at aisb.b(PG:40)
08-01 12:28:17.522 27092 27092 W RcsClientLib: 	at aisb.disconnect(PG:38)
08-01 12:28:17.522 27092 27092 W RcsClientLib: 	at nrn.b(PG:40)
08-01 12:28:17.522 27092 27092 W RcsClientLib: 	at nrq.a(PG:37)
08-01 12:28:17.522 27092 27092 W RcsClientLib: 	at nco.a(PG:38)
08-01 12:28:17.522 27092 27092 W RcsClientLib: 	at nca.run(Unknown Source:16)
08-01 12:28:17.522 27092 27092 W RcsClientLib: 	at akmf.run(PG:2)
08-01 12:28:17.522 27092 27092 W RcsClientLib: 	at android.os.Handler.handleCallback(Handler.java:883)
08-01 12:28:17.522 27092 27092 W RcsClientLib: 	at android.os.Handler.dispatchMessage(Handler.java:100)
08-01 12:28:17.522 27092 27092 W RcsClientLib: 	at android.os.Looper.loop(Looper.java:241)
08-01 12:28:17.522 27092 27092 W RcsClientLib: 	at android.app.ActivityThread.main(ActivityThread.java:7617)
08-01 12:28:17.522 27092 27092 W RcsClientLib: 	at java.lang.reflect.Method.invoke(Native Method)
08-01 12:28:17.522 27092 27092 W RcsClientLib: 	at com.android.internal.os.RuntimeInit$MethodAndArgsCaller.run(RuntimeInit.java:492)
08-01 12:28:17.522 27092 27092 W RcsClientLib: 	at com.android.internal.os.ZygoteInit.main(ZygoteInit.java:941)
08-01 12:28:17.522 27092 27092 I RcsClientLib: Disconnecting RcsProfileService
08-01 12:28:17.522 27092 27092 W RcsClientLib: Unexpected error when trying to unbind com.google.android.ims.rcsservice.profile.IRcsProfile: Service not registered: aisc@4a4999c
08-01 12:28:17.522 27092 27092 W RcsClientLib: java.lang.IllegalArgumentException: Service not registered: aisc@4a4999c
08-01 12:28:17.522 27092 27092 W RcsClientLib: 	at android.app.LoadedApk.forgetServiceDispatcher(LoadedApk.java:1760)
08-01 12:28:17.522 27092 27092 W RcsClientLib: 	at android.app.ContextImpl.unbindService(ContextImpl.java:1791)
08-01 12:28:17.522 27092 27092 W RcsClientLib: 	at android.content.ContextWrapper.unbindService(ContextWrapper.java:741)
08-01 12:28:17.522 27092 27092 W RcsClientLib: 	at aisb.b(PG:40)
08-01 12:28:17.522 27092 27092 W RcsClientLib: 	at aisb.disconnect(PG:38)
08-01 12:28:17.522 27092 27092 W RcsClientLib: 	at nrn.b(PG:41)
08-01 12:28:17.522 27092 27092 W RcsClientLib: 	at nrq.a(PG:37)
08-01 12:28:17.522 27092 27092 W RcsClientLib: 	at nco.a(PG:38)
08-01 12:28:17.522 27092 27092 W RcsClientLib: 	at nca.run(Unknown Source:16)
08-01 12:28:17.522 27092 27092 W RcsClientLib: 	at akmf.run(PG:2)
08-01 12:28:17.522 27092 27092 W RcsClientLib: 	at android.os.Handler.handleCallback(Handler.java:883)
08-01 12:28:17.522 27092 27092 W RcsClientLib: 	at android.os.Handler.dispatchMessage(Handler.java:100)
08-01 12:28:17.522 27092 27092 W RcsClientLib: 	at android.os.Looper.loop(Looper.java:241)
08-01 12:28:17.522 27092 27092 W RcsClientLib: 	at android.app.ActivityThread.main(ActivityThread.java:7617)
08-01 12:28:17.522 27092 27092 W RcsClientLib: 	at java.lang.reflect.Method.invoke(Native Method)
08-01 12:28:17.522 27092 27092 W RcsClientLib: 	at com.android.internal.os.RuntimeInit$MethodAndArgsCaller.run(RuntimeInit.java:492)
08-01 12:28:17.522 27092 27092 W RcsClientLib: 	at com.android.internal.os.ZygoteInit.main(ZygoteInit.java:941)
08-01 12:28:17.522 27092 27092 I RcsClientLib: Disconnecting BusinessInfoService
08-01 12:28:17.522 27092 27092 W RcsClientLib: Unexpected error when trying to unbind com.google.android.ims.rcsservice.businessinfo.IBusinessInfo: Service not registered: aisc@c7eef7a
08-01 12:28:17.522 27092 27092 W RcsClientLib: java.lang.IllegalArgumentException: Service not registered: aisc@c7eef7a
08-01 12:28:17.522 27092 27092 W RcsClientLib: 	at android.app.LoadedApk.forgetServiceDispatcher(LoadedApk.java:1760)
08-01 12:28:17.522 27092 27092 W RcsClientLib: 	at android.app.ContextImpl.unbindService(ContextImpl.java:1791)
08-01 12:28:17.522 27092 27092 W RcsClientLib: 	at android.content.ContextWrapper.unbindService(ContextWrapper.java:741)
08-01 12:28:17.522 27092 27092 W RcsClientLib: 	at aisb.b(PG:40)
08-01 12:28:17.522 27092 27092 W RcsClientLib: 	at aisb.disconnect(PG:38)
08-01 12:28:17.522 27092 27092 W RcsClientLib: 	at nrn.b(PG:42)
08-01 12:28:17.522 27092 27092 W RcsClientLib: 	at nrq.a(PG:37)
08-01 12:28:17.522 27092 27092 W RcsClientLib: 	at nco.a(PG:38)
08-01 12:28:17.522 27092 27092 W RcsClientLib: 	at nca.run(Unknown Source:16)
08-01 12:28:17.522 27092 27092 W RcsClientLib: 	at akmf.run(PG:2)
08-01 12:28:17.522 27092 27092 W RcsClientLib: 	at android.os.Handler.handleCallback(Handler.java:883)
08-01 12:28:17.522 27092 27092 W RcsClientLib: 	at android.os.Handler.dispatchMessage(Handler.java:100)
08-01 12:28:17.522 27092 27092 W RcsClientLib: 	at android.os.Looper.loop(Looper.java:241)
08-01 12:28:17.522 27092 27092 W RcsClientLib: 	at android.app.ActivityThread.main(ActivityThread.java:7617)
08-01 12:28:17.522 27092 27092 W RcsClientLib: 	at java.lang.reflect.Method.invoke(Native Method)
08-01 12:28:17.522 27092 27092 W RcsClientLib: 	at com.android.internal.os.RuntimeInit$MethodAndArgsCaller.run(RuntimeInit.java:492)
08-01 12:28:17.522 27092 27092 W RcsClientLib: 	at com.android.internal.os.ZygoteInit.main(ZygoteInit.java:941)
08-01 12:28:17.523 27092 27092 I RcsClientLib: Disconnecting RcsMessagingService
08-01 12:28:17.523 27092 27092 W RcsClientLib: Unexpected error when trying to unbind com.google.android.rcs.client.messaging.IMessaging: Service not registered: aisc@f2fb388
08-01 12:28:17.523 27092 27092 W RcsClientLib: java.lang.IllegalArgumentException: Service not registered: aisc@f2fb388
08-01 12:28:17.523 27092 27092 W RcsClientLib: 	at android.app.LoadedApk.forgetServiceDispatcher(LoadedApk.java:1760)
08-01 12:28:17.523 27092 27092 W RcsClientLib: 	at android.app.ContextImpl.unbindService(ContextImpl.java:1791)
08-01 12:28:17.523 27092 27092 W RcsClientLib: 	at android.content.ContextWrapper.unbindService(ContextWrapper.java:741)
08-01 12:28:17.523 27092 27092 W RcsClientLib: 	at aisb.b(PG:40)
08-01 12:28:17.523 27092 27092 W RcsClientLib: 	at aisb.disconnect(PG:38)
08-01 12:28:17.523 27092 27092 W RcsClientLib: 	at nrn.b(PG:43)
08-01 12:28:17.523 27092 27092 W RcsClientLib: 	at nrq.a(PG:37)
08-01 12:28:17.523 27092 27092 W RcsClientLib: 	at nco.a(PG:38)
08-01 12:28:17.523 27092 27092 W RcsClientLib: 	at nca.run(Unknown Source:16)
08-01 12:28:17.523 27092 27092 W RcsClientLib: 	at akmf.run(PG:2)
08-01 12:28:17.523 27092 27092 W RcsClientLib: 	at android.os.Handler.handleCallback(Handler.java:883)
08-01 12:28:17.523 27092 27092 W RcsClientLib: 	at android.os.Handler.dispatchMessage(Handler.java:100)
08-01 12:28:17.523 27092 27092 W RcsClientLib: 	at android.os.Looper.loop(Looper.java:241)
08-01 12:28:17.523 27092 27092 W RcsClientLib: 	at android.app.ActivityThread.main(ActivityThread.java:7617)
08-01 12:28:17.523 27092 27092 W RcsClientLib: 	at java.lang.reflect.Method.invoke(Native Method)
08-01 12:28:17.523 27092 27092 W RcsClientLib: 	at com.android.internal.os.RuntimeInit$MethodAndArgsCaller.run(RuntimeInit.java:492)
08-01 12:28:17.523 27092 27092 W RcsClientLib: 	at com.android.internal.os.ZygoteInit.main(ZygoteInit.java:941)
08-01 12:28:17.523 27092 27092 I RcsClientLib: Disconnecting TransportControlService
08-01 12:28:17.526 27092 27092 W RcsClientLib: Unexpected error when trying to unbind com.google.android.ims.rcsservice.transportcontrol.ITransportControl: Service not registered: aisc@c7c8946
08-01 12:28:17.527 27092 27092 W RcsClientLib: java.lang.IllegalArgumentException: Service not registered: aisc@c7c8946
08-01 12:28:17.527 27092 27092 W RcsClientLib: 	at android.app.LoadedApk.forgetServiceDispatcher(LoadedApk.java:1760)
08-01 12:28:17.527 27092 27092 W RcsClientLib: 	at android.app.ContextImpl.unbindService(ContextImpl.java:1791)
08-01 12:28:17.527 27092 27092 W RcsClientLib: 	at android.content.ContextWrapper.unbindService(ContextWrapper.java:741)
08-01 12:28:17.527 27092 27092 W RcsClientLib: 	at aisb.b(PG:40)
08-01 12:28:17.527 27092 27092 W RcsClientLib: 	at aisb.disconnect(PG:38)
08-01 12:28:17.527 27092 27092 W RcsClientLib: 	at nrn.b(PG:44)
08-01 12:28:17.527 27092 27092 W RcsClientLib: 	at nrq.a(PG:37)
08-01 12:28:17.527 27092 27092 W RcsClientLib: 	at nco.a(PG:38)
08-01 12:28:17.527 27092 27092 W RcsClientLib: 	at nca.run(Unknown Source:16)
08-01 12:28:17.527 27092 27092 W RcsClientLib: 	at akmf.run(PG:2)
08-01 12:28:17.527 27092 27092 W RcsClientLib: 	at android.os.Handler.handleCallback(Handler.java:883)
08-01 12:28:17.527 27092 27092 W RcsClientLib: 	at android.os.Handler.dispatchMessage(Handler.java:100)
08-01 12:28:17.527 27092 27092 W RcsClientLib: 	at android.os.Looper.loop(Looper.java:241)
08-01 12:28:17.527 27092 27092 W RcsClientLib: 	at android.app.ActivityThread.main(ActivityThread.java:7617)
08-01 12:28:17.527 27092 27092 W RcsClientLib: 	at java.lang.reflect.Method.invoke(Native Method)
08-01 12:28:17.527 27092 27092 W RcsClientLib: 	at com.android.internal.os.RuntimeInit$MethodAndArgsCaller.run(RuntimeInit.java:492)
08-01 12:28:17.527 27092 27092 W RcsClientLib: 	at com.android.internal.os.ZygoteInit.main(ZygoteInit.java:941)
08-01 12:28:17.527 27092 27092 W BugleRcs: disconnecting from all Rcs Services
08-01 12:28:17.528  4503 27385 I CarrierServices: [321] due.b: Checking if using CarrierServices.apk is possible. Enabled: true, isAtLeastM: true, runningInsideBugle: false
08-01 12:28:17.532  4503 27385 I CarrierServices: [321] bki.onCsLibPhenotypeUpdated: BindingManager: binding and reset P/H Flag stay same
08-01 12:28:17.536  4503 27385 I CarrierServices: [321] czb.a: RcsAvailabilityManager: Rcs Availability still DISABLED_SIM_ABSENT (RCS is disabled due to SIM absent)
08-01 12:28:17.764  2220  4744 I WindowManager: Window drawn AppWindowToken{cd2e867 token=Token{b72e426 ActivityRecord{bb08b81 u0 com.android.settings/.SubSettings t61}}}
08-01 12:28:18.172  1110 21386 I chatty  : uid=1002(bluetooth) POSIX timer 11 expire 2 lines
08-01 12:28:18.275  2220  4744 E UserRestrictionsUtils: Unknown restriction queried by uid 1000 (com.motorola.android.fmradio et al): com.github.uiautomator
08-01 12:28:18.278  2220  4744 I ActivityTaskManager: START u0 {act=android.intent.action.UNINSTALL_PACKAGE dat=package:com.github.uiautomator cmp=com.google.android.packageinstaller/com.android.packageinstaller.UninstallerActivity (has extras)} from uid 1000
08-01 12:28:18.309  1060  1060 D Zygote  : Forked child process 27398
08-01 12:28:18.311  2220  2345 I ActivityManager: Start proc 27398:com.google.android.packageinstaller/u0a76 for activity {com.google.android.packageinstaller/com.android.packageinstaller.UninstallerActivity}
08-01 12:28:18.318 27398 27398 E ackageinstalle: Not starting debugger since process cannot load the jdwp agent.
08-01 12:28:18.323  1110 21378 I chatty  : uid=1002(bluetooth) POSIX timer 8 expire 1 line
08-01 12:28:18.330  2220  4744 V WindowManager: Changing focus from Window{533b5c0 u0 com.android.settings/com.android.settings.SubSettings} to null displayId=0
08-01 12:28:18.429  2220  2310 V WindowManager: Changing focus from null to Window{4c9e6ac u0 com.google.android.packageinstaller/com.android.packageinstaller.UninstallerActivity} displayId=0
08-01 12:28:18.449 27398 27418 I AdrenoGLES: QUALCOMM build                   : f2ab992, I401605978b
08-01 12:28:18.449 27398 27418 I AdrenoGLES: Build Date                       : 09/28/19
08-01 12:28:18.449 27398 27418 I AdrenoGLES: OpenGL ES Shader Compiler Version: EV031.27.05.01
08-01 12:28:18.449 27398 27418 I AdrenoGLES: Local Branch                     : 
08-01 12:28:18.449 27398 27418 I AdrenoGLES: Remote Branch                    : 
08-01 12:28:18.449 27398 27418 I AdrenoGLES: Remote Branch                    : 
08-01 12:28:18.449 27398 27418 I AdrenoGLES: Reconstruct Branch               : 
08-01 12:28:18.449 27398 27418 I AdrenoGLES: Build Config                     : S L 8.0.11 AArch64
08-01 12:28:18.454 27398 27398 W RenderThread: type=1400 audit(0.0:490): avc: denied { read } for uid=10076 name="gpu_model" dev="sysfs" ino=30970 scontext=u:r:priv_app:s0:c512,c768 tcontext=u:object_r:sysfs_kgsl:s0 tclass=file permissive=0
08-01 12:28:18.455 27398 27418 I AdrenoGLES: PFP: 0x005ff112, ME: 0x005ff066
08-01 12:28:18.457 27398 27418 W AdrenoUtils: <ReadGpuID_from_sysfs:194>: Failed to open /sys/class/kgsl/kgsl-3d0/gpu_model
08-01 12:28:18.457 27398 27418 W AdrenoUtils: <ReadGpuID:218>: Failed to read chip ID from gpu_model. Fallback to use the GSL path
08-01 12:28:18.475   847   847 I hwservicemanager: getTransport: Cannot find entry android.hardware.graphics.mapper@3.0::IMapper/default in either framework or device manifest.
08-01 12:28:18.475 27398 27418 W Gralloc3: mapper 3.x is not supported
08-01 12:28:18.503  2220  2336 I LaunchCheckinHandler: Displayed com.google.android.packageinstaller/com.android.packageinstaller.UninstallerActivity,cp,ca,208
08-01 12:28:18.503  2220  2336 I WindowManager: Window drawn AppWindowToken{7d29311 token=Token{4d54738 ActivityRecord{475279b u0 com.google.android.packageinstaller/com.android.packageinstaller.UninstallerActivity t61}}}
08-01 12:28:18.508  2220  2336 I WindowManager:   SURFACE show Surface(name=com.google.android.packageinstaller/com.android.packageinstaller.UninstallerActivity)/@0x204a857 on display:0: com.google.android.packageinstaller/com.android.packageinstaller.UninstallerActivity
08-01 12:28:18.508  2220  2336 I WindowManager:   SURFACE show Surface(name=com.google.android.packageinstaller/com.android.packageinstaller.UninstallerActivity)/@0x1905f44 on display:0: com.google.android.packageinstaller/com.android.packageinstaller.UninstallerActivity
08-01 12:28:19.279  2220  2310 I ActivityTaskManager: START u0 {flg=0x2000000 cmp=com.google.android.packageinstaller/com.android.packageinstaller.UninstallUninstalling (has extras)} from uid 10076
08-01 12:28:19.287 27398 27418 D OpenGLRenderer: endAllActiveAnimators on 0x7a1893d100 (RippleDrawable) with handle 0x7a6f01ef20
08-01 12:28:19.291  2220  2817 I chatty  : uid=1000(system) Binder:2220_7 expire 2 lines
08-01 12:28:19.291  2220  2310 V WindowManager: Changing focus from Window{4c9e6ac u0 com.google.android.packageinstaller/com.android.packageinstaller.UninstallerActivity EXITING} to Window{472b0a u0 com.google.android.packageinstaller/com.android.packageinstaller.UninstallerActivity} displayId=0
08-01 12:28:19.297  2220  4744 V WindowManager: Changing focus from Window{472b0a u0 com.google.android.packageinstaller/com.android.packageinstaller.UninstallerActivity} to null displayId=0
08-01 12:28:19.304 27398 27398 W ActivityThread: handleWindowVisibility: no activity for token android.os.BinderProxy@e1bbb03
08-01 12:28:19.315  2220  2344 I ActivityManager: Force stopping com.github.uiautomator appid=10212 user=0: deletePackageX
08-01 12:28:19.316  2220  2344 I ActivityManager: Killing 19152:com.github.uiautomator/u0a212 (adj 50): stop com.github.uiautomator
08-01 12:28:19.317  2220  2344 W ActivityManager: Scheduling restart of crashed service com.github.uiautomator/.Service in 1000ms
08-01 12:28:19.319  2220  2344 W ActivityTaskManager: Force removing ActivityRecord{be04970 u0 com.github.uiautomator/.MainActivity t60 f}: app died, no saved state
08-01 12:28:19.322  2220  2344 W ActivityManager: Crash of app com.github.uiautomator running instrumentation ComponentInfo{com.github.uiautomator.test/androidx.test.runner.AndroidJUnitRunner}
08-01 12:28:19.330  2220 27426 I chatty  : uid=1000 system_server expire 1 line
08-01 12:28:19.333 19138 19138 D AndroidRuntime: Shutting down VM
08-01 12:28:19.342  2220  2611 I chatty  : uid=1000(system) InputDispatcher expire 2 lines
08-01 12:28:19.345 21337 21399 I chatty  : uid=1002(bluetooth) BluetoothAvrcpH expire 102 lines
08-01 12:28:19.346  1060  1060 I Zygote  : Process 19152 exited due to signal 9 (Killed)
08-01 12:28:19.350  2220  2346 I chatty  : uid=1000(system) ActivityManager expire 1 line
08-01 12:28:19.452  2220  2344 I ActivityManager: Force stopping com.github.uiautomator appid=-1 user=0: finished inst
08-01 12:28:19.452  1351  1351 I keystore: clear_uid 10212
08-01 12:28:19.454  2220  2817 I WindowManager: WIN DEATH: Window{144292c u0 com.github.uiautomator/com.github.uiautomator.MainActivity}
08-01 12:28:19.456  2220  2384 I chatty  : uid=1000(system) PackageManager expire 4 lines
08-01 12:28:19.458  1059  1642 I netd    : trafficSetNetPermForUids(-1, [10212]) <0.01ms>
08-01 12:28:19.461  2220  4741 W WindowManager: removeWindowToken: Attempted to remove non-existing token: android.os.Binder@e8d5147
08-01 12:28:19.488  2220  3972 V WindowManager: Changing focus from null to Window{ace4fd1 u0 com.google.android.packageinstaller/com.android.packageinstaller.UninstallUninstalling} displayId=0
08-01 12:28:19.490  2220  2344 W ActivityManager: Error shutting down UiAutomationConnection
08-01 12:28:19.502  2220  2220 V SettingsProvider: Notifying for 0: content://settings/secure/accessibility_enabled
08-01 12:28:19.503  2220  2335 W ActivityManager: setHasOverlayUi called on unknown pid: 19152
08-01 12:28:19.522  2220  2333 W Looper  : Slow dispatch took 206ms android.ui h=com.android.server.am.ActivityManagerService$UiHandler c=null m=53
08-01 12:28:19.523  2220  2333 W Looper  : Slow delivery took 206ms android.ui h=com.android.server.am.ActivityManagerService$UiHandler c=null m=31
08-01 12:28:19.546  2220  3389 W LaunchParamsPersister: Failed to delete /data/system_ce/0/launch_params/com.github.uiautomator_.MainActivity.xml
08-01 12:28:19.551  2220  2333 W Looper  : Drained
08-01 12:28:19.552  2220  2336 I LaunchCheckinHandler: Displayed com.google.android.packageinstaller/com.android.packageinstaller.UninstallUninstalling,wp,ca,256
08-01 12:28:19.552  2220  2336 I WindowManager: Window drawn AppWindowToken{7aa3561 token=Token{2b7c0c8 ActivityRecord{d764d6b u0 com.google.android.packageinstaller/com.android.packageinstaller.UninstallUninstalling t61}}}
08-01 12:28:19.558  2220  2336 I WindowManager:   SURFACE show Surface(name=com.google.android.packageinstaller/com.android.packageinstaller.UninstallUninstalling)/@0x46dec2f on display:0: com.google.android.packageinstaller/com.android.packageinstaller.UninstallUninstalling
08-01 12:28:19.558  2220  2336 I WindowManager:   SURFACE show Surface(name=com.google.android.packageinstaller/com.android.packageinstaller.UninstallUninstalling)/@0xc1e123c on display:0: com.google.android.packageinstaller/com.android.packageinstaller.UninstallUninstalling
08-01 12:28:19.573  2220  2776 I WindowManager: Window drawn AppWindowToken{7d29311 token=Token{4d54738 ActivityRecord{475279b u0 com.google.android.packageinstaller/com.android.packageinstaller.UninstallerActivity t61}}}
08-01 12:28:19.588  7980  8028 D Checkin : publish the event [tag = MOT_DEVICE_STATS_L1 event name = SettingLogs]
08-01 12:28:19.676  2220  2384 I ActivityManager: Force stopping com.github.uiautomator appid=10212 user=0: pkg removed
08-01 12:28:19.682  2220  3590 V WindowManager: Changing focus from Window{ace4fd1 u0 com.google.android.packageinstaller/com.android.packageinstaller.UninstallUninstalling} to Window{533b5c0 u0 com.android.settings/com.android.settings.SubSettings} displayId=0
08-01 12:28:19.702  2220  2384 E HistoricalRegistry: Interaction before persistence initialized
08-01 12:28:19.718  2220  2220 I RoleManagerService: Granting default permissions...
08-01 12:28:19.721  3488  3488 D MotoSystemServer: receive intent :Intent { act=android.intent.action.PACKAGE_REMOVED dat=package:com.github.uiautomator flg=0x4000010 (has extras) }
08-01 12:28:19.721  3488  3488 D MotoSystemServer:  packageName = com.github.uiautomator
08-01 12:28:19.722 21337 21337 I chatty  : uid=1002(bluetooth) com.android.bluetooth expire 72 lines
08-01 12:28:19.723  3415  3415 I GsaVoiceInteractionSrv: O received Intent { act=android.intent.action.PACKAGE_REMOVED dat=package:com.github.uiautomator flg=0x4000010 (has extras) }
08-01 12:28:19.732  2220  3895 W LocationProviderProxy: com.qualcomm.location resolves service com.android.location.service.v3.NetworkLocationProvider, but has wrong signature, ignoring
08-01 12:28:19.734  2220  3895 W LocationProviderProxy: com.google.android.gms resolves service com.android.location.service.v3.NetworkLocationProvider, but has wrong signature, ignoring
08-01 12:28:19.734 22755 22755 I Finsky  : [2] pko.i(0): PackageMonitorReceiverImpl - Received: android.intent.action.PACKAGE_REMOVED, [YsxevZ6ZTvyMiI6-s2OAYwITesnJ70XOGSzp16sCNgw]
08-01 12:28:19.735 22755 22755 I Finsky  : [2] plc.n(8): Invalidating cached PackageState for com.github.uiautomator
08-01 12:28:19.740  2220  3895 W LocationProviderProxy: com.qualcomm.location resolves service com.android.location.service.v3.NetworkLocationProvider, but has wrong signature, ignoring
08-01 12:28:19.740  2220  3895 W LocationProviderProxy: Odd, no component found for service com.android.location.service.v3.NetworkLocationProvider
08-01 12:28:19.744  2220  4736 V WindowManager: Changing focus from Window{533b5c0 u0 com.android.settings/com.android.settings.SubSettings} to null displayId=0
08-01 12:28:19.745 22755 22755 I Finsky  : [2] plc.s(3): Package no longer installed: com.github.uiautomator
08-01 12:28:19.754 22755 22755 I Finsky  : [2] fik.a(1): AIM: AppInfoCacheUpdater -> invalidating apps: [com.github.uiautomator]
08-01 12:28:19.754 22755 22755 I Finsky  : [2] fjd.a(1): AIM: AppInfoManager-Perf > Creating AppInfoManager ...
08-01 12:28:19.758  2220  4741 W ActivityTaskManager: Duplicate finish request for ActivityRecord{a624856 u0 com.android.settings/.SubSettings t61 f}
08-01 12:28:19.771  2220  4745 W BroadcastQueue: Background execution not allowed: receiving Intent { act=android.intent.action.PACKAGE_REMOVED dat=package:com.github.uiautomator flg=0x4000010 (has extras) } to com.android.vending/com.google.android.finsky.packagemanager.impl.PackageMonitorReceiverImpl$RegisteredReceiver
08-01 12:28:19.777  1059  1642 I netd    : tetherGetStats() <3.91ms>
08-01 12:28:19.778  3237  3237 I GeofencerStateMachine: removeGeofences: removeRequest=RemoveGeofencingRequest[REMOVE_ALL packageName=com.github.uiautomator]
08-01 12:28:19.780  2220  2344 W BroadcastQueue: Background execution not allowed: receiving Intent { act=android.intent.action.PACKAGE_REMOVED dat=package:com.github.uiautomator flg=0x4000010 (has extras) } to com.android.vending/com.google.android.finsky.instantapps.appmanagement.InstantAppRemoveMonitor
08-01 12:28:19.780  2220  2344 W BroadcastQueue: Background execution not allowed: receiving Intent { act=android.intent.action.PACKAGE_REMOVED dat=package:com.github.uiautomator flg=0x4000010 (has extras) } to com.google.android.apps.maps/com.google.android.libraries.social.peoplekit.thirdparty.viewcontrollers.ThirdPartyReceiver
08-01 12:28:19.780  2220  2344 W BroadcastQueue: Background execution not allowed: receiving Intent { act=android.intent.action.PACKAGE_REMOVED dat=package:com.github.uiautomator flg=0x4000010 (has extras) } to com.google.android.apps.photos/com.google.android.libraries.social.peoplekit.thirdparty.viewcontrollers.ThirdPartyReceiver
08-01 12:28:19.780  2220  2344 W BroadcastQueue: Background execution not allowed: receiving Intent { act=android.intent.action.PACKAGE_REMOVED dat=package:com.github.uiautomator flg=0x4000010 (has extras) } to com.google.android.gms/.games.chimera.GamesSystemBroadcastReceiverProxy
08-01 12:28:19.780  2220  2344 W BroadcastQueue: Background execution not allowed: receiving Intent { act=android.intent.action.PACKAGE_REMOVED dat=package:com.github.uiautomator flg=0x4000010 (has extras) } to com.google.android.gms/.chimera.GmsIntentOperationService$PersistentTrustedReceiver
08-01 12:28:19.780  2220  2344 W BroadcastQueue: Background execution not allowed: receiving Intent { act=android.intent.action.PACKAGE_REMOVED dat=package:com.github.uiautomator flg=0x4000010 (has extras) } to com.google.android.googlequicksearchbox/com.google.android.apps.gsa.googlequicksearchbox.GelStubAppWatcher
08-01 12:28:19.780  2220  2344 W BroadcastQueue: Background execution not allowed: receiving Intent { act=android.intent.action.PACKAGE_REMOVED dat=package:com.github.uiautomator flg=0x4000010 (has extras) } to com.antutu.ABenchMark/com.taobao.accs.EventReceiver
08-01 12:28:19.781  2220  2344 W BroadcastQueue: Background execution not allowed: receiving Intent { act=android.intent.action.PACKAGE_REMOVED dat=package:com.github.uiautomator flg=0x4000010 (has extras) } to com.antutu.ABenchMark/com.taobao.agoo.AgooCommondReceiver
08-01 12:28:19.781  2220  2344 W BroadcastQueue: Background execution not allowed: receiving Intent { act=android.intent.action.PACKAGE_REMOVED dat=package:com.github.uiautomator flg=0x4000010 (has extras) } to com.estrongs.android.pop/.app.InstallMonitorReceiver
08-01 12:28:19.781  2220  2344 W BroadcastQueue: Background execution not allowed: receiving Intent { act=android.intent.action.PACKAGE_REMOVED dat=package:com.github.uiautomator flg=0x4000010 (has extras) } to com.estrongs.android.pop/com.android.apps.pros.LocalCReceiver
08-01 12:28:19.781  2220  2344 W BroadcastQueue: Background execution not allowed: receiving Intent { act=android.intent.action.PACKAGE_REMOVED dat=package:com.github.uiautomator flg=0x4000010 (has extras) } to com.estrongs.android.pop/com.duapps.ad.stats.CallbackReceiver
08-01 12:28:19.781  2220  2344 W BroadcastQueue: Background execution not allowed: receiving Intent { act=android.intent.action.PACKAGE_REMOVED dat=package:com.github.uiautomator flg=0x4000010 (has extras) } to com.facebook.katana/com.facebook.feed.platformads.AppInstallReceiver
08-01 12:28:19.781  2220  2344 W BroadcastQueue: Background execution not allowed: receiving Intent { act=android.intent.action.PACKAGE_REMOVED dat=package:com.github.uiautomator flg=0x4000010 (has extras) } to com.google.android.apps.magazines/com.google.android.libraries.social.peoplekit.thirdparty.viewcontrollers.ThirdPartyReceiver
08-01 12:28:19.805 22755 22755 I Finsky  : [2] fjc.k(1): AIM: AppInfoManager-Perf > getApps > called for 1 apps
08-01 12:28:19.809  2954  2954 E PhoneInterfaceManager: [PhoneIntfMgr] getCarrierPackageNamesForIntent: No UICC
08-01 12:28:19.809  2954  2954 D CarrierSvcBindHelper: No carrier app for: 0
08-01 12:28:19.811  2954  2954 E PhoneInterfaceManager: [PhoneIntfMgr] getCarrierPackageNamesForIntent: No UICC
08-01 12:28:19.811  2954  2954 D CarrierSvcBindHelper: No carrier app for: 1
08-01 12:28:19.822  1060  1060 D Zygote  : Forked child process 27436
08-01 12:28:19.824  2220  2345 W ActivityManager: Slow operation: 71ms so far, now at startProcess: returned from zygote!
08-01 12:28:19.830  2954  2954 E VvmPkgInstalledRcvr: cannot create TelephonyManager from ComponentInfo{com.android.phone/com.android.services.telephony.TelephonyConnectionService}, ***, UserHandle{0}
08-01 12:28:19.831 22755 27431 I Finsky  : [1748] jno.run(31): Frosting DB delete succeeded: true
08-01 12:28:19.839  2220  2345 W ActivityManager: Slow operation: 87ms so far, now at startProcess: done updating battery stats
08-01 12:28:19.841  2220  2345 W ActivityManager: Slow operation: 88ms so far, now at startProcess: building log message
08-01 12:28:19.841  2220  2345 I ActivityManager: Start proc 27436:com.android.keychain/1000 for service {com.android.keychain/com.android.keychain.KeyChainService}
08-01 12:28:19.841  2220  2345 W ActivityManager: Slow operation: 88ms so far, now at startProcess: starting to update pids map
08-01 12:28:19.843  2220  2345 W ActivityManager: Slow operation: 90ms so far, now at startProcess: done updating pids map
08-01 12:28:19.845 26959 26994 I chatty  : uid=1000(system) com.android.settings expire 1 line
08-01 12:28:19.851 26959 26995 I chatty  : uid=1000(system) com.android.settings expire 108 lines
08-01 12:28:19.853 22755 22804 I Finsky  : [1664] fkh.a(5): AIM: AppInfoManager-Perf > OnDeviceAppInfo > cacheHitCount=0, cacheMissCount=1. Missed  in cache (limit 10) : [com.github.uiautomator]
08-01 12:28:19.879 22755 22804 I Finsky  : [1664] fhy.apply(84): AIM: Got app ownership map. App counts: . Unique apps: 0
08-01 12:28:19.879  1060  1060 D Zygote  : Forked child process 27448
08-01 12:28:19.885  2220  2345 I ActivityManager: Start proc 27448:com.android.documentsui/u0a60 for broadcast {com.android.documentsui/com.android.documentsui.PackageReceiver}
08-01 12:28:19.893 27436 27436 E ndroid.keychai: Not starting debugger since process cannot load the jdwp agent.
08-01 12:28:19.895 22755 22755 I Finsky  : [2] zgh.c(3): Do not start WearSupportService due to Wear service optimization
08-01 12:28:19.905  2220  2612 I InputReader: Reconfiguring input devices.  changes=0x00000010
08-01 12:28:19.919 27448 27448 E oid.documentsu: Not starting debugger since process cannot load the jdwp agent.
08-01 12:28:19.927 22755 22755 I Finsky  : [2] plc.s(3): Package no longer installed: com.github.uiautomator
08-01 12:28:19.932 26959 26995 D RecentAppStatsMixin: Invalid timestamp (usage time is more than 24 hours ago), skipping com.android.theme.icon_pack.filled.settings
08-01 12:28:19.932 26959 26995 D RecentAppStatsMixin: Invalid timestamp (usage time is more than 24 hours ago), skipping com.android.dreams.basic
08-01 12:28:19.932 26959 26995 D RecentAppStatsMixin: Invalid timestamp (usage time is more than 24 hours ago), skipping com.google.android.overlay.modules.ext.services
08-01 12:28:19.933 26959 26995 D RecentAppStatsMixin: Invalid timestamp (usage time is more than 24 hours ago), skipping com.android.se
08-01 12:28:19.933 26959 26995 D RecentAppStatsMixin: Invalid timestamp (usage time is more than 24 hours ago), skipping com.android.inputdevices
08-01 12:28:19.933 26959 26995 D RecentAppStatsMixin: Invalid timestamp (usage time is more than 24 hours ago), skipping com.google.android.apps.wellbeing
08-01 12:28:19.933 26959 26995 D RecentAppStatsMixin: Invalid timestamp (usage time is more than 24 hours ago), skipping com.motorola.android.nativedropboxagent
08-01 12:28:19.933 26959 26995 D RecentAppStatsMixin: Invalid timestamp (usage time is more than 24 hours ago), skipping com.google.android.dialer
08-01 12:28:19.933 26959 26995 D RecentAppStatsMixin: Invalid timestamp (usage time is more than 24 hours ago), skipping com.android.bips
08-01 12:28:19.938  2678  2690 I ndroid.systemu: Background concurrent copying GC freed 49832(1398KB) AllocSpace objects, 0(0B) LOS objects, 49% free, 6523KB/12MB, paused 71us total 199.313ms
08-01 12:28:19.939  3237 27454 I Fitness : FitCleanupIntentOperation received Intent android.intent.action.PACKAGE_REMOVED [CONTEXT service_id=17 ]
08-01 12:28:19.942  3634  3659 I gle.android.gm: Background concurrent copying GC freed 9491(615KB) AllocSpace objects, 0(0B) LOS objects, 49% free, 12MB/24MB, paused 160us total 245.416ms
08-01 12:28:19.943  2220  2220 W Looper  : Slow dispatch took 188ms main h=android.app.ActivityThread$H c=android.app.-$$Lambda$LoadedApk$ReceiverDispatcher$Args$_BumDX2UKsnxLVrE6UJsJZkotuA@6c2b2de m=0
08-01 12:28:19.943  2220  2220 W Looper  : Slow delivery took 235ms main h=android.app.ActivityThread$H c=android.app.-$$Lambda$LoadedApk$ReceiverDispatcher$Args$_BumDX2UKsnxLVrE6UJsJZkotuA@919fcbf m=0
08-01 12:28:19.946 22755 27431 I Finsky  : [1748] jno.run(31): Frosting DB delete succeeded: false
08-01 12:28:19.947 22755 27465 I Finsky  : [1754] kqg.accept(5): IQ: handled package removed
08-01 12:28:19.949 26959 26995 D RecentAppStatsMixin: Invalid timestamp (usage time is more than 24 hours ago), skipping com.motorola.android.jvtcmd
08-01 12:28:19.949 26959 26995 D RecentAppStatsMixin: Invalid timestamp (usage time is more than 24 hours ago), skipping com.motorola.motosignature.app
08-01 12:28:19.949 26959 26995 D RecentAppStatsMixin: Invalid timestamp (usage time is more than 24 hours ago), skipping com.android.theme.icon_pack.circular.settings
08-01 12:28:19.949 26959 26995 D RecentAppStatsMixin: Invalid timestamp (usage time is more than 24 hours ago), skipping com.google.android.overlay.gmsconfig
08-01 12:28:19.949 26959 26995 D RecentAppStatsMixin: Invalid timestamp (usage time is more than 24 hours ago), skipping com.google.android.apps.docs
08-01 12:28:19.949 26959 26995 D RecentAppStatsMixin: Invalid timestamp (usage time is more than 24 hours ago), skipping com.google.android.apps.maps
08-01 12:28:19.949 26959 26995 D RecentAppStatsMixin: Invalid timestamp (usage time is more than 24 hours ago), skipping com.google.android.modulemetadata
08-01 12:28:19.949 26959 26995 D RecentAppStatsMixin: Invalid timestamp (usage time is more than 24 hours ago), skipping com.android.cellbroadcastreceiver
08-01 12:28:19.949 26959 26995 D RecentAppStatsMixin: Invalid timestamp (usage time is more than 24 hours ago), skipping com.goog