08-01 12:23:56.662 25851 25874 E AndroidRuntime: 	at daozi-b.zi0.G(InfocSDK.java:9)
08-01 12:23:56.662 25851 25874 E AndroidRuntime: 	at daozi-b.aj0.L(InfocUtil.java:6)
08-01 12:23:56.662 25851 25874 E AndroidRuntime: 	at daozi-b.aj0.K(InfocUtil.java:5)
08-01 12:23:56.662 25851 25874 E AndroidRuntime: 	at daozi-b.aj0.q(InfocUtil.java:6)
08-01 12:23:56.662 25851 25874 E AndroidRuntime: 	at com.antutu.benchmark.service.BenchmarkMainService$f.e(BenchmarkMainService.java:4)
08-01 12:23:56.662 25851 25874 E AndroidRuntime: 	at daozi-b.k80.run(Unknown Source:2)
08-01 12:23:56.662 25851 25874 E AndroidRuntime: 	at java.lang.Thread.run(Thread.java:919)
08-01 12:23:56.671  2220 25875 I DropBoxManagerService: add tag=data_app_crash isTagEnabled=true flags=0x2
08-01 12:23:56.676  2220  2333 I ActivityManager: Showing crash dialog for package com.antutu.ABenchMark u0
08-01 12:23:56.679  2220  2344 W BroadcastQueue: Background execution not allowed: receiving Intent { act=android.intent.action.DROPBOX_ENTRY_ADDED flg=0x10 (has extras) } to com.google.android.gms/.stats.service.DropBoxEntryAddedReceiver
08-01 12:23:56.679  2220  2344 W BroadcastQueue: Background execution not allowed: receiving Intent { act=android.intent.action.DROPBOX_ENTRY_ADDED flg=0x10 (has extras) } to com.google.android.gms/.chimera.GmsIntentOperationService$PersistentTrustedReceiver
08-01 12:23:56.698  2220  2344 W BroadcastQueue: Skipping deliver [background] BroadcastRecord{9b224a2 u-1 android.intent.action.BATTERY_CHANGED} to ReceiverList{fdcf084 25851 com.antutu.ABenchMark/10183/u0 remote:6cfb697}: process gone or crashing
08-01 12:23:56.698  2220  2344 W BroadcastQueue: Skipping deliver [background] BroadcastRecord{f4f2533 u-1 android.net.conn.CONNECTIVITY_CHANGE} to ReceiverList{fdcf084 25851 com.antutu.ABenchMark/10183/u0 remote:6cfb697}: process gone or crashing
08-01 12:23:56.718  2220  2333 V WindowManager: Changing focus from Window{2b77e65 u0 com.motorola.launcher3/com.android.a1launcher.AndroidOneLauncher} to Window{12bc123 u0 Application Error: com.antutu.ABenchMark} displayId=0
08-01 12:23:56.808  2220  2336 I WindowManager:   SURFACE show Surface(name=Application Error: com.antutu.ABenchMark)/@0xb234167 on display:0: Application Error: com.antutu.ABenchMark
08-01 12:23:56.836  2220  4012 I DropBoxManagerService: add tag=platform_stats_bookmark isTagEnabled=true flags=0x2
08-01 12:23:56.853  2220  2344 W BroadcastQueue: Background execution not allowed: receiving Intent { act=android.intent.action.DROPBOX_ENTRY_ADDED flg=0x10 (has extras) } to com.google.android.gms/.stats.service.DropBoxEntryAddedReceiver
08-01 12:23:56.853  2220  2344 W BroadcastQueue: Background execution not allowed: receiving Intent { act=android.intent.action.DROPBOX_ENTRY_ADDED flg=0x10 (has extras) } to com.google.android.gms/.chimera.GmsIntentOperationService$PersistentTrustedReceiver
08-01 12:23:56.883  2220  4012 I ActivityManager: Process com.antutu.ABenchMark (pid 25851) has died: prcp FGS 
08-01 12:23:56.883  2220  4012 W ActivityManager: Scheduling restart of crashed service com.antutu.ABenchMark/com.antutu.benchmark.service.BenchmarkMainService in 1000ms
08-01 12:23:56.884  2220  3477 W ActivityManager: Ignoring remove of inactive process: ProcessRecord{77779e5 0:com.antutu.ABenchMark/u0a183}
08-01 12:23:56.888  2220  2333 V WindowManager: Changing focus from Window{12bc123 u0 Application Error: com.antutu.ABenchMark EXITING} to Window{2b77e65 u0 com.motorola.launcher3/com.android.a1launcher.AndroidOneLauncher} displayId=0
08-01 12:23:57.911  2220  2345 I ActivityManager: Start proc 25887:com.antutu.ABenchMark/u0a183 for service {com.antutu.ABenchMark/com.antutu.benchmark.service.BenchmarkMainService}
08-01 12:23:58.149 25887 25908 E AndroidRuntime: FATAL EXCEPTION: Thread-3
08-01 12:23:58.149 25887 25908 E AndroidRuntime: Process: com.antutu.ABenchMark, PID: 25887
08-01 12:23:58.149 25887 25908 E AndroidRuntime: java.lang.NullPointerException: Attempt to invoke virtual method 'void android.content.ContentValues.putAll(android.content.ContentValues)' on a null object reference
08-01 12:23:58.149 25887 25908 E AndroidRuntime: 	at daozi-b.ij0.b(DataParseHandler.java:1)
08-01 12:23:58.149 25887 25908 E AndroidRuntime: 	at daozi-b.zi0.G(InfocSDK.java:9)
08-01 12:23:58.149 25887 25908 E AndroidRuntime: 	at daozi-b.aj0.L(InfocUtil.java:6)
08-01 12:23:58.149 25887 25908 E AndroidRuntime: 	at daozi-b.aj0.K(InfocUtil.java:5)
08-01 12:23:58.149 25887 25908 E AndroidRuntime: 	at daozi-b.aj0.q(InfocUtil.java:6)
08-01 12:23:58.149 25887 25908 E AndroidRuntime: 	at com.antutu.benchmark.service.BenchmarkMainService$f.e(BenchmarkMainService.java:4)
08-01 12:23:58.149 25887 25908 E AndroidRuntime: 	at daozi-b.k80.run(Unknown Source:2)
08-01 12:23:58.149 25887 25908 E AndroidRuntime: 	at java.lang.Thread.run(Thread.java:919)
08-01 12:23:58.152  2220 25909 I DropBoxManagerService: add tag=data_app_crash isTagEnabled=true flags=0x2
08-01 12:23:58.153  2220  2333 I ActivityManager: Showing crash dialog for package com.antutu.ABenchMark u0
08-01 12:23:58.178  2220  2344 W BroadcastQueue: Skipping deliver [background] BroadcastRecord{fbb4bd4 u-1 android.intent.action.BATTERY_CHANGED} to ReceiverList{28743e6 25887 com.antutu.ABenchMark/10183/u0 remote:c5f9241}: process gone or crashing
08-01 12:23:58.178  2220  2344 W BroadcastQueue: Skipping deliver [background] BroadcastRecord{dd2117d u-1 android.net.conn.CONNECTIVITY_CHANGE} to ReceiverList{28743e6 25887 com.antutu.ABenchMark/10183/u0 remote:c5f9241}: process gone or crashing
08-01 12:23:58.181  2220  2333 V WindowManager: Changing focus from Window{2b77e65 u0 com.motorola.launcher3/com.android.a1launcher.AndroidOneLauncher} to Window{773b872 u0 Application Error: com.antutu.ABenchMark} displayId=0
08-01 12:23:58.197  2220  2344 W BroadcastQueue: Background execution not allowed: receiving Intent { act=android.intent.action.DROPBOX_ENTRY_ADDED flg=0x10 (has extras) } to com.google.android.gms/.stats.service.DropBoxEntryAddedReceiver
08-01 12:23:58.197  2220  2344 W BroadcastQueue: Background execution not allowed: receiving Intent { act=android.intent.action.DROPBOX_ENTRY_ADDED flg=0x10 (has extras) } to com.google.android.gms/.chimera.GmsIntentOperationService$PersistentTrustedReceiver
08-01 12:23:58.285  2220  2336 I WindowManager:   SURFACE show Surface(name=Application Error: com.antutu.ABenchMark)/@0x219490f on display:0: Application Error: com.antutu.ABenchMark
08-01 12:23:58.339  2220  2585 I ActivityManager: Process com.antutu.ABenchMark (pid 25887) has died: prcp FGS 
08-01 12:23:58.340  2220  2585 W ActivityManager: Scheduling restart of crashed service com.antutu.ABenchMark/com.antutu.benchmark.service.BenchmarkMainService in 1800000ms
08-01 12:23:58.341  2220  3477 W ActivityManager: Ignoring remove of inactive process: ProcessRecord{a6f4521 0:com.antutu.ABenchMark/u0a183}
08-01 12:23:58.345  2220  2333 V WindowManager: Changing focus from Window{773b872 u0 Application Error: com.antutu.ABenchMark EXITING} to Window{2b77e65 u0 com.motorola.launcher3/com.android.a1launcher.AndroidOneLauncher} displayId=0
08-01 12:24:15.462  2220  2373 V DisplayPowerController: Brightness [30] reason changing to: 'manual', previous reason: 'manual [ dim ]'.
08-01 12:24:15.492  2220  3590 W ActivityTaskManager: getTaskSnapshot: taskId=53 not found
08-01 12:24:16.169  2220  3590 I ActivityTaskManager: moveHomeStack, setupComplete:true
08-01 12:24:16.169  2220  3590 I ActivityTaskManager: START u0 {act=android.intent.action.MAIN cat=[android.intent.category.LAUNCHER] flg=0x10100000 pkg=com.google.android.apps.youtube.music cmp=com.google.android.apps.youtube.music/.activities.MusicActivity} from uid 2000
08-01 12:24:16.208  2220  2345 I ActivityManager: Start proc 25926:com.google.android.apps.youtube.music/u0a194 for activity {com.google.android.apps.youtube.music/com.google.android.apps.youtube.music.activities.MusicActivity}
08-01 12:24:16.210  2220  2336 V WindowManager: Changing focus from Window{2b77e65 u0 com.motorola.launcher3/com.android.a1launcher.AndroidOneLauncher} to null displayId=0
08-01 12:24:16.246  2220  2336 I WindowManager:   SURFACE show Surface(name=Splash Screen com.google.android.apps.youtube.music)/@0x5e6d8e7 on display:0: Splash Screen com.google.android.apps.youtube.music
08-01 12:24:16.387  2220  2585 D ConnectivityService: requestNetwork for uid/pid:10194/25926 NetworkRequest [ TRACK_DEFAULT id=213, [ Capabilities: INTERNET&NOT_RESTRICTED&TRUSTED Uid: 10194] ]
08-01 12:24:16.406  2220  3477 D ConnectivityService: requestNetwork for uid/pid:10194/25926 NetworkRequest [ TRACK_DEFAULT id=214, [ Capabilities: INTERNET&NOT_RESTRICTED&TRUSTED Uid: 10194] ]
08-01 12:24:16.618  2220  4018 I WindowManager: Window drawn AppWindowToken{3a2bed2 token=Token{299b55d ActivityRecord{2cd9334 u0 com.motorola.launcher3/com.android.a1launcher.AndroidOneLauncher t2}}}
08-01 12:24:16.713  2220  4734 D ConnectivityService: requestNetwork for uid/pid:10194/25926 NetworkRequest [ TRACK_DEFAULT id=216, [ Capabilities: INTERNET&NOT_RESTRICTED&TRUSTED Uid: 10194] ]
08-01 12:24:16.920  2220  2776 D ConnectivityService: requestNetwork for uid/pid:10194/25926 NetworkRequest [ TRACK_DEFAULT id=217, [ Capabilities: INTERNET&NOT_RESTRICTED&TRUSTED Uid: 10194] ]
08-01 12:24:17.095  2220  3477 V WindowManager: Changing focus from null to Window{2717067 u0 com.google.android.apps.youtube.music/com.google.android.apps.youtube.music.activities.MusicActivity} displayId=0
08-01 12:24:17.125  2220  2220 V SettingsProvider: Notifying for 0: content://settings/secure/media_button_receiver
08-01 12:24:17.127  2220  2220 V SettingsProvider: Notifying for 0: content://settings/secure/media_button_receiver
08-01 12:24:17.160  2220  2336 I LaunchCheckinHandler: Displayed com.google.android.apps.youtube.music/.activities.MusicActivity,cp,ca,976
08-01 12:24:17.161  2220  2336 I WindowManager: Window drawn AppWindowToken{c78711b token=Token{e530f2a ActivityRecord{3823015 u0 com.google.android.apps.youtube.music/.activities.MusicActivity t57}}}
08-01 12:24:17.161  2220  2336 I WindowManager:   SURFACE show Surface(name=com.google.android.apps.youtube.music/com.google.android.apps.youtube.music.activities.MusicActivity)/@0xf2a3737 on display:0: com.google.android.apps.youtube.music/com.google.android.apps.youtube.music.activities.MusicActivity
08-01 12:24:17.171  2220  2776 W ActivityManager: Permission Denial: Accessing service com.google.android.music/.dial.DialMediaRouteProviderService from pid=25926, uid=10194 that is not exported from uid 10164
08-01 12:24:28.283  2220  2590 D BatteryService: uevent={POWER_SUPPLY_DP_DM=0, POWER_SUPPLY_VOLTAGE_QNOVO=-22, POWER_SUPPLY_VOLTAGE_NOW=4367176, POWER_SUPPLY_SW_JEITA_ENABLED=0, POWER_SUPPLY_HEALTH=Good, POWER_SUPPLY_TECHNOLOGY=Li-ion, POWER_SUPPLY_CHARGER_TEMP_MAX=812, POWER_SUPPLY_FCC_STEPPER_ENABLE=0, SEQNUM=5012, POWER_SUPPLY_INPUT_CURRENT_LIMITED=0, POWER_SUPPLY_STATUS=Full, POWER_SUPPLY_BATTERY_CHARGING_ENABLED=0, POWER_SUPPLY_CURRENT_MAX=3000000, POWER_SUPPLY_CAPACITY=100, DEVPATH=/devices/soc/800f000.qcom,spmi/spmi-0/spmi0-00/800f000.qcom,spmi:qcom,pm660@0:qcom,qpnp-smb2/power_supply/battery, POWER_SUPPLY_CHARGE_DONE=1, POWER_SUPPLY_CHARGE_TYPE=N/A, POWER_SUPPLY_CHARGER_TEMP=341, POWER_SUPPLY_CHARGE_RATE=Normal, POWER_SUPPLY_CURRENT_QNOVO=-22, POWER_SUPPLY_CURRENT_NOW=5859, POWER_SUPPLY_SYSTEM_TEMP_LEVEL=0, POWER_SUPPLY_PRESENT=1, POWER_SUPPLY_PARALLEL_DISABLE=0, SUBSYSTEM=power_supply, POWER_SUPPLY_SET_SHIP_MODE=0, POWER_SUPPLY_TEMP=300, ACTION=change, POWER_SUPPLY_RERUN_AICL=0, POWER_SUPPLY_AGE=100, POWER_SUPPLY_NAME=battery, POWER_SUPPLY_VOLTAGE_MAX=-22, POWER_SUPPLY_CONSTANT_CHARGE_CURRENT_MAX=3000000, POWER_SUPPLY_CHARGE_COUNTER=5011313, POWER_SUPPLY_STEP_CHARGING_ENABLED=0, POWER_SUPPLY_NUM_SYSTEM_TEMP_LEVELS=8, POWER_SUPPLY_DIE_HEALTH=Cool, POWER_SUPPLY_INPUT_SUSPEND=0}
08-01 12:25:06.453  2220  2344 W ActivityManager: Stopping service due to app idle: u0a183 -1m10s37ms com.antutu.ABenchMark/com.antutu.benchmark.service.BenchmarkMainService
08-01 12:25:18.029  2220  2607 W ActivityManager: Unable to start service Intent { act=com.antutu.ABenchMark.intent.action.COCKROACH flg=0x4 (has extras) } U=0: not found
08-01 12:25:28.650  2220  2590 D BatteryService: uevent={POWER_SUPPLY_DP_DM=0, POWER_SUPPLY_VOLTAGE_QNOVO=-22, POWER_SUPPLY_VOLTAGE_NOW=4366932, POWER_SUPPLY_SW_JEITA_ENABLED=0, POWER_SUPPLY_HEALTH=Good, POWER_SUPPLY_TECHNOLOGY=Li-ion, POWER_SUPPLY_CHARGER_TEMP_MAX=812, POWER_SUPPLY_FCC_STEPPER_ENABLE=0, SEQNUM=5013, POWER_SUPPLY_INPUT_CURRENT_LIMITED=0, POWER_SUPPLY_STATUS=Full, POWER_SUPPLY_BATTERY_CHARGING_ENABLED=0, POWER_SUPPLY_CURRENT_MAX=3000000, POWER_SUPPLY_CAPACITY=100, DEVPATH=/devices/soc/800f000.qcom,spmi/spmi-0/spmi0-00/800f000.qcom,spmi:qcom,pm660@0:qcom,qpnp-smb2/power_supply/battery, POWER_SUPPLY_CHARGE_DONE=1, POWER_SUPPLY_CHARGE_TYPE=N/A, POWER_SUPPLY_CHARGER_TEMP=345, POWER_SUPPLY_CHARGE_RATE=Normal, POWER_SUPPLY_CURRENT_QNOVO=-22, POWER_SUPPLY_CURRENT_NOW=3906, POWER_SUPPLY_SYSTEM_TEMP_LEVEL=0, POWER_SUPPLY_PRESENT=1, POWER_SUPPLY_PARALLEL_DISABLE=0, SUBSYSTEM=power_supply, POWER_SUPPLY_SET_SHIP_MODE=0, POWER_SUPPLY_TEMP=300, ACTION=change, POWER_SUPPLY_RERUN_AICL=0, POWER_SUPPLY_AGE=100, POWER_SUPPLY_NAME=battery, POWER_SUPPLY_VOLTAGE_MAX=-22, POWER_SUPPLY_CONSTANT_CHARGE_CURRENT_MAX=3000000, POWER_SUPPLY_CHARGE_COUNTER=5011163, POWER_SUPPLY_STEP_CHARGING_ENABLED=0, POWER_SUPPLY_NUM_SYSTEM_TEMP_LEVELS=8, POWER_SUPPLY_DIE_HEALTH=Cool, POWER_SUPPLY_INPUT_SUSPEND=0}
08-01 12:26:11.547  2220  2373 V DisplayPowerController: Brightness [10] reason changing to: 'manual [ dim ]', previous reason: 'manual'.
08-01 12:26:28.973  2220  2590 D BatteryService: uevent={POWER_SUPPLY_DP_DM=0, POWER_SUPPLY_VOLTAGE_QNOVO=-22, POWER_SUPPLY_VOLTAGE_NOW=4366688, POWER_SUPPLY_SW_JEITA_ENABLED=0, POWER_SUPPLY_HEALTH=Good, POWER_SUPPLY_TECHNOLOGY=Li-ion, POWER_SUPPLY_CHARGER_TEMP_MAX=812, POWER_SUPPLY_FCC_STEPPER_ENABLE=0, SEQNUM=5014, POWER_SUPPLY_INPUT_CURRENT_LIMITED=0, POWER_SUPPLY_STATUS=Full, POWER_SUPPLY_BATTERY_CHARGING_ENABLED=0, POWER_SUPPLY_CURRENT_MAX=3000000, POWER_SUPPLY_CAPACITY=100, DEVPATH=/devices/soc/800f000.qcom,spmi/spmi-0/spmi0-00/800f000.qcom,spmi:qcom,pm660@0:qcom,qpnp-smb2/power_supply/battery, POWER_SUPPLY_CHARGE_DONE=1, POWER_SUPPLY_CHARGE_TYPE=N/A, POWER_SUPPLY_CHARGER_TEMP=345, POWER_SUPPLY_CHARGE_RATE=Normal, POWER_SUPPLY_CURRENT_QNOVO=-22, POWER_SUPPLY_CURRENT_NOW=3417, POWER_SUPPLY_SYSTEM_TEMP_LEVEL=0, POWER_SUPPLY_PRESENT=1, POWER_SUPPLY_PARALLEL_DISABLE=0, SUBSYSTEM=power_supply, POWER_SUPPLY_SET_SHIP_MODE=0, POWER_SUPPLY_TEMP=300, ACTION=change, POWER_SUPPLY_RERUN_AICL=0, POWER_SUPPLY_AGE=100, POWER_SUPPLY_NAME=battery, POWER_SUPPLY_VOLTAGE_MAX=-22, POWER_SUPPLY_CONSTANT_CHARGE_CURRENT_MAX=3000000, POWER_SUPPLY_CHARGE_COUNTER=5011084, POWER_SUPPLY_STEP_CHARGING_ENABLED=0, POWER_SUPPLY_NUM_SYSTEM_TEMP_LEVELS=8, POWER_SUPPLY_DIE_HEALTH=Cool, POWER_SUPPLY_INPUT_SUSPEND=0}
08-01 12:26:36.070  2220  2373 V DisplayPowerController: Brightness [30] reason changing to: 'manual', previous reason: 'manual [ dim ]'.
08-01 12:26:36.096  2220  2333 I ActivityTaskManager: START u0 {act=android.intent.action.MAIN cat=[android.intent.category.HOME] flg=0x10000100 cmp=com.motorola.launcher3/com.android.a1launcher.AndroidOneLauncher (has extras)} from uid 0
08-01 12:26:36.101  2220  2333 V WindowManager: Changing focus from Window{2717067 u0 com.google.android.apps.youtube.music/com.google.android.apps.youtube.music.activities.MusicActivity} to null displayId=0
08-01 12:26:36.141  2220  3590 V WindowManager: Changing focus from null to Window{2b77e65 u0 com.motorola.launcher3/com.android.a1launcher.AndroidOneLauncher} displayId=0
08-01 12:26:36.165  2220  2336 I WindowManager:   SURFACE show Surface(name=com.android.systemui.ImageWallpaper)/@0xe08ac94 on display:0: com.android.systemui.ImageWallpaper
08-01 12:26:36.181  2220  2336 I LaunchCheckinHandler: Displayed com.motorola.launcher3/com.android.a1launcher.AndroidOneLauncher,wp,wa,85
08-01 12:26:36.181  2220  2336 I WindowManager: Window drawn AppWindowToken{3a2bed2 token=Token{299b55d ActivityRecord{2cd9334 u0 com.motorola.launcher3/com.android.a1launcher.AndroidOneLauncher t2}}}
08-01 12:26:36.193  2220  2336 I WindowManager:   SURFACE show Surface(name=com.motorola.launcher3/com.android.a1launcher.AndroidOneLauncher)/@0x5e693b0 on display:0: com.motorola.launcher3/com.android.a1launcher.AndroidOneLauncher
08-01 12:26:36.194  2220  2336 I WindowManager:   SURFACE show Surface(name=com.motorola.launcher3/com.android.a1launcher.AndroidOneLauncher)/@0xe4cb229 on display:0: com.motorola.launcher3/com.android.a1launcher.AndroidOneLauncher
08-01 12:26:36.749  2220  3972 I WindowManager: Window drawn AppWindowToken{c78711b token=Token{e530f2a ActivityRecord{3823015 u0 com.google.android.apps.youtube.music/.activities.MusicActivity t57}}}
08-01 12:26:37.529  2220  2335 I ActivityManager: Killing 24111:com.google.android.apps.wellbeing/u0a133 (adj 975): empty #17
08-01 12:26:37.530  2220  2335 I ActivityManager: Killing 25926:com.google.android.apps.youtube.music/u0a194 (adj 905): remove task
08-01 12:26:37.617  2220  3477 D ConnectivityService: ConnectivityService NetworkRequestInfo binderDied(NetworkRequest [ TRACK_DEFAULT id=217, [ Capabilities: INTERNET&NOT_RESTRICTED&TRUSTED Uid: 10194] ], android.os.BinderProxy@7b3bbb1)
08-01 12:26:37.617  2220  3972 D ConnectivityService: ConnectivityService NetworkRequestInfo binderDied(NetworkRequest [ LISTEN id=215, [ Capabilities: INTERNET&NOT_RESTRICTED&TRUSTED&FOREGROUND Uid: 10194] ], android.os.BinderProxy@37e8c17)
08-01 12:26:37.618  2220  4734 D ConnectivityService: ConnectivityService NetworkRequestInfo binderDied(NetworkRequest [ TRACK_DEFAULT id=216, [ Capabilities: INTERNET&NOT_RESTRICTED&TRUSTED Uid: 10194] ], android.os.BinderProxy@c5ad804)
08-01 12:26:37.618  2220  2633 D ConnectivityService: releasing NetworkRequest [ TRACK_DEFAULT id=217, [ Capabilities: INTERNET&NOT_RESTRICTED&TRUSTED Uid: 10194] ] (release request)
08-01 12:26:37.618  2220  4588 D ConnectivityService: ConnectivityService NetworkRequestInfo binderDied(NetworkRequest [ TRACK_DEFAULT id=214, [ Capabilities: INTERNET&NOT_RESTRICTED&TRUSTED Uid: 10194] ], android.os.BinderProxy@79761ed)
08-01 12:26:37.619  2220  4017 D ConnectivityService: ConnectivityService NetworkRequestInfo binderDied(NetworkRequest [ TRACK_DEFAULT id=213, [ Capabilities: INTERNET&NOT_RESTRICTED&TRUSTED Uid: 10194] ], android.os.BinderProxy@5991822)
08-01 12:26:37.620  2220  2809 I WindowManager: WIN DEATH: Window{2717067 u0 com.google.android.apps.youtube.music/com.google.android.apps.youtube.music.activities.MusicActivity}
08-01 12:26:37.620  2220  2633 D ConnectivityService: releasing NetworkRequest [ TRACK_DEFAULT id=216, [ Capabilities: INTERNET&NOT_RESTRICTED&TRUSTED Uid: 10194] ] (release request)
08-01 12:26:37.620  2220  2633 D ConnectivityService: releasing NetworkRequest [ TRACK_DEFAULT id=214, [ Capabilities: INTERNET&NOT_RESTRICTED&TRUSTED Uid: 10194] ] (release request)
08-01 12:26:37.621  2220  2633 D ConnectivityService: releasing NetworkRequest [ TRACK_DEFAULT id=213, [ Capabilities: INTERNET&NOT_RESTRICTED&TRUSTED Uid: 10194] ] (release request)
08-01 12:26:37.638  2220  2335 W ActivityManager: setHasOverlayUi called on unknown pid: 25926
08-01 12:26:45.948  2220  3929 I ActivityTaskManager: START u0 {act=android.intent.action.MAIN cat=[android.intent.category.LAUNCHER] flg=0x10000000 pkg=com.google.android.apps.youtube.music cmp=com.google.android.apps.youtube.music/.activities.MusicActivity} from uid 2000
08-01 12:26:45.985  2220  2345 I ActivityManager: Start proc 26353:com.google.android.apps.youtube.music/u0a194 for activity {com.google.android.apps.youtube.music/com.google.android.apps.youtube.music.activities.MusicActivity}
08-01 12:26:45.994  2220  2336 V WindowManager: Changing focus from Window{2b77e65 u0 com.motorola.launcher3/com.android.a1launcher.AndroidOneLauncher} to null displayId=0
08-01 12:26:46.033  2220  2336 I WindowManager:   SURFACE show Surface(name=Splash Screen com.google.android.apps.youtube.music)/@0x84f4f82 on display:0: Splash Screen com.google.android.apps.youtube.music
08-01 12:26:46.144  2220  4744 D ConnectivityService: requestNetwork for uid/pid:10194/26353 NetworkRequest [ TRACK_DEFAULT id=218, [ Capabilities: INTERNET&NOT_RESTRICTED&TRUSTED Uid: 10194] ]
08-01 12:26:46.163  2220  2310 D ConnectivityService: requestNetwork for uid/pid:10194/26353 NetworkRequest [ TRACK_DEFAULT id=219, [ Capabilities: INTERNET&NOT_RESTRICTED&TRUSTED Uid: 10194] ]
08-01 12:26:46.334  2220  4017 I WindowManager: Window drawn AppWindowToken{3a2bed2 token=Token{299b55d ActivityRecord{2cd9334 u0 com.motorola.launcher3/com.android.a1launcher.AndroidOneLauncher t2}}}
08-01 12:26:46.488  2220  4588 D ConnectivityService: requestNetwork for uid/pid:10194/26353 NetworkRequest [ TRACK_DEFAULT id=221, [ Capabilities: INTERNET&NOT_RESTRICTED&TRUSTED Uid: 10194] ]
08-01 12:26:46.663  2220  4588 D ConnectivityService: requestNetwork for uid/pid:10194/26353 NetworkRequest [ TRACK_DEFAULT id=222, [ Capabilities: INTERNET&NOT_RESTRICTED&TRUSTED Uid: 10194] ]
08-01 12:26:46.828  2220  4744 V WindowManager: Changing focus from null to Window{155f74e u0 com.google.android.apps.youtube.music/com.google.android.apps.youtube.music.activities.MusicActivity} displayId=0
08-01 12:26:46.857  2220  2220 V SettingsProvider: Notifying for 0: content://settings/secure/media_button_receiver
08-01 12:26:46.859  2220  2220 V SettingsProvider: Notifying for 0: content://settings/secure/media_button_receiver
08-01 12:26:46.896  2220  2336 I LaunchCheckinHandler: Displayed com.google.android.apps.youtube.music/.activities.MusicActivity,cp,ca,931
08-01 12:26:46.896  2220  2336 I WindowManager: Window drawn AppWindowToken{287e1a5 token=Token{e73239c ActivityRecord{550e70f u0 com.google.android.apps.youtube.music/.activities.MusicActivity t58}}}
08-01 12:26:46.896  2220  2336 I WindowManager:   SURFACE show Surface(name=com.google.android.apps.youtube.music/com.google.android.apps.youtube.music.activities.MusicActivity)/@0xf3d146b on display:0: com.google.android.apps.youtube.music/com.google.android.apps.youtube.music.activities.MusicActivity
08-01 12:26:46.904  2220  4744 W ActivityManager: Permission Denial: Accessing service com.google.android.music/.dial.DialMediaRouteProviderService from pid=26353, uid=10194 that is not exported from uid 10164
08-01 12:26:59.755  2220  3929 I ActivityManager: Force stopping com.google.android.apps.youtube.music appid=10194 user=0: from pid 26575
08-01 12:26:59.756  2220  3929 I ActivityManager: Killing 26353:com.google.android.apps.youtube.music/u0a194 (adj 0): stop com.google.android.apps.youtube.music
08-01 12:26:59.779  2220  3929 W ActivityTaskManager: Force removing ActivityRecord{550e70f u0 com.google.android.apps.youtube.music/.activities.MusicActivity t58 f}: app died, no saved state
08-01 12:26:59.780  2220  3929 V WindowManager: Changing focus from Window{155f74e u0 com.google.android.apps.youtube.music/com.google.android.apps.youtube.music.activities.MusicActivity} to null displayId=0
08-01 12:26:59.786  2220  3929 I WindowManager: Window drawn AppWindowToken{287e1a5 token=Token{e73239c ActivityRecord{550e70f u0 com.google.android.apps.youtube.music/.activities.MusicActivity t58}}}
08-01 12:26:59.790  2220  3929 I ActivityTaskManager: moveHomeStack, setupComplete:true
08-01 12:26:59.806  2220  4739 D ConnectivityService: ConnectivityService NetworkRequestInfo binderDied(NetworkRequest [ TRACK_DEFAULT id=221, [ Capabilities: INTERNET&NOT_RESTRICTED&TRUSTED Uid: 10194] ], android.os.BinderProxy@83f54f6)
08-01 12:26:59.806  2220  4735 D ConnectivityService: ConnectivityService NetworkRequestInfo binderDied(NetworkRequest [ TRACK_DEFAULT id=218, [ Capabilities: INTERNET&NOT_RESTRICTED&TRUSTED Uid: 10194] ], android.os.BinderProxy@b1e50f7)
08-01 12:26:59.806  2220  4743 D ConnectivityService: ConnectivityService NetworkRequestInfo binderDied(NetworkRequest [ TRACK_DEFAULT id=222, [ Capabilities: INTERNET&NOT_RESTRICTED&TRUSTED Uid: 10194] ], android.os.BinderProxy@e9deb64)
08-01 12:26:59.806  2220  4018 D ConnectivityService: ConnectivityService NetworkRequestInfo binderDied(NetworkRequest [ LISTEN id=220, [ Capabilities: INTERNET&NOT_RESTRICTED&TRUSTED&FOREGROUND Uid: 10194] ], android.os.BinderProxy@a4de1cd)
08-01 12:26:59.806  2220  4017 D ConnectivityService: ConnectivityService NetworkRequestInfo binderDied(NetworkRequest [ TRACK_DEFAULT id=219, [ Capabilities: INTERNET&NOT_RESTRICTED&TRUSTED Uid: 10194] ], android.os.BinderProxy@f83ca82)
08-01 12:26:59.806  2220  2633 D ConnectivityService: releasing NetworkRequest [ TRACK_DEFAULT id=221, [ Capabilities: INTERNET&NOT_RESTRICTED&TRUSTED Uid: 10194] ] (release request)
08-01 12:26:59.807  2220  2633 D ConnectivityService: releasing NetworkRequest [ TRACK_DEFAULT id=218, [ Capabilities: INTERNET&NOT_RESTRICTED&TRUSTED Uid: 10194] ] (release request)
08-01 12:26:59.807  2220  2633 D ConnectivityService: releasing NetworkRequest [ TRACK_DEFAULT id=222, [ Capabilities: INTERNET&NOT_RESTRICTED&TRUSTED Uid: 10194] ] (release request)
08-01 12:26:59.807  2220  2633 D ConnectivityService: releasing NetworkRequest [ TRACK_DEFAULT id=219, [ Capabilities: INTERNET&NOT_RESTRICTED&TRUSTED Uid: 10194] ] (release request)
08-01 12:26:59.836  2220  2335 W ActivityManager: setHasOverlayUi called on unknown pid: 26353
08-01 12:26:59.847  2220  4735 V WindowManager: Changing focus from null to Window{2b77e65 u0 com.motorola.launcher3/com.android.a1launcher.AndroidOneLauncher} displayId=0
08-01 12:26:59.873  2220  2336 I WindowManager:   SURFACE show Surface(name=com.android.systemui.ImageWallpaper)/@0xe08ac94 on display:0: com.android.systemui.ImageWallpaper
08-01 12:26:59.887  2220  2336 I WindowManager: Window drawn AppWindowToken{3a2bed2 token=Token{299b55d ActivityRecord{2cd9334 u0 com.motorola.launcher3/com.android.a1launcher.AndroidOneLauncher t2}}}
08-01 12:26:59.889  2220  2336 I WindowManager:   SURFACE show Surface(name=com.motorola.launcher3/com.android.a1launcher.AndroidOneLauncher)/@0xbfebb39 on display:0: com.motorola.launcher3/com.android.a1launcher.AndroidOneLauncher
08-01 12:26:59.889  2220  2336 I WindowManager:   SURFACE show Surface(name=com.motorola.launcher3/com.android.a1launcher.AndroidOneLauncher)/@0xf97457e on display:0: com.motorola.launcher3/com.android.a1launcher.AndroidOneLauncher
08-01 12:27:04.903  2220  3929 I ActivityManager: Force stopping com.google.android.apps.youtube.music appid=10194 user=0: from pid 26587
08-01 12:27:21.075  2220  4744 I ActivityTaskManager: START u0 {act=android.intent.action.MAIN cat=[android.intent.category.LAUNCHER] flg=0x10000000 pkg=com.google.android.apps.youtube.music cmp=com.google.android.apps.youtube.music/.activities.MusicActivity} from uid 2000
08-01 12:27:21.122  2220  2345 I ActivityManager: Start proc 26603:com.google.android.apps.youtube.music/u0a194 for activity {com.google.android.apps.youtube.music/com.google.android.apps.youtube.music.activities.MusicActivity}
08-01 12:27:21.128  2220  2336 V WindowManager: Changing focus from Window{2b77e65 u0 com.motorola.launcher3/com.android.a1launcher.AndroidOneLauncher} to null displayId=0
08-01 12:27:21.158  2220  2336 I WindowManager:   SURFACE show Surface(name=Splash Screen com.google.android.apps.youtube.music)/@0x6c90903 on display:0: Splash Screen com.google.android.apps.youtube.music
08-01 12:27:21.297  2220  4735 D ConnectivityService: requestNetwork for uid/pid:10194/26603 NetworkRequest [ TRACK_DEFAULT id=223, [ Capabilities: INTERNET&NOT_RESTRICTED&TRUSTED Uid: 10194] ]
08-01 12:27:21.323  2220  2817 D ConnectivityService: requestNetwork for uid/pid:10194/26603 NetworkRequest [ TRACK_DEFAULT id=224, [ Capabilities: INTERNET&NOT_RESTRICTED&TRUSTED Uid: 10194] ]
08-01 12:27:21.473  2220  4744 I WindowManager: Window drawn AppWindowToken{3a2bed2 token=Token{299b55d ActivityRecord{2cd9334 u0 com.motorola.launcher3/com.android.a1launcher.AndroidOneLauncher t2}}}
08-01 12:27:21.595  2220  4017 D ConnectivityService: requestNetwork for uid/pid:10194/26603 NetworkRequest [ TRACK_DEFAULT id=226, [ Capabilities: INTERNET&NOT_RESTRICTED&TRUSTED Uid: 10194] ]
08-01 12:27:21.826  2220  4739 D ConnectivityService: requestNetwork for uid/pid:10194/26603 NetworkRequest [ TRACK_DEFAULT id=227, [ Capabilities: INTERNET&NOT_RESTRICTED&TRUSTED Uid: 10194] ]
08-01 12:27:21.987  2220  4744 V WindowManager: Changing focus from null to Window{c5307e u0 com.google.android.apps.youtube.music/com.google.android.apps.youtube.music.activities.MusicActivity} displayId=0
08-01 12:27:22.015  2220  2220 V SettingsProvider: Notifying for 0: content://settings/secure/media_button_receiver
08-01 12:27:22.017  2220  2220 V SettingsProvider: Notifying for 0: content://settings/secure/media_button_receiver
08-01 12:27:22.052  2220  2336 I LaunchCheckinHandler: Displayed com.google.android.apps.youtube.music/.activities.MusicActivity,cp,ca,950
08-01 12:27:22.053  2220  2336 I WindowManager: Window drawn AppWindowToken{c200911 token=Token{8b6d538 ActivityRecord{7cc2d9b u0 com.google.android.apps.youtube.music/.activities.MusicActivity t59}}}
08-01 12:27:22.053  2220  2336 I WindowManager:   SURFACE show Surface(name=com.google.android.apps.youtube.music/com.google.android.apps.youtube.music.activities.MusicActivity)/@0x73315d5 on display:0: com.google.android.apps.youtube.music/com.google.android.apps.youtube.music.activities.MusicActivity
08-01 12:27:22.062  2220  4739 W ActivityManager: Permission Denial: Accessing service com.google.android.music/.dial.DialMediaRouteProviderService from pid=26603, uid=10194 that is not exported from uid 10164
08-01 12:27:29.294  2220  2590 D BatteryService: uevent={POWER_SUPPLY_DP_DM=0, POWER_SUPPLY_VOLTAGE_QNOVO=-22, POWER_SUPPLY_VOLTAGE_NOW=4366443, POWER_SUPPLY_SW_JEITA_ENABLED=0, POWER_SUPPLY_HEALTH=Good, POWER_SUPPLY_TECHNOLOGY=Li-ion, POWER_SUPPLY_CHARGER_TEMP_MAX=812, POWER_SUPPLY_FCC_STEPPER_ENABLE=0, SEQNUM=5016, POWER_SUPPLY_INPUT_CURRENT_LIMITED=0, POWER_SUPPLY_STATUS=Full, POWER_SUPPLY_BATTERY_CHARGING_ENABLED=0, POWER_SUPPLY_CURRENT_MAX=3000000, POWER_SUPPLY_CAPACITY=100, DEVPATH=/devices/soc/800f000.qcom,spmi/spmi-0/spmi0-00/800f000.qcom,spmi:qcom,pm660@0:qcom,qpnp-smb2/power_supply/battery, POWER_SUPPLY_CHARGE_DONE=1, POWER_SUPPLY_CHARGE_TYPE=N/A, POWER_SUPPLY_CHARGER_TEMP=350, POWER_SUPPLY_CHARGE_RATE=Normal, POWER_SUPPLY_CURRENT_QNOVO=-22, POWER_SUPPLY_CURRENT_NOW=5371, POWER_SUPPLY_SYSTEM_TEMP_LEVEL=0, POWER_SUPPLY_PRESENT=1, POWER_SUPPLY_PARALLEL_DISABLE=0, SUBSYSTEM=power_supply, POWER_SUPPLY_SET_SHIP_MODE=0, POWER_SUPPLY_TEMP=300, ACTION=change, POWER_SUPPLY_RERUN_AICL=0, POWER_SUPPLY_AGE=100, POWER_SUPPLY_NAME=battery, POWER_SUPPLY_VOLTAGE_MAX=-22, POWER_SUPPLY_CONSTANT_CHARGE_CURRENT_MAX=3000000, POWER_SUPPLY_CHARGE_COUNTER=5010859, POWER_SUPPLY_STEP_CHARGING_ENABLED=0, POWER_SUPPLY_NUM_SYSTEM_TEMP_LEVELS=8, POWER_SUPPLY_DIE_HEALTH=Cool, POWER_SUPPLY_INPUT_SUSPEND=0}
08-01 12:27:30.292  2220  2373 V DisplayPowerController: Brightness [10] reason changing to: 'manual [ dim ]', previous reason: 'manual'.
08-01 12:27:45.401  2220  2817 I ActivityManager: Force stopping com.google.android.apps.youtube.music appid=10194 user=0: from pid 26846
08-01 12:27:45.403  2220  2817 I ActivityManager: Killing 26603:com.google.android.apps.youtube.music/u0a194 (adj 0): stop com.google.android.apps.youtube.music
08-01 12:27:45.421  2220  2817 W ActivityTaskManager: Force removing ActivityRecord{7cc2d9b u0 com.google.android.apps.youtube.music/.activities.MusicActivity t59 f}: app died, no saved state
08-01 12:27:45.422  2220  2817 V WindowManager: Changing focus from Window{c5307e u0 com.google.android.apps.youtube.music/com.google.android.apps.youtube.music.activities.MusicActivity} to null displayId=0
08-01 12:27:45.428  2220  2817 I WindowManager: Window drawn AppWindowToken{c200911 token=Token{8b6d538 ActivityRecord{7cc2d9b u0 com.google.android.apps.youtube.music/.activities.MusicActivity t59}}}
08-01 12:27:45.431  2220  2817 I ActivityTaskManager: moveHomeStack, setupComplete:true
08-01 12:27:45.465  2220  4745 D ConnectivityService: ConnectivityService NetworkRequestInfo binderDied(NetworkRequest [ TRACK_DEFAULT id=227, [ Capabilities: INTERNET&NOT_RESTRICTED&TRUSTED Uid: 10194] ], android.os.BinderProxy@54176d6)
08-01 12:27:45.466  2220  4745 D ConnectivityService: ConnectivityService NetworkRequestInfo binderDied(NetworkRequest [ TRACK_DEFAULT id=226, [ Capabilities: INTERNET&NOT_RESTRICTED&TRUSTED Uid: 10194] ], android.os.BinderProxy@e98fd57)
08-01 12:27:45.466  2220  4745 D ConnectivityService: ConnectivityService NetworkRequestInfo binderDied(NetworkRequest [ TRACK_DEFAULT id=223, [ Capabilities: INTERNET&NOT_RESTRICTED&TRUSTED Uid: 10194] ], android.os.BinderProxy@c9e9044)
08-01 12:27:45.466  2220  4745 D ConnectivityService: ConnectivityService NetworkRequestInfo binderDied(NetworkRequest [ TRACK_DEFAULT id=224, [ Capabilities: INTERNET&NOT_RESTRICTED&TRUSTED Uid: 10194] ], android.os.BinderProxy@810552d)
08-01 12:27:45.466  2220  4020 D ConnectivityService: ConnectivityService NetworkRequestInfo binderDied(NetworkRequest [ LISTEN id=225, [ Capabilities: INTERNET&NOT_RESTRICTED&TRUSTED&FOREGROUND Uid: 10194] ], android.os.BinderProxy@6b62a62)
08-01 12:27:45.466  2220  2633 D ConnectivityService: releasing NetworkRequest [ TRACK_DEFAULT id=227, [ Capabilities: INTERNET&NOT_RESTRICTED&TRUSTED Uid: 10194] ] (release request)
08-01 12:27:45.466  2220  2633 D ConnectivityService: releasing NetworkRequest [ TRACK_DEFAULT id=226, [ Capabilities: INTERNET&NOT_RESTRICTED&TRUSTED Uid: 10194] ] (release request)
08-01 12:27:45.467  2220  2633 D ConnectivityService: releasing NetworkRequest [ TRACK_DEFAULT id=223, [ Capabilities: INTERNET&NOT_RESTRICTED&TRUSTED Uid: 10194] ] (release request)
08-01 12:27:45.467  2220  2633 D ConnectivityService: releasing NetworkRequest [ TRACK_DEFAULT id=224, [ Capabilities: INTERNET&NOT_RESTRICTED&TRUSTED Uid: 10194] ] (release request)
08-01 12:27:45.470  2220  2335 W ActivityManager: setHasOverlayUi called on unknown pid: 26603
08-01 12:27:45.481  2220  2777 V WindowManager: Changing focus from null to Window{2b77e65 u0 com.motorola.launcher3/com.android.a1launcher.AndroidOneLauncher} displayId=0
08-01 12:27:45.505  2220  2336 I WindowManager:   SURFACE show Surface(name=com.android.systemui.ImageWallpaper)/@0xe08ac94 on display:0: com.android.systemui.ImageWallpaper
08-01 12:27:45.523  2220  2336 I WindowManager: Window drawn AppWindowToken{3a2bed2 token=Token{299b55d ActivityRecord{2cd9334 u0 com.motorola.launcher3/com.android.a1launcher.AndroidOneLauncher t2}}}
08-01 12:27:45.526  2220  2336 I WindowManager:   SURFACE show Surface(name=com.motorola.launcher3/com.android.a1launcher.AndroidOneLauncher)/@0x7dde39d on display:0: com.motorola.launcher3/com.android.a1launcher.AndroidOneLauncher
08-01 12:27:45.526  2220  2336 I WindowManager:   SURFACE show Surface(name=com.motorola.launcher3/com.android.a1launcher.AndroidOneLauncher)/@0xd41f012 on display:0: com.motorola.launcher3/com.android.a1launcher.AndroidOneLauncher
08-01 12:27:50.535  2220  4014 I ActivityManager: Force stopping com.google.android.apps.youtube.music appid=10194 user=0: from pid 26854
08-01 12:27:52.126  2220  2373 V DisplayPowerController: Brightness [30] reason changing to: 'manual', previous reason: 'manual [ dim ]'.
08-01 12:27:52.153  2220  2817 I WindowManager:   SURFACE SIZE set 1080x2246 on display:0: StatusBar
08-01 12:27:52.171  2220  2817 V WindowManager: Changing focus from Window{2b77e65 u0 com.motorola.launcher3/com.android.a1launcher.AndroidOneLauncher} to Window{cfadc13 u0 StatusBar} displayId=0
08-01 12:27:55.282  2220  2817 I ActivityTaskManager: START u0 {cmp=com.github.uiautomator/.MainActivity} from uid 10212
08-01 12:27:55.289  2220  2817 W ActivityTaskManager: startActivity called from non-Activity context; forcing Intent.FLAG_ACTIVITY_NEW_TASK for: Intent { cmp=com.github.uiautomator/.MainActivity }
08-01 12:27:55.324  2220  4743 V WindowManager: Changing focus from Window{cfadc13 u0 StatusBar} to null displayId=0
08-01 12:27:55.353  2220  2336 I WindowManager:   SURFACE show Surface(name=Splash Screen com.github.uiautomator)/@0x8887164 on display:0: Splash Screen com.github.uiautomator
08-01 12:27:55.467  2220  4739 I ActivityTaskManager: START u0 {act=android.content.pm.action.REQUEST_PERMISSIONS pkg=com.google.android.permissioncontroller cmp=com.google.android.permissioncontroller/com.android.packageinstaller.permission.ui.GrantPermissionsActivity (has extras)} from uid 10212
08-01 12:27:55.555  2220  2345 I ActivityManager: Start proc 26868:com.google.android.permissioncontroller/u0a49 for activity {com.google.android.permissioncontroller/com.android.packageinstaller.permission.ui.GrantPermissionsActivity}
08-01 12:27:55.777 26868 26868 W SystemConfig: No directory /oem/etc/sysconfig, skipping
08-01 12:27:55.777 26868 26868 W SystemConfig: No directory /oem/etc/permissions, skipping
08-01 12:27:55.792  2220  4738 I WindowManager: Window drawn AppWindowToken{3a2bed2 token=Token{299b55d ActivityRecord{2cd9334 u0 com.motorola.launcher3/com.android.a1launcher.AndroidOneLauncher t2}}}
08-01 12:27:55.813  2220  4014 I WindowManager:   SURFACE SIZE set 1080x86 on display:0: StatusBar
08-01 12:27:55.822 26868 26868 W SystemConfig: No directory /oem/etc/motorola/bgintents, skipping
08-01 12:27:55.824 26868 26868 W SystemConfig: No directory /product_services/etc/sysconfig, skipping
08-01 12:27:55.824 26868 26868 W SystemConfig: No directory /product_services/etc/permissions, skipping
08-01 12:27:55.824 26868 26868 W SystemConfig: No directory /system/etc/motorola/sysconfig, skipping
08-01 12:27:55.825 26868 26868 W SystemConfig: No directory /oem/etc/motorola/sysconfig, skipping
08-01 12:27:55.825 26868 26868 W SystemConfig: No directory /product/etc/motorola/sysconfig, skipping
08-01 12:27:55.895  2220  4743 V WindowManager: Changing focus from null to Window{2e34b48 u0 com.google.android.permissioncontroller/com.android.packageinstaller.permission.ui.GrantPermissionsActivity} displayId=0
--------- beginning of main
08-01 12:27:55.906 26868 26888 W AdrenoUtils: <ReadGpuID:218>: Failed to read chip ID from gpu_model. Fallback to use the GSL path
08-01 12:27:55.915  2220  2336 I WindowManager: Window drawn AppWindowToken{7e7956e token=Token{17f94e9 ActivityRecord{be04970 u0 com.github.uiautomator/.MainActivity t60}}}
08-01 12:27:55.915  2220  2336 I WindowManager:   SURFACE show Surface(name=com.github.uiautomator/com.github.uiautomator.MainActivity)/@0xd672de1 on display:0: com.github.uiautomator/com.github.uiautomator.MainActivity
08-01 12:27:55.920  2220  2343 I chatty  : uid=1000(system) android.bg expire 3 lines
08-01 12:27:55.926   847   847 I hwservicemanager: getTransport: Cannot find entry android.hardware.graphics.mapper@3.0::IMapper/default in either framework or device manifest.
08-01 12:27:55.927 26868 26888 W Gralloc3: mapper 3.x is not supported
08-01 12:27:55.947  3686 23662 I PBSessionCacheImpl: Deleted sessionId[16212858774266645] from persistence.
08-01 12:27:55.948  2220  2336 I LaunchCheckinHandler: Displayed com.google.android.permissioncontroller/com.android.packageinstaller.permission.ui.GrantPermissionsActivity,cp,ca,409
08-01 12:27:55.948  2220  2336 I WindowManager: Window drawn AppWindowToken{1f5bbc9 token=Token{80d3fd0 ActivityRecord{95c393 u0 com.google.android.permissioncontroller/com.android.packageinstaller.permission.ui.GrantPermissionsActivity t60}}}
08-01 12:27:55.951  2220  2336 I WindowManager:   SURFACE show Surface(name=com.google.android.permissioncontroller/com.android.packageinstaller.permission.ui.GrantPermissionsActivity)/@0x29eb819 on display:0: com.google.android.permissioncontroller/com.android.packageinstaller.permission.ui.GrantPermissionsActivity
08-01 12:27:55.955  3054  3054 I GoogleInputMethodService: GoogleInputMethodService.onFinishInput():3184 
08-01 12:27:55.955  3686  4185 W SearchServiceCore: Abort, client detached.
08-01 12:27:55.956  3054  3054 I GoogleInputMethodService: GoogleInputMethodService.onStartInput():1830 
08-01 12:27:58.313  2678  2678 I KeyButtonView: Back button event: ACTION_DOWN
08-01 12:27:58.317  2220  2611 I chatty  : uid=1000(system) InputDispatcher expire 2 lines
08-01 12:27:58.429  2678  2678 I KeyButtonView: Back button event: ACTION_UP
08-01 12:27:59.919 23912 23912 D DolbyDaxUI: onStartListening: 
08-01 12:27:59.922 23912 26859 D DolbyDaxUI: getDeviceType, active device is 0x2
08-01 12:27:59.922 23912 26859 I chatty  : uid=10098(com.motorola.dolby.dolbyui) identical 2 lines
08-01 12:27:59.923 23912 26859 D DolbyDaxUI: getDeviceType, active device is 0x2
08-01 12:27:59.923 23912 23938 D DolbyDaxUI: getDeviceType, active device is 0x2
08-01 12:27:59.926 23912 26859 D DolbyDaxUI: getDeviceType, active device is 0x2
08-01 12:27:59.928  2918  2950 D DolbyProvider: query() get dolby status
08-01 12:27:59.930  2918 23940 D DolbyProvider: query() get dolby status
08-01 12:27:59.935  2918  2950 D DolbyAudioEffectHelper: getDolbyStatus enabled=true profile=0
08-01 12:27:59.936  2678  2678 D StatusBar: disable<e i a s b h r c s > disable2<q i n >
08-01 12:27:59.939  2918 23940 D DolbyAudioEffectHelper: getDolbyStatus enabled=true profile=0
08-01 12:27:59.941  2918 23940 D DolbyProvider: query() get dolby status
08-01 12:27:59.943  2918 23940 D DolbyAudioEffectHelper: getDolbyStatus enabled=true profile=0
08-01 12:27:59.945  2220  4744 I WindowManager:   SURFACE SIZE set 1080x2246 on display:0: StatusBar
08-01 12:27:59.946  2918 23940 D DolbyProvider: update() set intelligent_eq_preset to 2
08-01 12:27:59.947 23912 23912 D DolbyDaxUI: getDeviceType, active device is 0x2
08-01 12:27:59.952  2918 23940 D DolbyProvider: update() set volume_leveler to 2
08-01 12:27:59.954  2918 23940 D DolbyAudioEffectHelper: setVolumeLevellerEnabled(), same value: false
08-01 12:27:59.958  2918 23940 D DolbyProvider: update() set speaker_surround_virtualizer to 2
08-01 12:27:59.962  2678  2678 D StatusBar: disable<e i a s b h r c s > disable2<q i n >
08-01 12:27:59.965  2918 23940 D DolbyAudioEffectHelper: setSpeakerVirtualizerEnabled(), same value: false
08-01 12:27:59.967  2220  4744 V WindowManager: Changing focus from Window{2e34b48 u0 com.google.android.permissioncontroller/com.android.packageinstaller.permission.ui.GrantPermissionsActivity} to Window{cfadc13 u0 StatusBar} displayId=0
08-01 12:27:59.969  2918 23940 D DolbyProvider: update() set intelligent_eq_preset to 1
08-01 12:27:59.975  2918 23940 D DolbyProvider: update() set volume_leveler to 1
08-01 12:27:59.977  2918 23940 D DolbyAudioEffectHelper: setVolumeLevellerEnabled(), same value: false
08-01 12:27:59.978  2678  2678 D StatusBar: disable<e i a s b h r c s > disable2<q i n >
08-01 12:27:59.983  2918 23940 D DolbyProvider: update() set speaker_surround_virtualizer to 1
08-01 12:27:59.986  2918 23940 D DolbyAudioEffectHelper: setSpeakerVirtualizerEnabled(), same value: false
08-01 12:27:59.994  2918 23940 D DolbyProvider: update() set intelligent_eq_preset to 3
08-01 12:27:59.999  2918 23940 D DolbyProvider: update() set volume_leveler to 3
08-01 12:28:00.001  2918 23940 D DolbyAudioEffectHelper: setVolumeLevellerEnabled(), same value: false
08-01 12:28:00.004  2918 23940 D DolbyProvider: update() set speaker_surround_virtualizer to 3
08-01 12:28:00.007  2918 23940 D DolbyAudioEffectHelper: setSpeakerVirtualizerEnabled(), same value: false
08-01 12:28:00.010 23912 26859 D DolbyDaxUI: getDeviceType, active device is 0x2
08-01 12:28:00.011  2918 23940 D DolbyProvider: query() get dolby status
08-01 12:28:00.013  2918 23940 D DolbyAudioEffectHelper: getDolbyStatus enabled=true profile=0
08-01 12:28:00.736  1060  1060 D Zygote  : Forked child process 26905
08-01 12:28:00.742  2220  2345 I ActivityManager: Start proc 26905:com.motorola.help/u0a70 for service {com.motorola.help/com.motorola.feedback.quicksettings.FeedBackTileService}
08-01 12:28:00.751 26905 26905 E m.motorola.hel: Not starting debugger since process cannot load the jdwp agent.
08-01 12:28:00.774  1059  1642 I netd    : firewallSetUidRule(2, 10070, 1) <4.43ms>
08-01 12:28:00.786 26905 26905 D ApplicationLoaders: Returning zygote-cached class loader: /system/framework/android.hidl.base-V1.0-java.jar
08-01 12:28:00.786 26905 26905 D ApplicationLoaders: Returning zygote-cached class loader: /system/framework/android.hidl.manager-V1.0-java.jar
08-01 12:28:00.786 26905 26905 D ApplicationLoaders: Returning zygote-cached class loader: /system/framework/android.hidl.base-V1.0-java.jar
08-01 12:28:00.790 26905 26905 I m.motorola.hel: The ClassLoaderContext is a special shared library.
08-01 12:28:00.965 26905 26926 W DynamiteModule: Local module descriptor class for com.google.firebase.auth not found.
08-01 12:28:00.974 26905 26905 D FirebaseApp: com.google.firebase.iid.FirebaseInstanceId is not linked. Skipping initialization.
08-01 12:28:00.975 26905 26905 D FirebaseApp: com.google.firebase.crash.FirebaseCrash is not linked. Skipping initialization.
08-01 12:28:00.975 26905 26905 D FirebaseApp: com.google.android.gms.measurement.AppMeasurement is not linked. Skipping initialization.
08-01 12:28:00.975 26905 26905 I FirebaseInitProvider: FirebaseApp initialization successful
08-01 12:28:00.979 26905 26928 W DynamiteModule: Local module descriptor class for com.google.firebase.auth not found.
08-01 12:28:00.985 26905 26928 I FirebaseAuth: [FirebaseAuth:] Loading module via FirebaseOptions.
08-01 12:28:00.985 26905 26928 I FirebaseAuth: [FirebaseAuth:] Preparing to create service connection to gms implementation
08-01 12:28:01.014 26905 26905 E BlurMotherFrameworkDeps: failed to register tag for checkin logging
08-01 12:28:01.023 26905 26905 I CCEUtils: device type: MOTO
08-01 12:28:01.208 26905 26905 E BlurMotherFrameworkDeps: failed to register tag for checkin logging
08-01 12:28:01.213 26905 26905 E BSUtils : Error with auto-generating build_number in blur version string.So setting build_number to zero
08-01 12:28:02.268  2678  2692 W System  : A resource failed to call release. 
08-01 12:28:02.268  2678  2692 W System  : A resource failed to call release. 
08-01 12:28:02.476 10950 11426 W System.err: java.net.SocketTimeoutException: failed to connect to gjapplog.uc.cn/13.127.247.216 (port 443) from /192.168.122.158 (port 39677) after 20000ms
08-01 12:28:02.476 10950 11426 W System.err: 	at libcore.io.IoBridge.connectErrno(IoBridge.java:191)
08-01 12:28:02.476 10950 11426 W System.err: 	at libcore.io.IoBridge.connect(IoBridge.java:135)
08-01 12:28:02.476 10950 11426 W System.err: 	at java.net.PlainSocketImpl.socketConnect(PlainSocketImpl.java:142)
08-01 12:28:02.476 10950 11426 W System.err: 	at java.net.AbstractPlainSocketImpl.doConnect(AbstractPlainSocketImpl.java:390)
08-01 12:28:02.476 10950 11426 W System.err: 	at java.net.AbstractPlainSocketImpl.connectToAddress(AbstractPlainSocketImpl.java:230)
08-01 12:28:02.476 10950 11426 W System.err: 	at java.net.AbstractPlainSocketImpl.connect(AbstractPlainSocketImpl.java:212)
08-01 12:28:02.476 10950 11426 W System.err: 	at java.net.SocksSocketImpl.connect(SocksSocketImpl.java:436)
08-01 12:28:02.476 10950 11426 W System.err: 	at java.net.Socket.connect(Socket.java:621)
08-01 12:28:02.476 10950 11426 W System.err: 	at b.a.g.a.a(Unknown Source:0)
08-01 12:28:02.476 10950 11426 W System.err: 	at b.a.b.c.a(Unknown Source:56)
08-01 12:28:02.476 10950 11426 W System.err: 	at b.a.b.c.a(Unknown Source:157)
08-01 12:28:02.476 10950 11426 W System.err: 	at b.a.b.g.a(Unknown Source:139)
08-01 12:28:02.476 10950 11426 W System.err: 	at b.a.b.g.a(Unknown Source:0)
08-01 12:28:02.476 10950 11426 W System.err: 	at b.a.b.g.a(Unknown Source:18)
08-01 12:28:02.476 10950 11426 W System.err: 	at b.a.b.a.a(Unknown Source:26)
08-01 12:28:02.476 10950 11426 W System.err: 	at b.a.c.g.a(Unknown Source:158)
08-01 12:28:02.476 10950 11426 W System.err: 	at b.a.c.g.a(Unknown Source:6)
08-01 12:28:02.476 10950 11426 W System.err: 	at b.a.a.a.a(Unknown Source:138)
08-01 12:28:02.476 10950 11426 W System.err: 	at b.a.c.g.a(Unknown Source:158)
08-01 12:28:02.477 10950 11426 W System.err: 	at b.a.c.g.a(Unknown Source:6)
08-01 12:28:02.477 10950 11426 W System.err: 	at b.a.c.a.a(Unknown Source:175)
08-01 12:28:02.477 10950 11426 W System.err: 	at b.a.c.g.a(Unknown Source:158)
08-01 12:28:02.477 10950 11426 W System.err: 	at b.a.c.j.a(Unknown Source:58)
08-01 12:28:02.477 10950 11426 W System.err: 	at b.a.c.g.a(Unknown Source:158)
08-01 12:28:02.477 10950 11426 W System.err: 	at b.a.c.g.a(Unknown Source:6)
08-01 12:28:02.477 10950 11426 W System.err: 	at com.mobile.indiapp.n.h.a(Unknown Source:14)
08-01 12:28:02.477 10950 11426 W System.err: 	at b.a.c.g.a(Unknown Source:158)
08-01 12:28:02.477 10950 11426 W System.err: 	at b.a.c.g.a(Unknown Source:6)
08-01 12:28:02.477 10950 11426 W System.err: 	at b.z.h(Unknown Source:93)
08-01 12:28:02.477 10950 11426 W System.err: 	at b.z.b(Unknown Source:33)
08-01 12:28:02.477 10950 11426 W System.err: 	at com.mobile.indiapp.x.a.a(Unknown Source:55)
08-01 12:28:02.477 10950 11426 W System.err: 	at com.wa.base.wa.e.a$b.a(Unknown Source:388)
08-01 12:28:02.477 10950 11426 W System.err: 	at com.wa.base.wa.e.a$b$d.run(Unknown Source:171)
08-01 12:28:02.477 10950 11426 W System.err: 	at com.wa.base.wa.e.a$a.run(Unknown Source:8)
