08-01 12:28:12.610  3237  7697 E AsyncOperation: OperationException[Status{statusCode=Internal error, resolution=null}]
08-01 12:28:12.610  3237  7697 E AsyncOperation: 	at avwp.a(:com.google.android.gms@203615039@20.36.15 (120408-333172415):9)
08-01 12:28:12.610  3237  7697 E AsyncOperation: 	at aald.run(:com.google.android.gms@203615039@20.36.15 (120408-333172415):11)
08-01 12:28:12.610  3237  7697 E AsyncOperation: 	at bony.run(:com.google.android.gms@203615039@20.36.15 (120408-333172415):2)
08-01 12:28:12.610  3237  7697 E AsyncOperation: 	at svu.b(:com.google.android.gms@203615039@20.36.15 (120408-333172415):12)
08-01 12:28:12.610  3237  7697 E AsyncOperation: 	at svu.run(:com.google.android.gms@203615039@20.36.15 (120408-333172415):7)
08-01 12:28:12.610  3237  7697 E AsyncOperation: 	at java.util.concurrent.ThreadPoolExecutor.runWorker(ThreadPoolExecutor.java:1167)
08-01 12:28:12.610  3237  7697 E AsyncOperation: 	at java.util.concurrent.ThreadPoolExecutor$Worker.run(ThreadPoolExecutor.java:641)
08-01 12:28:12.610  3237  7697 E AsyncOperation: 	at tbu.run(:com.google.android.gms@203615039@20.36.15 (120408-333172415):0)
08-01 12:28:12.610  3237  7697 E AsyncOperation: 	at java.lang.Thread.run(Thread.java:919)
08-01 12:28:12.610  3237  7697 E AsyncOperation: Caused by: java.lang.IllegalStateException: No current tap-and-pay account
08-01 12:28:12.610  3237  7697 E AsyncOperation: 	at auwm.a(:com.google.android.gms@203615039@20.36.15 (120408-333172415):5)
08-01 12:28:12.610  3237  7697 E AsyncOperation: 	at auwm.a(:com.google.android.gms@203615039@20.36.15 (120408-333172415):2)
08-01 12:28:12.610  3237  7697 E AsyncOperation: 	at avuy.b(:com.google.android.gms@203615039@20.36.15 (120408-333172415):2)
08-01 12:28:12.610  3237  7697 E AsyncOperation: 	at avwp.a(:com.google.android.gms@203615039@20.36.15 (120408-333172415):3)
08-01 12:28:12.610  3237  7697 E AsyncOperation: 	... 8 more
08-01 12:28:12.613 23873 27168 I ExposureNotification: Utils#isBluetoothSupported requireMultiAdvertisement=false [CONTEXT service_id=236 ]
08-01 12:28:12.618 23873 27168 I ExposureNotification: isPrimaryUser=true, isWorkProfile=false [CONTEXT service_id=236 ]
08-01 12:28:12.621 23873 27168 I ExposureNotification: isDeviceSupported=true, isBluetoothSupported=true, BluetoothAdapter.isMultipleAdvertisementSupported=true [CONTEXT service_id=236 ]
08-01 12:28:12.622 23873 27168 I ExposureNotification: isPrimaryUser=true, isWorkProfile=false [CONTEXT service_id=236 ]
08-01 12:28:12.624 22755 22773 I DynamiteLoaderV2Impl: [71] Googlecertificates
08-01 12:28:12.627 22755 22773 W android.vendin: ClassLoaderContext type mismatch. expected=PCL, found=DLC (PCL[] | DLC[];PCL[/data/app/com.android.vending-5Gng9RY8zywIrhEogVqKRw==/base.apk*3408673796:/data/app/com.android.vending-5Gng9RY8zywIrhEogVqKRw==/base.apk!classes2.dex*12894274:/data/app/com.android.vending-5Gng9RY8zywIrhEogVqKRw==/base.apk!classes3.dex*1856235208:/data/app/com.android.vending-5Gng9RY8zywIrhEogVqKRw==/base.apk!classes4.dex*3301976848:/data/app/com.android.vending-5Gng9RY8zywIrhEogVqKRw==/base.apk!classes5.dex*3610223523]{PCL[/system/framework/org.apache.http.legacy.jar*1038351580]})
08-01 12:28:12.632 22755 22773 W android.vendin: Found duplicate classes, falling back to extracting from APK : /data/user_de/0/com.google.android.gms/app_chimera/m/00000036/GoogleCertificates.apk
08-01 12:28:12.632 22755 22773 W android.vendin: NOTE: This wastes RAM and hurts startup performance.
08-01 12:28:12.632 22755 22773 W android.vendin: Found duplicated class when checking oat files: 'La;' in /data/user_de/0/com.google.android.gms/app_chimera/m/00000036/GoogleCertificates.apk and /data/app/com.android.vending-5Gng9RY8zywIrhEogVqKRw==/base.apk
08-01 12:28:12.632 22755 22773 W android.vendin: 
08-01 12:28:12.726  3686 14653 I HotwordHelper: hasHotwordEverywhere-true
08-01 12:28:12.818  1060  1060 D Zygote  : Forked child process 27199
08-01 12:28:12.820  2220  2345 I ActivityManager: Start proc 27199:com.google.android.projection.gearhead:projection/u0a101 for content provider {com.google.android.projection.gearhead/com.google.android.projection.gearhead.companion.settings.SettingsSearchProvider}
08-01 12:28:12.828 27199 27199 E head:projectio: Not starting debugger since process cannot load the jdwp agent.
08-01 12:28:12.841  1059  1642 I netd    : firewallSetUidRule(2, 10101, 1) <2.62ms>
08-01 12:28:12.850 27199 27199 I head:projectio: The ClassLoaderContext is a special shared library.
08-01 12:28:12.877 27199 27199 I MultiDex: VM with version 2.1.0 has multidex support
08-01 12:28:12.877 27199 27199 I MultiDex: install
08-01 12:28:12.877 27199 27199 I MultiDex: VM has multidex support, MultiDex support library is disabled.
08-01 12:28:12.890 27199 27219 W head:projectio: Accessing hidden field Ljava/util/Collections$SynchronizedCollection;->mutex:Ljava/lang/Object; (greylist-max-o, reflection, denied)
08-01 12:28:12.891 27199 27219 W head:projectio: Accessing hidden method Ljava/util/Collections$SynchronizedSet;-><init>(Ljava/util/Set;Ljava/lang/Object;)V (greylist-max-o, reflection, denied)
08-01 12:28:12.891 27199 27219 W head:projectio: Accessing hidden method Ljava/util/Collections$SynchronizedCollection;-><init>(Ljava/util/Collection;Ljava/lang/Object;)V (greylist-max-o, reflection, denied)
08-01 12:28:12.897 27199 27199 I Primes  : Primes not initialized, returning default (no-op) Primes instance which will ignore all calls. Please call Primes.initialize(...) before using any Primes API.
08-01 12:28:12.897 27199 27199 I CAR.GH  : onCreate
08-01 12:28:12.898 27199 27199 I CAR.GH  : Process: PROJECTION
08-01 12:28:12.898 27199 27199 I PrimesApiImpl: background initialization
08-01 12:28:12.909 26996 27040 W IndexableDataCollector: Cannot add index data for Uri: content://com.motorola.actions.settings.search.provider/settings/non_indexables_key
08-01 12:28:12.937 26996 27040 W IndexableDataCollector: Cannot add index data for Uri: content://com.motorola.motodisplay.settings.provider/settings/non_indexables_key
08-01 12:28:12.942  1060  1060 D Zygote  : Forked child process 27223
08-01 12:28:12.944 26996 27040 I IndexDatabaseHelper: Using schema version: 120
08-01 12:28:12.945  2220  2345 I ActivityManager: Start proc 27223:com.google.android.projection.gearhead:shared/u0a101 for content provider {com.google.android.projection.gearhead/com.google.android.apps.auto.components.config.preferences.contentprovider.SharedPreferencesProvider}
08-01 12:28:12.946 26996 27040 I IndexDatabaseHelper: Index is fine
08-01 12:28:12.947 26996 27040 D IndexDataConverter: Converting pre-index data to index data took: 0
08-01 12:28:12.951 27223 27223 E gearhead:share: Not starting debugger since process cannot load the jdwp agent.
08-01 12:28:12.976 27223 27223 I gearhead:share: The ClassLoaderContext is a special shared library.
08-01 12:28:13.011 27223 27223 I MultiDex: VM with version 2.1.0 has multidex support
08-01 12:28:13.011 27223 27223 I MultiDex: install
08-01 12:28:13.011 27223 27223 I MultiDex: VM has multidex support, MultiDex support library is disabled.
08-01 12:28:13.031 27223 27250 W gearhead:share: Accessing hidden field Ljava/util/Collections$SynchronizedCollection;->mutex:Ljava/lang/Object; (greylist-max-o, reflection, denied)
08-01 12:28:13.031 27223 27250 W gearhead:share: Accessing hidden method Ljava/util/Collections$SynchronizedSet;-><init>(Ljava/util/Set;Ljava/lang/Object;)V (greylist-max-o, reflection, denied)
08-01 12:28:13.031 27223 27250 W gearhead:share: Accessing hidden method Ljava/util/Collections$SynchronizedCollection;-><init>(Ljava/util/Collection;Ljava/lang/Object;)V (greylist-max-o, reflection, denied)
08-01 12:28:13.031 27223 27223 I Primes  : Primes not initialized, returning default (no-op) Primes instance which will ignore all calls. Please call Primes.initialize(...) before using any Primes API.
08-01 12:28:13.031 27223 27223 I CAR.GH  : onCreate
08-01 12:28:13.032 27223 27223 I CAR.GH  : Process: SHARED_SERVICE
08-01 12:28:13.034 27223 27251 I PrimesApiImpl: background initialization
08-01 12:28:13.083 26996 27243 D CursorConverter: Returning icon, id :2131231104
08-01 12:28:13.084 26996 27243 D CursorConverter: Returning icon, id :2131231359
08-01 12:28:13.085 26996 27243 D CursorConverter: Returning icon, id :2131231097
08-01 12:28:13.108 27199 27199 I GH.UserSettings: Setting Bluetooth receiver state: 2
08-01 12:28:13.124 26996 27243 D CursorConverter: Returning icon, id :2131233563
08-01 12:28:13.134 27199 27199 W VideoCapabilities: Unrecognized profile/level 0/3 for video/mpeg2
08-01 12:28:13.136 27223 27223 I GH.CONFIG: groups:
08-01 12:28:13.151 27223 27223 I GH.CONFIG: everyone
08-01 12:28:13.207 27199 27199 I GH.CallAdapterFactory: creating call adapter instance
08-01 12:28:13.219 27199 27199 I GH.CallAdapterFactory: useCompat().
08-01 12:28:13.219 27199 27199 I GH.CallAdapterFactory: useCompat=false, Device running M or later, assuming a healthy telecom stack.
08-01 12:28:13.231 27223 27223 I GH.SharedService: Shared Service created
08-01 12:28:13.236 27223 27223 I CAR.ANALYTICS: Flushing event queue to clearcut
08-01 12:28:13.247 24543 24543 I GH.CAR  : onCreate
08-01 12:28:13.263 27199 27199 I GH.LifetimeManager: connectToCarService
08-01 12:28:13.263 24543 24543 I GH.CAR  : Evaluating getUseGearheadForProjection. BuildConfig.gearheadCarServiceUseGearheadForProjection: true, GearheadCarServiceFeature.testHookEnableUseGearheadForProjectionForTest: false
08-01 12:28:13.264 24543 24543 I GH.CAR  : carServiceBinderProxy in mainHandler:true
08-01 12:28:13.279 27199 27199 I GH.CONFIG: groups:
08-01 12:28:13.281 27199 27199 I GH.CONFIG: everyone
08-01 12:28:13.334 27199 27199 I CAR.ANALYTICS: Flushing event queue to clearcut
08-01 12:28:13.359 24543 24543 I GH.CAR  : Using CarServiceBinderProxyImpl in CarMessageService.
08-01 12:28:13.364 24543 24543 I GH.DelegateMngCarSvc: Retries remaining initialized to 0
08-01 12:28:13.364 24543 24543 I GH.CAR  : Using Gearhead for projection services. All aboard! 
08-01 12:28:13.368 24543 24543 I GH.DelegateICarSupplier: Obtaining car service delegate from GMS Core via connectionless.
08-01 12:28:13.378 24543 24543 I GH.DelegateICarSupplier: Acquisition start recorded at 2771717.[Generation: 1]
08-01 12:28:13.379 24543 24543 I GH.CAR  : GearheadCarStartupService.onBind
08-01 12:28:13.385 24483 24483 I CAR.TEL.CarCall: creating a CarCallMapper [CONTEXT service_id=13 ]
08-01 12:28:13.386 24483 24483 I CAR.TEL.Service: Binding to InCallService [CONTEXT service_id=13 ]
08-01 12:28:13.388  2220  2309 W ActivityManager: Unable to start service Intent { act=local_action cmp=com.google.android.gms/.car.InCallService2 } U=0: not found
08-01 12:28:13.389 24483 24483 E CAR.TEL.Service: Failed to bind to InCallService [CONTEXT service_id=13 ]
08-01 12:28:13.399 24543 24543 I CAR.ANALYTICS: Flushing event queue to clearcut
08-01 12:28:13.426 24543 27282 I GH.DelegateICarSupplier: Supplied ICar: com.google.android.gms.car.ICar$Stub$Proxy@274270e
08-01 12:28:13.426 24543 27282 I GH.DelegateICarSupplier: Successful acquisition recorded at 2771765.[Generation: 1]
08-01 12:28:13.429 24543 27282 I GH.DelegateMngCarSvc: Successfully acquired new delegate: com.google.android.gms.car.ICar$Stub$Proxy@274270e
08-01 12:28:13.430 24543 27282 I GH.CarService: Setting delegate: bxo@22f152f
08-01 12:28:13.430 24543 27282 I GH.CAR  : Setting validator car info suppliers
08-01 12:28:13.430 24543 27282 I GH.CAR  : ICar delegate chain:
08-01 12:28:13.430 24543 27282 I GH.CAR  : 	cap@7da873c
08-01 12:28:13.430 24543 27282 I GH.CAR  : 	-> bxo@22f152f
08-01 12:28:13.430 24543 27282 I GH.CAR  : 	-> bxy@1a80cc5
08-01 12:28:13.430 24543 27282 I GH.DelegateICarSupplier: Opening acquisitionComplete latch.
08-01 12:28:13.434 27199 27277 I GH.GhCarClientCtor: Bound to startup service, got Car Service: com.google.android.gms.car.ICar$Stub$Proxy@8c8556d
08-01 12:28:13.434 27199 27277 I CAR.TOKEN: shouldConnectToGearheadCarApi: true
08-01 12:28:13.434 27199 27277 I GH.GhCarClientCtor: Disconnecting GearheadCarClientConnector.
08-01 12:28:13.434 27223 27278 I GH.GhCarClientCtor: Bound to startup service, got Car Service: com.google.android.gms.car.ICar$Stub$Proxy@df95559
08-01 12:28:13.434 27199 27277 I GH.GhCarClientCtor: Unbinding service connection.
08-01 12:28:13.434 27223 27278 I CAR.TOKEN: shouldConnectToGearheadCarApi: true
08-01 12:28:13.435 27223 27278 I GH.GhCarClientCtor: Disconnecting GearheadCarClientConnector.
08-01 12:28:13.435 27223 27278 I GH.GhCarClientCtor: Unbinding service connection.
08-01 12:28:13.435 27223 27276 I GH.GhCarClientCtor: Bound to startup service, got Car Service: com.google.android.gms.car.ICar$Stub$Proxy@700a51e
08-01 12:28:13.436 27199 27275 I GH.GhCarClientCtor: Bound to startup service, got Car Service: com.google.android.gms.car.ICar$Stub$Proxy@6a1c5a2
08-01 12:28:13.442 27199 27277 I CAR.TOKEN: Connecting com.google.android.gms.car.api.impl.GearheadCarClientToken@19d99f0 using class com.google.android.gms.car.api.impl.CarClientImpl@100309486/class com.google.android.gms.car.api.impl.GearheadCarClientConnector@77716329 (cx attempt 1)
08-01 12:28:13.443 27223 27278 I CAR.TOKEN: Connecting com.google.android.gms.car.api.impl.GearheadCarClientToken@360ee15 using class com.google.android.gms.car.api.impl.CarClientImpl@153116443/class com.google.android.gms.car.api.impl.GearheadCarClientConnector@34469162 (cx attempt 1)
08-01 12:28:13.444 27199 27283 I GH.GhCarClientCtor: Bound to startup service, got Car Service: com.google.android.gms.car.ICar$Stub$Proxy@cda651c
08-01 12:28:13.445 27223 27284 I GH.GhCarClientCtor: Bound to startup service, got Car Service: com.google.android.gms.car.ICar$Stub$Proxy@9a4e8b8
08-01 12:28:13.446 27199 27199 I CAR.TOKEN: Successfully connected jye@dfa66fa using class com.google.android.gms.car.api.impl.CarClientImpl@100309486/class com.google.android.gms.car.api.impl.GearheadCarClientConnector@77716329 (cx attempt 1)
08-01 12:28:13.446 27223 27223 I CAR.TOKEN: Successfully connected jye@ee39f6 using class com.google.android.gms.car.api.impl.CarClientImpl@153116443/class com.google.android.gms.car.api.impl.GearheadCarClientConnector@34469162 (cx attempt 1)
08-01 12:28:13.449 24543 25252 W DynamiteModule: Local module descriptor class for com.google.android.gms.googlecertificates not found.
08-01 12:28:13.456 24543 25252 I DynamiteModule: Considering local module com.google.android.gms.googlecertificates:0 and remote module com.google.android.gms.googlecertificates:6
08-01 12:28:13.456 24543 25252 I DynamiteModule: Selected remote version of com.google.android.gms.googlecertificates, version >= 6
08-01 12:28:13.456 24543 25252 V DynamiteModule: Dynamite loader version >= 2, using loadModule2NoCrashUtils
08-01 12:28:13.474 24543 25252 I DynamiteLoaderV2Impl: [71] Googlecertificates
08-01 12:28:13.476 24543 25252 W on.gearhead:ca: ClassLoaderContext type mismatch. expected=PCL, found=DLC (PCL[] | DLC[];PCL[/data/app/com.google.android.projection.gearhead-f9X9KhdeVs58XVwiTZl1CA==/base.apk*2834001918:/data/app/com.google.android.projection.gearhead-f9X9KhdeVs58XVwiTZl1CA==/base.apk!classes2.dex*392228310:/data/app/com.google.android.projection.gearhead-f9X9KhdeVs58XVwiTZl1CA==/base.apk!classes3.dex*2517405138]{PCL[/system/framework/org.apache.http.legacy.jar*1038351580]})
08-01 12:28:13.477 24543 25252 W on.gearhead:ca: Found duplicate classes, falling back to extracting from APK : /data/user_de/0/com.google.android.gms/app_chimera/m/00000036/GoogleCertificates.apk
08-01 12:28:13.477 24543 25252 W on.gearhead:ca: NOTE: This wastes RAM and hurts startup performance.
08-01 12:28:13.477 24543 25252 W on.gearhead:ca: Found duplicated class when checking oat files: 'La;' in /data/user_de/0/com.google.android.gms/app_chimera/m/00000036/GoogleCertificates.apk and /data/app/com.google.android.projection.gearhead-f9X9KhdeVs58XVwiTZl1CA==/base.apk
08-01 12:28:13.477 24543 25252 W on.gearhead:ca: 
08-01 12:28:13.514 27199 27199 I GH.CarClientManager: CarClientToken connected.
08-01 12:28:13.515 27223 27223 I GH.CarClientManager: CarClientToken connected.
08-01 12:28:13.515 27199 27199 I GH.LifetimeManager: stop(transitionToProjected=false, disconnectFromCarService=false)
08-01 12:28:13.519 27199 27199 D GH.CarClientManager: unregistered listener mvd@2f7f8c6
08-01 12:28:13.526 27223 27223 D GH.CarClientManager: unregistered listener mvd@3ae91ce
08-01 12:28:13.527 27223 27223 D GH.CarClientManager: calling onConnected on isp@51508ef
08-01 12:28:13.527 27223 27223 D GH.CarClientManager: unregistered listener isp@51508ef
08-01 12:28:13.527 27223 27223 D GH.FeedbackNotifManager: Starting FeedbackNotificationManager.
08-01 12:28:13.530 27223 27223 D GH.HatsManager: Starting HatsManager.
08-01 12:28:13.530 27223 27223 D GH.RatingPromptManager: Starting RatingPromptManager.
08-01 12:28:13.530 27223 27223 D GH.AutoLaunchPromptMgr: Starting AutoLaunchPromptManager.
08-01 12:28:13.530 27223 27223 D GH.CarClientManager: notifying listener that the client was already connected
08-01 12:28:13.530 27223 27223 D GH.CarClientManager: registered listener cxx@d88013d
08-01 12:28:13.757 26996 27242 D SearchResultAggregator: Could not retrieve result in time: 14
08-01 12:28:13.757 26996 27242 D SearchResultAggregator: java.util.concurrent.TimeoutException
08-01 12:28:13.757 26996 27242 D SearchResultAggregator: 	at java.util.concurrent.FutureTask.get(FutureTask.java:206)
08-01 12:28:13.757 26996 27242 D SearchResultAggregator: 	at com.android.settings.intelligence.search.SearchResultAggregator.fetchResults(SearchResultAggregator.java:66)
08-01 12:28:13.757 26996 27242 D SearchResultAggregator: 	at com.android.settings.intelligence.search.SearchResultLoader.loadInBackground(SearchResultLoader.java:25)
08-01 12:28:13.757 26996 27242 D SearchResultAggregator: 	at com.android.settings.intelligence.search.SearchResultLoader.loadInBackground(SearchResultLoader.java:13)
08-01 12:28:13.757 26996 27242 D SearchResultAggregator: 	at android.content.AsyncTaskLoader.onLoadInBackground(AsyncTaskLoader.java:321)
08-01 12:28:13.757 26996 27242 D SearchResultAggregator: 	at android.content.AsyncTaskLoader$LoadTask.doInBackground(AsyncTaskLoader.java:74)
08-01 12:28:13.757 26996 27242 D SearchResultAggregator: 	at android.content.AsyncTaskLoader$LoadTask.doInBackground(AsyncTaskLoader.java:62)
08-01 12:28:13.757 26996 27242 D SearchResultAggregator: 	at android.os.AsyncTask$3.call(AsyncTask.java:378)
08-01 12:28:13.757 26996 27242 D SearchResultAggregator: 	at java.util.concurrent.FutureTask.run(FutureTask.java:266)
08-01 12:28:13.757 26996 27242 D SearchResultAggregator: 	at java.util.concurrent.ThreadPoolExecutor.runWorker(ThreadPoolExecutor.java:1167)
08-01 12:28:13.757 26996 27242 D SearchResultAggregator: 	at java.util.concurrent.ThreadPoolExecutor$Worker.run(ThreadPoolExecutor.java:641)
08-01 12:28:13.757 26996 27242 D SearchResultAggregator: 	at java.lang.Thread.run(Thread.java:919)
08-01 12:28:13.783 26996 27244 W gs.intelligenc: resources.arsc in APK '/data/app/com.mobile.indiapp-HwkbcV0RtXjKTbRmYqWr7Q==/base.apk' is compressed.
08-01 12:28:14.966  2220  2309 I ActivityTaskManager: START u0 {act=com.android.settings.SEARCH_RESULT_TRAMPOLINE cmp=com.android.settings/.search.SearchResultTrampoline (has extras)} from uid 10129
08-01 12:28:14.987  2220  4738 V WindowManager: Changing focus from Window{758ae36 u0 com.android.settings.intelligence/com.android.settings.intelligence.search.SearchActivity} to null displayId=0
08-01 12:28:14.999  2220  4733 I ActivityTaskManager: START u0 {act=com.android.settings.SEARCH_RESULT_TRAMPOLINE flg=0x2800000 cmp=com.android.settings/.SubSettings (has extras)} from uid 1000
08-01 12:28:15.066  2220  4733 E UserRestrictionsUtils: Unknown restriction queried by uid 1000 (com.motorola.android.fmradio et al): null
08-01 12:28:15.125 26959 26994 I chatty  : uid=1000(system) com.android.settings expire 1 line
08-01 12:28:15.139 26959 27304 I chatty  : uid=1000(system) com.android.settings expire 2 lines
08-01 12:28:15.140 27128 27305 W DynamiteModule: Local module descriptor class for com.google.android.gms.googlecertificates not found.
08-01 12:28:15.160 27128 27305 D StrictMode: StrictMode policy violation: android.os.strictmode.CustomViolation: gcore.dynamite
08-01 12:28:15.160 27128 27305 D StrictMode: 	at android.os.StrictMode$AndroidBlockGuardPolicy.onCustomSlowCall(StrictMode.java:1538)
08-01 12:28:15.160 27128 27305 D StrictMode: 	at android.os.StrictMode.noteSlowCall(StrictMode.java:2486)
08-01 12:28:15.160 27128 27305 D StrictMode: 	at tbd.a(:com.google.android.gms@203615039@20.36.15 (120408-333172415):0)
08-01 12:28:15.160 27128 27305 D StrictMode: 	at com.google.android.gms.chimera.container.GmsModuleProvider.query(:com.google.android.gms@203615039@20.36.15 (120408-333172415):10)
08-01 12:28:15.160 27128 27305 D StrictMode: 	at android.content.ContentProvider.query(ContentProvider.java:1214)
08-01 12:28:15.160 27128 27305 D StrictMode: 	at android.content.ContentProvider.query(ContentProvider.java:1307)
08-01 12:28:15.160 27128 27305 D StrictMode: 	at android.content.ContentProvider$Transport.query(ContentProvider.java:267)
08-01 12:28:15.160 27128 27305 D StrictMode: 	at android.content.ContentProviderNative.onTransact(ContentProviderNative.java:104)
08-01 12:28:15.160 27128 27305 D StrictMode: 	at android.os.Binder.execTransactInternal(Binder.java:1036)
08-01 12:28:15.160 27128 27305 D StrictMode: 	at android.os.Binder.execTransact(Binder.java:1003)
08-01 12:28:15.160 27128 27305 D StrictMode: # via Binder call with stack:
08-01 12:28:15.160 27128 27305 D StrictMode: 	at android.os.StrictMode.readAndHandleBinderCallViolations(StrictMode.java:2289)
08-01 12:28:15.160 27128 27305 D StrictMode: 	at android.os.Parcel.readExceptionCode(Parcel.java:2017)
08-01 12:28:15.160 27128 27305 D StrictMode: 	at android.database.DatabaseUtils.readExceptionFromParcel(DatabaseUtils.java:137)
08-01 12:28:15.160 27128 27305 D StrictMode: 	at android.content.ContentProviderProxy.query(ContentProviderNative.java:423)
08-01 12:28:15.160 27128 27305 D StrictMode: 	at android.content.ContentResolver.query(ContentResolver.java:944)
08-01 12:28:15.160 27128 27305 D StrictMode: 	at android.content.ContentResolver.query(ContentResolver.java:880)
08-01 12:28:15.160 27128 27305 D StrictMode: 	at android.content.ContentResolver.query(ContentResolver.java:836)
08-01 12:28:15.160 27128 27305 D StrictMode: 	at jvh.b(PG:121)
08-01 12:28:15.160 27128 27305 D StrictMode: 	at jvh.a(PG:48)
08-01 12:28:15.160 27128 27305 D StrictMode: 	at juy.a(PG:2)
08-01 12:28:15.160 27128 27305 D StrictMode: 	at jva.a(PG:4)
08-01 12:28:15.160 27128 27305 D StrictMode: 	at jvh.a(PG:146)
08-01 12:28:15.160 27128 27305 D StrictMode: 	at jlk.b(PG:9)
08-01 12:28:15.160 27128 27305 D StrictMode: 	at jlk.a(PG:4)
08-01 12:28:15.160 27128 27305 D StrictMode: 	at jlr.a(PG:20)
08-01 12:28:15.160 27128 27305 D StrictMode: 	at ibs.a(Unknown Source:161)
08-01 12:28:15.160 27128 27305 D StrictMode: 	at obw.a(PG:2)
08-01 12:28:15.160 27128 27305 D StrictMode: 	at oti.a(Unknown Source:2)
08-01 12:28:15.160 27128 27305 D StrictMode: 	at otj.run(PG:22)
08-01 12:28:15.160 27128 27305 D StrictMode: 	at mxq.run(PG:1)
08-01 12:28:15.160 27128 27305 D StrictMode: 	at java.util.concurrent.ThreadPoolExecutor.runWorker(ThreadPoolExecutor.java:1167)
08-01 12:28:15.160 27128 27305 D StrictMode: 	at java.util.concurrent.ThreadPoolExecutor$Worker.run(ThreadPoolExecutor.java:641)
08-01 12:28:15.160 27128 27305 D StrictMode: 	at mvo.run(Unknown Source:24)
08-01 12:28:15.160 27128 27305 D StrictMode: 	at java.lang.Thread.run(Thread.java:919)
08-01 12:28:15.166 27128 27305 I DynamiteModule: Considering local module com.google.android.gms.googlecertificates:0 and remote module com.google.android.gms.googlecertificates:6
08-01 12:28:15.166 27128 27305 I DynamiteModule: Selected remote version of com.google.android.gms.googlecertificates, version >= 6
08-01 12:28:15.189 27128 27305 I DynamiteLoaderV2Impl: [71] Googlecertificates
08-01 12:28:15.192 27128 27305 W .apps.wellbein: ClassLoaderContext type mismatch. expected=PCL, found=DLC (PCL[] | DLC[];PCL[/data/app/com.google.android.apps.wellbeing-gyph_3Hb6nGEEGMC8J_CUA==/base.apk*1192634080:/data/app/com.google.android.apps.wellbeing-gyph_3Hb6nGEEGMC8J_CUA==/base.apk!classes2.dex*2909268743]{PCL[/system/framework/org.apache.http.legacy.jar*1038351580]})
08-01 12:28:15.196 27128 27305 W .apps.wellbein: Found duplicate classes, falling back to extracting from APK : /data/user_de/0/com.google.android.gms/app_chimera/m/00000036/GoogleCertificates.apk
08-01 12:28:15.196 27128 27305 W .apps.wellbein: NOTE: This wastes RAM and hurts startup performance.
08-01 12:28:15.196 27128 27305 W .apps.wellbein: Found duplicated class when checking oat files: 'La;' in /data/user_de/0/com.google.android.gms/app_chimera/m/00000036/GoogleCertificates.apk and /data/app/com.google.android.apps.wellbeing-gyph_3Hb6nGEEGMC8J_CUA==/base.apk
08-01 12:28:15.196 27128 27305 W .apps.wellbein: 
08-01 12:28:15.246  1061  1061 D Zygote  : Forked child process 27308
08-01 12:28:15.247  2220  2345 I ActivityManager: Start proc 27308:com.android.chrome/u0a156 for service {com.android.chrome/org.chromium.chrome.browser.usage_stats.UsageStatsBrowserServiceProvider}
08-01 12:28:15.262 27308 27308 E .android.chrom: Not starting debugger since process cannot load the jdwp agent.
08-01 12:28:15.319 27308 27308 I .android.chrom: Failed to add image file Rejecting application image due to class loader mismatch: 'Mismatch in dex files'
08-01 12:28:15.324  2220  2776 V WindowManager: Changing focus from null to Window{2ec07d3 u0 com.android.settings/com.android.settings.SubSettings} displayId=0
08-01 12:28:15.327 27308 27308 W .android.chrom: JIT profile information will not be recorded: profile file does not exits.
08-01 12:28:15.327 27308 27308 W .android.chrom: JIT profile information will not be recorded: profile file does not exits.
08-01 12:28:15.362 27308 27308 I LoadedApk: No resource references to update in package com.android.chrome.autofill_assistant
08-01 12:28:15.388  2220  2336 I LaunchCheckinHandler: Displayed com.android.settings/.SubSettings,wp,ca,370
08-01 12:28:15.388  2220  2336 I WindowManager: Window drawn AppWindowToken{cd2e867 token=Token{b72e426 ActivityRecord{bb08b81 u0 com.android.settings/.SubSettings t61}}}
08-01 12:28:15.391  2220  2336 I WindowManager:   SURFACE show Surface(name=com.android.settings/com.android.settings.SubSettings)/@0x46a907d on display:0: com.android.settings/com.android.settings.SubSettings
08-01 12:28:15.409  3054  3054 I GoogleInputMethodService: GoogleInputMethodService.onFinishInputView():2150 
08-01 12:28:15.411  3054  3054 I InlineSuggestionCandidateViewController: InlineSuggestionCandidateViewController.setInlineSuggestionCandidateImpl():1145 set  to inlineSuggestionTextView
08-01 12:28:15.414  3054  3054 I KeyboardWrapper: KeyboardWrapper.consumeEvent():281 Skip consuming an event as current keyboard is deactivated (state=0, keyboard existence=true)
08-01 12:28:15.414  3054  3054 I VoiceInputManagerWrapper: VoiceInputManagerWrapper.shutdown():77 shutdown()
08-01 12:28:15.414  3054  3054 I AndroidIME: AbstractIme.onDeactivate():161 LatinIme.onDeactivate()
08-01 12:28:15.416  1059  1642 I netd    : firewallSetUidRule(2, 10162, 2) <2.95ms>
08-01 12:28:15.419  2220  2633 D ConnectivityService: Blocked status changed to true for 10162(17) on netId 101
08-01 12:28:15.420  2220  2633 D ConnectivityService: Blocked status changed to true for 10162(18) on netId 101
08-01 12:28:15.422  3054  3054 I GoogleInputMethodService: GoogleInputMethodService.onFinishInput():3184 
08-01 12:28:15.422  3054  3054 I GoogleInputMethodService: GoogleInputMethodService.onStartInput():1830 
08-01 12:28:15.448 27308 27308 I cr_Linker: Using linker: org.chromium.base.library_loader.ModernLinker
08-01 12:28:15.448 27308 27308 I cr_LibraryLoader: Loading monochrome
08-01 12:28:15.455 27308 27335 W DynamiteModule: Local module descriptor class for com.google.android.gms.googlecertificates not found.
08-01 12:28:15.740 27308 27308 I cr_LibraryLoader: Loaded native library version number "85.0.4183.101"
08-01 12:28:15.741 27308 27308 I cr_CachingUmaRecorder: Flushed 4 samples from 4 histograms.
08-01 12:28:15.748 27308 27335 I DynamiteModule: Considering local module com.google.android.gms.googlecertificates:0 and remote module com.google.android.gms.googlecertificates:6
08-01 12:28:15.748 27308 27335 I DynamiteModule: Selected remote version of com.google.android.gms.googlecertificates, version >= 6
08-01 12:28:15.794 27308 27335 I DynamiteLoaderV2Impl: [70] Googlecertificates
08-01 12:28:15.799  2220  4733 I WindowManager: Window drawn AppWindowToken{7c8106b token=Token{ccb59ba ActivityRecord{779cae5 u0 com.android.settings.intelligence/.search.SearchActivity t61}}}
08-01 12:28:15.804 27308 27335 W .android.chrom: ClassLoaderContext type mismatch. expected=PCL, found=DLC (PCL[] | DLC[];PCL[/data/app/com.android.chrome-eXnza9wH1pXbaEmj4vFfSg==/base.apk*3044323349:/data/app/com.android.chrome-eXnza9wH1pXbaEmj4vFfSg==/split_autofill_assistant.apk*3166644633:/data/app/com.android.chrome-eXnza9wH1pXbaEmj4vFfSg==/split_extra_icu.apk*3430018002]{PCL[/data/app/com.google.android.trichromelibrary_418310183-Jtxj227YTQq-3LHA2tyAXQ==/base.apk*2213434068]})
08-01 12:28:15.812 27308 27335 W .android.chrom: Found duplicate classes, falling back to extracting from APK : /data/user_de/0/com.google.android.gms/app_chimera/m/00000036/GoogleCertificates.apk
08-01 12:28:15.812 27308 27335 W .android.chrom: NOTE: This wastes RAM and hurts startup performance.
08-01 12:28:15.812 27308 27335 W .android.chrom: Found duplicated class when checking oat files: 'La;' in /data/app/com.android.chrome-eXnza9wH1pXbaEmj4vFfSg==/base.apk and /data/user_de/0/com.google.android.gms/app_chimera/m/00000036/GoogleCertificates.apk
08-01 12:28:15.812 27308 27335 W .android.chrom: 
08-01 12:28:15.964 26959 27066 I chatty  : uid=1000(system) com.android.settings expire 4 lines
08-01 12:28:16.067 27308 27308 W cr_KnoxSettingsProvider: Permission to read device policy denied.
08-01 12:28:16.088  2220  4738 D ConnectivityService: requestNetwork for uid/pid:10156/27308 NetworkRequest [ TRACK_DEFAULT id=228, [ Capabilities: INTERNET&NOT_RESTRICTED&TRUSTED Uid: 10156] ]
08-01 12:28:16.089  2220  2626 I chatty  : uid=1000(system) ClientModeImpl expire 6 lines
08-01 12:28:16.090  2220  2669 I chatty  : uid=1000(system) EthernetService expire 3 lines
08-01 12:28:16.090  2954  2954 D PhoneSwitcherNetworkRequstListener: got request NetworkRequest [ TRACK_DEFAULT id=228, [ Capabilities: INTERNET&NOT_RESTRICTED&TRUSTED Uid: 10156] ] with score 60 and serial -1
08-01 12:28:16.166 27128 27293 W BrowserUsageLoader: Failed to query website usage
08-01 12:28:16.166 27128 27293 W BrowserUsageLoader: hzx: Service rejected request (status=5)
08-01 12:28:16.166 27128 27293 W BrowserUsageLoader: 	at iam.a(Unknown Source:29)
08-01 12:28:16.166 27128 27293 W BrowserUsageLoader: 	at obx.a(PG:2)
08-01 12:28:16.166 27128 27293 W BrowserUsageLoader: 	at oth.a(Unknown Source:2)
08-01 12:28:16.166 27128 27293 W BrowserUsageLoader: 	at otj.run(PG:22)
08-01 12:28:16.166 27128 27293 W BrowserUsageLoader: 	at mxq.run(PG:1)
08-01 12:28:16.166 27128 27293 W BrowserUsageLoader: 	at java.util.concurrent.ThreadPoolExecutor.runWorker(ThreadPoolExecutor.java:1167)
08-01 12:28:16.166 27128 27293 W BrowserUsageLoader: 	at java.util.concurrent.ThreadPoolExecutor$Worker.run(ThreadPoolExecutor.java:641)
08-01 12:28:16.166 27128 27293 W BrowserUsageLoader: 	at mvo.run(Unknown Source:24)
08-01 12:28:16.166 27128 27293 W BrowserUsageLoader: 	at java.lang.Thread.run(Thread.java:919)
08-01 12:28:16.173  3237  7697 E apos    : Phenotype API error. Event # ceck@c491f2c0, EventCode: 7 [CONTEXT service_id=51 ]
08-01 12:28:16.173  3237  7697 E apos    : apnx: 29505: No config packages for log source, or config package not registered
08-01 12:28:16.173  3237  7697 E apos    : 	at apph.b(:com.google.android.gms@203615039@20.36.15 (120408-333172415):7)
08-01 12:28:16.173  3237  7697 E apos    : 	at appe.b(:com.google.android.gms@203615039@20.36.15 (120408-333172415):2)
08-01 12:28:16.173  3237  7697 E apos    : 	at apos.a(:com.google.android.gms@203615039@20.36.15 (120408-333172415):89)
08-01 12:28:16.173  3237  7697 E apos    : 	at apos.a(:com.google.android.gms@203615039@20.36.15 (120408-333172415):84)
08-01 12:28:16.173  3237  7697 E apos    : 	at aald.run(:com.google.android.gms@203615039@20.36.15 (120408-333172415):11)
08-01 12:28:16.173  3237  7697 E apos    : 	at bony.run(:com.google.android.gms@203615039@20.36.15 (120408-333172415):2)
08-01 12:28:16.173  3237  7697 E apos    : 	at svu.b(:com.google.android.gms@203615039@20.36.15 (120408-333172415):12)
08-01 12:28:16.173  3237  7697 E apos    : 	at svu.run(:com.google.android.gms@203615039@20.36.15 (120408-333172415):7)
08-01 12:28:16.173  3237  7697 E apos    : 	at java.util.concurrent.ThreadPoolExecutor.runWorker(ThreadPoolExecutor.java:1167)
08-01 12:28:16.173  3237  7697 E apos    : 	at java.util.concurrent.ThreadPoolExecutor$Worker.run(ThreadPoolExecutor.java:641)
08-01 12:28:16.173  3237  7697 E apos    : 	at tbu.run(:com.google.android.gms@203615039@20.36.15 (120408-333172415):0)
08-01 12:28:16.173  3237  7697 E apos    : 	at java.lang.Thread.run(Thread.java:919)
08-01 12:28:16.175  3237  7697 E AsyncOperation: serviceID=51, operation=GetExperimentTokensOperationCall [CONTEXT service_id=259 ]
08-01 12:28:16.175  3237  7697 E AsyncOperation: OperationException[Status{statusCode=No config packages for log source, or config package not registered, resolution=null}]
08-01 12:28:16.175  3237  7697 E AsyncOperation: 	at apos.a(:com.google.android.gms@203615039@20.36.15 (120408-333172415):91)
08-01 12:28:16.175  3237  7697 E AsyncOperation: 	at apos.a(:com.google.android.gms@203615039@20.36.15 (120408-333172415):84)
08-01 12:28:16.175  3237  7697 E AsyncOperation: 	at aald.run(:com.google.android.gms@203615039@20.36.15 (120408-333172415):11)
08-01 12:28:16.175  3237  7697 E AsyncOperation: 	at bony.run(:com.google.android.gms@203615039@20.36.15 (120408-333172415):2)
08-01 12:28:16.175  3237  7697 E AsyncOperation: 	at svu.b(:com.google.android.gms@203615039@20.36.15 (120408-333172415):12)
08-01 12:28:16.175  3237  7697 E AsyncOperation: 	at svu.run(:com.google.android.gms@203615039@20.36.15 (120408-333172415):7)
08-01 12:28:16.175  3237  7697 E AsyncOperation: 	at java.util.concurrent.ThreadPoolExecutor.runWorker(ThreadPoolExecutor.java:1167)
08-01 12:28:16.175  3237  7697 E AsyncOperation: 	at java.util.concurrent.ThreadPoolExecutor$Worker.run(ThreadPoolExecutor.java:641)
08-01 12:28:16.175  3237  7697 E AsyncOperation: 	at tbu.run(:com.google.android.gms@203615039@20.36.15 (120408-333172415):0)
08-01 12:28:16.175  3237  7697 E AsyncOperation: 	at java.lang.Thread.run(Thread.java:919)
08-01 12:28:16.334 27308 27348 D NetworkSecurityConfig: Using Network Security Config from resource 0_resource_name_obfuscated debugBuild: false
08-01 12:28:16.789 27128 27156 W .apps.wellbein: resources.arsc in APK '/data/app/com.mobile.indiapp-HwkbcV0RtXjKTbRmYqWr7Q==/base.apk' is compressed.
08-01 12:28:16.836 27308 27353 W chromium: [WARNING:spdy_session.cc(3090)] Received RST for invalid stream5
08-01 12:28:17.008  4148  4177 W oadcastreceive: Reducing the number of considered missed Gc histogram windows from 210 to 100
08-01 12:28:17.010  2220  2310 I ActivityTaskManager: START u0 {act=android.intent.action.MAIN cmp=com.android.settings/.SubSettings (has extras)} from uid 1000
08-01 12:28:17.036  2220  2310 V WindowManager: Changing focus from Window{2ec07d3 u0 com.android.settings/com.android.settings.SubSettings} to null displayId=0
08-01 12:28:17.070  4503 19994 I CarrierServices: [320] dll.a: Received Provisioning Event: [Bugle information (100)]
08-01 12:28:17.074 27092 27125 V AssistantIntegClient: #getAssistantConfig()
08-01 12:28:17.075 27092 27092 I Bugle   : Carrier config changed. Reloading MMS config.
08-01 12:28:17.084 27092 27147 W AssistantConfig: appIntegrationDataInBase64 is null
08-01 12:28:17.087 27092 27123 I BugleRcsEngine: [1860] abbi.<init>: (Sim): Initializing SimStateTracker with multi-sim support
08-01 12:28:17.088  4503 19994 I CarrierServices: [320] dll.a: JibeService is running, passing event to provisioning engine.
08-01 12:28:17.101 27092 27127 I BugleJobs: Scheduling IcingRecurringWorker. [CONTEXT class_name="IcingMonitoringUtils" ]
08-01 12:28:17.101  4503 19994 I CarrierServices: [320] cyr.a: Handling Provisioning Event: [Bugle information (100)]
08-01 12:28:17.105 27092 27123 I BugleRcsEngine: [1860] abbp.<init>: (SingleSim): Initializing SimStateTracker for single-sim device
08-01 12:28:17.115  4503 19994 I CarrierServices: [320] czb.a: RcsAvailabilityManager: Calculating Rcs Availability
08-01 12:28:17.119 27092 27125 I BugleNetwork: Startup: registering tachyon.
08-01 12:28:17.129 27092 27125 I BugleNetwork: Startup: skip phone registration because of no sim.
08-01 12:28:17.132 27092 27368 I GnpSdk  : [PhenotypeManagerImpl] Phenotype registration SUCCESS
08-01 12:28:17.138  4503 19994 I CarrierServices: [320] czb.a: Bugle has minimum required RCS permissions: true
08-01 12:28:17.152 26959 27375 I chatty  : uid=1000(system) com.android.settings expire 1 line
08-01 12:28:17.153  4503 19994 I CarrierServices: [320] day.d: RCS Configuration storage in Bugle is disabled by p/h flag, using ProvisioningEngineStateCacheUtil.getProvisioningConfigurationForGivenSim()
08-01 12:28:17.169  1110  1110 I chatty  : uid=1002 bluetooth@1.0-s expire 2 lines
08-01 12:28:17.172  1110 21381 I chatty  : uid=1002 bluetooth@1.0-s expire 4 lines
08-01 12:28:17.175 27092 27147 W BugleRcsEngine: [1867] abbi.a: (Sim): Unexpected action: android.telephony.action.CARRIER_CONFIG_CHANGED
08-01 12:28:17.176 27092 27123 I BugleRcsEngine: [1860] zvx.b: Reinitialize CSLib Flags: com.google.android.ims.library
08-01 12:28:17.180 27092 27367 W BugleRcsEngine: [1885] abbi.c: (Sim): EXTRA_SLOT_KEY is not available. use PHONE_KEY:1
08-01 12:28:17.182  4503 19994 I CarrierServices: [320] czb.a: Rcs multi sim is disabled defaultSub mismatch defaultDataSub
08-01 12:28:17.189 27092 27372 I BugleRcsEngine: [1888] abbm.a: do not delay first event
08-01 12:28:17.205  1059  1642 I netd    : tetherGetStats() <1.79ms>
08-01 12:28:17.210  4503 19994 I CarrierServices: [320] day.a: Rcs is enabled from user settings: true
08-01 12:28:17.215 27092 27367 I BugleRcsEngine: [1885] abbm.a: SIM delay is not enabled
08-01 12:28:17.218 27092 27368 I GnpSdk  : [PhenotypeManagerImpl] Phenotype registration SUCCESS
08-01 12:28:17.227  4503 19994 I CarrierServices: [320] day.b: Bugle is default SMS app: true
08-01 12:28:17.234 27092 27367 W BugleRcsEngine: [1885] abbi.c: (Sim): process intent: android.intent.action.SIM_STATE_CHANGED
08-01 12:28:17.238 27092 27123 I BugleRcsEngine: [1860] fmw.a: Provisioning task in Bugle is disabled by P/H flag
08-01 12:28:17.247  4503 19994 I CarrierServices: [320] dci.a: Using MCC based URL
08-01 12:28:17.260 27092 27125 I BugleRcsEngine: [1862] zvx.b: Reinitialize CSLib Flags: com.google.android.ims.library
08-01 12:28:17.275 27092 27127 I BugleJobs: Starts to observe table change.
08-01 12:28:17.278  4503 19994 I CarrierServices: [320] dci.a: Prepending "http" to URL hashed-pii:uri[[_ShN2CzsSRUnh-swk9lGc7NMCHfA8q3qKYIAvpVtIlQ]]
08-01 12:28:17.291  2220  4739 V WindowManager: Changing focus from null to Window{533b5c0 u0 com.android.settings/com.android.settings.SubSettings} displayId=0
08-01 12:28:17.291 27092 27125 I Bugle   : VerifiedSmsStartupTask: Checking if Verified SMS tasks should be enqueued. feature supported: true, feature enabled: true, eligible / has registered key: false, C11N: true
08-01 12:28:17.291 27092 27125 I Bugle   : VerifiedSmsStartupTask: Not enqueuing VSMS periodic task, VSMS is disabled or not supported.
08-01 12:28:17.293 27092 27290 I Bugle   : VerifiedSmsStartupTask: Calling C11N to get phone numbers...
08-01 12:28:17.294  4503 19994 I CarrierServices: [320] day.d: RCS Configuration storage in Bugle is disabled by p/h flag, using ProvisioningEngineStateCacheUtil.getProvisioningConfigurationForGivenSim()
08-01 12:28:17.296 27092 27377 D MDD WorkManagerTaskScheduler: Scheduling periodic tasks for MDD lib MDD.CHARGING.PERIODIC.TASK 21600
08-01 12:28:17.300 27092 27291 I Bugle   : VerifiedSmsRegistrationHelper: The device doesn't have a new IMSI not registered with VSMS.
08-01 12:28:17.300 27092 27289 I Bugle   : VerifiedSmsStartupTask: C11N registration didn't update with any new data.
08-01 12:28:17.310 27092 27127 I DynamiteModule: Considering local module com.google.android.gms.cronet_dynamite:0 and remote module com.google.android.gms.cronet_dynamite:1311
08-01 12:28:17.310 27092 27127 I DynamiteModule: Selected remote version of com.google.android.gms.cronet_dynamite, version >= 1311
08-01 12:28:17.310 27092 27127 V DynamiteModule: Dynamite loader version >= 2, using loadModule2NoCrashUtils
08-01 12:28:17.311 27092 27125 D MDD WorkManagerTaskScheduler: Successfully updated periodic tasks for MDD lib MDD.CHARGING.PERIODIC.TASK 21600
08-01 12:28:17.313 27092 27127 I DynamiteLoaderV2Impl: [71] Cronetdynamite
08-01 12:28:17.319 27092 27153 W ConnectionTracker: Exception thrown while unbinding
08-01 12:28:17.319 27092 27153 W ConnectionTracker: java.lang.IllegalArgumentException: Service not registered: lw@dc41bc4
08-01 12:28:17.319 27092 27153 W ConnectionTracker: 	at android.app.LoadedApk.forgetServiceDispatcher(LoadedApk.java:1760)
08-01 12:28:17.319 27092 27153 W ConnectionTracker: 	at android.app.ContextImpl.unbindService(ContextImpl.java:1791)
08-01 12:28:17.319 27092 27153 W ConnectionTracker: 	at android.content.ContextWrapper.unbindService(ContextWrapper.java:741)
08-01 12:28:17.319 27092 27153 W ConnectionTracker: 	at ci.b(:com.google.android.gms.dynamite_measurementdynamite@203615083@20.36.15 (120408-0):1)
08-01 12:28:17.319 27092 27153 W ConnectionTracker: 	at ci.a(:com.google.android.gms.dynamite_measurementdynamite@203615083@20.36.15 (120408-0):6)
08-01 12:28:17.319 27092 27153 W ConnectionTracker: 	at lx.A(:com.google.android.gms.dynamite_measurementdynamite@203615083@20.36.15 (120408-0):10)
08-01 12:28:17.319 27092 27153 W ConnectionTracker: 	at lh.a(:com.google.android.gms.dynamite_measurementdynamite@203615083@20.36.15 (120408-0):3)
08-01 12:28:17.319 27092 27153 W ConnectionTracker: 	at eb.run(:com.google.android.gms.dynamite_measurementdynamite@203615083@20.36.15 (120408-0):3)
08-01 12:28:17.319 27092 27153 W ConnectionTracker: 	at java.util.concurrent.Executors$RunnableAdapter.call(Executors.java:462)
08-01 12:28:17.319 27092 27153 W ConnectionTracker: 	at java.util.concurrent.FutureTask.run(FutureTask.java:266)
08-01 12:28:17.319 27092 27153 W ConnectionTracker: 	at ja.run(:com.google.android.gms.dynamite_measurementdynamite@203615083@20.36.15 (120408-0):6)
08-01 12:28:17.329  4503 19994 I CarrierServices: [320] day.d: RCS Configuration storage in Bugle is disabled by p/h flag, using ProvisioningEngineStateCacheUtil.getProvisioningConfigurationForGivenSim()
08-01 12:28:17.331 27092 27123 I RcsClientLib: Connecting SignupService
08-01 12:28:17.332 27092 27127 W .apps.messagin: ClassLoaderContext type mismatch. expected=PCL, found=DLC (PCL[] | DLC[];PCL[/data/app/com.google.android.apps.messaging-f_mpcGuogN6Gl4FiLpN_xQ==/base.apk*2646840639:/data/app/com.google.android.apps.messaging-f_mpcGuogN6Gl4FiLpN_xQ==/base.apk!classes2.dex*951849617:/data/app/com.google.android.apps.messaging-f_mpcGuogN6Gl4FiLpN_xQ==/base.apk!classes3.dex*984148036:/data/app/com.google.android.apps.messaging-f_mpcGuogN6Gl4FiLpN_xQ==/base.apk!classes4.dex*1421532133]{PCL[/system/framework/org.apache.http.legacy.jar*1038351580]})
08-01 12:28:17.334 27092 27127 W .apps.messagin: Found duplicate classes, falling back to extracting from APK : /data/user_de/0/com.google.android.gms/app_chimera/m/00000032/CronetDynamite.apk
08-01 12:28:17.334 27092 27127 W .apps.messagin: NOTE: This wastes RAM and hurts startup performance.
08-01 12:28:17.334 27092 27127 W .apps.messagin: Found duplicated class when checking oat files: 'La;' in /data/user_de/0/com.google.android.gms/app_chimera/m/00000032/CronetDynamite.apk and /data/app/com.google.android.apps.messaging-f_mpcGuogN6Gl4FiLpN_xQ==/base.apk
08-01 12:28:17.334 27092 27127 W .apps.messagin: 
08-01 12:28:17.336 27092 27123 I RcsClientLib: shouldUseCarrierServicesJibeService: true, CarrierServices rcs service found: true
08-01 12:28:17.336 27092 27123 I RcsClientLib: Binding to JibeService in CarrierServices.
08-01 12:28:17.351 27092 27092 I RcsClientLib: com.google.android.rcs.client.signup.SignupService connected
08-01 12:28:17.352  2220  2336 I LaunchCheckinHandler: Displayed com.android.settings/.SubSettings,wp,ca,318
08-01 12:28:17.352  2220  2336 I WindowManager: Window drawn AppWindowToken{81b7dc4 token=Token{66730d7 ActivityRecord{a624856 u0 com.android.settings/.SubSettings t61}}}
08-01 12:28:17.353  2220  4733 D ConnectivityService: requestNetwork for uid/pid:10158/27092 NetworkRequest [ TRACK_DEFAULT id=230, [ Capabilities: INTERNET&NOT_RESTRICTED&TRUSTED Uid: 10158] ]
08-01 12:28:17.354  2220  2336 I WindowManager:   SURFACE show Surface(name=com.android.settings/com.android.settings.SubSettings)/@0x11e95c6 on display:0: com.android.settings/com.android.settings.SubSettings
08-01 12:28:17.355  2954  2954 D PhoneSwitcherNetworkRequstListener: got request NetworkRequest [ TRACK_DEFAULT id=230, [ Capabilities: INTERNET&NOT_RESTRICTED&TRUSTED Uid: 10158] ] with score 60 and serial -1
08-01 12:28:17.360  4503  5059 I CarrierServices: [299] czb.a: RcsAvailabilityManager: Calculating Rcs Availability
08-01 12:28:17.361 27092 27377 D MDD WorkManagerTaskScheduler: Scheduling periodic tasks for MDD lib MDD.MAINTENANCE.PERIODIC.GCM.TASK 86400
08-01 12:28:17.361 27092 27372 W BugleRcsEngine: [1888] abbi.e: (Sim): Default SIM info not updated.
08-01 12:28:17.362 27092 27377 D MDD WorkManagerTaskScheduler: Successfully updated periodic tasks for MDD lib MDD.MAINTENANCE.PERIODIC.GCM.TASK 86400
08-01 12:28:17.362 27092 27377 D MDD WorkManagerTaskScheduler: Scheduling periodic tasks for MDD lib MDD.CELLULAR.CHARGING.PERIODIC.TASK 21600
08-01 12:28:17.362 27092 27377 D MDD WorkManagerTaskScheduler: Successfully updated periodic tasks for MDD lib MDD.CELLULAR.CHARGING.PERIODIC.TASK 21600
08-01 12:28:17.362 27092 27377 D MDD WorkManagerTaskScheduler: Scheduling periodic tasks for MDD lib MDD.WIFI.CHARGING.PERIODIC.TASK 3600
08-01 12:28:17.363 27092 27377 D MDD WorkManagerTaskScheduler: Successfully updated periodic tasks for MDD lib MDD.WIFI.CHARGING.PERIODIC.TASK 3600
08-01 12:28:17.363 27092 27377 I BugleMDD: MddBackgroundStartupTask: Scheduled MDD periodic tasks.
08-01 12:28:17.372 27092 27372 I BugleRcsEngine: [1888] abbi.e: (Sim): Processing an intent
08-01 12:28:17.379  4503 19994 I CarrierServices: [320] due.b: Checking if using CarrierServices.apk is possible. Enabled: true, isAtLeastM: true, runningInsideBugle: false
08-01 12:28:17.383  4503 27385 I CarrierServices: [321] dll.a: Received Provisioning Event: [Bugle information (100)]
08-01 12:28:17.387  4503 19994 I CarrierServices: [320] bki.onCsLibPhenotypeUpdated: BindingManager: binding and reset P/H Flag stay same
08-01 12:28:17.394  3054  3054 I GoogleInputMethodService: GoogleInputMethodService.onFinishInput():3184 
08-01 12:28:17.395  3054  3054 I GoogleInputMethodService: GoogleInputMethodService.onStartInput():1830 
08-01 12:28:17.395  4503  5059 I CarrierServices: [299] czb.a: Bugle has minimum required RCS permissions: true
08-01 12:28:17.405 26868 26886 W Role    : com.github.uiautomator not qualified for android.app.role.HOME due to missing RequiredComponent{mIntentFilterData=IntentFilterData{mAction='android.intent.action.MAIN', mCategories='[android.intent.category.HOME]', mDataScheme='null', mDataType='null'}, mPermission='null', mMetaData=[]}
08-01 12:28:17.405  4503 27385 I CarrierServices: [321] dll.a: JibeService is running, passing event to provisioning engine.
08-01 12:28:17.408 27092 27372 I BugleRcsEngine: [1888] abbi.a: (Sim): SIM state ABSENT
08-01 12:28:17.409  4503 19994 I CarrierServices: [320] czb.a: RcsAvailabilityManager: Rcs Availability still DISABLED_SIM_ABSENT (RCS is disabled due to SIM absent)
08-01 12:28:17.411  4503  5059 I CarrierServices: [299] day.d: RCS Configuration storage in Bugle is disabled by p/h flag, using ProvisioningEngineStateCacheUtil.getProvisioningConfigurationForGivenSim()
08-01 12:28:17.413 27092 27127 I cr_CronetLibraryLoader: Cronet version: 85.0.4183.81, arch: aarch64
08-01 12:28:17.413 26868 26886 W Role    : com.github.uiautomator not qualified for android.app.role.DIALER due to missing RequiredComponent{mIntentFilterData=IntentFilterData{mAction='android.intent.action.DIAL', mCategories='[]', mDataScheme='null', mDataType='null'}, mPermission='null', mMetaData=[]}
08-01 12:28:17.416  2220  4739 D ConnectivityService: requestNetwork for uid/pid:10158/27092 NetworkRequest [ TRACK_DEFAULT id=231, [ Capabilities: INTERNET&NOT_RESTRICTED&TRUSTED Uid: 10158] ]
08-01 12:28:17.420  2954  2954 D PhoneSwitcherNetworkRequstListener: got request NetworkRequest [ TRACK_DEFAULT id=231, [ Capabilities: INTERNET&NOT_RESTRICTED&TRUSTED Uid: 10158] ] with score 60 and serial -1
