08-01 12:28:02.477 10950 11426 W System.err: 	at com.wa.base.wa.g.a$1.run(Unknown Source:9)
08-01 12:28:02.477 10950 11426 W System.err: 	at android.os.Handler.handleCallback(Handler.java:883)
08-01 12:28:02.477 10950 11426 W System.err: 	at android.os.Handler.dispatchMessage(Handler.java:100)
08-01 12:28:02.477 10950 11426 W System.err: 	at android.os.Looper.loop(Looper.java:241)
08-01 12:28:02.477 10950 11426 W System.err: 	at android.os.HandlerThread.run(HandlerThread.java:67)
08-01 12:28:02.477 10950 11426 I gzm_wa_WaNet: response == null
08-01 12:28:02.477 10950 11426 I gzm_wa_WaNet: java.lang.Throwable
08-01 12:28:02.477 10950 11426 I gzm_wa_WaNet: 	at com.wa.base.wa.e.a$b.a(Unknown Source:411)
08-01 12:28:02.477 10950 11426 I gzm_wa_WaNet: 	at com.wa.base.wa.e.a$b$d.run(Unknown Source:171)
08-01 12:28:02.477 10950 11426 I gzm_wa_WaNet: 	at com.wa.base.wa.e.a$a.run(Unknown Source:8)
08-01 12:28:02.477 10950 11426 I gzm_wa_WaNet: 	at com.wa.base.wa.g.a$1.run(Unknown Source:9)
08-01 12:28:02.477 10950 11426 I gzm_wa_WaNet: 	at android.os.Handler.handleCallback(Handler.java:883)
08-01 12:28:02.477 10950 11426 I gzm_wa_WaNet: 	at android.os.Handler.dispatchMessage(Handler.java:100)
08-01 12:28:02.477 10950 11426 I gzm_wa_WaNet: 	at android.os.Looper.loop(Looper.java:241)
08-01 12:28:02.477 10950 11426 I gzm_wa_WaNet: 	at android.os.HandlerThread.run(HandlerThread.java:67)
08-01 12:28:02.480 10950 11426 D gzm_wa_WaNet: request url: https://gjapplog.uc.cn/collect?uc_param_str=&chk=b358c7b5&vno=41tztufn_1653900723709008978&zip=gzip&uuid=00009a530340-601f-4451-b35f-db76ec6c1dc91602215962577&app=4e4d2af43c01
08-01 12:28:03.574  2678  2678 V StatusBar: mStatusBarWindow: com.android.systemui.statusbar.phone.StatusBarWindowView{b39b71f V.E...... ......ID 0,0-1080,2246} canPanelBeCollapsed(): true
08-01 12:28:03.574  2678  2678 V StatusBar: mStatusBarWindow: com.android.systemui.statusbar.phone.StatusBarWindowView{b39b71f V.E...... ......ID 0,0-1080,2246} collapseBySetDisable: false
08-01 12:28:03.583  2220  2776 V WindowManager: Changing focus from Window{cfadc13 u0 StatusBar} to Window{2e34b48 u0 com.google.android.permissioncontroller/com.android.packageinstaller.permission.ui.GrantPermissionsActivity} displayId=0
08-01 12:28:03.925  2678  2678 D StatusBar: disable<e i a s b h r c s > disable2<q i n >
08-01 12:28:04.087  2678  2678 D StatusBar: disable<e i a s b h r c s > disable2<q i n >
08-01 12:28:04.098  2220  4014 I WindowManager:   SURFACE SIZE set 1080x86 on display:0: StatusBar
08-01 12:28:04.104 23912 23912 D DolbyDaxUI: onStopListening: 
08-01 12:28:05.062 26868 26868 V GrantPermissionsActivity: Logged buttons presented and clicked permissionGroupName=android.permission-group.PHONE uid=10212 package=com.github.uiautomator presentedButtons=9 clickedButton=8
08-01 12:28:05.067 26868 26868 V GrantPermissionsActivity: Permission grant result requestId=2956884687104275346 callingUid=10212 callingPackage=com.github.uiautomator permission=android.permission.READ_PHONE_STATE isImplicit=false result=6
08-01 12:28:05.077  2220  4014 V WindowManager: Changing focus from Window{2e34b48 u0 com.google.android.permissioncontroller/com.android.packageinstaller.permission.ui.GrantPermissionsActivity} to Window{144292c u0 com.github.uiautomator/com.github.uiautomator.MainActivity} displayId=0
08-01 12:28:05.088 19152 20883 W System  : A resource failed to call response.body().close(). 
08-01 12:28:05.098 19152 20883 I chatty  : uid=10212(u0_a212) com.github.uiautomator identical 108 lines
08-01 12:28:05.098 19152 20883 W System  : A resource failed to call response.body().close(). 
08-01 12:28:05.100 19152 26944 D UIAutomatorStub: URI: /ping, Method: GET, params, {NanoHttpd.QUERY_STRING=null}, files: {}
08-01 12:28:05.100 19152 20883 W System  : A resource failed to call response.body().close(). 
08-01 12:28:05.100 19152 20883 W System  : A resource failed to call response.body().close(). 
08-01 12:28:05.101 19152 19152 D LifecycleMonitor: Lifecycle status change: com.github.uiautomator.MainActivity@1308319 in: RESUMED
08-01 12:28:05.101 19152 20883 W System  : A resource failed to call response.body().close(). 
08-01 12:28:05.105 19152 20883 W System  : A resource failed to call response.body().close(). 
08-01 12:28:05.125  3054  3054 I GoogleInputMethodService: GoogleInputMethodService.onFinishInput():3184 
08-01 12:28:05.126  3054  3054 I GoogleInputMethodService: GoogleInputMethodService.onStartInput():1830 
08-01 12:28:05.153 26868 26888 D OpenGLRenderer: endAllActiveAnimators on 0x7a18684800 (RippleDrawable) with handle 0x7a6f109b00
08-01 12:28:05.312  2220  2336 I WindowManager: Window drawn AppWindowToken{1f5bbc9 token=Token{80d3fd0 ActivityRecord{95c393 u0 com.google.android.permissioncontroller/com.android.packageinstaller.permission.ui.GrantPermissionsActivity t60}}} mIsExiting=
08-01 12:28:05.485 23912 23912 D DolbyDaxUI: onStartListening: 
08-01 12:28:05.488 23912 26859 D DolbyDaxUI: getDeviceType, active device is 0x2
08-01 12:28:05.488 23912 23938 D DolbyDaxUI: getDeviceType, active device is 0x2
08-01 12:28:05.488 23912 26859 D DolbyDaxUI: getDeviceType, active device is 0x2
08-01 12:28:05.489 23912 26859 D DolbyDaxUI: getDeviceType, active device is 0x2
08-01 12:28:05.492  2918 23940 D DolbyProvider: query() get dolby status
08-01 12:28:05.492 23912 26859 D DolbyDaxUI: getDeviceType, active device is 0x2
08-01 12:28:05.495  2918  2950 D DolbyProvider: query() get dolby status
08-01 12:28:05.495  2918 23940 D DolbyAudioEffectHelper: getDolbyStatus enabled=true profile=0
08-01 12:28:05.497  2678  2678 D StatusBar: disable<e i a s b h r c s > disable2<q i n >
08-01 12:28:05.499  2918  2950 D DolbyAudioEffectHelper: getDolbyStatus enabled=true profile=0
08-01 12:28:05.500  2918 23940 D DolbyProvider: query() get dolby status
08-01 12:28:05.502  2918 23940 D DolbyAudioEffectHelper: getDolbyStatus enabled=true profile=0
08-01 12:28:05.505  2918 23940 D DolbyProvider: update() set intelligent_eq_preset to 2
08-01 12:28:05.505 23912 23912 D DolbyDaxUI: getDeviceType, active device is 0x2
08-01 12:28:05.506  2220  2776 I WindowManager:   SURFACE SIZE set 1080x2246 on display:0: StatusBar
08-01 12:28:05.513  2918 23940 D DolbyProvider: update() set volume_leveler to 2
08-01 12:28:05.515  2918 23940 D DolbyAudioEffectHelper: setVolumeLevellerEnabled(), same value: false
08-01 12:28:05.521  2678  2678 D StatusBar: disable<e i a s b h r c s > disable2<q i n >
08-01 12:28:05.523  2918 23940 D DolbyProvider: update() set speaker_surround_virtualizer to 2
08-01 12:28:05.526  2220  2776 V WindowManager: Changing focus from Window{144292c u0 com.github.uiautomator/com.github.uiautomator.MainActivity} to Window{cfadc13 u0 StatusBar} displayId=0
08-01 12:28:05.530  2918 23940 D DolbyAudioEffectHelper: setSpeakerVirtualizerEnabled(), same value: false
08-01 12:28:05.540  2918 23940 D DolbyProvider: update() set intelligent_eq_preset to 1
08-01 12:28:05.551  2918 23940 D DolbyProvider: update() set volume_leveler to 1
08-01 12:28:05.557  2678  2678 D StatusBar: disable<e i a s b h r c s > disable2<q i n >
08-01 12:28:05.559  2918 23940 D DolbyAudioEffectHelper: setVolumeLevellerEnabled(), same value: false
08-01 12:28:05.564  2918 23940 D DolbyProvider: update() set speaker_surround_virtualizer to 1
08-01 12:28:05.568  2918 23940 D DolbyAudioEffectHelper: setSpeakerVirtualizerEnabled(), same value: false
08-01 12:28:05.578  2918 23940 D DolbyProvider: update() set intelligent_eq_preset to 3
08-01 12:28:05.585  2918 23940 D DolbyProvider: update() set volume_leveler to 3
08-01 12:28:05.590  2918 23940 D DolbyAudioEffectHelper: setVolumeLevellerEnabled(), same value: false
08-01 12:28:05.597  2918 23940 D DolbyProvider: update() set speaker_surround_virtualizer to 3
08-01 12:28:05.601  2918 23940 D DolbyAudioEffectHelper: setSpeakerVirtualizerEnabled(), same value: false
08-01 12:28:05.605 23912 26859 D DolbyDaxUI: getDeviceType, active device is 0x2
08-01 12:28:05.608  2918 23940 D DolbyProvider: query() get dolby status
08-01 12:28:05.611  2918 23940 D DolbyAudioEffectHelper: getDolbyStatus enabled=true profile=0
08-01 12:28:06.241  2678  2678 D StatusBar: disable<e i a s b h r c s > disable2<q i n >
08-01 12:28:06.288  2220  2776 V WindowManager: Changing focus from Window{cfadc13 u0 StatusBar} to Window{144292c u0 com.github.uiautomator/com.github.uiautomator.MainActivity} displayId=0
08-01 12:28:06.301  2678  2678 D StatusBar: disable<e i a s b h r c s > disable2<q i n >
08-01 12:28:06.306  2220  2776 I WindowManager:   SURFACE SIZE set 1080x86 on display:0: StatusBar
08-01 12:28:06.325 23912 23912 D DolbyDaxUI: onStopListening: 
08-01 12:28:06.808 23912 23912 D DolbyDaxUI: onStartListening: 
08-01 12:28:06.810 23912 26859 D DolbyDaxUI: getDeviceType, active device is 0x2
08-01 12:28:06.810 23912 23938 D DolbyDaxUI: getDeviceType, active device is 0x2
08-01 12:28:06.810 23912 26859 D DolbyDaxUI: getDeviceType, active device is 0x2
08-01 12:28:06.813 23912 26859 D DolbyDaxUI: getDeviceType, active device is 0x2
08-01 12:28:06.814  2918 23940 D DolbyProvider: query() get dolby status
08-01 12:28:06.816  2918 23940 D DolbyAudioEffectHelper: getDolbyStatus enabled=true profile=0
08-01 12:28:06.817  2918  2950 D DolbyProvider: query() get dolby status
08-01 12:28:06.818  2678  2678 D StatusBar: disable<e i a s b h r c s > disable2<q i n >
08-01 12:28:06.821  2918  2950 D DolbyAudioEffectHelper: getDolbyStatus enabled=true profile=0
08-01 12:28:06.822  2918 23940 D DolbyProvider: query() get dolby status
08-01 12:28:06.825  2918 23940 D DolbyAudioEffectHelper: getDolbyStatus enabled=true profile=0
08-01 12:28:06.827  2220  4014 I WindowManager:   SURFACE SIZE set 1080x2246 on display:0: StatusBar
08-01 12:28:06.829  2918  2950 D DolbyProvider: update() set intelligent_eq_preset to 2
08-01 12:28:06.830 23912 23912 D DolbyDaxUI: getDeviceType, active device is 0x2
08-01 12:28:06.839  2918  2950 D DolbyProvider: update() set volume_leveler to 2
08-01 12:28:06.843  2918  2950 D DolbyAudioEffectHelper: setVolumeLevellerEnabled(), same value: false
08-01 12:28:06.846  2678  2678 D StatusBar: disable<e i a s b h r c s > disable2<q i n >
08-01 12:28:06.848  2918  2950 D DolbyProvider: update() set speaker_surround_virtualizer to 2
08-01 12:28:06.850  2918  2950 D DolbyAudioEffectHelper: setSpeakerVirtualizerEnabled(), same value: false
08-01 12:28:06.851  2220  4014 V WindowManager: Changing focus from Window{144292c u0 com.github.uiautomator/com.github.uiautomator.MainActivity} to Window{cfadc13 u0 StatusBar} displayId=0
08-01 12:28:06.854  2918  2950 D DolbyProvider: update() set intelligent_eq_preset to 1
08-01 12:28:06.861  2918  2950 D DolbyProvider: update() set volume_leveler to 1
08-01 12:28:06.863  2918  2950 D DolbyAudioEffectHelper: setVolumeLevellerEnabled(), same value: false
08-01 12:28:06.870  2918  2950 D DolbyProvider: update() set speaker_surround_virtualizer to 1
08-01 12:28:06.874  2678  2678 D StatusBar: disable<e i a s b h r c s > disable2<q i n >
08-01 12:28:06.877  2918  2950 D DolbyAudioEffectHelper: setSpeakerVirtualizerEnabled(), same value: false
08-01 12:28:06.887  2918  2950 D DolbyProvider: update() set intelligent_eq_preset to 3
08-01 12:28:06.899  2918  2950 D DolbyProvider: update() set volume_leveler to 3
08-01 12:28:06.904  2918  2950 D DolbyAudioEffectHelper: setVolumeLevellerEnabled(), same value: false
08-01 12:28:06.909  2918  2950 D DolbyProvider: update() set speaker_surround_virtualizer to 3
08-01 12:28:06.912  2918  2950 D DolbyAudioEffectHelper: setSpeakerVirtualizerEnabled(), same value: false
08-01 12:28:06.915 23912 26859 D DolbyDaxUI: getDeviceType, active device is 0x2
08-01 12:28:06.916  2918  2950 D DolbyProvider: query() get dolby status
08-01 12:28:06.918  2918  2950 D DolbyAudioEffectHelper: getDolbyStatus enabled=true profile=0
08-01 12:28:08.781  2678  2678 V StatusBar: mStatusBarWindow: com.android.systemui.statusbar.phone.StatusBarWindowView{b39b71f V.E...... ........ 0,0-1080,2246} canPanelBeCollapsed(): true
08-01 12:28:08.781  2678  2678 V StatusBar: mStatusBarWindow: com.android.systemui.statusbar.phone.StatusBarWindowView{b39b71f V.E...... ........ 0,0-1080,2246} collapseBySetDisable: false
08-01 12:28:08.783  2220  4738 I ActivityTaskManager: START u0 {act=android.settings.SETTINGS flg=0x14000000 cmp=com.android.settings/.homepage.SettingsHomepageActivity} from uid 10131
08-01 12:28:08.805  2220  2777 V WindowManager: Changing focus from Window{cfadc13 u0 StatusBar} to Window{144292c u0 com.github.uiautomator/com.github.uiautomator.MainActivity} displayId=0
08-01 12:28:08.807 19152 19152 D LifecycleMonitor: Lifecycle status change: com.github.uiautomator.MainActivity@1308319 in: PAUSED
08-01 12:28:08.815  2220  2336 I chatty  : uid=1000(system) android.anim expire 1 line
08-01 12:28:08.828  2220  2336 V WindowManager: Changing focus from Window{144292c u0 com.github.uiautomator/com.github.uiautomator.MainActivity} to null displayId=0
08-01 12:28:08.828  1060  1060 D Zygote  : Forked child process 26959
08-01 12:28:08.830  2220  2345 I ActivityManager: Start proc 26959:com.android.settings/1000 for activity {com.android.settings/com.android.settings.homepage.SettingsHomepageActivity}
08-01 12:28:08.849 26959 26959 I chatty  : uid=1000(system) com.android.settings expire 57 lines
08-01 12:28:08.879  2220  2336 I WindowManager:   SURFACE show Surface(name=com.android.systemui.ImageWallpaper)/@0xe08ac94 on display:0: com.android.systemui.ImageWallpaper
08-01 12:28:08.879  2220  2336 I WindowManager:   SURFACE show Surface(name=Splash Screen com.android.settings)/@0x94984e1 on display:0: Splash Screen com.android.settings
08-01 12:28:09.074 26959 26994 I chatty  : uid=1000(system) com.android.settings expire 4 lines
08-01 12:28:09.083  1060  1060 D Zygote  : Forked child process 26996
08-01 12:28:09.087  2220  2345 I ActivityManager: Start proc 26996:com.android.settings.intelligence/u0a129 for service {com.android.settings.intelligence/com.android.settings.intelligence.suggestions.SuggestionService}
08-01 12:28:09.101  1110  1110 I chatty  : uid=1002 bluetooth@1.0-s expire 4 lines
08-01 12:28:09.102 26996 26996 E gs.intelligenc: Not starting debugger since process cannot load the jdwp agent.
08-01 12:28:09.132  1059  1642 I netd    : tetherGetStats() <5.11ms>
08-01 12:28:09.168  1110 21381 I chatty  : uid=1002 bluetooth@1.0-s expire 11 lines
08-01 12:28:09.179 26959 26995 I chatty  : uid=1000(system) com.android.settings expire 274 lines
08-01 12:28:09.185  1059  1642 I netd    : tetherGetStats() <1.61ms>
08-01 12:28:09.257  2678  2678 D StatusBar: disable<e i a s b h r c s > disable2<q i n >
08-01 12:28:09.316  2220  2776 V WindowManager: Changing focus from null to Window{3baa34e u0 com.android.settings/com.android.settings.homepage.SettingsHomepageActivity} displayId=0
08-01 12:28:09.317  1059  1642 I netd    : tetherGetStats() <1.14ms>
08-01 12:28:09.318 26959 26979 I chatty  : uid=1000(system) com.android.settings expire 6 lines
08-01 12:28:09.370   847   847 I hwservicemanager: getTransport: Cannot find entry android.hardware.graphics.mapper@3.0::IMapper/default in either framework or device manifest.
08-01 12:28:09.390  2678  2678 D StatusBar: disable<e i a s b h r c s > disable2<q i n >
08-01 12:28:09.395  2220  4744 I WindowManager:   SURFACE SIZE set 1080x86 on display:0: StatusBar
08-01 12:28:09.404 23912 23912 D DolbyDaxUI: onStopListening: 
08-01 12:28:09.431  2220  2336 I LaunchCheckinHandler: Displayed com.android.settings/.homepage.SettingsHomepageActivity,cp,ca,621
08-01 12:28:09.431  2220  2336 I WindowManager: Window drawn AppWindowToken{6b8932 token=Token{ef7ad3d ActivityRecord{74afe94 u0 com.android.settings/.homepage.SettingsHomepageActivity t61}}}
08-01 12:28:09.432  2220  2336 I WindowManager:   SURFACE show Surface(name=com.android.settings/com.android.settings.homepage.SettingsHomepageActivity)/@0xfbc7bfe on display:0: com.android.settings/com.android.settings.homepage.SettingsHomepageActivity
08-01 12:28:09.433 26996 27014 D SuggestionParser: Day 722 for com.android.settings.suggested.category.DEFERRED_SETUP
08-01 12:28:09.434 26996 27014 D CandidateSuggestionFilter: filterCandidates duration: 0
08-01 12:28:09.434 26996 27014 D SuggestionParser: Day 722 for com.android.settings.suggested.category.HIGH_PRIORITY
08-01 12:28:09.445 26996 27014 D CandidateSuggestionFilter: filterCandidates duration: 0
08-01 12:28:09.445 26996 27014 D SuggestionParser: Day 722 for com.android.settings.suggested.category.FIRST_IMPRESSION
08-01 12:28:09.454  3054  3054 I GoogleInputMethodService: GoogleInputMethodService.onFinishInput():3184 
08-01 12:28:09.455  3054  3054 I GoogleInputMethodService: GoogleInputMethodService.onStartInput():1830 
08-01 12:28:09.489 26959 26975 I chatty  : uid=1000(system) com.android.settings expire 1 line
08-01 12:28:09.493 26996 27028 D CandidateSuggestionFilter: Suggestion state result Bundle[{candidate_is_complete=true}]
08-01 12:28:09.499 26959 26976 I chatty  : uid=1000(system) com.android.settings expire 181 lines
08-01 12:28:09.499 26996 27027 D CandidateSuggestionFilter: Suggestion state result Bundle[{candidate_is_complete=true}]
08-01 12:28:09.499  2220  4738 I WindowManager: Window drawn AppWindowToken{7e7956e token=Token{17f94e9 ActivityRecord{be04970 u0 com.github.uiautomator/.MainActivity t60}}}
08-01 12:28:09.500 26959 27030 I chatty  : uid=1000(system) com.android.settings expire 4 lines
08-01 12:28:09.511 26996 27029 D CandidateSuggestionFilter: Suggestion state result Bundle[{candidate_is_complete=true}]
08-01 12:28:09.511 26996 27014 D CandidateSuggestionFilter: filterCandidates duration: 41
08-01 12:28:09.512 26996 27014 D CandidateSuggestionFilter: filterCandidates duration: 0
08-01 12:28:09.521 26996 27014 I chatty  : uid=10129(com.android.settings.intelligence) Binder:26996_3 identical 4 lines
08-01 12:28:09.521 26996 27014 D CandidateSuggestionFilter: filterCandidates duration: 0
08-01 12:28:09.532 26996 27014 I AccountEligibility: com.google.android.googlequicksearchbox/com.google.android.apps.gsa.speech.setupwizard.HotwordOptionalStep requires unavailable account type com.google
08-01 12:28:09.532 26996 27014 D CandidateSuggestionFilter: filterCandidates duration: 0
08-01 12:28:09.534 26996 27014 D CandidateSuggestionFilter: filterCandidates duration: 0
08-01 12:28:09.614  2220  3918 I chatty  : uid=1000(system) RenderThread expire 3 lines
08-01 12:28:09.746 19152 19152 D LifecycleMonitor: Lifecycle status change: com.github.uiautomator.MainActivity@1308319 in: STOPPED
08-01 12:28:10.300  1110 21386 I chatty  : uid=1002(bluetooth) POSIX timer 11 expire 2 lines
08-01 12:28:10.450  1110 21378 I chatty  : uid=1002(bluetooth) POSIX timer 8 expire 2 lines
08-01 12:28:10.846  2220  4014 I ActivityTaskManager: START u0 {act=android.settings.APP_SEARCH_SETTINGS pkg=com.android.settings.intelligence cmp=com.android.settings.intelligence/.search.SearchActivity (has extras)} from uid 1000
08-01 12:28:10.866 26996 26996 W ActivityThread: handleWindowVisibility: no activity for token android.os.BinderProxy@23475ab
08-01 12:28:10.867  2220  4738 V WindowManager: Changing focus from Window{3baa34e u0 com.android.settings/com.android.settings.homepage.SettingsHomepageActivity} to null displayId=0
08-01 12:28:10.968  4148  4188 D CBRUtil : isUAE = false
08-01 12:28:10.974  4148  4188 D CBRUtil : isSAU = false
08-01 12:28:10.978  4148  4188 D CBRUtil : isNZ = false
08-01 12:28:10.981  4148  4188 D CBRUtil : isNL = false
08-01 12:28:10.984  2220  4014 V WindowManager: Changing focus from null to Window{758ae36 u0 com.android.settings.intelligence/com.android.settings.intelligence.search.SearchActivity} displayId=0
08-01 12:28:10.986 26996 27037 I AdrenoGLES: QUALCOMM build                   : f2ab992, I401605978b
08-01 12:28:10.986 26996 27037 I AdrenoGLES: Build Date                       : 09/28/19
08-01 12:28:10.986 26996 27037 I AdrenoGLES: OpenGL ES Shader Compiler Version: EV031.27.05.01
08-01 12:28:10.986 26996 27037 I AdrenoGLES: Local Branch                     : 
08-01 12:28:10.986 26996 27037 I AdrenoGLES: Remote Branch                    : 
08-01 12:28:10.986 26996 27037 I AdrenoGLES: Remote Branch                    : 
08-01 12:28:10.986 26996 27037 I AdrenoGLES: Reconstruct Branch               : 
08-01 12:28:10.986 26996 27037 I AdrenoGLES: Build Config                     : S L 8.0.11 AArch64
08-01 12:28:10.994 26996 26996 W RenderThread: type=1400 audit(0.0:489): avc: denied { read } for uid=10129 name="gpu_model" dev="sysfs" ino=30970 scontext=u:r:priv_app:s0:c512,c768 tcontext=u:object_r:sysfs_kgsl:s0 tclass=file permissive=0
08-01 12:28:10.996 26996 27037 I AdrenoGLES: PFP: 0x005ff112, ME: 0x005ff066
08-01 12:28:10.998 26996 27037 W AdrenoUtils: <ReadGpuID_from_sysfs:194>: Failed to open /sys/class/kgsl/kgsl-3d0/gpu_model
08-01 12:28:10.998 26996 27037 W AdrenoUtils: <ReadGpuID:218>: Failed to read chip ID from gpu_model. Fallback to use the GSL path
08-01 12:28:11.001  1060  1060 D Zygote  : Forked child process 27043
08-01 12:28:11.004  2220  2345 I ActivityManager: Start proc 27043:com.android.emergency/u0a120 for content provider {com.android.emergency/com.android.emergency.EmergencySearchIndexablesProvider}
08-01 12:28:11.017 21337 22625 I chatty  : uid=1002(bluetooth) Binder:21337_8 expire 1 line
08-01 12:28:11.023 27043 27043 E droid.emergenc: Not starting debugger since process cannot load the jdwp agent.
08-01 12:28:11.024   847   847 I hwservicemanager: getTransport: Cannot find entry android.hardware.graphics.mapper@3.0::IMapper/default in either framework or device manifest.
08-01 12:28:11.024 26996 27037 W Gralloc3: mapper 3.x is not supported
08-01 12:28:11.031 21337 21354 I chatty  : uid=1002(bluetooth) Binder:21337_2 expire 1 line
08-01 12:28:11.052  2220  2336 I LaunchCheckinHandler: Displayed com.android.settings.intelligence/.search.SearchActivity,wp,ca,187
08-01 12:28:11.052  2220  2336 I WindowManager: Window drawn AppWindowToken{7c8106b token=Token{ccb59ba ActivityRecord{779cae5 u0 com.android.settings.intelligence/.search.SearchActivity t61}}}
08-01 12:28:11.057  2220  2336 I WindowManager:   SURFACE show Surface(name=com.android.settings.intelligence/com.android.settings.intelligence.search.SearchActivity)/@0x1b9a02b on display:0: com.android.settings.intelligence/com.android.settings.intelligence.search.SearchActivity
08-01 12:28:11.063  3054  3054 I GoogleInputMethodService: GoogleInputMethodService.onFinishInput():3184 
08-01 12:28:11.064  3054  3054 I GoogleInputMethodService: GoogleInputMethodService.onStartInput():1830 
08-01 12:28:11.065  2220  2343 I chatty  : uid=1000(system) android.bg expire 6 lines
08-01 12:28:11.069 26996 26996 I AssistStructure: Flattened final assist data: 2060 bytes, containing 1 windows, 13 views
08-01 12:28:11.073  3054  3054 I GoogleInputMethodService: GoogleInputMethodService.onStartInputView():1950 
08-01 12:28:11.081  1059  1642 I netd    : firewallSetUidRule(2, 10162, 1) <2.59ms>
08-01 12:28:11.086  3054  3054 I KeyboardViewUtil: KeyboardViewUtil.getKeyboardHeightRatio():168 systemKeyboardHeightRatio:1.000000; userKeyboardHeightRatio:1.000000.
08-01 12:28:11.087 21337 21374 I chatty  : uid=1002(bluetooth) BluetoothScanMa expire 1 line
08-01 12:28:11.088  3054  3054 I AndroidIME: AbstractIme.onActivate():84 LatinIme.onActivate() : EditorInfo = Package = com.android.settings.intelligence : Type = Text : Learning = Disable : Suggestion = Hide : AutoCorrection = Disable : Microphone = Show : NoPersonalizedLearning = Disable : AutoStartVoiceInput = Disable, IncognitoMode = false
08-01 12:28:11.088  3054  3054 I Delight5Facilitator: Delight5Facilitator.initializeForIme():566 initializeForIme() : Locale = [en_US], layout = qwerty
08-01 12:28:11.089  3054  3054 I VoiceInputManagerWrapper: VoiceInputManagerWrapper.cancelShutdown():55 cancelShutdown()
08-01 12:28:11.089  3054  3054 I VoiceInputManagerWrapper: VoiceInputManagerWrapper.syncLanguagePacks():67 syncLanguagePacks()
08-01 12:28:11.093  3054  3054 I LatinIme: LatinIme.updateEnableInlineSuggestionsOnDecoderSideFlags():1199 inline flag updated to:false
08-01 12:28:11.093  3054 12571 I SpeechFactory: SpeechRecognitionFactory.maybeScheduleAutoPackDownloadForFallback():160 maybeScheduleAutoPackDownloadForFallback()
08-01 12:28:11.094  3054 12571 I FallbackOnDeviceRecognitionProvider: FallbackOnDeviceRecognitionProvider.maybeScheduleAutoPackDownload():196 maybeScheduleAutoPackDownload() for language tag en-US
08-01 12:28:11.101  3237  3237 W lba     : Pending fill request while another request in the same session was triggered. [CONTEXT service_id=177 ]
08-01 12:28:11.103  3054  3054 I KeyboardWrapper: KeyboardWrapper.consumeEvent():281 Skip consuming an event as current keyboard is deactivated (state=0, keyboard existence=true)
08-01 12:28:11.111  3054  3054 I KeyboardViewUtil: KeyboardViewUtil.calculateMaxKeyboardBodyHeight():66 leave 375 height for app when screen height:2102, header height:132 and isFullscreenMode:false, so the max keyboard body height is:1595
08-01 12:28:11.116  3054  3054 I KeyboardViewUtil: KeyboardViewUtil.calculateMaxKeyboardBodyHeight():66 leave 375 height for app when screen height:2102, header height:132 and isFullscreenMode:false, so the max keyboard body height is:1595
08-01 12:28:11.117  3054  3054 W KeyboardModeManager: KeyboardModeManager.setInputView():302 setInputView() : inputView = com.google.android.apps.inputmethod.libs.framework.core.InputView{60c5d20 V.E...... ......ID 0,0-1080,2016}
08-01 12:28:11.118  3054  3054 I NormalModeController: NormalModeController.getKeyboardBodyViewHolderPaddingBottom():114 currentPrimeKeyboardType:SOFT systemPaddingBottom:-1
08-01 12:28:11.126  3054  3054 I VoiceImeExtension: VoiceImeExtension.shouldStartVoiceInputAutomatically():342 No private IME option set to start voice input.
08-01 12:28:11.154 26996 27040 W IndexableDataCollector: Cannot add index data for Uri: content://com.android.emergency/settings/non_indexables_key
08-01 12:28:11.165  2220  2336 I WindowManager:   SURFACE show Surface(name=InputMethod)/@0x8ab13a6 on display:0: InputMethod
08-01 12:28:11.180  2220  3590 I chatty  : uid=1000(system) Binder:2220_B expire 1 line
08-01 12:28:11.208  3054  3068 W putmethod.lati: Reducing the number of considered missed Gc histogram windows from 208 to 100
08-01 12:28:11.499  2220  2309 I WindowManager: Window drawn AppWindowToken{6b8932 token=Token{ef7ad3d ActivityRecord{74afe94 u0 com.android.settings/.homepage.SettingsHomepageActivity t61}}}
08-01 12:28:11.504 26959 26959 I chatty  : uid=1000(system) com.android.settings expire 108 lines
08-01 12:28:11.510  2220  2310 I chatty  : uid=1000(system) Binder:2220_2 expire 1 line
08-01 12:28:11.647  1060  1060 D Zygote  : Forked child process 27067
08-01 12:28:11.649  2220  2345 I ActivityManager: Start proc 27067:com.android.traceur/u0a93 for content provider {com.android.traceur/com.android.traceur.SearchProvider}
08-01 12:28:11.659 27067 27067 E android.traceu: Not starting debugger since process cannot load the jdwp agent.
08-01 12:28:11.721  3054 12569 I TiresiasImpl: TiresiasImpl.resetSession():1310 resetSession(): Reset failed, no active session.
08-01 12:28:11.730 26996 27040 W IndexableDataCollector: Cannot add index data for Uri: content://com.android.traceur/settings/non_indexables_key
08-01 12:28:11.749  1060  1060 D Zygote  : Forked child process 27092
08-01 12:28:11.752  2220  2345 I ActivityManager: Start proc 27092:com.google.android.apps.messaging/u0a158 for content provider {com.google.android.apps.messaging/com.google.android.apps.messaging.ui.appsettings.MessagesSearchIndexablesProvider}
08-01 12:28:11.761 27092 27092 E .apps.messagin: Not starting debugger since process cannot load the jdwp agent.
08-01 12:28:11.777  1059  1642 I netd    : firewallSetUidRule(2, 10158, 1) <3.14ms>
08-01 12:28:11.787 27092 27092 I .apps.messagin: The ClassLoaderContext is a special shared library.
08-01 12:28:11.821 27092 27092 W .apps.messagin: JIT profile information will not be recorded: profile file does not exits.
08-01 12:28:11.821 27092 27092 I chatty  : uid=10158(com.google.android.apps.messaging) identical 1 line
08-01 12:28:11.821 27092 27092 W .apps.messagin: JIT profile information will not be recorded: profile file does not exits.
08-01 12:28:11.830 27092 27092 I MultiDex: VM with version 2.1.0 has multidex support
08-01 12:28:11.830 27092 27092 I MultiDex: install
08-01 12:28:11.830 27092 27092 I MultiDex: VM has multidex support, MultiDex support library is disabled.
08-01 12:28:11.830 27092 27092 I MultiDex: install
08-01 12:28:11.830 27092 27092 I MultiDex: VM has multidex support, MultiDex support library is disabled.
08-01 12:28:11.844 27092 27092 I FirebaseInitProvider: FirebaseApp initialization successful
08-01 12:28:11.847 27092 27119 W DynamiteModule: Local module descriptor class for com.google.android.gms.measurement.dynamite not found.
08-01 12:28:11.855 27092 27119 I DynamiteModule: Considering local module com.google.android.gms.measurement.dynamite:0 and remote module com.google.android.gms.measurement.dynamite:17
08-01 12:28:11.855 27092 27119 I DynamiteModule: Selected remote version of com.google.android.gms.measurement.dynamite, version >= 17
08-01 12:28:11.855 27092 27119 V DynamiteModule: Dynamite loader version >= 2, using loadModule2NoCrashUtils
08-01 12:28:11.868 27092 27092 I ahvr    : SslGuard completed installation.
08-01 12:28:11.873 27092 27119 I DynamiteLoaderV2Impl: [71] Measurementdynamite
08-01 12:28:11.875 27092 27092 I Bugle   : BugleApplicationBase: Bugle version: 6.4.044 (acacia_rc10.phone_dynamic)
08-01 12:28:11.879  1060  1060 D Zygote  : Forked child process 27128
08-01 12:28:11.882  2220  2345 I ActivityManager: Start proc 27128:com.google.android.apps.wellbeing/u0a133 for content provider {com.google.android.apps.wellbeing/com.google.android.apps.wellbeing.searchindexables.impl.WellbeingSearchIndexablesProvider}
08-01 12:28:11.886 27092 27127 I PrimesApiImpl: background initialization
08-01 12:28:11.888 27092 27119 W .apps.messagin: ClassLoaderContext type mismatch. expected=PCL, found=DLC (PCL[] | DLC[];PCL[/data/app/com.google.android.apps.messaging-f_mpcGuogN6Gl4FiLpN_xQ==/base.apk*2646840639:/data/app/com.google.android.apps.messaging-f_mpcGuogN6Gl4FiLpN_xQ==/base.apk!classes2.dex*951849617:/data/app/com.google.android.apps.messaging-f_mpcGuogN6Gl4FiLpN_xQ==/base.apk!classes3.dex*984148036:/data/app/com.google.android.apps.messaging-f_mpcGuogN6Gl4FiLpN_xQ==/base.apk!classes4.dex*1421532133]{PCL[/system/framework/org.apache.http.legacy.jar*1038351580]})
08-01 12:28:11.890 27092 27119 W .apps.messagin: Found duplicate classes, falling back to extracting from APK : /data/user_de/0/com.google.android.gms/app_chimera/m/00000038/MeasurementDynamite.apk
08-01 12:28:11.890 27092 27119 W .apps.messagin: NOTE: This wastes RAM and hurts startup performance.
08-01 12:28:11.890 27092 27119 W .apps.messagin: Found duplicated class when checking oat files: 'La;' in /data/user_de/0/com.google.android.gms/app_chimera/m/00000038/MeasurementDynamite.apk and /data/app/com.google.android.apps.messaging-f_mpcGuogN6Gl4FiLpN_xQ==/base.apk
08-01 12:28:11.890 27092 27119 W .apps.messagin: 
08-01 12:28:11.892 27128 27128 E .apps.wellbein: Not starting debugger since process cannot load the jdwp agent.
08-01 12:28:11.908 27092 27147 I Bugle   : GServicesValues:
08-01 12:28:11.908 27092 27147 I Bugle   : bugle_enable_primes_crash_metrics: true
08-01 12:28:11.908 27092 27147 I Bugle   : bugle_enable_wap_push_si: true
08-01 12:28:11.908 27092 27147 I Bugle   : bugle_max_telemetry_upload_retries: 10
08-01 12:28:11.908 27092 27147 I Bugle   : bugle_sticker_set_list_version: 3
08-01 12:28:11.909  1059  1642 I netd    : firewallSetUidRule(2, 10133, 1) <2.89ms>
08-01 12:28:11.915 27092 27125 I CarrierServices: [1862] zow.a: Initializing Carrier Services Library.
08-01 12:28:11.919 27092 27119 W DynamiteModule: Local module descriptor class for com.google.android.gms.measurement.dynamite not found.
08-01 12:28:11.921 27092 27150 W .apps.messagin: Accessing hidden field Ljava/util/Collections$SynchronizedCollection;->mutex:Ljava/lang/Object; (greylist-max-o, reflection, denied)
08-01 12:28:11.921 27092 27150 W .apps.messagin: Accessing hidden method Ljava/util/Collections$SynchronizedSet;-><init>(Ljava/util/Set;Ljava/lang/Object;)V (greylist-max-o, reflection, denied)
08-01 12:28:11.922 27092 27150 W .apps.messagin: Accessing hidden method Ljava/util/Collections$SynchronizedCollection;-><init>(Ljava/util/Collection;Ljava/lang/Object;)V (greylist-max-o, reflection, denied)
08-01 12:28:11.922 27128 27128 I .apps.wellbein: The ClassLoaderContext is a special shared library.
08-01 12:28:11.922 27092 27125 I CarrierServices: [1862] zvx.b: Reinitialize CSLib Flags: com.google.android.ims.library
08-01 12:28:11.954 27128 27128 I MultiDex: VM with version 2.1.0 has multidex support
08-01 12:28:11.955 27128 27128 I MultiDex: install
08-01 12:28:11.955 27128 27128 I MultiDex: VM has multidex support, MultiDex support library is disabled.
08-01 12:28:11.977 27092 27125 I CarrierServices: [1862] zow.b: Initializing Carrier Services Logging.
08-01 12:28:11.979 27128 27128 I lnv     : SslGuard completed installation.
08-01 12:28:11.984 27128 27158 W .apps.wellbein: Accessing hidden field Ljava/util/Collections$SynchronizedCollection;->mutex:Ljava/lang/Object; (greylist-max-o, reflection, denied)
08-01 12:28:11.984 27128 27158 W .apps.wellbein: Accessing hidden method Ljava/util/Collections$SynchronizedSet;-><init>(Ljava/util/Set;Ljava/lang/Object;)V (greylist-max-o, reflection, denied)
08-01 12:28:11.984 27128 27158 W .apps.wellbein: Accessing hidden method Ljava/util/Collections$SynchronizedCollection;-><init>(Ljava/util/Collection;Ljava/lang/Object;)V (greylist-max-o, reflection, denied)
08-01 12:28:12.004 23873 23890 I DynamiteModule: Considering local module com.google.android.gms.googlecertificates:6 and remote module com.google.android.gms.googlecertificates:6
08-01 12:28:12.004 23873 23890 I DynamiteModule: Selected local version of com.google.android.gms.googlecertificates
08-01 12:28:12.031 27092 27125 I LogSaver: LogSaver new instance with filename: carrier_services
08-01 12:28:12.041 27092 27125 I BugleBackup: Registering preference change listener for "bugle".
08-01 12:28:12.076 27092 27123 I Bugle   : TelephonyManagerFactory: Returning per-subscription TelephonyManager (>= N) subscription{id:1}
08-01 12:28:12.085 27092 27123 I Bugle   : TelephonyManagerFactory: Returning per-subscription TelephonyManager (>= N) subscription{id:2147483647}
08-01 12:28:12.094 23873 27166 I ChmraDebugLogger: [71] GrowthUpgradeparty.optional
08-01 12:28:12.114 23873 27166 W .android.gms.u: ClassLoaderContext shared library size mismatch. Expected=0, found=3 (DLC[];PCL[/data/app/com.google.android.gms-WU0FfL6ZbL0EG7GwBvKlsQ==/base.apk*876919892:/data/app/com.google.android.gms-WU0FfL6ZbL0EG7GwBvKlsQ==/base.apk!classes2.dex*1754429723:/data/app/com.google.android.gms-WU0FfL6ZbL0EG7GwBvKlsQ==/base.apk!classes3.dex*2686943949:/data/app/com.google.android.gms-WU0FfL6ZbL0EG7GwBvKlsQ==/base.apk!classes4.dex*2728031163:/data/app/com.google.android.gms-WU0FfL6ZbL0EG7GwBvKlsQ==/base.apk!classes5.dex*3963899552:/data/app/com.google.android.gms-WU0FfL6ZbL0EG7GwBvKlsQ==/base.apk!classes6.dex*1443162834:/data/app/com.google.android.gms-WU0FfL6ZbL0EG7GwBvKlsQ==/base.apk!classes7.dex*1897118953] | DLC[];PCL[/data/app/com.google.android.gms-WU0FfL6ZbL0EG7GwBvKlsQ==/base.apk*876919892:/data/app/com.google.android.gms-WU0FfL6ZbL0EG7GwBvKlsQ==/base.apk!classes2.dex*1754429723:/data/app/com.google.android.gms-WU0FfL6ZbL0EG7GwBvKlsQ==/base.apk!classes3.dex*2686943949:/data/app/com.google.android.gms-WU0FfL6ZbL0EG7G
08-01 12:28:12.122 23873 27166 W .android.gms.u: Found duplicate classes, falling back to extracting from APK : /data/user_de/0/com.google.android.gms/app_chimera/m/0000003b/dl-GrowthUpgradeparty.optional_203615100008.apk
08-01 12:28:12.122 23873 27166 W .android.gms.u: NOTE: This wastes RAM and hurts startup performance.
08-01 12:28:12.122 23873 27166 W .android.gms.u: Found duplicated class when checking oat files: 'La;' in /data/user_de/0/com.google.android.gms/app_chimera/m/0000003b/dl-GrowthUpgradeparty.optional_203615100008.apk and /data/app/com.google.android.gms-WU0FfL6ZbL0EG7GwBvKlsQ==/base.apk
08-01 12:28:12.122 23873 27166 W .android.gms.u: 
08-01 12:28:12.191 23873 27169 I CAR.DRIVINGMODE: DrivingMode Settings Indexed from the location module
08-01 12:28:12.192 27092 27153 I FA      : App measurement initialized, version: 32023
08-01 12:28:12.192 27092 27153 I FA      : To enable debug logging run: adb shell setprop log.tag.FA VERBOSE
08-01 12:28:12.192 27092 27153 I FA      : To enable faster debug mode event logging run:
08-01 12:28:12.192 27092 27153 I FA      :   adb shell setprop debug.firebase.analytics.app com.google.android.apps.messaging
08-01 12:28:12.263  3054 12569 I TiresiasImpl: TiresiasImpl.resetSession():1310 resetSession(): Reset failed, no active session.
08-01 12:28:12.288  4503 19994 I CarrierServices: [320] dll.a: Received Provisioning Event: [Bugle information (100)]
08-01 12:28:12.301  4503 19994 I CarrierServices: [320] dll.a: JibeService is running, passing event to provisioning engine.
08-01 12:28:12.311  4503 19994 I CarrierServices: [320] cyr.a: Handling Provisioning Event: [Bugle information (100)]
08-01 12:28:12.316  4503 19994 I CarrierServices: [320] czb.a: RcsAvailabilityManager: Calculating Rcs Availability
08-01 12:28:12.332 23873 27166 I ChmraDebugLogger: [71] Nearby.integ
08-01 12:28:12.346 23873 27166 W .android.gms.u: ClassLoaderContext type mismatch. expected=PCL, found=DLC (PCL[] | DLC[];PCL[/data/app/com.google.android.gms-WU0FfL6ZbL0EG7GwBvKlsQ==/base.apk*876919892:/data/app/com.google.android.gms-WU0FfL6ZbL0EG7GwBvKlsQ==/base.apk!classes2.dex*1754429723:/data/app/com.google.android.gms-WU0FfL6ZbL0EG7GwBvKlsQ==/base.apk!classes3.dex*2686943949:/data/app/com.google.android.gms-WU0FfL6ZbL0EG7GwBvKlsQ==/base.apk!classes4.dex*2728031163:/data/app/com.google.android.gms-WU0FfL6ZbL0EG7GwBvKlsQ==/base.apk!classes5.dex*3963899552:/data/app/com.google.android.gms-WU0FfL6ZbL0EG7GwBvKlsQ==/base.apk!classes6.dex*1443162834:/data/app/com.google.android.gms-WU0FfL6ZbL0EG7GwBvKlsQ==/base.apk!classes7.dex*1897118953]{PCL[/system/framework/org.apache.http.legacy.jar*1038351580]#PCL[/system/framework/com.android.media.remotedisplay.jar*2562557801]#PCL[/system/framework/com.android.location.provider.jar*2174102052]})
08-01 12:28:12.350 23873 27166 W .android.gms.u: Found duplicate classes, falling back to extracting from APK : /data/user_de/0/com.google.android.gms/app_chimera/m/0000002f/dl-Nearby.integ_203704005100400.apk
08-01 12:28:12.350 23873 27166 W .android.gms.u: NOTE: This wastes RAM and hurts startup performance.
08-01 12:28:12.350 23873 27166 W .android.gms.u: Found duplicated class when checking oat files: 'La;' in /data/app/com.google.android.gms-WU0FfL6ZbL0EG7GwBvKlsQ==/base.apk and /data/user_de/0/com.google.android.gms/app_chimera/m/0000002f/dl-Nearby.integ_203704005100400.apk
08-01 12:28:12.350 23873 27166 W .android.gms.u: 
08-01 12:28:12.396  3054 12569 I TiresiasImpl: TiresiasImpl.resetSession():1310 resetSession(): Reset failed, no active session.
08-01 12:28:12.396  4503 19994 I CarrierServices: [320] czb.a: Bugle has minimum required RCS permissions: true
08-01 12:28:12.418  4503 19994 I CarrierServices: [320] day.d: RCS Configuration storage in Bugle is disabled by p/h flag, using ProvisioningEngineStateCacheUtil.getProvisioningConfigurationForGivenSim()
08-01 12:28:12.445  4503 19994 I CarrierServices: [320] czb.a: Rcs multi sim is disabled defaultSub mismatch defaultDataSub
08-01 12:28:12.460  4503 19994 I CarrierServices: [320] day.a: Rcs is enabled from user settings: true
08-01 12:28:12.469  4503 19994 I CarrierServices: [320] day.b: Bugle is default SMS app: true
08-01 12:28:12.475  4503 19994 I CarrierServices: [320] dci.a: Using MCC based URL
08-01 12:28:12.481  4503 19994 I CarrierServices: [320] dci.a: Prepending "http" to URL hashed-pii:uri[[_ShN2CzsSRUnh-swk9lGc7NMCHfA8q3qKYIAvpVtIlQ]]
08-01 12:28:12.489  4503 19994 I CarrierServices: [320] day.d: RCS Configuration storage in Bugle is disabled by p/h flag, using ProvisioningEngineStateCacheUtil.getProvisioningConfigurationForGivenSim()
08-01 12:28:12.497  2220  2776 I chatty  : uid=1000(system) Binder:2220_4 expire 2 lines
08-01 12:28:12.497  4503 19994 I CarrierServices: [320] day.d: RCS Configuration storage in Bugle is disabled by p/h flag, using ProvisioningEngineStateCacheUtil.getProvisioningConfigurationForGivenSim()
08-01 12:28:12.497  2954  3541 W TelephonyPermissions: reportAccessDeniedToReadIdentifiers:com.mobile.indiapp:getSubscriberId:isPreinstalled=false:isPrivApp=false
08-01 12:28:12.502  2954  3541 W TelephonyPermissions: reportAccessDeniedToReadIdentifiers:com.mobile.indiapp:getDeviceId:isPreinstalled=false:isPrivApp=false
08-01 12:28:12.503 10950 11426 W System.err: java.net.SocketTimeoutException: failed to connect to /180.179.9.96 (port 44353) from /192.168.122.158 (port 42504) after 10000ms
08-01 12:28:12.503 10950 11426 W System.err: 	at libcore.io.IoBridge.connectErrno(IoBridge.java:191)
08-01 12:28:12.503 10950 11426 W System.err: 	at libcore.io.IoBridge.connect(IoBridge.java:135)
08-01 12:28:12.503 10950 11426 W System.err: 	at java.net.PlainSocketImpl.socketConnect(PlainSocketImpl.java:142)
08-01 12:28:12.503 10950 11426 W System.err: 	at java.net.AbstractPlainSocketImpl.doConnect(AbstractPlainSocketImpl.java:390)
08-01 12:28:12.503 10950 11426 W System.err: 	at java.net.AbstractPlainSocketImpl.connectToAddress(AbstractPlainSocketImpl.java:230)
08-01 12:28:12.503 10950 11426 W System.err: 	at java.net.AbstractPlainSocketImpl.connect(AbstractPlainSocketImpl.java:212)
08-01 12:28:12.503 10950 11426 W System.err: 	at java.net.SocksSocketImpl.connect(SocksSocketImpl.java:436)
08-01 12:28:12.503 10950 11426 W System.err: 	at java.net.Socket.connect(Socket.java:621)
08-01 12:28:12.503 10950 11426 W System.err: 	at b.a.g.a.a(Unknown Source:0)
08-01 12:28:12.503 10950 11426 W System.err: 	at b.a.b.c.a(Unknown Source:56)
08-01 12:28:12.503 10950 11426 W System.err: 	at b.a.b.c.a(Unknown Source:157)
08-01 12:28:12.503 10950 11426 W System.err: 	at b.a.b.g.a(Unknown Source:139)
08-01 12:28:12.503 10950 11426 W System.err: 	at b.a.b.g.a(Unknown Source:0)
08-01 12:28:12.503 10950 11426 W System.err: 	at b.a.b.g.a(Unknown Source:18)
08-01 12:28:12.503 10950 11426 W System.err: 	at b.a.b.a.a(Unknown Source:26)
08-01 12:28:12.503 10950 11426 W System.err: 	at b.a.c.g.a(Unknown Source:158)
08-01 12:28:12.503 10950 11426 W System.err: 	at b.a.c.g.a(Unknown Source:6)
08-01 12:28:12.503 10950 11426 W System.err: 	at b.a.a.a.a(Unknown Source:138)
08-01 12:28:12.503 10950 11426 W System.err: 	at b.a.c.g.a(Unknown Source:158)
08-01 12:28:12.503 10950 11426 W System.err: 	at b.a.c.g.a(Unknown Source:6)
08-01 12:28:12.503 10950 11426 W System.err: 	at b.a.c.a.a(Unknown Source:175)
08-01 12:28:12.503 10950 11426 W System.err: 	at b.a.c.g.a(Unknown Source:158)
08-01 12:28:12.503 10950 11426 W System.err: 	at b.a.c.j.a(Unknown Source:58)
08-01 12:28:12.503 10950 11426 W System.err: 	at b.a.c.g.a(Unknown Source:158)
08-01 12:28:12.504 10950 11426 W System.err: 	at b.a.c.g.a(Unknown Source:6)
08-01 12:28:12.504 10950 11426 W System.err: 	at b.z.h(Unknown Source:93)
08-01 12:28:12.504 10950 11426 W System.err: 	at b.z.b(Unknown Source:33)
08-01 12:28:12.504 10950 11426 W System.err: 	at com.mobile.indiapp.e.a.h.a(Unknown Source:15)
08-01 12:28:12.504 10950 11426 W System.err: 	at com.mobile.indiapp.e.a.f.a(Unknown Source:108)
08-01 12:28:12.504 10950 11426 W System.err: 	at com.mobile.indiapp.e.a$2.a(Unknown Source:10)
08-01 12:28:12.504 10950 11426 W System.err: 	at b.a.b.f.a(Unknown Source:175)
08-01 12:28:12.504 10950 11426 W System.err: 	at b.a.b.f.d(Unknown Source:69)
08-01 12:28:12.504 10950 11426 W System.err: 	at b.a.b.f.b(Unknown Source:29)
08-01 12:28:12.504 10950 11426 W System.err: 	at b.a.b.g.a(Unknown Source:81)
08-01 12:28:12.504 10950 11426 W System.err: 	at b.a.b.g.a(Unknown Source:0)
08-01 12:28:12.504 10950 11426 W System.err: 	at b.a.b.g.a(Unknown Source:18)
08-01 12:28:12.504 10950 11426 W System.err: 	at b.a.b.a.a(Unknown Source:26)
08-01 12:28:12.504 10950 11426 W System.err: 	at b.a.c.g.a(Unknown Source:158)
08-01 12:28:12.504 10950 11426 W System.err: 	at b.a.c.g.a(Unknown Source:6)
08-01 12:28:12.504 10950 11426 W System.err: 	at b.a.a.a.a(Unknown Source:138)
08-01 12:28:12.504 10950 11426 W System.err: 	at b.a.c.g.a(Unknown Source:158)
08-01 12:28:12.504 10950 11426 W System.err: 	at b.a.c.g.a(Unknown Source:6)
08-01 12:28:12.504 10950 11426 W System.err: 	at b.a.c.a.a(Unknown Source:175)
08-01 12:28:12.504 10950 11426 W System.err: 	at b.a.c.g.a(Unknown Source:158)
08-01 12:28:12.504 10950 11426 W System.err: 	at b.a.c.j.a(Unknown Source:58)
08-01 12:28:12.504 10950 11426 W System.err: 	at b.a.c.g.a(Unknown Source:158)
08-01 12:28:12.504 10950 11426 W System.err: 	at b.a.c.g.a(Unknown Source:6)
08-01 12:28:12.504 10950 11426 W System.err: 	at com.mobile.indiapp.n.h.a(Unknown Source:14)
08-01 12:28:12.504 10950 11426 W System.err: 	at b.a.c.g.a(Unknown Source:158)
08-01 12:28:12.504 10950 11426 W System.err: 	at b.a.c.g.a(Unknown Source:6)
08-01 12:28:12.504 10950 11426 W System.err: 	at b.z.h(Unknown Source:93)
08-01 12:28:12.504 10950 11426 W System.err: 	at b.z.b(Unknown Source:33)
08-01 12:28:12.504 10950 11426 W System.err: 	at com.mobile.indiapp.x.a.a(Unknown Source:55)
08-01 12:28:12.504 10950 11426 W System.err: 	at com.wa.base.wa.e.a$b.a(Unknown Source:388)
08-01 12:28:12.504 10950 11426 W System.err: 	at com.wa.base.wa.e.a$b$d.run(Unknown Source:171)
08-01 12:28:12.504 10950 11426 W System.err: 	at com.wa.base.wa.e.a$a.run(Unknown Source:8)
08-01 12:28:12.504 10950 11426 W System.err: 	at com.wa.base.wa.g.a$1.run(Unknown Source:9)
08-01 12:28:12.504 10950 11426 W System.err: 	at android.os.Handler.handleCallback(Handler.java:883)
08-01 12:28:12.504 10950 11426 W System.err: 	at android.os.Handler.dispatchMessage(Handler.java:100)
08-01 12:28:12.504 10950 11426 W System.err: 	at android.os.Looper.loop(Looper.java:241)
08-01 12:28:12.504 10950 11426 W System.err: 	at android.os.HandlerThread.run(HandlerThread.java:67)
08-01 12:28:12.506  1059 27186 E ResolverController: No valid NAT64 prefix (101, <unspecified>/0)
08-01 12:28:12.508  4503 19994 I CarrierServices: [320] due.b: Checking if using CarrierServices.apk is possible. Enabled: true, isAtLeastM: true, runningInsideBugle: false
08-01 12:28:12.513  4503 19994 I CarrierServices: [320] bki.onCsLibPhenotypeUpdated: BindingManager: binding and reset P/H Flag stay same
08-01 12:28:12.517  4503 19994 I CarrierServices: [320] czb.a: RcsAvailabilityManager: Rcs Availability still DISABLED_SIM_ABSENT (RCS is disabled due to SIM absent)
08-01 12:28:12.596 22755 22773 W DynamiteModule: Local module descriptor class for com.google.android.gms.googlecertificates not found.
08-01 12:28:12.607 22755 22773 I DynamiteModule: Considering local module com.google.android.gms.googlecertificates:0 and remote module com.google.android.gms.googlecertificates:6
08-01 12:28:12.608 22755 22773 I DynamiteModule: Selected remote version of com.google.android.gms.googlecertificates, version >= 6
08-01 12:28:12.608 22755 22773 V DynamiteModule: Dynamite loader version >= 2, using loadModule2NoCrashUtils
08-01 12:28:12.609  3237  7697 E TapAndPay: Unparameterized operation failed [CONTEXT service_id=79 ]
08-01 12:28:12.609  3237  7697 E TapAndPay: java.lang.IllegalStateException: No current tap-and-pay account
08-01 12:28:12.609  3237  7697 E TapAndPay: 	at auwm.a(:com.google.android.gms@203615039@20.36.15 (120408-333172415):5)
08-01 12:28:12.609  3237  7697 E TapAndPay: 	at auwm.a(:com.google.android.gms@203615039@20.36.15 (120408-333172415):2)
08-01 12:28:12.609  3237  7697 E TapAndPay: 	at avuy.b(:com.google.android.gms@203615039@20.36.15 (120408-333172415):2)
08-01 12:28:12.609  3237  7697 E TapAndPay: 	at avwp.a(:com.google.android.gms@203615039@20.36.15 (120408-333172415):3)
08-01 12:28:12.609  3237  7697 E TapAndPay: 	at aald.run(:com.google.android.gms@203615039@20.36.15 (120408-333172415):11)
08-01 12:28:12.609  3237  7697 E TapAndPay: 	at bony.run(:com.google.android.gms@203615039@20.36.15 (120408-333172415):2)
08-01 12:28:12.609  3237  7697 E TapAndPay: 	at svu.b(:com.google.android.gms@203615039@20.36.15 (120408-333172415):12)
08-01 12:28:12.609  3237  7697 E TapAndPay: 	at svu.run(:com.google.android.gms@203615039@20.36.15 (120408-333172415):7)
08-01 12:28:12.609  3237  7697 E TapAndPay: 	at java.util.concurrent.ThreadPoolExecutor.runWorker(ThreadPoolExecutor.java:1167)
08-01 12:28:12.609  3237  7697 E TapAndPay: 	at java.util.concurrent.ThreadPoolExecutor$Worker.run(ThreadPoolExecutor.java:641)
08-01 12:28:12.609  3237  7697 E TapAndPay: 	at tbu.run(:com.google.android.gms@203615039@20.36.15 (120408-333172415):0)
08-01 12:28:12.609  3237  7697 E TapAndPay: 	at java.lang.Thread.run(Thread.java:919)
08-01 12:28:12.610  3237  7697 E AsyncOperation: serviceID=79, operation=GetAllCards [CONTEXT service_id=259 ]
