07-28 11:07:13.469  4201  4261 D CCodecConfig: no c2 equivalents for flags
07-28 11:07:13.473  4201  4261 D CCodecConfig: c2 config diff is   c2::u32 raw.channel-count.value = 2
07-28 11:07:13.473  4201  4261 D CCodecConfig:   c2::u32 raw.sample-rate.value = 44100
07-28 11:07:13.474  4201  4261 W Codec2Client: query -- param skipped: index = 1107298332.
07-28 11:07:13.474  4201  4261 D CCodec  : setup formats input: AMessage(what = 0x00000000) = {
07-28 11:07:13.474  4201  4261 D CCodec  :   int32_t channel-count = 2
07-28 11:07:13.474  4201  4261 D CCodec  :   int32_t max-input-size = 32768
07-28 11:07:13.474  4201  4261 D CCodec  :   string mime = "audio/vorbis"
07-28 11:07:13.474  4201  4261 D CCodec  :   int32_t sample-rate = 44100
07-28 11:07:13.474  4201  4261 D CCodec  : } and output: AMessage(what = 0x00000000) = {
07-28 11:07:13.474  4201  4261 D CCodec  :   int32_t channel-count = 2
07-28 11:07:13.474  4201  4261 D CCodec  :   string mime = "audio/raw"
07-28 11:07:13.474  4201  4261 D CCodec  :   int32_t sample-rate = 44100
07-28 11:07:13.474  4201  4261 D CCodec  :   int32_t channel-mask = 3
07-28 11:07:13.474  4201  4261 D CCodec  : }
07-28 11:07:13.476  4201  4261 W Codec2Client: query -- param skipped: index = 1342179345.
07-28 11:07:13.476  4201  4261 W Codec2Client: query -- param skipped: index = 2415921170.
07-28 11:07:13.476  4201  4261 E FMQ     : grantorIdx must be less than 3
07-28 11:07:13.476  4201  4261 E FMQ     : grantorIdx must be less than 3
07-28 11:07:13.476  4201  4261 D CCodecBufferChannel: [c2.android.vorbis.decoder#12] Created input block pool with allocatorID 16 => poolID 21 - OK (0)
07-28 11:07:13.477   438   438 E FMQ     : grantorIdx must be less than 3
07-28 11:07:13.477   438   438 E FMQ     : grantorIdx must be less than 3
07-28 11:07:13.478  4201  4261 I CCodecBufferChannel: [c2.android.vorbis.decoder#12] Created output block pool with allocatorID 16 => poolID 42 - OK
07-28 11:07:13.479  4201  4261 D CCodecBufferChannel: [c2.android.vorbis.decoder#12] Configured output block pool ids 42 => OK
07-28 11:07:13.479   438  4262 D SimpleC2Component: Using output block pool with poolID 42 => got 42 - 0
07-28 11:07:13.480  4201  4261 E FMQ     : grantorIdx must be less than 3
07-28 11:07:13.481   438  1016 E FMQ     : grantorIdx must be less than 3
07-28 11:07:13.492   438  4262 E FMQ     : grantorIdx must be less than 3
07-28 11:07:13.493  4201  4240 E FMQ     : grantorIdx must be less than 3
07-28 11:07:13.510  4201  4254 D CCodecBufferChannel: [c2.android.vorbis.decoder#370] MediaCodec discarded an unknown buffer
07-28 11:07:13.511  4201  4254 I chatty  : uid=10091(com.android.camera2) NDK MediaCodec_ identical 1 line
07-28 11:07:13.511  4201  4254 D CCodecBufferChannel: [c2.android.vorbis.decoder#370] MediaCodec discarded an unknown buffer
07-28 11:07:13.516  4201  4254 I hw-BpHwBinder: onLastStrongRef automatically unlinking death recipients
07-28 11:07:13.549  4201  4246 I CAM_Profiler: [197.329ms] GUARD: CaptureModule.openCameraAndStartPreview() - [197.128ms] mOneCameraOpener.open()
07-28 11:07:13.549  4201  4246 I CAM_Profiler: [197.329ms] GUARD: CaptureModule.openCameraAndStartPreview() - STOP
07-28 11:07:13.448   295   295 W HwBinder:295_4: type=1400 audit(0.0:74): avc: denied { read } for name="u:object_r:default_prop:s0" dev="tmpfs" ino=8302 scontext=u:r:hal_camera_default:s0 tcontext=u:object_r:default_prop:s0 tclass=file permissive=0
07-28 11:07:13.565  4201  4242 I CAM_OneCamCreator: Camera support level: LIMITED_YUV
07-28 11:07:13.574  4201  4242 I CAM_OneCamCreator: Picture Size Configuration: PictureSizeCalculator.Configuration{native size=1280x960, crop=Rect(0, 0 - 1280, 960)}
07-28 11:07:13.580  4201  4242 D CAM_CaptureModule: onCameraOpened: com.android.camera.one.v2.initialization.GenericOneCameraImpl@c53531f
07-28 11:07:13.581  4201  4242 D CAM_CaptureModule: starting preview ...
07-28 11:07:13.583  4201  4261 D CCodecBufferChannel: [c2.android.vorbis.decoder#12] MediaCodec discarded an unknown buffer
07-28 11:07:13.584  4201  4261 I chatty  : uid=10091(com.android.camera2) NDK MediaCodec_ identical 1 line
07-28 11:07:13.584  4201  4261 D CCodecBufferChannel: [c2.android.vorbis.decoder#12] MediaCodec discarded an unknown buffer
07-28 11:07:13.587  4201  4261 I hw-BpHwBinder: onLastStrongRef automatically unlinking death recipients
07-28 11:07:13.587   438   438 I hw-BpHwBinder: onLastStrongRef automatically unlinking death recipients
07-28 11:07:13.589   438   438 V C2Store : in ~ComponentModule
07-28 11:07:13.589   438   438 V C2Store : unloading dll
07-28 11:07:13.593   414   414 W CameraDeviceClient: createSurfaceFromGbp: Camera 0 with consumer usage flag: 256: Forcing asynchronous mode for stream
07-28 11:07:13.594   414   414 W CameraDeviceClient: createSurfaceFromGbp: Camera 0: Overriding format 0x1 to IMPLEMENTATION_DEFINED
07-28 11:07:13.597   414   414 E Camera3-Device: configureStreams: Stream 0: DataSpace override not allowed for format 0x23
07-28 11:07:13.624   527   557 D EventSequenceValidator: Transition from ACTIVITY_LAUNCHED to ACTIVITY_FINISHED
07-28 11:07:13.633   527   564 D ArtManagerInternalImpl: /data/misc/iorapd/com.android.camera2/20002170/com.android.camera.CameraLauncher/compiled_traces/compiled_trace.pb doesn't exist
07-28 11:07:13.634   527   564 I ActivityTaskManager: Displayed com.android.camera2/com.android.camera.CameraLauncher: +1s193ms
07-28 11:07:13.646  4201  4201 V CAM_FilmstripView: suggesting item bounds: 1080x1977
07-28 11:07:13.646  4201  4201 V CAM_FilmstripView: getRecycledView, recycled=false
07-28 11:07:13.647  4201  4201 D HostConnection: HostConnection::get() New Host Connection established 0xf4411650, tid 4201
07-28 11:07:13.654   414   414 D Camera3-Device: Set real time priority for request queue thread (tid 4265)
07-28 11:07:13.654  4201  4201 D HostConnection: HostComposition ext ANDROID_EMU_CHECKSUM_HELPER_v1 ANDROID_EMU_native_sync_v2 ANDROID_EMU_native_sync_v3 ANDROID_EMU_native_sync_v4 ANDROID_EMU_dma_v1 ANDROID_EMU_direct_mem ANDROID_EMU_host_composition_v1 ANDROID_EMU_host_composition_v2 ANDROID_EMU_vulkan ANDROID_EMU_deferred_vulkan_commands ANDROID_EMU_vulkan_null_optional_strings ANDROID_EMU_vulkan_create_resources_with_requirements ANDROID_EMU_YUV_Cache ANDROID_EMU_vulkan_ignored_handles ANDROID_EMU_has_shared_slots_host_memory_allocator ANDROID_EMU_vulkan_free_memory_sync ANDROID_EMU_vulkan_shader_float16_int8 ANDROID_EMU_vulkan_async_queue_submit ANDROID_EMU_sync_buffer_data ANDROID_EMU_read_color_buffer_dma GL_OES_vertex_array_object GL_KHR_texture_compression_astc_ldr ANDROID_EMU_host_side_tracing ANDROID_EMU_gles_max_version_2 
07-28 11:07:13.685  4201  4201 D EGL_emulation: eglCreateContext: 0xf442c230: maj 2 min 0 rcv 2
07-28 11:07:13.713  4201  4201 D EGL_emulation: eglMakeCurrent: 0xf442c230: ver 2 0 (tinfo 0xf4777e10) (first time)
07-28 11:07:13.722  4201  4201 D CAM_FilmstripView: reload() - Ensure all items are loaded at max size.
07-28 11:07:13.722  4201  4201 I CAM_FilmstripView: [ViewItem:0] mData.renderThumbnail()
07-28 11:07:13.722  4201  4242 V CAM_SettingsManager: listeners: [com.android.camera.app.CameraAppUI@1f070ae, com.android.camera.ButtonManager@b14606b, com.android.camera.widget.IndicatorIconController@aee0061, com.android.camera.settings.SettingObserver$Listener@f4864a0]
07-28 11:07:13.724  4201  4246 V CAM_CameraDataAdapter: updating media metadata with photos newer than id: 31
07-28 11:07:13.727  4201  4201 W CAM_IndicatorIconCtrlr: Trying to sync a pano indicator that is not initialized.
07-28 11:07:13.727  4201  4272 D CAM_CommandExecutor: Executing command: com.android.camera.one.v2.commands.PreviewCommand@9255cf7 START
07-28 11:07:13.731  4201  4201 V CAM_FocusController: configurePreviewDimensions(RectF(NaN, NaN, NaN, NaN))
07-28 11:07:13.731  4201  4201 I CAM_FocusRingView: Computing center via view bounds.
07-28 11:07:13.739  4201  4201 V CAM_FocusController: configurePreviewDimensions(RectF(NaN, NaN, NaN, NaN))
07-28 11:07:13.739  4201  4201 I CAM_FocusRingView: Computing center via view bounds.
07-28 11:07:13.739  4201  4201 V CAM_FocusController: configurePreviewDimensions(RectF(NaN, NaN, NaN, NaN))
07-28 11:07:13.739  4201  4201 I CAM_FocusRingView: Computing center via view bounds.
07-28 11:07:13.739  4201  4201 D CAM_CaptureModule: Ready for capture.
07-28 11:07:13.739  4201  4201 V CAM_CameraAppUI: onPreviewStarted
07-28 11:07:13.743  4201  4272 D CAM_CommandExecutor: Executing command: com.android.camera.one.v2.commands.PreviewCommand@9255cf7 END
07-28 11:07:13.743   174   174 I hwservicemanager: getTransport: Cannot find entry android.hardware.graphics.allocator@4.0::IAllocator/default in either framework or device manifest.
07-28 11:07:13.744  4201  4221 W Gralloc4: allocator 3.x is not supported
07-28 11:07:13.746   303   303 D goldfish-address-space: claimShared: Ask to claim region [0x3f7c96000 0x3f7e58000]
07-28 11:07:13.759   303   303 D goldfish-address-space: claimShared: Ask to claim region [0x3f4fb9000 0x3f517b000]
07-28 11:07:13.761  4201  4201 V CAM_CameraDataAdapter: new photos query return num items: 0
07-28 11:07:14.446   303   303 D goldfish-address-space: claimShared: Ask to claim region [0x3f6283000 0x3f6445000]
07-28 11:07:14.471   711   711 I Choreographer: Skipped 41 frames!  The application may be doing too much work on its main thread.
07-28 11:07:14.511   303   303 D goldfish-address-space: claimShared: Ask to claim region [0x3f6445000 0x3f6607000]
07-28 11:07:14.515  4201  4201 D CAM_CaptureModule: onSurfaceTextureUpdated --> updatePreviewTransform
07-28 11:07:14.515  4201  4201 D CAM_CaptureModule: updatePreviewTransform: 1080 x 1977
07-28 11:07:14.516  4201  4201 V CAM_TexViewHelper: setAspectRatio: 1.3333334
07-28 11:07:14.516  4201  4201 V CAM_TexViewHelper: aspect ratio changed from: NaN
07-28 11:07:14.516  4201  4201 V CAM_CameraAppUI: hiding cover via onSurfaceTextureUpdated
07-28 11:07:14.516  4201  4201 D CameraPerformanceTracker: First preview frame received
07-28 11:07:14.549   335   385 E SurfaceFlinger: setDesiredDisplayConfigSpecs: failed to call setDesiredDisplayConfigSpecs: -22
07-28 11:07:14.550   527   557 E SurfaceFlinger: setDesiredDisplayConfigSpecs failed to transact: -22
07-28 11:07:14.555  4201  4201 V CAM_CaptureModule: AF status is state:INACTIVE
07-28 11:07:14.560   711  1195 I OpenGLRenderer: Davey! duration=703ms; Flags=0, IntendedVsync=510304438408, Vsync=510987771714, OldestInputEvent=9223372036854775807, NewestInputEvent=0, HandleInputStart=510997291100, AnimationStart=510997667200, PerformTraversalsStart=510997948200, DrawStart=510998027600, SyncQueued=510998046800, SyncStart=511073988800, IssueDrawCommandsStart=511074026900, SwapBuffers=511075805100, FrameCompleted=511083784100, DequeueBufferDuration=673100, QueueBufferDuration=504500, GpuCompleted=313021712200, 
07-28 11:07:14.580   303   303 D goldfish-address-space: claimShared: Ask to claim region [0x3f6607000 0x3f67c9000]
07-28 11:07:14.622   711  1195 I OpenGLRenderer: Davey! duration=830ms; Flags=0, IntendedVsync=510304438408, Vsync=510987771714, OldestInputEvent=9223372036854775807, NewestInputEvent=0, HandleInputStart=510997291100, AnimationStart=510997667200, PerformTraversalsStart=510997948200, DrawStart=511074190200, SyncQueued=511074204000, SyncStart=511085181300, IssueDrawCommandsStart=511085294600, SwapBuffers=511121120700, FrameCompleted=511146038700, DequeueBufferDuration=71400, QueueBufferDuration=395500, GpuCompleted=44913873500, 
07-28 11:07:14.628  4201  4201 V CAM_FocusController: configurePreviewDimensions(RectF(0.0, 207.0, 1080.0, 1647.0))
07-28 11:07:14.628  4201  4201 I CAM_FocusRingView: Computing center via preview size.
07-28 11:07:14.630   326   326 I android.hardware.vibrator-service.example: Vibrator reporting capabilities
07-28 11:07:14.631   326   326 I android.hardware.vibrator-service.example: Vibrator off
07-28 11:07:14.633   326   326 I android.hardware.vibrator-service.example: Vibrator perform
07-28 11:07:14.633   326  4275 I android.hardware.vibrator-service.example: Starting perform on another thread
07-28 11:07:14.639   527  1202 I system_server: oneway function results will be dropped but finished with status OK and parcel size 4
07-28 11:07:14.734   527   554 D AutofillManagerService: Close system dialogs
07-28 11:07:14.734   326  4275 I android.hardware.vibrator-service.example: Notifying perform complete
07-28 11:07:14.735   527   555 I ActivityTaskManager: START u0 {act=android.intent.action.MAIN cat=[android.intent.category.HOME] flg=0x10000100 cmp=com.android.launcher3/.uioverrides.QuickstepLauncher (has extras)} from uid 0
07-28 11:07:14.735   527   557 D EventSequenceValidator: Transition from ACTIVITY_FINISHED to INTENT_STARTED
07-28 11:07:14.735   326   326 I android.hardware.vibrator-service.example: Vibrator off
07-28 11:07:14.739   527  1202 I system_server: oneway function results will be dropped but finished with status OK and parcel size 4
07-28 11:07:14.740   527   555 W InputReader: Device virtio_input_multi_touch_9 is associated with display ADISPLAY_ID_NONE.
07-28 11:07:14.740   527   555 W InputReader: Device virtio_input_multi_touch_7 is associated with display ADISPLAY_ID_NONE.
07-28 11:07:14.740   527   555 W InputReader: Device virtio_input_multi_touch_6 is associated with display ADISPLAY_ID_NONE.
07-28 11:07:14.740   527   555 W InputReader: Device virtio_input_multi_touch_3 is associated with display ADISPLAY_ID_NONE.
07-28 11:07:14.740   527   555 W InputReader: Device virtio_input_multi_touch_10 is associated with display ADISPLAY_ID_NONE.
07-28 11:07:14.741   527   555 W InputReader: Device virtio_input_multi_touch_8 is associated with display ADISPLAY_ID_NONE.
07-28 11:07:14.741   527   555 W InputReader: Device virtio_input_multi_touch_4 is associated with display ADISPLAY_ID_NONE.
07-28 11:07:14.741   527   555 W InputReader: Device virtio_input_multi_touch_11 is associated with display ADISPLAY_ID_NONE.
07-28 11:07:14.741   527   555 W InputReader: Device virtio_input_multi_touch_5 is associated with display ADISPLAY_ID_NONE.
07-28 11:07:14.741   527   555 W InputReader: Device virtio_input_multi_touch_2 is associated with display ADISPLAY_ID_NONE.
07-28 11:07:14.741   527   555 W InputReader: Device virtio_input_multi_touch_9 is associated with display ADISPLAY_ID_NONE.
07-28 11:07:14.741   527   555 W InputReader: Device virtio_input_multi_touch_7 is associated with display ADISPLAY_ID_NONE.
07-28 11:07:14.742   527   555 W InputReader: Device virtio_input_multi_touch_6 is associated with display ADISPLAY_ID_NONE.
07-28 11:07:14.742   527   555 W InputReader: Device virtio_input_multi_touch_3 is associated with display ADISPLAY_ID_NONE.
07-28 11:07:14.742   527   555 W InputReader: Device virtio_input_multi_touch_10 is associated with display ADISPLAY_ID_NONE.
07-28 11:07:14.742   527   555 W InputReader: Device virtio_input_multi_touch_8 is associated with display ADISPLAY_ID_NONE.
07-28 11:07:14.742   527   555 W InputReader: Device virtio_input_multi_touch_4 is associated with display ADISPLAY_ID_NONE.
07-28 11:07:14.742   527   555 W InputReader: Device virtio_input_multi_touch_11 is associated with display ADISPLAY_ID_NONE.
07-28 11:07:14.742   527   555 W InputReader: Device virtio_input_multi_touch_5 is associated with display ADISPLAY_ID_NONE.
07-28 11:07:14.742   527   555 W InputReader: Device virtio_input_multi_touch_2 is associated with display ADISPLAY_ID_NONE.
07-28 11:07:14.747   406   406 I perfetto: ing_service_impl.cc:758 Configured tracing session 9, #sources:1, duration:5000 ms, #buffers:1, total buffer size:4096 KB, total sessions:2, uid:1071 session name: ""
07-28 11:07:14.751   399   399 I perfetto: probes_producer.cc:230  Ftrace setup (target_buf=9)
07-28 11:07:14.761   711   711 V ShadeControllerImpl: NotificationShadeWindow: com.android.systemui.statusbar.phone.NotificationShadeWindowView{4ff07a9 I.E...... ......ID 0,0-1080,2280} canPanelBeCollapsed(): false
07-28 11:07:14.771   527   557 D EventSequenceValidator: Transition from INTENT_STARTED to ACTIVITY_LAUNCHED
07-28 11:07:14.774  1074  1074 D TaplTarget: Launcher.onNewIntent: Intent { act=android.intent.action.MAIN cat=[android.intent.category.HOME] flg=0x10400100 cmp=com.android.launcher3/.uioverrides.QuickstepLauncher (has extras) }
07-28 11:07:14.833   527   554 D AutofillManagerService: Close system dialogs
07-28 11:07:14.835   527   924 D WifiNl80211Manager: Scan result ready event
07-28 11:07:14.835   527   924 D WifiNative: Scan result ready event
07-28 11:07:14.837   711   711 V ShadeControllerImpl: NotificationShadeWindow: com.android.systemui.statusbar.phone.NotificationShadeWindowView{4ff07a9 I.E...... ......ID 0,0-1080,2280} canPanelBeCollapsed(): false
07-28 11:07:14.869  4201  4221 D HostConnection: HostConnection::get() New Host Connection established 0xf4412d80, tid 4221
07-28 11:07:14.883  4201  4201 V CAM_QuickActivity: START onPause: Activity = com.android.camera.CameraActivity@b3f441f
07-28 11:07:14.883  4201  4201 V CAM_QuickActivity: onPause --> onPauseTasks()
07-28 11:07:14.883  4201  4201 V CAM_Profiler: [  0.000ms][ui] GUARD: CameraActivity.onPause - START
07-28 11:07:14.889   303   303 D goldfish-address-space: claimShared: Ask to claim region [0x3f8965000 0x3f92ca000]
07-28 11:07:14.921   303   303 D goldfish-address-space: claimShared: Ask to claim region [0x3fc965000 0x3fd2ca000]
07-28 11:07:14.921  4201  4201 V CAM_Profiler: [  0.000ms][ui] GUARD: CaptureModule.closeCamera() - START
07-28 11:07:14.922  4201  4201 V CAM_Profiler: [  0.229ms][ui] GUARD: CaptureModule.closeCamera() - [ 0.229ms] mCameraOpenCloseLock.acquire()
07-28 11:07:14.932   295  4125 W EmulatedCamera_QemuCamera3: flush: Not implemented; ignored
07-28 11:07:14.933   303   303 D goldfish-address-space: claimShared: Ask to claim region [0x3fdc2f000 0x3fe594000]
07-28 11:07:14.942  4201  4221 D HostConnection: HostComposition ext ANDROID_EMU_CHECKSUM_HELPER_v1 ANDROID_EMU_native_sync_v2 ANDROID_EMU_native_sync_v3 ANDROID_EMU_native_sync_v4 ANDROID_EMU_dma_v1 ANDROID_EMU_direct_mem ANDROID_EMU_host_composition_v1 ANDROID_EMU_host_composition_v2 ANDROID_EMU_vulkan ANDROID_EMU_deferred_vulkan_commands ANDROID_EMU_vulkan_null_optional_strings ANDROID_EMU_vulkan_create_resources_with_requirements ANDROID_EMU_YUV_Cache ANDROID_EMU_vulkan_ignored_handles ANDROID_EMU_has_shared_slots_host_memory_allocator ANDROID_EMU_vulkan_free_memory_sync ANDROID_EMU_vulkan_shader_float16_int8 ANDROID_EMU_vulkan_async_queue_submit ANDROID_EMU_sync_buffer_data ANDROID_EMU_read_color_buffer_dma GL_OES_vertex_array_object GL_KHR_texture_compression_astc_ldr ANDROID_EMU_host_side_tracing ANDROID_EMU_gles_max_version_2 
07-28 11:07:15.058   303   303 D goldfish-address-space: claimShared: Ask to claim region [0x3fe594000 0x3feef9000]
07-28 11:07:15.130   527   564 D ArtManagerInternalImpl: /data/misc/iorapd/com.android.launcher3/30/com.android.launcher3.uioverrides.QuickstepLauncher/compiled_traces/compiled_trace.pb doesn't exist
07-28 11:07:15.136   414   414 I Camera3-Device: disconnectImpl: E
07-28 11:07:15.136   414   414 I CameraLatencyHistogram: ProcessCaptureRequest latency histogram (10) samples:
07-28 11:07:15.136   414   414 I CameraLatencyHistogram:        40     80    120    160    200    240    280    320    360    inf (max ms)
07-28 11:07:15.136   414   414 I CameraLatencyHistogram:      70.00   20.00   0.00   0.00   0.00   0.00   0.00   0.00   0.00   10.00 (%)
07-28 11:07:15.143   527   557 D EventSequenceValidator: Transition from ACTIVITY_LAUNCHED to ACTIVITY_FINISHED
07-28 11:07:15.249   414   414 I CameraLatencyHistogram: Stream 1 dequeueBuffer latency histogram (10) samples:
07-28 11:07:15.249   414   414 I CameraLatencyHistogram:         5     10     15     20     25     30     35     40     45    inf (max ms)
07-28 11:07:15.249   414   414 I CameraLatencyHistogram:      50.00   10.00   0.00   0.00   0.00   10.00   10.00   10.00   0.00   10.00 (%)
07-28 11:07:15.249   414   414 I Camera3-Device: disconnectImpl: X
07-28 11:07:15.254   414   414 I CameraService: disconnect: Disconnected client for camera 0 for PID 4201
07-28 11:07:15.255  4201  4201 D CAM_LoggingImageReader: Closing: ImageReader{width=1280, height=960, format=YUV_420_888}
07-28 11:07:15.256  4201  4201 I CAM_Profiler: [334.234ms][ui] GUARD: CaptureModule.closeCamera() - [334.005ms] mCamera.close()
07-28 11:07:15.256  4201  4201 I CAM_Profiler: [334.562ms][ui] GUARD: CaptureModule.closeCamera() - STOP
07-28 11:07:15.260  4201  4201 V CAM_LcyLocProvider: stopping location updates
07-28 11:07:15.263  4201  4201 D CAM_LcyLocProvider: stopReceivingLocationUpdates
07-28 11:07:15.263  4201  4201 V CAM_CameraActivity: onPause closing camera
07-28 11:07:15.263  4201  4201 V CAM_CameraController: Closing camera
07-28 11:07:15.265  4201  4230 W CAM2PORT_AndCamAgntImp: Releasing camera without any camera opened.
07-28 11:07:15.266  4201  4201 I CAM_Profiler: [382.524ms][ui] GUARD: CameraActivity.onPause - STOP
07-28 11:07:15.266  4201  4201 V CAM_QuickActivity: END onPause: Activity = com.android.camera.CameraActivity@b3f441f
07-28 11:07:15.266  4201  4201 I Choreographer: Skipped 30 frames!  The application may be doing too much work on its main thread.
07-28 11:07:15.278  4201  4201 V CAM_TexViewHelper: onLayoutChange
07-28 11:07:15.279  4201  4201 D CAM_CaptureModule: updatePreviewTransform: 1080 x 1977
07-28 11:07:15.312  4201  4201 V CAM_TexViewHelper: onLayoutChange
07-28 11:07:15.312  4201  4201 D CAM_CaptureModule: updatePreviewTransform: 1080 x 1977
07-28 11:07:15.460   527  1430 E TaskPersister: File error accessing recents directory (directory doesn't exist?).
07-28 11:07:15.616   292  3465 W android.hardware.audio.service.ranchu: TinyalsaSink::write:125 pcm_write was late reading frames, dropping 22131 us of audio
07-28 11:07:15.740   292  3465 I chatty  : uid=1041(audioserver) HwBinder:292_1 identical 2 lines
07-28 11:07:15.803   292  3465 W android.hardware.audio.service.ranchu: TinyalsaSink::write:125 pcm_write was late reading frames, dropping 22131 us of audio
07-28 11:07:15.825  4201  4201 V CAM_QuickActivity: START onStop: Activity = com.android.camera.CameraActivity@b3f441f
07-28 11:07:15.825  4201  4201 D CAM_LcyLocProvider: disconnect
07-28 11:07:15.825  4201  4201 V CAM_QuickActivity: END onStop: Activity = com.android.camera.CameraActivity@b3f441f
07-28 11:07:15.826   527  3568 D HostConnection: HostConnection::get() New Host Connection established 0xf4438630, tid 3568
07-28 11:07:15.832   527  3568 D HostConnection: HostComposition ext ANDROID_EMU_CHECKSUM_HELPER_v1 ANDROID_EMU_native_sync_v2 ANDROID_EMU_native_sync_v3 ANDROID_EMU_native_sync_v4 ANDROID_EMU_dma_v1 ANDROID_EMU_direct_mem ANDROID_EMU_host_composition_v1 ANDROID_EMU_host_composition_v2 ANDROID_EMU_vulkan ANDROID_EMU_deferred_vulkan_commands ANDROID_EMU_vulkan_null_optional_strings ANDROID_EMU_vulkan_create_resources_with_requirements ANDROID_EMU_YUV_Cache ANDROID_EMU_vulkan_ignored_handles ANDROID_EMU_has_shared_slots_host_memory_allocator ANDROID_EMU_vulkan_free_memory_sync ANDROID_EMU_vulkan_shader_float16_int8 ANDROID_EMU_vulkan_async_queue_submit ANDROID_EMU_sync_buffer_data ANDROID_EMU_read_color_buffer_dma GL_OES_vertex_array_object GL_KHR_texture_compression_astc_ldr ANDROID_EMU_host_side_tracing ANDROID_EMU_gles_max_version_2 
07-28 11:07:15.834   527  3568 W OpenGLRenderer: Failed to choose config with EGL_SWAP_BEHAVIOR_PRESERVED, retrying without...
07-28 11:07:15.847   292  3465 W android.hardware.audio.service.ranchu: TinyalsaSink::write:125 pcm_write was late reading frames, dropping 22131 us of audio
07-28 11:07:15.854   527  3568 D EGL_emulation: eglCreateContext: 0xf4437360: maj 2 min 0 rcv 2
07-28 11:07:15.861   527  3568 D EGL_emulation: eglMakeCurrent: 0xf4437360: ver 2 0 (tinfo 0xbea0c150) (first time)
07-28 11:07:15.876   292  3465 W android.hardware.audio.service.ranchu: TinyalsaSink::write:125 pcm_write was late reading frames, dropping 22131 us of audio
07-28 11:07:16.063   527   556 I DropBoxManagerService: add tag=system_server_strictmode isTagEnabled=true flags=0x2
07-28 11:07:16.404   292  3465 I chatty  : uid=1041(audioserver) HwBinder:292_1 identical 14 lines
07-28 11:07:16.447   292  3465 W android.hardware.audio.service.ranchu: TinyalsaSink::write:125 pcm_write was late reading frames, dropping 22131 us of audio
07-28 11:07:16.959   326   326 I android.hardware.vibrator-service.example: Vibrator reporting capabilities
07-28 11:07:16.960   326   326 I android.hardware.vibrator-service.example: Vibrator off
07-28 11:07:16.961   326   326 I android.hardware.vibrator-service.example: Vibrator perform
07-28 11:07:16.962   326  4282 I android.hardware.vibrator-service.example: Starting perform on another thread
07-28 11:07:16.976   527  2155 I system_server: oneway function results will be dropped but finished with status OK and parcel size 4
07-28 11:07:16.998   386   470 D AudioFlinger: mixer(0xec934030) throttle end: throttle time(42)
07-28 11:07:17.062   326  4282 I android.hardware.vibrator-service.example: Notifying perform complete
07-28 11:07:17.062   326   326 I android.hardware.vibrator-service.example: Vibrator off
07-28 11:07:17.110   527   900 I system_server: oneway function results will be dropped but finished with status OK and parcel size 4
07-28 11:07:17.134   326   326 I android.hardware.vibrator-service.example: Vibrator reporting capabilities
07-28 11:07:17.135   326   326 I android.hardware.vibrator-service.example: Vibrator off
07-28 11:07:17.136   326   326 I android.hardware.vibrator-service.example: Vibrator perform
07-28 11:07:17.137   326  4283 I android.hardware.vibrator-service.example: Starting perform on another thread
07-28 11:07:17.138  1074  1106 D TaplEvents: Main / onOverviewToggle
07-28 11:07:16.066   527   556 I DropBoxManagerService: add tag=system_server_strictmode isTagEnabled=true flags=0x2
07-28 11:07:17.140   527   554 D AutofillManagerService: Close system dialogs
07-28 11:07:17.150   711   711 V ShadeControllerImpl: NotificationShadeWindow: com.android.systemui.statusbar.phone.NotificationShadeWindowView{4ff07a9 I.E...... ......ID 0,0-1080,2280} canPanelBeCollapsed(): false
07-28 11:07:17.238   326  4283 I android.hardware.vibrator-service.example: Notifying perform complete
07-28 11:07:17.241   326   326 I android.hardware.vibrator-service.example: Vibrator off
07-28 11:07:17.314   292  3465 W android.hardware.audio.service.ranchu: TinyalsaSink::write:125 pcm_write was late reading frames, dropping 22131 us of audio
07-28 11:07:17.438   399   399 I perfetto: probes_producer.cc:329  Producer stop (id=8)
07-28 11:07:17.439   406   406 I perfetto: ng_service_impl.cc:1948 Tracing session 8 ended, total sessions:1
07-28 11:07:17.440   420  4196 I iorapd  : Perfetto TraceBuffer saved to file: /data/misc/iorapd/com.android.camera2/20002170/com.android.camera.CameraLauncher/raw_traces/1658986637440549000.perfetto_trace.pb
07-28 11:07:18.070   527   565 W BroadcastQueue: Background execution not allowed: receiving Intent { act=android.intent.action.DROPBOX_ENTRY_ADDED flg=0x10 (has extras) } to com.google.android.gms/.stats.service.DropBoxEntryAddedReceiver
07-28 11:07:18.070   527   565 W BroadcastQueue: Background execution not allowed: receiving Intent { act=android.intent.action.DROPBOX_ENTRY_ADDED flg=0x10 (has extras) } to com.google.android.gms/.chimera.GmsIntentOperationService$PersistentTrustedReceiver
07-28 11:07:18.084  1074  1074 D TaplEvents: Main / Touch event: MotionEvent { action=ACTION_DOWN, actionButton=0, id[0]=0, x[0]=627.9675, y[0]=1313.9502, toolType[0]=TOOL_TYPE_FINGER, buttonState=0, classification=NONE, metaState=0, flags=0x0, edgeFlags=0x0, pointerCount=1, historySize=0, eventTime=514607, downTime=514607, deviceId=6, source=0x5002, displayId=0 }
07-28 11:07:18.266  1074  1074 D TaplEvents: Main / Touch event: MotionEvent { action=ACTION_UP, actionButton=0, id[0]=0, x[0]=170.99121, y[0]=23.935547, toolType[0]=TOOL_TYPE_FINGER, buttonState=0, classification=NONE, metaState=0, flags=0x0, edgeFlags=0x0, pointerCount=1, historySize=0, eventTime=514789, downTime=514607, deviceId=6, source=0x5002, displayId=0 }
07-28 11:07:18.391   438   923 D BufferPoolAccessor2.0: bufferpool2 0xef584fd8 : 0(0 size) total buffers - 0(0 size) used buffers - 29/35 (recycle/alloc) - 6/34 (fetch/transfer)
07-28 11:07:18.391   438   923 D BufferPoolAccessor2.0: bufferpool2 0xef581cd8 : 0(0 size) total buffers - 0(0 size) used buffers - 28/30 (recycle/alloc) - 3/29 (fetch/transfer)
07-28 11:07:18.391   438   923 D BufferPoolAccessor2.0: bufferpool2 0xef584428 : 0(0 size) total buffers - 0(0 size) used buffers - 20/23 (recycle/alloc) - 3/22 (fetch/transfer)
07-28 11:07:18.391   438   923 D BufferPoolAccessor2.0: bufferpool2 0xef586628 : 0(0 size) total buffers - 0(0 size) used buffers - 29/35 (recycle/alloc) - 6/34 (fetch/transfer)
07-28 11:07:18.391   438   923 D BufferPoolAccessor2.0: evictor expired: 4, evicted: 4
07-28 11:07:18.470  4201  4239 D BufferPoolAccessor2.0: bufferpool2 0xf4047d88 : 0(0 size) total buffers - 0(0 size) used buffers - 3/9 (recycle/alloc) - 8/64 (fetch/transfer)
07-28 11:07:18.470  4201  4239 D BufferPoolAccessor2.0: bufferpool2 0xf40490a8 : 0(0 size) total buffers - 0(0 size) used buffers - 2/9 (recycle/alloc) - 9/74 (fetch/transfer)
07-28 11:07:18.470  4201  4239 D BufferPoolAccessor2.0: bufferpool2 0xf404af78 : 0(0 size) total buffers - 0(0 size) used buffers - 1/9 (recycle/alloc) - 15/74 (fetch/transfer)
07-28 11:07:18.470  4201  4239 D BufferPoolAccessor2.0: bufferpool2 0xf4047fa8 : 0(0 size) total buffers - 0(0 size) used buffers - 3/9 (recycle/alloc) - 8/50 (fetch/transfer)
07-28 11:07:18.470  4201  4239 D BufferPoolAccessor2.0: evictor expired: 4, evicted: 4
07-28 11:07:19.393   438   923 D BufferPoolAccessor2.0: bufferpool2 0xef587508 : 0(0 size) total buffers - 0(0 size) used buffers - 29/30 (recycle/alloc) - 1/29 (fetch/transfer)
07-28 11:07:19.393   438   923 D BufferPoolAccessor2.0: evictor expired: 1, evicted: 1
07-28 11:07:19.469  1074  1074 D TaplEvents: Main / Touch event: MotionEvent { action=ACTION_DOWN, actionButton=0, id[0]=0, x[0]=499.95483, y[0]=1208.9539, toolType[0]=TOOL_TYPE_FINGER, buttonState=0, classification=NONE, metaState=0, flags=0x0, edgeFlags=0x0, pointerCount=1, historySize=0, eventTime=515992, downTime=515992, deviceId=6, source=0x5002, displayId=0 }
07-28 11:07:19.477  4201  4239 D BufferPoolAccessor2.0: bufferpool2 0xf4049c58 : 0(0 size) total buffers - 0(0 size) used buffers - 2/9 (recycle/alloc) - 7/64 (fetch/transfer)
07-28 11:07:19.477  4201  4239 D BufferPoolAccessor2.0: evictor expired: 1, evicted: 1
07-28 11:07:19.561   208   211 E android.system.suspend@1.0-service: Error opening kernel wakelock stats for: wakeup34: Permission denied
07-28 11:07:19.566   208   211 E android.system.suspend@1.0-service: Error opening kernel wakelock stats for: wakeup35: Permission denied
07-28 11:07:19.560   208   208 W Binder:208_2: type=1400 audit(0.0:76): avc: denied { read } for name="wakeup34" dev="sysfs" ino=18950 scontext=u:r:system_suspend:s0 tcontext=u:object_r:sysfs:s0 tclass=dir permissive=0
07-28 11:07:19.564   208   208 W Binder:208_2: type=1400 audit(0.0:77): avc: denied { read } for name="wakeup35" dev="sysfs" ino=19013 scontext=u:r:system_suspend:s0 tcontext=u:object_r:sysfs:s0 tclass=dir permissive=0
07-28 11:07:19.655  1074  1074 D TaplEvents: Main / Touch event: MotionEvent { action=ACTION_UP, actionButton=0, id[0]=0, x[0]=411.9873, y[0]=15.933838, toolType[0]=TOOL_TYPE_FINGER, buttonState=0, classification=NONE, metaState=0, flags=0x0, edgeFlags=0x0, pointerCount=1, historySize=0, eventTime=516178, downTime=515992, deviceId=6, source=0x5002, displayId=0 }
07-28 11:07:19.753   399   399 I perfetto: probes_producer.cc:329  Producer stop (id=9)
07-28 11:07:19.755   399   399 I perfetto: ftrace_procfs.cc:183    disabled ftrace
07-28 11:07:19.755   406   406 I perfetto: ng_service_impl.cc:1948 Tracing session 9 ended, total sessions:0
07-28 11:07:19.744     0     0 W perfetto: disabled ftrace
07-28 11:07:19.777   527  1430 E TaskPersister: File error accessing recents directory (directory doesn't exist?).
07-28 11:07:19.778   527   557 I ActivityManager: Killing 4201:com.android.camera2/u0a91 (adj 905): remove task
07-28 11:07:19.795   438  3588 D BufferPoolAccessor2.0: Destruction - bufferpool2 0xef587508 cached: 0/0M, 0/0% in use; allocs: 30, 97% recycled; transfers: 29, 97% unfetched
07-28 11:07:19.795   438  3588 D BufferPoolAccessor2.0: Destruction - bufferpool2 0xef584fd8 cached: 0/0M, 0/0% in use; allocs: 35, 83% recycled; transfers: 34, 82% unfetched
07-28 11:07:19.795   438   984 D BufferPoolAccessor2.0: Destruction - bufferpool2 0xef584428 cached: 0/0M, 0/0% in use; allocs: 23, 87% recycled; transfers: 22, 86% unfetched
07-28 11:07:19.799   438   984 D BufferPoolAccessor2.0: Destruction - bufferpool2 0xef581cd8 cached: 0/0M, 0/0% in use; allocs: 30, 93% recycled; transfers: 29, 90% unfetched
07-28 11:07:19.799   438   984 D BufferPoolAccessor2.0: Destruction - bufferpool2 0xef586628 cached: 0/0M, 0/0% in use; allocs: 35, 83% recycled; transfers: 34, 82% unfetched
07-28 11:07:19.801   527  4292 I WindowManager: WIN DEATH: Window{d0b77c u0 com.android.camera2/com.android.camera.CameraLauncher}
07-28 11:07:19.803   414   414 I Camera3-Device: disconnectImpl: E
07-28 11:07:19.803   414   414 I Camera2ClientBase: Closed Camera 0. Client was: com.android.camera2 (PID 4201, UID 10091)
07-28 11:07:19.803   414   414 I Camera3-Device: disconnectImpl: E
07-28 11:07:19.819   527  4292 W InputDispatcher: Attempted to unregister already unregistered input channel 'd0b77c com.android.camera2/com.android.camera.CameraLauncher (server)'
07-28 11:07:19.826   527   567 I libprocessgroup: Successfully killed process cgroup uid 10091 pid 4201 in 47ms
07-28 11:07:19.833   287   287 I Zygote  : Process 4201 exited due to signal 9 (Killed)
07-28 11:07:19.875   527   557 W ActivityManager: setHasOverlayUi called on unknown pid: 4201
07-28 11:07:20.043  1074  1074 D RecentsOrientedState: current RecentsOrientedState: [this=RecentsOrientedState@9734ee3 mOrientationHandler=PortraitPagedViewHandler@eb3f0e0 mDisplayRotation=0 mTouchRotation=0 mRecentsActivityRotation=0 isRecentsActivityRotationAllowed=false mSystemRotation=false mFlags=291]
07-28 11:07:20.043  1074  1074 I chatty  : uid=10109(com.android.launcher3) identical 2 lines
07-28 11:07:20.043  1074  1074 D RecentsOrientedState: current RecentsOrientedState: [this=RecentsOrientedState@9734ee3 mOrientationHandler=PortraitPagedViewHandler@eb3f0e0 mDisplayRotation=0 mTouchRotation=0 mRecentsActivityRotation=0 isRecentsActivityRotationAllowed=false mSystemRotation=false mFlags=291]
07-28 11:07:20.068   527  4292 I system_server: oneway function results will be dropped but finished with status OK and parcel size 4
07-28 11:07:22.849   527  1430 E TaskPersister: File error accessing recents directory (directory doesn't exist?).
