--------- beginning of main
07-28 11:07:01.499   475   475 E netmgr  : qemu_pipe_open_ns:62: Could not connect to the 'pipe:qemud:network' service: Invalid argument
07-28 11:07:01.499   475   475 E netmgr  : Failed to open QEMU pipe 'qemud:network': Invalid argument
07-28 11:07:01.619   487   487 E wifi_forwarder: qemu_pipe_open_ns:62: Could not connect to the 'pipe:qemud:wififorward' service: Invalid argument
07-28 11:07:01.619   487   487 E wifi_forwarder: RemoteConnection failed to initialize: RemoteConnection failed to open pipe
07-28 11:07:03.760   208   208 W Binder:208_2: type=1400 audit(0.0:72): avc: denied { read } for name="wakeup34" dev="sysfs" ino=18950 scontext=u:r:system_suspend:s0 tcontext=u:object_r:sysfs:s0 tclass=dir permissive=0
07-28 11:07:03.764   208   211 E android.system.suspend@1.0-service: Error opening kernel wakelock stats for: wakeup34: Permission denied
07-28 11:07:03.767   208   211 E android.system.suspend@1.0-service: Error opening kernel wakelock stats for: wakeup35: Permission denied
07-28 11:07:03.764   208   208 W Binder:208_2: type=1400 audit(0.0:73): avc: denied { read } for name="wakeup35" dev="sysfs" ino=19013 scontext=u:r:system_suspend:s0 tcontext=u:object_r:sysfs:s0 tclass=dir permissive=0
--------- beginning of kernel
07-28 11:07:07.769     0     0 D logd    : logdr: UID=2000 GID=2000 PID=4192 b tail=0 logMask=99 pid=0 start=0ns timeout=0ns
07-28 11:07:12.266  1074  1074 D TaplEvents: Main / Touch event: MotionEvent { action=ACTION_DOWN, actionButton=0, id[0]=0, x[0]=932.97, y[0]=1961.8799, toolType[0]=TOOL_TYPE_FINGER, buttonState=0, classification=NONE, metaState=0, flags=0x0, edgeFlags=0x0, pointerCount=1, historySize=0, eventTime=508790, downTime=508790, deviceId=6, source=0x5002, displayId=0 }
07-28 11:07:12.427  1074  1074 D TaplEvents: Main / Touch event: MotionEvent { action=ACTION_UP, actionButton=0, id[0]=0, x[0]=932.97, y[0]=1961.8799, toolType[0]=TOOL_TYPE_FINGER, buttonState=0, classification=NONE, metaState=0, flags=0x0, edgeFlags=0x0, pointerCount=1, historySize=0, eventTime=508949, downTime=508790, deviceId=6, source=0x5002, displayId=0 }
07-28 11:07:12.428  1074  1074 D TaplEvents: Main / start: startAppShortcutOrInfoActivity
--------- beginning of system
07-28 11:07:12.429   527   924 I ActivityTaskManager: START u0 {act=android.intent.action.MAIN cat=[android.intent.category.LAUNCHER] flg=0x10200000 pkg=com.android.camera2 cmp=com.android.camera2/com.android.camera.CameraLauncher bnds=[842,1836][1043,2084]} from uid 10109
07-28 11:07:12.429   527   557 D EventSequenceValidator: Transition from ACTIVITY_FINISHED to INTENT_STARTED
07-28 11:07:12.433   406   406 I perfetto: ing_service_impl.cc:758 Configured tracing session 8, #sources:1, duration:5000 ms, #buffers:1, total buffer size:4096 KB, total sessions:1, uid:1071 session name: ""
07-28 11:07:12.435   399   399 I perfetto: probes_producer.cc:230  Ftrace setup (target_buf=8)
07-28 11:07:12.442   527  1202 I system_server: oneway function results will be dropped but finished with status OK and parcel size 4
07-28 11:07:12.446   527   557 D CompatibilityChangeReporter: Compat change id reported: 135634846; UID 10091; state: DISABLED
07-28 11:07:12.447   527   566 D CompatibilityChangeReporter: Compat change id reported: 143937733; UID 10091; state: DISABLED
07-28 11:07:12.443   527  1202 I system_server: oneway function results will be dropped but finished with status OK and parcel size 4
07-28 11:07:12.463   399   399 I perfetto: ftrace_procfs.cc:176    enabled ftrace
07-28 11:07:12.452     0     0 W perfetto: enabled ftrace
07-28 11:07:12.475   527   557 D EventSequenceValidator: Transition from INTENT_STARTED to ACTIVITY_LAUNCHED
07-28 11:07:12.479   303   303 D goldfish-address-space: claimShared: Ask to claim region [0x3f6283000 0x3f6b34000]
07-28 11:07:12.501   287   287 D Zygote  : Forked child process 4201
07-28 11:07:12.513  4201  4201 W android.camera: Unexpected CPU variant for X86 using defaults: x86
07-28 11:07:12.521   391   432 I adbd    : jdwp connection from 4201
07-28 11:07:12.528   527   566 W ActivityManager: Slow operation: 81ms so far, now at startProcess: returned from zygote!
07-28 11:07:12.529   527   566 W ActivityManager: Slow operation: 82ms so far, now at startProcess: done updating battery stats
07-28 11:07:12.529   527   566 W ActivityManager: Slow operation: 82ms so far, now at startProcess: building log message
07-28 11:07:12.529   527   566 I ActivityManager: Start proc 4201:com.android.camera2/u0a91 for pre-top-activity {com.android.camera2/com.android.camera.CameraLauncher}
07-28 11:07:12.529   527   566 W ActivityManager: Slow operation: 82ms so far, now at startProcess: starting to update pids map
07-28 11:07:12.529   527   566 W ActivityManager: Slow operation: 83ms so far, now at startProcess: done updating pids map
07-28 11:07:12.540   527   924 W InputReader: Device virtio_input_multi_touch_9 is associated with display ADISPLAY_ID_NONE.
07-28 11:07:12.540   527   924 W InputReader: Device virtio_input_multi_touch_7 is associated with display ADISPLAY_ID_NONE.
07-28 11:07:12.540   527   924 W InputReader: Device virtio_input_multi_touch_6 is associated with display ADISPLAY_ID_NONE.
07-28 11:07:12.540   527   924 W InputReader: Device virtio_input_multi_touch_3 is associated with display ADISPLAY_ID_NONE.
07-28 11:07:12.540   527   924 W InputReader: Device virtio_input_multi_touch_10 is associated with display ADISPLAY_ID_NONE.
07-28 11:07:12.540   527   924 W InputReader: Device virtio_input_multi_touch_8 is associated with display ADISPLAY_ID_NONE.
07-28 11:07:12.540   527   924 W InputReader: Device virtio_input_multi_touch_4 is associated with display ADISPLAY_ID_NONE.
07-28 11:07:12.540   527   924 W InputReader: Device virtio_input_multi_touch_11 is associated with display ADISPLAY_ID_NONE.
07-28 11:07:12.540   527   924 W InputReader: Device virtio_input_multi_touch_5 is associated with display ADISPLAY_ID_NONE.
07-28 11:07:12.540   527   924 W InputReader: Device virtio_input_multi_touch_2 is associated with display ADISPLAY_ID_NONE.
07-28 11:07:12.541   527   924 W InputReader: Device virtio_input_multi_touch_9 is associated with display ADISPLAY_ID_NONE.
07-28 11:07:12.541   527   924 W InputReader: Device virtio_input_multi_touch_7 is associated with display ADISPLAY_ID_NONE.
07-28 11:07:12.541   527   924 W InputReader: Device virtio_input_multi_touch_6 is associated with display ADISPLAY_ID_NONE.
07-28 11:07:12.541   527   924 W InputReader: Device virtio_input_multi_touch_3 is associated with display ADISPLAY_ID_NONE.
07-28 11:07:12.541   527   924 W InputReader: Device virtio_input_multi_touch_10 is associated with display ADISPLAY_ID_NONE.
07-28 11:07:12.541   527   924 W InputReader: Device virtio_input_multi_touch_8 is associated with display ADISPLAY_ID_NONE.
07-28 11:07:12.541   527   924 W InputReader: Device virtio_input_multi_touch_4 is associated with display ADISPLAY_ID_NONE.
07-28 11:07:12.541   527   924 W InputReader: Device virtio_input_multi_touch_11 is associated with display ADISPLAY_ID_NONE.
07-28 11:07:12.541   527   924 W InputReader: Device virtio_input_multi_touch_5 is associated with display ADISPLAY_ID_NONE.
07-28 11:07:12.541   527   924 W InputReader: Device virtio_input_multi_touch_2 is associated with display ADISPLAY_ID_NONE.
07-28 11:07:12.561  4201  4201 D ApplicationLoaders: Returning zygote-cached class loader: /system/framework/android.test.base.jar
07-28 11:07:12.563  4201  4201 I android.camera: The ClassLoaderContext is a special shared library.
07-28 11:07:12.567  4201  4201 I android.camera: The ClassLoaderContext is a special shared library.
07-28 11:07:12.568  4201  4201 D nativeloader: classloader namespace configured for unbundled product apk. library_path=/product/app/Camera2/lib/x86:/product/app/Camera2/Camera2.apk!/lib/x86:/product/lib:/system/product/lib
07-28 11:07:12.572   527   924 I system_server: oneway function results will be dropped but finished with status OK and parcel size 4
07-28 11:07:12.574  4201  4201 D NetworkSecurityConfig: No Network Security Config specified, using platform default
07-28 11:07:12.574  4201  4201 D NetworkSecurityConfig: No Network Security Config specified, using platform default
07-28 11:07:12.575  4201  4201 V CAM_Profiler: [  0.000ms][ui] GUARD: CameraApp onCreate() - START
07-28 11:07:12.575  4201  4201 V CAM_Profiler: [  0.000ms][ui] GUARD: FirstRunDetector getTimeOfFirstRun - START
07-28 11:07:12.576  4201  4201 V CAM_Profiler: [  0.724ms][ui] GUARD: FirstRunDetector getTimeOfFirstRun - [ 0.724ms] PreferenceManager.getDefaultSharedPreferences
07-28 11:07:12.576  4201  4201 V CAM_Profiler: [  1.454ms][ui] GUARD: FirstRunDetector getTimeOfFirstRun - [ 0.730ms] preferences.getLong
07-28 11:07:12.577  4201  4201 V CAM_Profiler: [  1.577ms][ui] GUARD: FirstRunDetector getTimeOfFirstRun - STOP
07-28 11:07:12.577  4201  4201 V CAM_Profiler: [  2.104ms][ui] GUARD: CameraApp onCreate() - [ 2.104ms] initializeTimeOfFirstRun
07-28 11:07:12.577  4201  4201 V CAM_Profiler: [  2.275ms][ui] GUARD: CameraApp onCreate() - [ 0.172ms] UsageStatistics.initialize
07-28 11:07:12.579  4201  4201 V CAM_Profiler: [  4.862ms][ui] GUARD: CameraApp onCreate() - [ 2.587ms] clearNotifications
07-28 11:07:12.580  4201  4201 V CAM_Profiler: [  4.862ms][ui] GUARD: CameraApp onCreate() - STOP
07-28 11:07:12.613  4201  4229 D libEGL  : loaded /vendor/lib/egl/libEGL_emulation.so
07-28 11:07:12.614  4201  4229 D libEGL  : loaded /vendor/lib/egl/libGLESv1_CM_emulation.so
07-28 11:07:12.623  4201  4229 D libEGL  : loaded /vendor/lib/egl/libGLESv2_emulation.so
07-28 11:07:12.634  4201  4201 V CAM_QuickActivity: START onCreate: Activity = com.android.camera.CameraActivity@b3f441f
07-28 11:07:12.634  4201  4201 V CAM_Profiler: [  0.000ms][ui] GUARD: CameraActivity.onCreateTasks - START
07-28 11:07:12.636  4201  4201 D CAM_LocationManager: Using LegacyLocationProvider
07-28 11:07:12.649   304   551 W EmuHWC2 : validate: layer 36 CompositionType 1, fallback
07-28 11:07:12.673   304   551 W EmuHWC2 : No layers, exit, buffer 0xea641110
07-28 11:07:12.674  4201  4201 D CAM_MemoryManagerImpl: Max native memory: 358 MB
07-28 11:07:12.676   304   551 W EmuHWC2 : validate: layer 36 CompositionType 1, fallback
07-28 11:07:12.676  4201  4201 I CAM_OneCamFtrCnfgCrtr: CaptureModule? true
07-28 11:07:12.683   304   551 W EmuHWC2 : No layers, exit, buffer 0xea641910
07-28 11:07:12.686   304   551 W EmuHWC2 : validate: layer 36 CompositionType 1, fallback
07-28 11:07:12.696  4201  4201 I CAM_Profiler: [ 61.353ms][ui] GUARD: CameraActivity.onCreateTasks - [16.378ms] Glide.setup
07-28 11:07:12.696   304   551 W EmuHWC2 : No layers, exit, buffer 0xea641110
07-28 11:07:12.698  4201  4201 D CAM_Camera2OneCamMgr: Getting First BACK Camera
07-28 11:07:12.698  4201  4201 I CameraManagerGlobal: Connecting to camera service
07-28 11:07:12.700   304   551 W EmuHWC2 : validate: layer 36 CompositionType 1, fallback
07-28 11:07:12.702   414   414 W ServiceManager: Permission failure: android.permission.CAMERA_OPEN_CLOSE_LISTENER from uid=10091 pid=4201
07-28 11:07:12.707   304   551 W EmuHWC2 : No layers, exit, buffer 0xea641910
07-28 11:07:12.710  4201  4201 D CAM_Camera2OneCamMgr: Getting First FRONT Camera
07-28 11:07:12.713  4201  4201 I CAM_Profiler: [ 78.497ms][ui] GUARD: CameraActivity.onCreateTasks - [17.144ms] OneCameraManager.get
07-28 11:07:12.716   304   551 W EmuHWC2 : validate: layer 36 CompositionType 1, fallback
07-28 11:07:12.720   414   414 W ServiceManager: Permission failure: android.permission.SYSTEM_CAMERA from uid=10091 pid=4201
07-28 11:07:12.723   414   414 I chatty  : uid=1047(cameraserver) /system/bin/cameraserver identical 5 lines
07-28 11:07:12.723   414   414 W ServiceManager: Permission failure: android.permission.SYSTEM_CAMERA from uid=10091 pid=4201
07-28 11:07:12.726   304   551 W EmuHWC2 : No layers, exit, buffer 0xea641110
07-28 11:07:12.728   414   414 W ServiceManager: Permission failure: android.permission.SYSTEM_CAMERA from uid=10091 pid=4201
07-28 11:07:12.732   414   414 I chatty  : uid=1047(cameraserver) /system/bin/cameraserver identical 5 lines
07-28 11:07:12.733   414   414 W ServiceManager: Permission failure: android.permission.SYSTEM_CAMERA from uid=10091 pid=4201
07-28 11:07:12.733   304   551 W EmuHWC2 : validate: layer 36 CompositionType 1, fallback
07-28 11:07:12.736  4201  4201 V CAM_Profiler: [101.043ms][ui] GUARD: CameraActivity.onCreateTasks - [ 8.208ms] computePictureSizes
07-28 11:07:12.738   304   551 W EmuHWC2 : No layers, exit, buffer 0xea641910
07-28 11:07:12.749   304   551 W EmuHWC2 : validate: layer 36 CompositionType 1, fallback
07-28 11:07:12.751  4201  4236 D CCodec  : allocate(c2.android.vorbis.decoder)
07-28 11:07:12.754   304   551 W EmuHWC2 : No layers, exit, buffer 0xea641110
07-28 11:07:12.759  4201  4236 I Codec2Client: Available Codec2 services: "software"
07-28 11:07:12.767   304   551 W EmuHWC2 : validate: layer 36 CompositionType 1, fallback
07-28 11:07:12.773   304   551 W EmuHWC2 : No layers, exit, buffer 0xea641910
07-28 11:07:12.776  4201  4201 W CAM_Log : Tag RoundedThumbnailView is 1 chars longer than limit.
07-28 11:07:12.780   438  1016 V C2Store : in init
07-28 11:07:12.780   438  1016 V C2Store : loading dll
07-28 11:07:12.783   304   551 W EmuHWC2 : validate: layer 36 CompositionType 1, fallback
07-28 11:07:12.783  4201  4236 I CCodec  : Created component [c2.android.vorbis.decoder]
07-28 11:07:12.787   304   551 W EmuHWC2 : No layers, exit, buffer 0xea641110
07-28 11:07:12.788  4201  4236 D CCodecConfig: read media type: audio/vorbis
07-28 11:07:12.793  4201  4236 D ReflectedParamUpdater: extent() != 1 for single value type: algo.buffers.max-count.values
07-28 11:07:12.793  4201  4236 D ReflectedParamUpdater: extent() != 1 for single value type: output.subscribed-indices.values
07-28 11:07:12.793  4201  4236 D ReflectedParamUpdater: extent() != 1 for single value type: input.buffers.allocator-ids.values
07-28 11:07:12.793  4201  4236 D ReflectedParamUpdater: extent() != 1 for single value type: output.buffers.allocator-ids.values
07-28 11:07:12.793  4201  4236 D ReflectedParamUpdater: extent() != 1 for single value type: algo.buffers.allocator-ids.values
07-28 11:07:12.794  4201  4236 D ReflectedParamUpdater: extent() != 1 for single value type: output.buffers.pool-ids.values
07-28 11:07:12.794  4201  4236 D ReflectedParamUpdater: extent() != 1 for single value type: algo.buffers.pool-ids.values
07-28 11:07:12.796  4201  4236 I CCodecConfig: query failed after returning 7 values (BAD_INDEX)
07-28 11:07:12.796  4201  4236 D CCodecConfig: c2 config diff is Dict {
07-28 11:07:12.796  4201  4236 D CCodecConfig:   c2::u32 coded.bitrate.value = 64000
07-28 11:07:12.796  4201  4236 D CCodecConfig:   c2::u32 input.buffers.max-size.value = 32768
07-28 11:07:12.796  4201  4236 D CCodecConfig:   c2::u32 input.delay.value = 0
07-28 11:07:12.796  4201  4236 D CCodecConfig:   string input.media-type.value = "audio/vorbis"
07-28 11:07:12.796  4201  4236 D CCodecConfig:   string output.media-type.value = "audio/raw"
07-28 11:07:12.796  4201  4236 D CCodecConfig:   c2::u32 raw.channel-count.value = 1
07-28 11:07:12.796  4201  4236 D CCodecConfig:   c2::u32 raw.sample-rate.value = 48000
07-28 11:07:12.796  4201  4236 D CCodecConfig: }
07-28 11:07:12.797  4201  4236 D CCodec  : [c2.android.vorbis.decoder] buffers are bound to CCodec for this session
07-28 11:07:12.797  4201  4236 D CCodecConfig: no c2 equivalents for durationUs
07-28 11:07:12.797  4201  4236 D CCodecConfig: no c2 equivalents for track-id
07-28 11:07:12.797  4201  4236 D CCodecConfig: no c2 equivalents for csd-1
07-28 11:07:12.797  4201  4236 D CCodecConfig: no c2 equivalents for channel-mask
07-28 11:07:12.797  4201  4236 D CCodecConfig: no c2 equivalents for flags
07-28 11:07:12.798  4201  4236 W Codec2Client: query -- param skipped: index = 1107298332.
07-28 11:07:12.798  4201  4236 D CCodec  : setup formats input: AMessage(what = 0x00000000) = {
07-28 11:07:12.798  4201  4236 D CCodec  :   int32_t channel-count = 1
07-28 11:07:12.798  4201  4236 D CCodec  :   int32_t max-input-size = 32768
07-28 11:07:12.798  4201  4236 D CCodec  :   string mime = "audio/vorbis"
07-28 11:07:12.798  4201  4236 D CCodec  :   int32_t sample-rate = 48000
07-28 11:07:12.798  4201  4236 D CCodec  : } and output: AMessage(what = 0x00000000) = {
07-28 11:07:12.798  4201  4236 D CCodec  :   int32_t channel-count = 1
07-28 11:07:12.798  4201  4236 D CCodec  :   string mime = "audio/raw"
07-28 11:07:12.798  4201  4236 D CCodec  :   int32_t sample-rate = 48000
07-28 11:07:12.798  4201  4236 D CCodec  :   int32_t channel-mask = 1
07-28 11:07:12.798  4201  4236 D CCodec  : }
07-28 11:07:12.799   304   551 W EmuHWC2 : validate: layer 36 CompositionType 1, fallback
07-28 11:07:12.802   304   551 W EmuHWC2 : No layers, exit, buffer 0xea641910
07-28 11:07:12.805  4201  4236 W Codec2Client: query -- param skipped: index = 1342179345.
07-28 11:07:12.805  4201  4236 W Codec2Client: query -- param skipped: index = 2415921170.
07-28 11:07:12.807  4201  4236 E FMQ     : grantorIdx must be less than 3
07-28 11:07:12.808  4201  4236 E FMQ     : grantorIdx must be less than 3
07-28 11:07:12.808  4201  4236 D CCodecBufferChannel: [c2.android.vorbis.decoder#832] Created input block pool with allocatorID 16 => poolID 17 - OK (0)
07-28 11:07:12.809   438  1016 E FMQ     : grantorIdx must be less than 3
07-28 11:07:12.809   438  1016 E FMQ     : grantorIdx must be less than 3
07-28 11:07:12.809  4201  4236 I CCodecBufferChannel: [c2.android.vorbis.decoder#832] Created output block pool with allocatorID 16 => poolID 38 - OK
07-28 11:07:12.809  4201  4236 D CCodecBufferChannel: [c2.android.vorbis.decoder#832] Configured output block pool ids 38 => OK
07-28 11:07:12.810  4201  4236 E ion     : ioctl c0044901 failed with code -1: Inappropriate ioctl for device
07-28 11:07:12.812   438  4241 D SimpleC2Component: Using output block pool with poolID 38 => got 38 - 0
07-28 11:07:12.813  4201  4236 E FMQ     : grantorIdx must be less than 3
07-28 11:07:12.813   438  1016 E FMQ     : grantorIdx must be less than 3
07-28 11:07:12.817   304   551 W EmuHWC2 : validate: layer 36 CompositionType 1, fallback
07-28 11:07:12.820   304   551 W EmuHWC2 : No layers, exit, buffer 0xea641110
07-28 11:07:12.828   438  4241 E FMQ     : grantorIdx must be less than 3
07-28 11:07:12.828  4201  4240 E FMQ     : grantorIdx must be less than 3
07-28 11:07:12.832   304   551 W EmuHWC2 : validate: layer 36 CompositionType 1, fallback
07-28 11:07:12.836   304   551 W EmuHWC2 : No layers, exit, buffer 0xea641910
07-28 11:07:12.853   304   551 W EmuHWC2 : validate: layer 36 CompositionType 1, fallback
07-28 11:07:12.864   304   551 W EmuHWC2 : No layers, exit, buffer 0xea641110
07-28 11:07:12.867   304   551 W EmuHWC2 : validate: layer 36 CompositionType 1, fallback
07-28 11:07:12.873   304   551 W EmuHWC2 : No layers, exit, buffer 0xea641910
07-28 11:07:12.882   304   551 W EmuHWC2 : validate: layer 36 CompositionType 1, fallback
07-28 11:07:12.885   304   551 W EmuHWC2 : No layers, exit, buffer 0xea641110
07-28 11:07:12.899   304   551 W EmuHWC2 : validate: layer 36 CompositionType 1, fallback
07-28 11:07:12.902   304   551 W EmuHWC2 : No layers, exit, buffer 0xea641910
07-28 11:07:12.910  4201  4201 I CAM_Profiler: [275.591ms][ui] GUARD: CameraActivity.onCreateTasks - [171.665ms] setContentView()
07-28 11:07:12.915   304   551 W EmuHWC2 : validate: layer 36 CompositionType 1, fallback
07-28 11:07:12.918   304   551 W EmuHWC2 : No layers, exit, buffer 0xea641110
07-28 11:07:12.920  4201  4201 V CAM_Profiler: [285.125ms][ui] GUARD: CameraActivity.onCreateTasks - [ 9.534ms] Configure Camera UI
07-28 11:07:12.924  4201  4201 I TetheringManager: registerTetheringEventCallback:com.android.camera2
07-28 11:07:12.930  4201  4201 V CAM_CameraController: Closing camera
07-28 11:07:12.930  4201  4230 W CAM2PORT_AndCamAgntImp: Releasing camera without any camera opened.
07-28 11:07:12.931  4201  4201 V CAM_ModulesInfo: EnableCaptureModule = true
07-28 11:07:12.932   304   551 W EmuHWC2 : validate: layer 36 CompositionType 1, fallback
07-28 11:07:12.934  4201  4201 V CAM_Profiler: [  0.000ms][ui] GUARD: new CaptureModule - START
07-28 11:07:12.935   304   551 W EmuHWC2 : No layers, exit, buffer 0xea641910
07-28 11:07:12.938  4201  4201 V CAM_Profiler: [  4.665ms][ui] GUARD: new CaptureModule - STOP
07-28 11:07:12.938  4201  4201 V CAM_SettingsManager: listeners: [com.android.camera.app.CameraAppUI@1f070ae]
07-28 11:07:12.944  4201  4201 V CAM_SettingsManager: listeners: [com.android.camera.app.CameraAppUI@1f070ae, com.android.camera.ButtonManager@b14606b]
07-28 11:07:12.944  4201  4201 V CAM_SettingsManager: listeners: [com.android.camera.app.CameraAppUI@1f070ae, com.android.camera.ButtonManager@b14606b, com.android.camera.widget.IndicatorIconController@aee0061]
07-28 11:07:12.944  4201  4201 V CAM_Profiler: [309.542ms][ui] GUARD: CameraActivity.onCreateTasks - [ 5.714ms] Init Current Module UI
07-28 11:07:12.944  4201  4201 V CAM_Profiler: [  0.000ms][ui] GUARD: CaptureModule.init - START
07-28 11:07:12.944  4201  4201 D CAM_CaptureModule: init UseAutotransformUiLayout = false
07-28 11:07:12.945  4201  4201 D CAM_Camera2OneCamMgr: Getting First BACK Camera
07-28 11:07:12.946  4201  4201 D CAM_Camera2OneCamMgr: Getting First FRONT Camera
07-28 11:07:12.949   304   551 W EmuHWC2 : validate: layer 36 CompositionType 1, fallback
07-28 11:07:12.956   304   551 W EmuHWC2 : No layers, exit, buffer 0xea641110
07-28 11:07:12.967   304   551 W EmuHWC2 : validate: layer 36 CompositionType 1, fallback
07-28 11:07:12.971   304   551 W EmuHWC2 : No layers, exit, buffer 0xea641910
07-28 11:07:12.973  4201  4201 I CAM_Profiler: [ 29.203ms][ui] GUARD: CaptureModule.init - STOP
07-28 11:07:12.973  4201  4201 I CAM_Profiler: [339.095ms][ui] GUARD: CameraActivity.onCreateTasks - [29.553ms] Init CurrentModule
07-28 11:07:12.975  4201  4201 V NFC     : this device does not have NFC support
07-28 11:07:12.980  4201  4201 I CAM_Profiler: [345.663ms][ui] GUARD: CameraActivity.onCreateTasks - STOP
07-28 11:07:12.980  4201  4201 V CAM_QuickActivity: END onCreate: Activity = com.android.camera.CameraActivity@b3f441f
07-28 11:07:12.982  4201  4201 V CAM_QuickActivity: START onStart: Activity = com.android.camera.CameraActivity@b3f441f
07-28 11:07:12.987  4201  4201 V CAM_QuickActivity: END onStart: Activity = com.android.camera.CameraActivity@b3f441f
07-28 11:07:12.989  4201  4201 V CAM_QuickActivity: START onResume: Activity = com.android.camera.CameraActivity@b3f441f
07-28 11:07:12.992  4201  4201 V CAM_QuickActivity: onResume(): isKeyguardLocked() = false
07-28 11:07:12.993  4201  4201 V CAM_QuickActivity: onResume --> onResumeTasks()
07-28 11:07:12.993  4201  4201 V CAM_Profiler: [  0.000ms][ui] GUARD: CameraActivity.resume - START
07-28 11:07:12.993  4201  4201 V CAM_CameraActivity: Build info: sdk_phone_x86-userdebug 11 RSR1.210210.001.A1 7193139 dev-keys
07-28 11:07:13.005  4201  4201 V CAM_Profiler: [  0.000ms][ui] GUARD: CaptureModule.resume - START
07-28 11:07:13.007  4201  4201 V CAM_Profiler: [  1.528ms][ui] GUARD: CaptureModule.resume - [ 0.025ms] getRemoteShutterListener.onModuleReady
07-28 11:07:13.009  4201  4248 D CAM_Storage: External storage state=mounted
07-28 11:07:13.011  4201  4249 D CCodec  : allocate(c2.android.vorbis.decoder)
07-28 11:07:13.013  4201  4249 I CCodec  : Created component [c2.android.vorbis.decoder]
07-28 11:07:13.013  4201  4249 D CCodecConfig: read media type: audio/vorbis
07-28 11:07:13.025  4201  4249 D ReflectedParamUpdater: extent() != 1 for single value type: algo.buffers.max-count.values
07-28 11:07:13.027  4201  4249 D ReflectedParamUpdater: extent() != 1 for single value type: output.subscribed-indices.values
07-28 11:07:13.044  4201  4201 V CAM_Profiler: [ 23.349ms][ui] GUARD: CaptureModule.resume - [ 9.620ms] mHeadingSensor.activate()
07-28 11:07:13.045  4201  4201 I CAM_Profiler: [ 23.349ms][ui] GUARD: CaptureModule.resume - STOP
07-28 11:07:13.045  4201  4201 I CAM_Profiler: [ 51.966ms][ui] GUARD: CameraActivity.resume - [39.569ms] mCurrentModule.resume
07-28 11:07:13.045  4201  4250 D CCodec  : allocate(c2.android.vorbis.decoder)
07-28 11:07:13.046  4201  4247 D CAM_MemoryQuery: timestamp=509513, availMem=1210, totalMem=1980, totalPSS=21, lastTrimLevel=0, largeMemoryClass=512, nativePSS=8, dalvikPSS=2, otherPSS=10,threshold=144, lowMemory=false
07-28 11:07:13.046  4201  4201 V CAM_Profiler: [ 53.125ms][ui] GUARD: CameraActivity.resume - [ 0.018ms] mPanoramaViewHelper.onResume()
07-28 11:07:13.046  4201  4201 V CAM_LcyLocProvider: starting location updates
07-28 11:07:13.047  4201  4249 D ReflectedParamUpdater: extent() != 1 for single value type: input.buffers.allocator-ids.values
07-28 11:07:13.047  4201  4249 D ReflectedParamUpdater: extent() != 1 for single value type: output.buffers.allocator-ids.values
07-28 11:07:13.047  4201  4249 D ReflectedParamUpdater: extent() != 1 for single value type: algo.buffers.allocator-ids.values
07-28 11:07:13.048   335   335 E Layer   : [Surface(name=Task=1)/@0x85f43ad - animation-leash#0] No local sync point found
07-28 11:07:13.048   335   335 E Layer   : [Surface(name=Task=1)/@0x85f43ad - animation-leash#0] No local sync point found
07-28 11:07:13.048   335   335 E Layer   : [Surface(name=Task=13)/@0x88bec8f - animation-leash#0] No local sync point found
07-28 11:07:13.048   335   335 E Layer   : [Surface(name=Task=13)/@0x88bec8f - animation-leash#0] No local sync point found
07-28 11:07:13.049  4201  4249 D ReflectedParamUpdater: extent() != 1 for single value type: output.buffers.pool-ids.values
07-28 11:07:13.050  4201  4249 D ReflectedParamUpdater: extent() != 1 for single value type: algo.buffers.pool-ids.values
07-28 11:07:13.050  4201  4250 I CCodec  : Created component [c2.android.vorbis.decoder]
07-28 11:07:13.051  4201  4250 D CCodecConfig: read media type: audio/vorbis
07-28 11:07:13.052  4201  4249 I CCodecConfig: query failed after returning 7 values (BAD_INDEX)
07-28 11:07:13.052  4201  4249 D CCodecConfig: c2 config diff is Dict {
07-28 11:07:13.052  4201  4249 D CCodecConfig:   c2::u32 coded.bitrate.value = 64000
07-28 11:07:13.052  4201  4249 D CCodecConfig:   c2::u32 input.buffers.max-size.value = 32768
07-28 11:07:13.052  4201  4249 D CCodecConfig:   c2::u32 input.delay.value = 0
07-28 11:07:13.052  4201  4249 D CCodecConfig:   string input.media-type.value = "audio/vorbis"
07-28 11:07:13.052  4201  4249 D CCodecConfig:   string output.media-type.value = "audio/raw"
07-28 11:07:13.052  4201  4249 D CCodecConfig:   c2::u32 raw.channel-count.value = 1
07-28 11:07:13.052  4201  4249 D CCodecConfig:   c2::u32 raw.sample-rate.value = 48000
07-28 11:07:13.052  4201  4249 D CCodecConfig: }
07-28 11:07:13.054  4201  4249 D CCodec  : [c2.android.vorbis.decoder] buffers are bound to CCodec for this session
07-28 11:07:13.054  4201  4249 D CCodecConfig: no c2 equivalents for durationUs
07-28 11:07:13.054  4201  4249 D CCodecConfig: no c2 equivalents for track-id
07-28 11:07:13.054  4201  4249 D CCodecConfig: no c2 equivalents for csd-1
07-28 11:07:13.055  4201  4249 D CCodecConfig: no c2 equivalents for channel-mask
07-28 11:07:13.055  4201  4249 D CCodecConfig: no c2 equivalents for flags
07-28 11:07:13.056  4201  4249 W Codec2Client: query -- param skipped: index = 1107298332.
07-28 11:07:13.056  4201  4249 D CCodec  : setup formats input: AMessage(what = 0x00000000) = {
07-28 11:07:13.056  4201  4249 D CCodec  :   int32_t channel-count = 1
07-28 11:07:13.056  4201  4249 D CCodec  :   int32_t max-input-size = 32768
07-28 11:07:13.056  4201  4249 D CCodec  :   string mime = "audio/vorbis"
07-28 11:07:13.056  4201  4249 D CCodec  :   int32_t sample-rate = 48000
07-28 11:07:13.056  4201  4249 D CCodec  : } and output: AMessage(what = 0x00000000) = {
07-28 11:07:13.056  4201  4249 D CCodec  :   int32_t channel-count = 1
07-28 11:07:13.056  4201  4249 D CCodec  :   string mime = "audio/raw"
07-28 11:07:13.056  4201  4249 D CCodec  :   int32_t sample-rate = 48000
07-28 11:07:13.056  4201  4249 D CCodec  :   int32_t channel-mask = 1
07-28 11:07:13.056  4201  4249 D CCodec  : }
07-28 11:07:13.059  4201  4249 W Codec2Client: query -- param skipped: index = 1342179345.
07-28 11:07:13.059  4201  4249 W Codec2Client: query -- param skipped: index = 2415921170.
07-28 11:07:13.060  4201  4249 E FMQ     : grantorIdx must be less than 3
07-28 11:07:13.060  4201  4249 E FMQ     : grantorIdx must be less than 3
07-28 11:07:13.060  4201  4249 D CCodecBufferChannel: [c2.android.vorbis.decoder#173] Created input block pool with allocatorID 16 => poolID 18 - OK (0)
07-28 11:07:13.061   438   438 E FMQ     : grantorIdx must be less than 3
07-28 11:07:13.061   438   438 E FMQ     : grantorIdx must be less than 3
07-28 11:07:13.062  4201  4249 I CCodecBufferChannel: [c2.android.vorbis.decoder#173] Created output block pool with allocatorID 16 => poolID 39 - OK
07-28 11:07:13.063  4201  4249 D CCodecBufferChannel: [c2.android.vorbis.decoder#173] Configured output block pool ids 39 => OK
07-28 11:07:13.063  4201  4201 D CAM_LcyLocProvider: startReceivingLocationUpdates
07-28 11:07:13.064   438  4251 D SimpleC2Component: Using output block pool with poolID 39 => got 39 - 0
07-28 11:07:13.066  4201  4249 E FMQ     : grantorIdx must be less than 3
07-28 11:07:13.066   438   438 E FMQ     : grantorIdx must be less than 3
07-28 11:07:13.066  4201  4201 I CAM_Profiler: [ 73.391ms][ui] GUARD: CameraActivity.resume - STOP
07-28 11:07:13.067  4201  4201 V CAM_QuickActivity: END onResume: Activity = com.android.camera.CameraActivity@b3f441f
07-28 11:07:13.068  4201  4250 D ReflectedParamUpdater: extent() != 1 for single value type: algo.buffers.max-count.values
07-28 11:07:13.078  4201  4250 D ReflectedParamUpdater: extent() != 1 for single value type: output.subscribed-indices.values
07-28 11:07:13.078  4201  4250 D ReflectedParamUpdater: extent() != 1 for single value type: input.buffers.allocator-ids.values
07-28 11:07:13.079  4201  4250 D ReflectedParamUpdater: extent() != 1 for single value type: output.buffers.allocator-ids.values
07-28 11:07:13.079  4201  4250 D ReflectedParamUpdater: extent() != 1 for single value type: algo.buffers.allocator-ids.values
07-28 11:07:13.079  4201  4250 D ReflectedParamUpdater: extent() != 1 for single value type: output.buffers.pool-ids.values
07-28 11:07:13.079  4201  4250 D ReflectedParamUpdater: extent() != 1 for single value type: algo.buffers.pool-ids.values
07-28 11:07:13.081   335   335 E Layer   : [Surface(name=Task=1)/@0x85f43ad - animation-leash#0] No local sync point found
07-28 11:07:13.081   335   335 E Layer   : [Surface(name=Task=13)/@0x88bec8f - animation-leash#0] No local sync point found
07-28 11:07:13.082  4201  4250 I CCodecConfig: query failed after returning 7 values (BAD_INDEX)
07-28 11:07:13.082  4201  4250 D CCodecConfig: c2 config diff is Dict {
07-28 11:07:13.082  4201  4250 D CCodecConfig:   c2::u32 coded.bitrate.value = 64000
07-28 11:07:13.082  4201  4250 D CCodecConfig:   c2::u32 input.buffers.max-size.value = 32768
07-28 11:07:13.082  4201  4250 D CCodecConfig:   c2::u32 input.delay.value = 0
07-28 11:07:13.082  4201  4250 D CCodecConfig:   string input.media-type.value = "audio/vorbis"
07-28 11:07:13.082  4201  4250 D CCodecConfig:   string output.media-type.value = "audio/raw"
07-28 11:07:13.082  4201  4250 D CCodecConfig:   c2::u32 raw.channel-count.value = 1
07-28 11:07:13.082  4201  4250 D CCodecConfig:   c2::u32 raw.sample-rate.value = 48000
07-28 11:07:13.082  4201  4250 D CCodecConfig: }
07-28 11:07:13.083  4201  4250 D CCodec  : [c2.android.vorbis.decoder] buffers are bound to CCodec for this session
07-28 11:07:13.084  4201  4250 D CCodecConfig: no c2 equivalents for durationUs
07-28 11:07:13.084  4201  4250 D CCodecConfig: no c2 equivalents for track-id
07-28 11:07:13.084  4201  4250 D CCodecConfig: no c2 equivalents for csd-1
07-28 11:07:13.084  4201  4250 D CCodecConfig: no c2 equivalents for channel-mask
07-28 11:07:13.084  4201  4250 D CCodecConfig: no c2 equivalents for flags
07-28 11:07:13.086  4201  4250 D CCodecConfig: c2 config diff is   c2::u32 raw.channel-count.value = 2
07-28 11:07:13.087  4201  4250 W Codec2Client: query -- param skipped: index = 1107298332.
07-28 11:07:13.088  4201  4250 D CCodec  : setup formats input: AMessage(what = 0x00000000) = {
07-28 11:07:13.088  4201  4250 D CCodec  :   int32_t channel-count = 2
07-28 11:07:13.088  4201  4250 D CCodec  :   int32_t max-input-size = 32768
07-28 11:07:13.088  4201  4250 D CCodec  :   string mime = "audio/vorbis"
07-28 11:07:13.088  4201  4250 D CCodec  :   int32_t sample-rate = 48000
07-28 11:07:13.088  4201  4250 D CCodec  : } and output: AMessage(what = 0x00000000) = {
07-28 11:07:13.088  4201  4250 D CCodec  :   int32_t channel-count = 2
07-28 11:07:13.088  4201  4250 D CCodec  :   string mime = "audio/raw"
07-28 11:07:13.088  4201  4250 D CCodec  :   int32_t sample-rate = 48000
07-28 11:07:13.088  4201  4250 D CCodec  :   int32_t channel-mask = 3
07-28 11:07:13.088  4201  4250 D CCodec  : }
07-28 11:07:13.092  4201  4250 W Codec2Client: query -- param skipped: index = 1342179345.
07-28 11:07:13.092  4201  4250 W Codec2Client: query -- param skipped: index = 2415921170.
07-28 11:07:13.093  4201  4250 E FMQ     : grantorIdx must be less than 3
07-28 11:07:13.093  4201  4250 E FMQ     : grantorIdx must be less than 3
07-28 11:07:13.094  4201  4250 D CCodecBufferChannel: [c2.android.vorbis.decoder#79] Created input block pool with allocatorID 16 => poolID 19 - OK (0)
07-28 11:07:13.094   438  1016 E FMQ     : grantorIdx must be less than 3
07-28 11:07:13.095   438  1016 E FMQ     : grantorIdx must be less than 3
07-28 11:07:13.095   438  4251 E FMQ     : grantorIdx must be less than 3
07-28 11:07:13.096  4201  4240 E FMQ     : grantorIdx must be less than 3
07-28 11:07:13.096  4201  4250 I CCodecBufferChannel: [c2.android.vorbis.decoder#79] Created output block pool with allocatorID 16 => poolID 40 - OK
07-28 11:07:13.096  4201  4250 D CCodecBufferChannel: [c2.android.vorbis.decoder#79] Configured output block pool ids 40 => OK
07-28 11:07:13.099   438  4253 D SimpleC2Component: Using output block pool with poolID 40 => got 40 - 0
07-28 11:07:13.099  4201  4250 E FMQ     : grantorIdx must be less than 3
07-28 11:07:13.100   438  1016 E FMQ     : grantorIdx must be less than 3
07-28 11:07:13.108  4201  4201 V CAM_FocusController: configurePreviewDimensions(RectF(0.0, 0.0, 0.0, 0.0))
07-28 11:07:13.109  4201  4201 V CAM_CameraActivity: ignoring storage callback after activity pause
07-28 11:07:13.111  4201  4254 D CCodec  : allocate(c2.android.vorbis.decoder)
07-28 11:07:13.114  4201  4254 I CCodec  : Created component [c2.android.vorbis.decoder]
07-28 11:07:13.114  4201  4254 D CCodecConfig: read media type: audio/vorbis
07-28 11:07:13.128  4201  4254 D ReflectedParamUpdater: extent() != 1 for single value type: algo.buffers.max-count.values
07-28 11:07:13.128  4201  4254 D ReflectedParamUpdater: extent() != 1 for single value type: output.subscribed-indices.values
07-28 11:07:13.128  4201  4254 D ReflectedParamUpdater: extent() != 1 for single value type: input.buffers.allocator-ids.values
07-28 11:07:13.129  4201  4254 D ReflectedParamUpdater: extent() != 1 for single value type: output.buffers.allocator-ids.values
07-28 11:07:13.130  4201  4254 D ReflectedParamUpdater: extent() != 1 for single value type: algo.buffers.allocator-ids.values
07-28 11:07:13.131  4201  4254 D ReflectedParamUpdater: extent() != 1 for single value type: output.buffers.pool-ids.values
07-28 11:07:13.138  4201  4254 D ReflectedParamUpdater: extent() != 1 for single value type: algo.buffers.pool-ids.values
07-28 11:07:13.139  4201  4236 D CCodecBufferChannel: [c2.android.vorbis.decoder#832] MediaCodec discarded an unknown buffer
07-28 11:07:13.140  4201  4236 I chatty  : uid=10091(com.android.camera2) identical 1 line
07-28 11:07:13.140  4201  4236 D CCodecBufferChannel: [c2.android.vorbis.decoder#832] MediaCodec discarded an unknown buffer
07-28 11:07:13.141  4201  4254 I CCodecConfig: query failed after returning 7 values (BAD_INDEX)
07-28 11:07:13.141  4201  4254 D CCodecConfig: c2 config diff is Dict {
07-28 11:07:13.141  4201  4254 D CCodecConfig:   c2::u32 coded.bitrate.value = 64000
07-28 11:07:13.141  4201  4254 D CCodecConfig:   c2::u32 input.buffers.max-size.value = 32768
07-28 11:07:13.141  4201  4254 D CCodecConfig:   c2::u32 input.delay.value = 0
07-28 11:07:13.141  4201  4254 D CCodecConfig:   string input.media-type.value = "audio/vorbis"
07-28 11:07:13.141  4201  4254 D CCodecConfig:   string output.media-type.value = "audio/raw"
07-28 11:07:13.141  4201  4254 D CCodecConfig:   c2::u32 raw.channel-count.value = 1
07-28 11:07:13.141  4201  4254 D CCodecConfig:   c2::u32 raw.sample-rate.value = 48000
07-28 11:07:13.141  4201  4254 D CCodecConfig: }
07-28 11:07:13.142  4201  4254 D CCodec  : [c2.android.vorbis.decoder] buffers are bound to CCodec for this session
07-28 11:07:13.142  4201  4254 D CCodecConfig: no c2 equivalents for durationUs
07-28 11:07:13.142  4201  4254 D CCodecConfig: no c2 equivalents for track-id
07-28 11:07:13.142  4201  4254 D CCodecConfig: no c2 equivalents for csd-1
07-28 11:07:13.142  4201  4254 D CCodecConfig: no c2 equivalents for channel-mask
07-28 11:07:13.142  4201  4254 D CCodecConfig: no c2 equivalents for flags
07-28 11:07:13.143  4201  4254 D CCodecConfig: c2 config diff is   c2::u32 raw.channel-count.value = 2
07-28 11:07:13.143  4201  4254 D CCodecConfig:   c2::u32 raw.sample-rate.value = 44100
07-28 11:07:13.145  4201  4254 W Codec2Client: query -- param skipped: index = 1107298332.
07-28 11:07:13.145  4201  4254 D CCodec  : setup formats input: AMessage(what = 0x00000000) = {
07-28 11:07:13.145  4201  4254 D CCodec  :   int32_t channel-count = 2
07-28 11:07:13.145  4201  4254 D CCodec  :   int32_t max-input-size = 32768
07-28 11:07:13.145  4201  4254 D CCodec  :   string mime = "audio/vorbis"
07-28 11:07:13.145  4201  4254 D CCodec  :   int32_t sample-rate = 44100
07-28 11:07:13.145  4201  4254 D CCodec  : } and output: AMessage(what = 0x00000000) = {
07-28 11:07:13.145  4201  4254 D CCodec  :   int32_t channel-count = 2
07-28 11:07:13.145  4201  4254 D CCodec  :   string mime = "audio/raw"
07-28 11:07:13.145  4201  4254 D CCodec  :   int32_t sample-rate = 44100
07-28 11:07:13.145  4201  4254 D CCodec  :   int32_t channel-mask = 3
07-28 11:07:13.145  4201  4254 D CCodec  : }
07-28 11:07:13.146  4201  4254 W Codec2Client: query -- param skipped: index = 1342179345.
07-28 11:07:13.146  4201  4254 W Codec2Client: query -- param skipped: index = 2415921170.
07-28 11:07:13.146  4201  4254 E FMQ     : grantorIdx must be less than 3
07-28 11:07:13.147  4201  4254 E FMQ     : grantorIdx must be less than 3
07-28 11:07:13.148  4201  4254 D CCodecBufferChannel: [c2.android.vorbis.decoder#370] Created input block pool with allocatorID 16 => poolID 20 - OK (0)
07-28 11:07:13.149   438  3588 E FMQ     : grantorIdx must be less than 3
07-28 11:07:13.149   438  3588 E FMQ     : grantorIdx must be less than 3
07-28 11:07:13.151  4201  4254 I CCodecBufferChannel: [c2.android.vorbis.decoder#370] Created output block pool with allocatorID 16 => poolID 41 - OK
07-28 11:07:13.151  4201  4254 D CCodecBufferChannel: [c2.android.vorbis.decoder#370] Configured output block pool ids 41 => OK
07-28 11:07:13.153  4201  4256 I hw-BpHwBinder: onLastStrongRef automatically unlinking death recipients
07-28 11:07:13.157  4201  4246 V CAM_CameraDataAdapter: retrieved photo metadata, number of items: 1
07-28 11:07:13.157  4201  4246 V CAM_CameraDataAdapter: retrieved video metadata, number of items: 0
07-28 11:07:13.157  4201  4246 V CAM_CameraDataAdapter: sorting video/photo metadata
07-28 11:07:13.159  4201  4246 V CAM_CameraDataAdapter: sorted video/photo metadata
07-28 11:07:13.159   438  4255 D SimpleC2Component: Using output block pool with poolID 41 => got 41 - 0
07-28 11:07:13.162  4201  4254 E FMQ     : grantorIdx must be less than 3
07-28 11:07:13.162   438  1055 E FMQ     : grantorIdx must be less than 3
07-28 11:07:13.164  4201  4201 V CAM_TexViewHelper: onLayoutChange
07-28 11:07:13.164  4201  4201 V CAM_TexViewHelper: updateTransform
07-28 11:07:13.166  4201  4201 V CAM_TexViewHelper: setAspectRatio: 0.0
07-28 11:07:13.166  4201  4201 D CAM_CaptureModule: updatePreviewTransform: 1080 x 1977
07-28 11:07:13.167  4201  4201 V CAM_TexViewHelper: setAspectRatio: NaN
07-28 11:07:13.167  4201  4201 V CAM_TexViewHelper: aspect ratio changed from: 0.0
07-28 11:07:13.197  4201  4227 D HostConnection: HostConnection::get() New Host Connection established 0xf442d7a0, tid 4227
07-28 11:07:13.200   438  4253 E FMQ     : grantorIdx must be less than 3
07-28 11:07:13.200  4201  4240 E FMQ     : grantorIdx must be less than 3
07-28 11:07:13.209  4201  4227 D HostConnection: HostComposition ext ANDROID_EMU_CHECKSUM_HELPER_v1 ANDROID_EMU_native_sync_v2 ANDROID_EMU_native_sync_v3 ANDROID_EMU_native_sync_v4 ANDROID_EMU_dma_v1 ANDROID_EMU_direct_mem ANDROID_EMU_host_composition_v1 ANDROID_EMU_host_composition_v2 ANDROID_EMU_vulkan ANDROID_EMU_deferred_vulkan_commands ANDROID_EMU_vulkan_null_optional_strings ANDROID_EMU_vulkan_create_resources_with_requirements ANDROID_EMU_YUV_Cache ANDROID_EMU_vulkan_ignored_handles ANDROID_EMU_has_shared_slots_host_memory_allocator ANDROID_EMU_vulkan_free_memory_sync ANDROID_EMU_vulkan_shader_float16_int8 ANDROID_EMU_vulkan_async_queue_submit ANDROID_EMU_sync_buffer_data ANDROID_EMU_read_color_buffer_dma GL_OES_vertex_array_object GL_KHR_texture_compression_astc_ldr ANDROID_EMU_host_side_tracing ANDROID_EMU_gles_max_version_2 
07-28 11:07:13.222   174   174 I hwservicemanager: getTransport: Cannot find entry android.hardware.configstore@1.0::ISurfaceFlingerConfigs/default in either framework or device manifest.
07-28 11:07:13.228  4201  4227 W OpenGLRenderer: Failed to choose config with EGL_SWAP_BEHAVIOR_PRESERVED, retrying without...
07-28 11:07:13.278  4201  4227 D EGL_emulation: eglCreateContext: 0xf4427370: maj 2 min 0 rcv 2
07-28 11:07:13.288   438  4255 E FMQ     : grantorIdx must be less than 3
07-28 11:07:13.288  4201  4240 E FMQ     : grantorIdx must be less than 3
07-28 11:07:13.296  4201  4227 D EGL_emulation: eglMakeCurrent: 0xf4427370: ver 2 0 (tinfo 0xf47757d0) (first time)
07-28 11:07:13.307   303   303 D goldfish-address-space: claimShared: Ask to claim region [0x3f6b34000 0x3f73e5000]
07-28 11:07:13.312   174   174 I hwservicemanager: getTransport: Cannot find entry android.hardware.graphics.mapper@4.0::IMapper/default in either framework or device manifest.
07-28 11:07:13.312  4201  4227 I Gralloc4: mapper 4.x is not supported
07-28 11:07:13.315  4201  4227 D HostConnection: createUnique: call
07-28 11:07:13.316  4201  4227 D HostConnection: HostConnection::get() New Host Connection established 0xf4410c40, tid 4227
07-28 11:07:13.317  4201  4227 D goldfish-address-space: allocate: Ask for block of size 0x100
07-28 11:07:13.317  4201  4227 D goldfish-address-space: allocate: ioctl allocate returned offset 0x3f3ffe000 size 0x2000
07-28 11:07:13.330  4201  4249 D CCodecBufferChannel: [c2.android.vorbis.decoder#173] MediaCodec discarded an unknown buffer
07-28 11:07:13.330  4201  4227 D HostConnection: HostComposition ext ANDROID_EMU_CHECKSUM_HELPER_v1 ANDROID_EMU_native_sync_v2 ANDROID_EMU_native_sync_v3 ANDROID_EMU_native_sync_v4 ANDROID_EMU_dma_v1 ANDROID_EMU_direct_mem ANDROID_EMU_host_composition_v1 ANDROID_EMU_host_composition_v2 ANDROID_EMU_vulkan ANDROID_EMU_deferred_vulkan_commands ANDROID_EMU_vulkan_null_optional_strings ANDROID_EMU_vulkan_create_resources_with_requirements ANDROID_EMU_YUV_Cache ANDROID_EMU_vulkan_ignored_handles ANDROID_EMU_has_shared_slots_host_memory_allocator ANDROID_EMU_vulkan_free_memory_sync ANDROID_EMU_vulkan_shader_float16_int8 ANDROID_EMU_vulkan_async_queue_submit ANDROID_EMU_sync_buffer_data ANDROID_EMU_read_color_buffer_dma GL_OES_vertex_array_object GL_KHR_texture_compression_astc_ldr ANDROID_EMU_host_side_tracing ANDROID_EMU_gles_max_version_2 
07-28 11:07:13.330  4201  4249 D CCodecBufferChannel: [c2.android.vorbis.decoder#173] MediaCodec discarded an unknown buffer
07-28 11:07:13.330  4201  4249 D CCodecBufferChannel: [c2.android.vorbis.decoder#173] MediaCodec discarded an unknown buffer
07-28 11:07:13.334   303   303 D goldfish-address-space: claimShared: Ask to claim region [0x3f73e5000 0x3f7c96000]
07-28 11:07:13.341  4201  4201 V CAM_TexViewHelper: updateTransform
07-28 11:07:13.341  4201  4201 V CAM_CameraAppUI: SurfaceTexture is available
07-28 11:07:13.341  4201  4201 D CAM_CaptureModule: onSurfaceTextureAvailable
07-28 11:07:13.341  4201  4201 D CAM_CaptureModule: updatePreviewTransform: 1080 x 1977
07-28 11:07:13.342  4201  4201 V CAM_TexViewHelper: setAspectRatio: NaN
07-28 11:07:13.342  4201  4201 V CAM_TexViewHelper: aspect ratio changed from: NaN
07-28 11:07:13.343  4201  4201 I CAM_FocusRingView: Computing center via view bounds.
07-28 11:07:13.344   303   303 D goldfish-address-space: claimShared: Ask to claim region [0x3f4708000 0x3f4fb9000]
07-28 11:07:13.349  4201  4246 V CAM_Profiler: [  0.000ms] GUARD: CaptureModule.closeCamera() - START
07-28 11:07:13.350  4201  4249 I hw-BpHwBinder: onLastStrongRef automatically unlinking death recipients
07-28 11:07:13.351  4201  4246 V CAM_Profiler: [  3.484ms] GUARD: CaptureModule.closeCamera() - [ 3.484ms] mCameraOpenCloseLock.acquire()
07-28 11:07:13.351  4201  4246 V CAM_Profiler: [  4.156ms] GUARD: CaptureModule.closeCamera() - STOP
07-28 11:07:13.351  4201  4246 V CAM_Profiler: [  0.000ms] GUARD: CaptureModule.openCameraAndStartPreview() - START
07-28 11:07:13.351  4201  4246 V CAM_Profiler: [  0.201ms] GUARD: CaptureModule.openCameraAndStartPreview() - [ 0.201ms] Acquired mCameraOpenCloseLock
07-28 11:07:13.393  4201  4246 I CAM_OneCamera1Opnr: Opening Camera: CameraId{Api2='0',Api1:0}
07-28 11:07:13.393  4201  4246 V CAM_ActvCamDevTrckr: Tracking active camera: null
07-28 11:07:13.427  4201  4250 D CCodecBufferChannel: [c2.android.vorbis.decoder#79] MediaCodec discarded an unknown buffer
07-28 11:07:13.427  4201  4250 I chatty  : uid=10091(com.android.camera2) NDK MediaCodec_ identical 1 line
07-28 11:07:13.427  4201  4250 D CCodecBufferChannel: [c2.android.vorbis.decoder#79] MediaCodec discarded an unknown buffer
07-28 11:07:13.430  4201  4250 I hw-BpHwBinder: onLastStrongRef automatically unlinking death recipients
07-28 11:07:13.440   414   605 I CameraService: CameraService::connect call (PID -1 "com.android.camera2", camera ID 0) for HAL version default and Camera API version 2
07-28 11:07:13.442   414   605 I Camera2ClientBase: Camera 0: Opened. Client: com.android.camera2 (PID 4201, UID 10091)
07-28 11:07:13.442   414   605 I CameraDeviceClient: CameraDeviceClient 0: Opened
07-28 11:07:13.451   295  4145 E libc    : Access denied finding property "ro.camera.req.fmq.size"
07-28 11:07:13.451   295  4145 E FMQ     : grantorIdx must be less than 3
07-28 11:07:13.451   295  4145 E libc    : Access denied finding property "ro.camera.res.fmq.size"
07-28 11:07:13.451   295  4145 E FMQ     : grantorIdx must be less than 3
07-28 11:07:13.454  4201  4261 D CCodec  : allocate(c2.android.vorbis.decoder)
07-28 11:07:13.456   414   605 E FMQ     : grantorIdx must be less than 3
07-28 11:07:13.456  4201  4261 I CCodec  : Created component [c2.android.vorbis.decoder]
07-28 11:07:13.457   414   605 E FMQ     : grantorIdx must be less than 3
07-28 11:07:13.458  4201  4261 D CCodecConfig: read media type: audio/vorbis
07-28 11:07:13.462  4201  4261 D ReflectedParamUpdater: extent() != 1 for single value type: algo.buffers.max-count.values
07-28 11:07:13.463  4201  4261 D ReflectedParamUpdater: extent() != 1 for single value type: output.subscribed-indices.values
07-28 11:07:13.463  4201  4261 D ReflectedParamUpdater: extent() != 1 for single value type: input.buffers.allocator-ids.values
07-28 11:07:13.463  4201  4261 D ReflectedParamUpdater: extent() != 1 for single value type: output.buffers.allocator-ids.values
07-28 11:07:13.463  4201  4261 D ReflectedParamUpdater: extent() != 1 for single value type: algo.buffers.allocator-ids.values
07-28 11:07:13.464  4201  4261 D ReflectedParamUpdater: extent() != 1 for single value type: output.buffers.pool-ids.values
07-28 11:07:13.464  4201  4261 D ReflectedParamUpdater: extent() != 1 for single value type: algo.buffers.pool-ids.values
07-28 11:07:13.468  4201  4261 I CCodecConfig: query failed after returning 7 values (BAD_INDEX)
07-28 11:07:13.468  4201  4261 D CCodecConfig: c2 config diff is Dict {
07-28 11:07:13.468  4201  4261 D CCodecConfig:   c2::u32 coded.bitrate.value = 64000
07-28 11:07:13.468  4201  4261 D CCodecConfig:   c2::u32 input.buffers.max-size.value = 32768
07-28 11:07:13.468  4201  4261 D CCodecConfig:   c2::u32 input.delay.value = 0
07-28 11:07:13.468  4201  4261 D CCodecConfig:   string input.media-type.value = "audio/vorbis"
07-28 11:07:13.468  4201  4261 D CCodecConfig:   string output.media-type.value = "audio/raw"
07-28 11:07:13.468  4201  4261 D CCodecConfig:   c2::u32 raw.channel-count.value = 1
07-28 11:07:13.468  4201  4261 D CCodecConfig:   c2::u32 raw.sample-rate.value = 48000
07-28 11:07:13.468  4201  4261 D CCodecConfig: }
07-28 11:07:13.468  4201  4261 D CCodec  : [c2.android.vorbis.decoder] buffers are bound to CCodec for this session
07-28 11:07:13.469  4201  4261 D CCodecConfig: no c2 equivalents for durationUs
07-28 11:07:13.469  4201  4261 D CCodecConfig: no c2 equivalents for track-id
07-28 11:07:13.469  4201  4261 D CCodecConfig: no c2 equivalents for csd-1
07-28 11:07:13.469  4201  4261 D CCodecConfig: no c2 equivalents for channel-mask
