08-01 12:28:20.719 22755 22799 I Finsky  : [1662] rqq.apply(12): SCH: Scheduling 1 system job(s)
08-01 12:28:20.719 22755 22799 I Finsky  : [1662] rqq.apply(18): SCH: Scheduling system job Id: 9196, L: 14250, D: 74170162, C: false, I: false, N: 1
08-01 12:28:20.721  3054  3054 I GoogleInputMethodService: GoogleInputMethodService.onFinishInput():3184 
08-01 12:28:20.721  3054  3054 I GoogleInputMethodService: GoogleInputMethodService.onStartInput():1830 
08-01 12:28:20.732  2220  2345 W ActivityManager: Slow operation: 60ms so far, now at startProcess: done updating battery stats
08-01 12:28:20.732  2220  2345 W ActivityManager: Slow operation: 60ms so far, now at startProcess: building log message
08-01 12:28:20.732  2220  2345 I ActivityManager: Start proc 27587:com.google.android.apps.photos/u0a148 for broadcast {com.google.android.apps.photos/com.google.android.libraries.social.peoplekit.thirdparty.viewcontrollers.ThirdPartyReceiver}
08-01 12:28:20.732  2220  2345 W ActivityManager: Slow operation: 60ms so far, now at startProcess: starting to update pids map
08-01 12:28:20.732  2220  2345 W ActivityManager: Slow operation: 61ms so far, now at startProcess: done updating pids map
08-01 12:28:20.733 27587 27587 E oid.apps.photo: Not starting debugger since process cannot load the jdwp agent.
08-01 12:28:20.759  2220  2336 I WindowManager:   SURFACE show Surface(name=com.motorola.launcher3/com.android.a1launcher.AndroidOneLauncher)/@0xd2e3a2 on display:0: com.motorola.launcher3/com.android.a1launcher.AndroidOneLauncher
08-01 12:28:20.789  3686  4185 W ThreadPoolDumper: Queue length for executor EventBus is now 11. Perhaps some tasks are too long, or the pool is too small.
08-01 12:28:20.799  3686  3915 W LocationOracle: No location history returned by ContextManager
08-01 12:28:20.820 27587 27587 I oid.apps.photo: The ClassLoaderContext is a special shared library.
08-01 12:28:20.847 22755 22785 I Finsky  : [1649] aay.WI(36): [ContentSync] finished, scheduled=true
08-01 12:28:20.853  3686  3686 I BgTaskExecutorImpl: Starting EXCLUSIVE background task TNG_MINUS_ONE_SYNC.
08-01 12:28:20.860  3686  3686 I BgTaskExecutorImpl: Starting EXCLUSIVE background task TNG_VOICE_SEARCH_SYNC.
08-01 12:28:20.865  3686  4185 I TngMinusOneSync: Syncing TNG:-1
08-01 12:28:20.865  3686  4185 I TngVoiceSearchSync: Syncing TNG:VoiceSearch
08-01 12:28:20.879  3686  3924 E MDD     : DownloadProgressMonitor: Can't find file for uri: android://com.google.android.googlequicksearchbox/files/sharedminusonemodule/shared/SharedMinusOneData.pb.tmp
08-01 12:28:20.887  3237  4446 W GCoreFlp: No location to return for getLastLocation()
08-01 12:28:20.896  3686  3915 W LocationOracle: No location returned by GMS core getLastLocation()
08-01 12:28:20.917 27587 27587 W oid.apps.photo: JIT profile information will not be recorded: profile file does not exits.
08-01 12:28:20.917 27587 27587 W oid.apps.photo: JIT profile information will not be recorded: profile file does not exits.
08-01 12:28:20.934 27534 27576 I DynamiteLoaderV2Impl: [71] Cronetdynamite
08-01 12:28:20.940  2678  2678 D vol.VolumeDialogImpl: mDialog.dismiss()
08-01 12:28:20.941 27534 27576 W droid.apps.map: ClassLoaderContext type mismatch. expected=PCL, found=DLC (PCL[] | DLC[];PCL[/data/app/com.google.android.apps.maps-lCmonsKCp64a9udHIE9iJA==/base.apk*2856375126:/data/app/com.google.android.apps.maps-lCmonsKCp64a9udHIE9iJA==/base.apk!classes2.dex*2076076245:/data/app/com.google.android.apps.maps-lCmonsKCp64a9udHIE9iJA==/base.apk!classes3.dex*1058035542:/data/app/com.google.android.apps.maps-lCmonsKCp64a9udHIE9iJA==/base.apk!classes4.dex*2300104982:/data/app/com.google.android.apps.maps-lCmonsKCp64a9udHIE9iJA==/base.apk!classes5.dex*2499573441:/data/app/com.google.android.apps.maps-lCmonsKCp64a9udHIE9iJA==/base.apk!classes6.dex*928079435:/data/app/com.google.android.apps.maps-lCmonsKCp64a9udHIE9iJA==/base.apk!classes7.dex*2088479058]{PCL[/system/framework/org.apache.http.legacy.jar*1038351580]})
08-01 12:28:20.947 27534 27576 W droid.apps.map: Found duplicate classes, falling back to extracting from APK : /data/user_de/0/com.google.android.gms/app_chimera/m/00000032/CronetDynamite.apk
08-01 12:28:20.947 27534 27576 W droid.apps.map: NOTE: This wastes RAM and hurts startup performance.
08-01 12:28:20.947 27534 27576 W droid.apps.map: Found duplicated class when checking oat files: 'La;' in /data/user_de/0/com.google.android.gms/app_chimera/m/00000032/CronetDynamite.apk and /data/app/com.google.android.apps.maps-lCmonsKCp64a9udHIE9iJA==/base.apk!classes2.dex
08-01 12:28:20.947 27534 27576 W droid.apps.map: 
08-01 12:28:20.966  3237  4805 W ProviderHelper: Unknown dynamite feature providerinstaller.dynamite
08-01 12:28:20.981 27534 27578 I droid.apps.map: The ClassLoaderContext is a special shared library.
08-01 12:28:20.987 27534 27578 I droid.apps.map: The ClassLoaderContext is a special shared library.
08-01 12:28:20.991  1182  1182 E Layer   : [Surface(name=AppWindowToken{cd2e867 token=Token{b72e426 ActivityRecord{bb08b81 u0 com.android.settings/.SubSettings t61}}})/@0x15ad427 - animation-leash#0] No local sync point found
08-01 12:28:20.991  1182  1182 E Layer   : [Surface(name=AppWindowToken{cd2e867 token=Token{b72e426 ActivityRecord{bb08b81 u0 com.android.settings/.SubSettings t61}}})/@0x15ad427 - animation-leash#0] No local sync point found
08-01 12:28:20.991  1182  1182 E Layer   : [Surface(name=AppWindowToken{3a2bed2 token=Token{299b55d ActivityRecord{2cd9334 u0 com.motorola.launcher3/com.android.a1launcher.AndroidOneLauncher t2}}})/@0xdcb91a1 - animation-leash#0] No local sync point found
08-01 12:28:20.991  1182  1182 E Layer   : [Surface(name=AppWindowToken{3a2bed2 token=Token{299b55d ActivityRecord{2cd9334 u0 com.motorola.launcher3/com.android.a1launcher.AndroidOneLauncher t2}}})/@0xdcb91a1 - animation-leash#0] No local sync point found
08-01 12:28:20.999 27587 27587 W oid.apps.photo: Accessing hidden field Ljava/util/Collections$SynchronizedCollection;->mutex:Ljava/lang/Object; (greylist-max-o, reflection, denied)
08-01 12:28:20.999 27587 27587 W oid.apps.photo: Accessing hidden method Ljava/util/Collections$SynchronizedSet;-><init>(Ljava/util/Set;Ljava/lang/Object;)V (greylist-max-o, reflection, denied)
08-01 12:28:21.000 27587 27587 W oid.apps.photo: Accessing hidden method Ljava/util/Collections$SynchronizedCollection;-><init>(Ljava/util/Collection;Ljava/lang/Object;)V (greylist-max-o, reflection, denied)
08-01 12:28:21.004  2220  4020 I WindowManager: Window drawn AppWindowToken{cd2e867 token=Token{b72e426 ActivityRecord{bb08b81 u0 com.android.settings/.SubSettings t61}}}
08-01 12:28:21.008 27534 27576 I cr_CronetLibraryLoader: Cronet version: 85.0.4183.81, arch: aarch64
08-01 12:28:21.030  2220  3972 D ConnectivityService: requestNetwork for uid/pid:10161/27534 NetworkRequest [ TRACK_DEFAULT id=233, [ Capabilities: INTERNET&NOT_RESTRICTED&TRUSTED Uid: 10161] ]
08-01 12:28:21.032  2220  2669 I chatty  : uid=1000(system) EthernetService expire 3 lines
08-01 12:28:21.033  2954  2954 D PhoneSwitcherNetworkRequstListener: got request NetworkRequest [ TRACK_DEFAULT id=233, [ Capabilities: INTERNET&NOT_RESTRICTED&TRUSTED Uid: 10161] ] with score 60 and serial -1
08-01 12:28:21.117 27534 27578 V NativeCrypto: Registering com/google/android/gms/org/conscrypt/NativeCrypto's 288 native methods...
08-01 12:28:21.162  2220  3972 W ProcessStats: Tracking association SourceState{e2604b0 com.google.android.gms.persistent/10110 ImpFg #29675} whose proc state 2 is better than process ProcessState{716e8ab com.google.android.gms/10110 pkg=com.google.android.gms} proc state 3 (32 skipped)
08-01 12:28:21.217 27534 27578 D NetworkSecurityConfig: No Network Security Config specified, using platform default
08-01 12:28:21.219 27534 27578 I ProviderInstaller: Installed default security provider GmsCore_OpenSSL
08-01 12:28:21.295  1060  1060 D Zygote  : Forked child process 27649
08-01 12:28:21.300  2220  2345 I ActivityManager: Start proc 27649:com.google.android.apps.magazines/u0a170 for broadcast {com.google.android.apps.magazines/com.google.android.libraries.social.peoplekit.thirdparty.viewcontrollers.ThirdPartyReceiver}
08-01 12:28:21.317 27649 27649 E .apps.magazine: Not starting debugger since process cannot load the jdwp agent.
08-01 12:28:21.358 27649 27649 I .apps.magazine: The ClassLoaderContext is a special shared library.
08-01 12:28:21.414 27649 27649 W .apps.magazine: JIT profile information will not be recorded: profile file does not exits.
08-01 12:28:21.414 27649 27649 W .apps.magazine: JIT profile information will not be recorded: profile file does not exits.
08-01 12:28:21.464 27634 27634 W app_process: type=1400 audit(0.0:495): avc: denied { read } for uid=2000 name="u:object_r:device_config_runtime_native_boot_prop:s0" dev="tmpfs" ino=12142 scontext=u:r:shell:s0 tcontext=u:object_r:device_config_runtime_native_boot_prop:s0 tclass=file permissive=0
08-01 12:28:21.465 27634 27634 D AndroidRuntime: >>>>>> START com.android.internal.os.RuntimeInit uid 2000 <<<<<<
08-01 12:28:21.467 27634 27634 I chatty  : uid=2000(shell) app_process identical 1 line
08-01 12:28:21.467 27634 27634 W app_process: type=1400 audit(0.0:497): avc: denied { read } for uid=2000 name="u:object_r:device_config_runtime_native_boot_prop:s0" dev="tmpfs" ino=12142 scontext=u:r:shell:s0 tcontext=u:object_r:device_config_runtime_native_boot_prop:s0 tclass=file permissive=0
08-01 12:28:21.470 27634 27634 E libc    : Access denied finding property "persist.device_config.runtime_native_boot.enable_apex_image"
08-01 12:28:21.470 27634 27634 I AndroidRuntime: Using default boot image
08-01 12:28:21.470 27634 27634 E libc    : Access denied finding property "persist.device_config.runtime_native_boot.disable_lock_profiling"
08-01 12:28:21.470 27634 27634 I AndroidRuntime: Leaving lock profiling enabled
08-01 12:28:21.470 27634 27634 E libc    : Access denied finding property "persist.device_config.runtime_native_boot.enable_generational_cc"
08-01 12:28:21.492  3237 13467 W GetToken: [GetToken]GetToken failed with status code: BadAuthentication
08-01 12:28:21.497 27649 27678 W .apps.magazine: Accessing hidden field Ljava/util/Collections$SynchronizedCollection;->mutex:Ljava/lang/Object; (greylist-max-o, reflection, denied)
08-01 12:28:21.498 27649 27678 W .apps.magazine: Accessing hidden method Ljava/util/Collections$SynchronizedSet;-><init>(Ljava/util/Set;Ljava/lang/Object;)V (greylist-max-o, reflection, denied)
08-01 12:28:21.498 27649 27678 W .apps.magazine: Accessing hidden method Ljava/util/Collections$SynchronizedCollection;-><init>(Ljava/util/Collection;Ljava/lang/Object;)V (greylist-max-o, reflection, denied)
08-01 12:28:21.501  3237  4805 I GeofencerStateMachine: removeGeofences: removeRequest=RemoveGeofencingRequest[REMOVE_BY_IDS Ids=[atn_geofence_request_id], packageName=com.google.android.apps.maps]
08-01 12:28:21.528  3237 13467 W GetToken: [GetToken]GetToken failed with status code: BadAuthentication
08-01 12:28:21.556  3237 13467 W GetToken: [GetToken]GetToken failed with status code: BadAuthentication
08-01 12:28:21.573  2220  3972 D ConnectivityService: requestNetwork for uid/pid:10170/27649 NetworkRequest [ TRACK_DEFAULT id=235, [ Capabilities: INTERNET&NOT_RESTRICTED&TRUSTED Uid: 10170] ]
08-01 12:28:21.576  2954  2954 D PhoneSwitcherNetworkRequstListener: got request NetworkRequest [ TRACK_DEFAULT id=235, [ Capabilities: INTERNET&NOT_RESTRICTED&TRUSTED Uid: 10170] ] with score 60 and serial -1
08-01 12:28:21.581 27649 27649 I NewsSliceProvider: News slice provider created.
08-01 12:28:21.586  3237 13467 W GetToken: [GetToken]GetToken failed with status code: BadAuthentication
08-01 12:28:21.594 27634 27634 D ICU     : Time zone APEX file found: /apex/com.android.tzdata/etc/icu/icu_tzdata.dat
08-01 12:28:21.596 27649 27649 I BaseNSApplication: Starting up...
08-01 12:28:21.611 27634 27634 I app_process: The ClassLoaderContext is a special shared library.
08-01 12:28:21.633 27634 27634 W app_process: JNI RegisterNativeMethods: attempt to register 0 native methods for android.media.AudioAttributes
08-01 12:28:21.640 27634 27634 D AndroidRuntime: Calling main entry com.android.commands.am.Am
08-01 12:28:21.646  2220  2585 W ActivityManager: Unable to find instrumentation target package: com.github.uiautomator
08-01 12:28:21.648 27634 27634 I app_process: System.exit called, status: 1
08-01 12:28:21.648 27634 27634 I AndroidRuntime: VM exiting with result code 1.
08-01 12:28:21.661 27649 27693 I DynamiteLoaderV2Impl: [71] Cronetdynamite
08-01 12:28:21.664 27649 27693 W .apps.magazine: ClassLoaderContext type mismatch. expected=PCL, found=DLC (PCL[] | DLC[];PCL[/data/app/com.google.android.apps.magazines-HhNszghnO3jX2vqax_vHxA==/base.apk*3563580336:/data/app/com.google.android.apps.magazines-HhNszghnO3jX2vqax_vHxA==/base.apk!classes2.dex*4012276551:/data/app/com.google.android.apps.magazines-HhNszghnO3jX2vqax_vHxA==/base.apk!classes3.dex*1394697395]{PCL[/system/framework/org.apache.http.legacy.jar*1038351580]})
08-01 12:28:21.668 27649 27693 W .apps.magazine: Found duplicate classes, falling back to extracting from APK : /data/user_de/0/com.google.android.gms/app_chimera/m/00000032/CronetDynamite.apk
08-01 12:28:21.668 27649 27693 W .apps.magazine: NOTE: This wastes RAM and hurts startup performance.
08-01 12:28:21.668 27649 27693 W .apps.magazine: Found duplicated class when checking oat files: 'Landroid/support/annotation/Keep;' in /data/user_de/0/com.google.android.gms/app_chimera/m/00000032/CronetDynamite.apk and /data/app/com.google.android.apps.magazines-HhNszghnO3jX2vqax_vHxA==/base.apk
08-01 12:28:21.668 27649 27693 W .apps.magazine: 
08-01 12:28:21.705  2220  2335 I ActivityManager: Killing 24060:com.google.android.youtube/u0a159 (adj 975): empty #17
08-01 12:28:21.709  2220  2335 I ActivityManager: Killing 26959:com.android.settings/1000 (adj 700): remove task
08-01 12:28:21.715  2220  2585 D ConnectivityService: requestNetwork for uid/pid:10170/27649 NetworkRequest [ TRACK_DEFAULT id=236, [ Capabilities: INTERNET&NOT_RESTRICTED&TRUSTED Uid: 10170] ]
08-01 12:28:21.717  2954  2954 D PhoneSwitcherNetworkRequstListener: got request NetworkRequest [ TRACK_DEFAULT id=236, [ Capabilities: INTERNET&NOT_RESTRICTED&TRUSTED Uid: 10170] ] with score 60 and serial -1
08-01 12:28:21.719 27649 27693 I cr_CronetLibraryLoader: Cronet version: 85.0.4183.81, arch: aarch64
08-01 12:28:21.745  2220  3972 D ConnectivityService: ConnectivityService NetworkRequestInfo binderDied(NetworkRequest [ TRACK_DEFAULT id=196, [ Capabilities: INTERNET&NOT_RESTRICTED&TRUSTED Uid: 10159] ], android.os.BinderProxy@16cb82e)
08-01 12:28:21.745  2220  4745 D ConnectivityService: ConnectivityService NetworkRequestInfo binderDied(NetworkRequest [ TRACK_DEFAULT id=194, [ Capabilities: INTERNET&NOT_RESTRICTED&TRUSTED Uid: 10159] ], android.os.BinderProxy@cfc9fcf)
08-01 12:28:21.745  2220  2777 D ConnectivityService: ConnectivityService NetworkRequestInfo binderDied(NetworkRequest [ LISTEN id=195, [ Capabilities: INTERNET&NOT_RESTRICTED&TRUSTED&FOREGROUND Uid: 10159] ], android.os.BinderProxy@95b4d5c)
08-01 12:28:21.746  2220  2633 D ConnectivityService: releasing NetworkRequest [ TRACK_DEFAULT id=194, [ Capabilities: INTERNET&NOT_RESTRICTED&TRUSTED Uid: 10159] ] (release request)
08-01 12:28:21.746  1060  1060 I Zygote  : Process 24060 exited due to signal 9 (Killed)
08-01 12:28:21.747  2220  2633 D ConnectivityService: releasing NetworkRequest [ TRACK_DEFAULT id=196, [ Capabilities: INTERNET&NOT_RESTRICTED&TRUSTED Uid: 10159] ] (release request)
08-01 12:28:21.748  2220  2346 I chatty  : uid=1000(system) ActivityManager expire 7 lines
08-01 12:28:21.773  2220  2611 I chatty  : uid=1000(system) InputDispatcher expire 2 lines
08-01 12:28:21.779  1060  1060 I Zygote  : Process 26959 exited due to signal 9 (Killed)
08-01 12:28:21.779  2220  3588 I WindowManager: WIN DEATH: Window{2ec07d3 u0 com.android.settings/com.android.settings.SubSettings}
08-01 12:28:21.779  2220  3588 I chatty  : uid=1000(system) Binder:2220_A expire 1 line
08-01 12:28:21.788  2220  2335 W ActivityManager: setHasOverlayUi called on unknown pid: 26959
08-01 12:28:22.510 27128 27302 W .apps.wellbein: resources.arsc in APK '/data/app/com.mobile.indiapp-HwkbcV0RtXjKTbRmYqWr7Q==/base.apk' is compressed.
08-01 12:28:23.093 27092 27377 I BugleDataModel: FixupMessageStatusOnStartupAction: sendFailedCnt: 0, downloadFailedCnt: 0, partsProcessingFailedCnt: 0
08-01 12:28:23.101 27092 27377 I BugleDataModel: PendingMessagesProcessor: process from FixupMessageStatusOnStartupAction due to connectivity changed with queues:
08-01 12:28:23.101 27092 27377 I BugleDataModel: ProcessPendingMessagesTimers: cleared next retry time for channel sms_send 
08-01 12:28:23.101 27092 27377 I BugleDataModel: ProcessPendingMessagesTimers: cleared next retry time for channel mms_send 
08-01 12:28:23.101 27092 27377 I BugleDataModel: ProcessPendingMessagesTimers: cleared next retry time for channel mms_download 
08-01 12:28:23.101 27092 27377 I BugleDataModel: ProcessPendingMessagesTimers: cleared next retry time for channel rcs_send 
08-01 12:28:23.101 27092 27377 I BugleDataModel: ProcessPendingMessagesTimers: cleared next retry time for channel rcs_ft_upload 
08-01 12:28:23.102 27092 27377 I BugleDataModel: ProcessPendingMessagesTimers: cleared next retry time for channel rcs_ft_download 
08-01 12:28:23.102 27092 27377 I BugleDataModel: ProcessPendingMessagesTimers: cleared next retry time for channel cloud_sync_send 
08-01 12:28:23.102 27092 27377 I BugleDataModel: ProcessPendingMessagesTimers: cleared next retry time for channel cloud_sync_attachment_download 
08-01 12:28:23.104 27092 27377 I BugleDataModel: PendingMessagesProcessor: process from ProcessPendingMessagesAction due to scheduled processing with queues:
08-01 12:28:23.451 27092 27368 I BugleJobs: GenericWorkerQueueAction: Bailing early, no work found, no failed work found
08-01 12:28:23.663 27649 27731 I DynamiteLoaderV2Impl: [71] Measurementdynamite
08-01 12:28:23.668 27649 27731 W .apps.magazine: ClassLoaderContext type mismatch. expected=PCL, found=DLC (PCL[] | DLC[];PCL[/data/app/com.google.android.apps.magazines-HhNszghnO3jX2vqax_vHxA==/base.apk*3563580336:/data/app/com.google.android.apps.magazines-HhNszghnO3jX2vqax_vHxA==/base.apk!classes2.dex*4012276551:/data/app/com.google.android.apps.magazines-HhNszghnO3jX2vqax_vHxA==/base.apk!classes3.dex*1394697395]{PCL[/system/framework/org.apache.http.legacy.jar*1038351580]})
08-01 12:28:23.670 27649 27731 W .apps.magazine: Found duplicate classes, falling back to extracting from APK : /data/user_de/0/com.google.android.gms/app_chimera/m/00000038/MeasurementDynamite.apk
08-01 12:28:23.670 27649 27731 W .apps.magazine: NOTE: This wastes RAM and hurts startup performance.
08-01 12:28:23.670 27649 27731 W .apps.magazine: Found duplicated class when checking oat files: 'Landroid/support/annotation/Keep;' in /data/app/com.google.android.apps.magazines-HhNszghnO3jX2vqax_vHxA==/base.apk and /data/user_de/0/com.google.android.gms/app_chimera/m/00000038/MeasurementDynamite.apk
08-01 12:28:23.670 27649 27731 W .apps.magazine: 
08-01 12:28:24.009 27649 27733 I FA      : App measurement initialized, version: 32023
08-01 12:28:24.009 27649 27733 I FA      : To enable debug logging run: adb shell setprop log.tag.FA VERBOSE
08-01 12:28:24.009 27649 27733 I FA      : To enable faster debug mode event logging run:
08-01 12:28:24.009 27649 27733 I FA      :   adb shell setprop debug.firebase.analytics.app com.google.android.apps.magazines
08-01 12:28:24.108  1107  1779 D NativeSensors: CapSensor:  mPendingEvent.distance=1.000000
08-01 12:28:25.547  1107  1779 D NativeSensors: CapSensor:  mPendingEvent.distance=0.000000
08-01 12:28:25.873  2220  3588 I ActivityManager: Killing 24769:com.android.providers.calendar/u0a56 (adj 985): empty #17
08-01 12:28:25.892  1060  1060 I Zygote  : Process 24769 exited due to signal 9 (Killed)
08-01 12:28:28.294  1107  1771 W qti_sensors_hal: reportSingleEvent: NearBy 1, pData 879,  highThd 634
08-01 12:28:29.211 27649 27733 W ConnectionTracker: Exception thrown while unbinding
08-01 12:28:29.211 27649 27733 W ConnectionTracker: java.lang.IllegalArgumentException: Service not registered: lw@90b2e75
08-01 12:28:29.211 27649 27733 W ConnectionTracker: 	at android.app.LoadedApk.forgetServiceDispatcher(LoadedApk.java:1760)
08-01 12:28:29.211 27649 27733 W ConnectionTracker: 	at android.app.ContextImpl.unbindService(ContextImpl.java:1791)
08-01 12:28:29.211 27649 27733 W ConnectionTracker: 	at android.content.ContextWrapper.unbindService(ContextWrapper.java:741)
08-01 12:28:29.211 27649 27733 W ConnectionTracker: 	at ci.b(:com.google.android.gms.dynamite_measurementdynamite@203615083@20.36.15 (120408-0):1)
08-01 12:28:29.211 27649 27733 W ConnectionTracker: 	at ci.a(:com.google.android.gms.dynamite_measurementdynamite@203615083@20.36.15 (120408-0):6)
08-01 12:28:29.211 27649 27733 W ConnectionTracker: 	at lx.A(:com.google.android.gms.dynamite_measurementdynamite@203615083@20.36.15 (120408-0):10)
08-01 12:28:29.211 27649 27733 W ConnectionTracker: 	at lh.a(:com.google.android.gms.dynamite_measurementdynamite@203615083@20.36.15 (120408-0):3)
08-01 12:28:29.211 27649 27733 W ConnectionTracker: 	at eb.run(:com.google.android.gms.dynamite_measurementdynamite@203615083@20.36.15 (120408-0):3)
08-01 12:28:29.211 27649 27733 W ConnectionTracker: 	at java.util.concurrent.Executors$RunnableAdapter.call(Executors.java:462)
08-01 12:28:29.211 27649 27733 W ConnectionTracker: 	at java.util.concurrent.FutureTask.run(FutureTask.java:266)
08-01 12:28:29.211 27649 27733 W ConnectionTracker: 	at ja.run(:com.google.android.gms.dynamite_measurementdynamite@203615083@20.36.15 (120408-0):6)
08-01 12:28:29.771  2220  2590 D BatteryService: uevent={POWER_SUPPLY_DP_DM=0, POWER_SUPPLY_VOLTAGE_QNOVO=-22, POWER_SUPPLY_VOLTAGE_NOW=4366443, POWER_SUPPLY_SW_JEITA_ENABLED=0, POWER_SUPPLY_HEALTH=Good, POWER_SUPPLY_TECHNOLOGY=Li-ion, POWER_SUPPLY_CHARGER_TEMP_MAX=812, POWER_SUPPLY_FCC_STEPPER_ENABLE=0, SEQNUM=5017, POWER_SUPPLY_INPUT_CURRENT_LIMITED=0, POWER_SUPPLY_STATUS=Full, POWER_SUPPLY_BATTERY_CHARGING_ENABLED=0, POWER_SUPPLY_CURRENT_MAX=3000000, POWER_SUPPLY_CAPACITY=100, DEVPATH=/devices/soc/800f000.qcom,spmi/spmi-0/spmi0-00/800f000.qcom,spmi:qcom,pm660@0:qcom,qpnp-smb2/power_supply/battery, POWER_SUPPLY_CHARGE_DONE=1, POWER_SUPPLY_CHARGE_TYPE=N/A, POWER_SUPPLY_CHARGER_TEMP=350, POWER_SUPPLY_CHARGE_RATE=Normal, POWER_SUPPLY_CURRENT_QNOVO=-22, POWER_SUPPLY_CURRENT_NOW=3906, POWER_SUPPLY_SYSTEM_TEMP_LEVEL=0, POWER_SUPPLY_PRESENT=1, POWER_SUPPLY_PARALLEL_DISABLE=0, SUBSYSTEM=power_supply, POWER_SUPPLY_SET_SHIP_MODE=0, POWER_SUPPLY_TEMP=300, ACTION=change, POWER_SUPPLY_RERUN_AICL=0, POWER_SUPPLY_AGE=100, POWER_SUPPLY_NAME=battery, POWER_SUPPLY_VOLTAGE_MAX=-22, POWER_SUPPLY_CONSTANT_CHARGE_CURRENT_MAX=3000000, POWER_SUPPLY_CHARGE_COUNTER=5010610, POWER_SUPPLY_STEP_CHARGING_ENABLED=0, POWER_SUPPLY_NUM_SYSTEM_TEMP_LEVELS=8, POWER_SUPPLY_DIE_HEALTH=Cool, POWER_SUPPLY_INPUT_SUSPEND=0}
08-01 12:28:29.783  4031  4031 D CmdCenter: - RowBuilder2: setUseWhiteRes useOrNot = true
08-01 12:28:29.785  2954  2954 D QtiCarrierConfigHelper: WARNING, no carrier configs on phone Id: 0
08-01 12:28:31.023  2220  4740 I ActivityManager: Killing 24080:com.google.android.keep/u0a169 (adj 985): empty #17
08-01 12:28:31.063  1060  1060 I Zygote  : Process 24080 exited due to signal 9 (Killed)
08-01 12:28:31.457  1107  1771 W qti_sensors_hal: reportSingleEvent: NearBy 0, pData 228,  highThd 634
08-01 12:28:31.662  2220  4736 I ActivityManager: Killing 24379:com.google.android.tts/u0a154 (adj 985): empty #17
08-01 12:28:31.719  3237  3683 W GetToken: [GetToken]GetToken failed with status code: BadAuthentication
08-01 12:28:31.738 24304 24304 I TextToSpeech: Asked to disconnect from ComponentInfo{com.google.android.tts/com.google.android.tts.service.GoogleTTSService}
08-01 12:28:31.738  2220  4017 W ActivityManager: Scheduling restart of crashed service com.google.android.tts/.service.GoogleTTSService in 1000ms
08-01 12:28:31.743  1060  1060 I Zygote  : Process 24379 exited due to signal 9 (Killed)
08-01 12:28:32.265  2220  4014 I ActivityManager: Killing 24304:com.google.android.dialer/u0a103 (adj 995): empty #17
08-01 12:28:32.325  1060  1060 I Zygote  : Process 24304 exited due to signal 9 (Killed)
08-01 12:28:32.598 10950 11426 I chatty  : uid=10193(com.mobile.indiapp) WaHandlerThread expire 42 lines
08-01 12:28:32.621  2220  4734 I chatty  : uid=1000(system) Binder:2220_16 expire 4 lines
08-01 12:28:32.624  2954  3541 W TelephonyPermissions: reportAccessDeniedToReadIdentifiers:com.mobile.indiapp:getSubscriberId:isPreinstalled=false:isPrivApp=false
08-01 12:28:32.636  2954  3541 W TelephonyPermissions: reportAccessDeniedToReadIdentifiers:com.mobile.indiapp:getDeviceId:isPreinstalled=false:isPrivApp=false
08-01 12:28:32.644  2954  3541 W TelephonyPermissions: reportAccessDeniedToReadIdentifiers:com.mobile.indiapp:getSubscriberId:isPreinstalled=false:isPrivApp=false
08-01 12:28:32.653  2954  3541 W TelephonyPermissions: reportAccessDeniedToReadIdentifiers:com.mobile.indiapp:getDeviceId:isPreinstalled=false:isPrivApp=false
08-01 12:28:32.667 10916 11006 I chatty  : uid=10193(com.mobile.indiapp) WaHandlerThread expire 47 lines
08-01 12:28:34.231  2220  4734 I ActivityManager: Killing 27199:com.google.android.projection.gearhead:projection/u0a101 (adj 985): empty #17
08-01 12:28:34.236  2220  4734 I ActivityManager: Killing 27067:com.android.traceur/u0a93 (adj 995): empty #18
08-01 12:28:34.238  2220  4734 I ActivityManager: Killing 27043:com.android.emergency/u0a120 (adj 995): empty #19
08-01 12:28:34.240  2220  4734 I ActivityManager: Killing 22819:com.google.process.gapps/u0a110 (adj 999): empty #20
08-01 12:28:34.241  2220  4734 I ActivityManager: Killing 24026:com.google.android.gms.unstable/u0a110 (adj 999): empty #21
08-01 12:28:34.242  2220  4734 I ActivityManager: Killing 24835:com.antutu.ABenchMark:push/u0a183 (adj 999): empty #22
08-01 12:28:34.276  1060  1060 I Zygote  : Process 24835 exited due to signal 9 (Killed)
08-01 12:28:34.287  1060  1060 I Zygote  : Process 27067 exited due to signal 9 (Killed)
08-01 12:28:34.292  1060  1060 I Zygote  : Process 27199 exited due to signal 9 (Killed)
08-01 12:28:34.294  2220  2346 I libprocessgroup: Successfully killed process cgroup uid 10093 pid 27067 in 0ms
08-01 12:28:34.295  2220  2346 I libprocessgroup: Successfully killed process cgroup uid 10120 pid 27043 in 0ms
08-01 12:28:34.295  1060  1060 I Zygote  : Process 22819 exited due to signal 9 (Killed)
08-01 12:28:34.295  2220  2346 I libprocessgroup: Successfully killed process cgroup uid 10110 pid 22819 in 0ms
08-01 12:28:34.295  1060  1060 I Zygote  : Process 27043 exited due to signal 9 (Killed)
08-01 12:28:34.299 27223 27223 D GH.CarClientManager: unregistered listener cxx@d88013d
08-01 12:28:34.299 27223 27223 D GH.HatsManager: Stopping HatsManager.
08-01 12:28:34.301 27223 27223 D GH.RatingPromptManager: Stopping RatingPromptManager.
08-01 12:28:34.301 27223 27223 D GH.AutoLaunchPromptMgr: Stopping AutoLaunchPromptManager.
08-01 12:28:34.301 27223 27223 D GH.FeedbackNotifManager: Stopping FeedbackNotificationManager.
08-01 12:28:34.301 27223 27223 D GH.CarClientManager: stop
08-01 12:28:34.301 27223 27223 D GH.CarClientManager: disconnect and reset
08-01 12:28:34.301 27223 27223 I GH.GhCarClientCtor: Disconnecting GearheadCarClientConnector.
08-01 12:28:34.302 27223 27223 I GH.GhCarClientCtor: Unbinding service connection.
08-01 12:28:34.307  2220  2346 I libprocessgroup: Successfully killed process cgroup uid 10110 pid 24026 in 12ms
08-01 12:28:34.307  1060  1060 I Zygote  : Process 24026 exited due to signal 9 (Killed)
08-01 12:28:34.307  2220  2346 I libprocessgroup: Successfully killed process cgroup uid 10183 pid 24835 in 0ms
08-01 12:28:34.313 27223 27223 I CAR.TOKEN: Disconnecting com.google.android.gms.car.api.impl.GearheadCarClientToken@360ee15 (cx attempt: 1).
08-01 12:28:34.313 27223 27223 I GH.GhCarClientCtor: Disconnecting GearheadCarClientConnector.
08-01 12:28:34.314 27223 27223 I GH.GhCarClientCtor: Unbinding service connection.
08-01 12:28:34.316 24543 24543 I GH.CAR  : onDestroy
08-01 12:28:34.316 24543 24543 I GH.CAR  : tearDown()
08-01 12:28:34.317 24543 24543 I GH.CarService: tearDown()
08-01 12:28:34.317 24543 24543 I GH.DelegateMngCarSvc: tearDown()
08-01 12:28:34.317 27223 27223 I CAR.TOKEN: Disconnected jyf@5774d32 using class com.google.android.gms.car.api.impl.CarClientImpl@153116443/class com.google.android.gms.car.api.impl.GearheadCarClientConnector@34469162 (cx attempt 1)
08-01 12:28:34.318 27223 27223 I GH.SharedService: Shared Service destroyed
08-01 12:28:34.322 24543 27282 I GH.DelegateICarSupplier: Calling release callback on delegate com.google.android.gms.car.ICar$Stub$Proxy@274270e
08-01 12:28:34.323 24543 27282 I GH.DelegateICarSupplier: Releasing delegate ICar.
08-01 12:28:34.325 24543 27282 I GH.DelegateICarSupplier: Logging successful delegate lifespan (20897 ms). Delay at start (0 ms). Acquisition (48 ms). [Generation: 1]
08-01 12:28:35.026  1060  1060 D Zygote  : Forked child process 27757
08-01 12:28:35.030  2220  2345 I ActivityManager: Start proc 27757:com.motorola.android.provisioning/u0a54 for broadcast {com.motorola.android.provisioning/com.motorola.android.provisioning.MsgReceiver}
08-01 12:28:35.042 22755 22755 I Finsky  : [2] rzb.onStartJob(4): SCH: job service start with id 9196.
08-01 12:28:35.052 27757 27757 E id.provisionin: Not starting debugger since process cannot load the jdwp agent.
08-01 12:28:35.056 22755 27490 I Finsky  : [1759] rxd.a(45): SCH: Satisfied jobs for 9196 are: 12-1
08-01 12:28:35.059 22755 27775 I Finsky  : [1770] rhc.accept(6): SCH: Job 12-1 starting
08-01 12:28:35.060 22755 22755 I Finsky  : [2] ContentSyncJob.v(3): [ContentSync] job started
08-01 12:28:35.081  2220  4739 I ActivityTaskManager: START u0 {act=android.intent.action.MAIN cat=[android.intent.category.LAUNCHER] flg=0x10000000 pkg=com.google.android.apps.youtube.music cmp=com.google.android.apps.youtube.music/.activities.MusicActivity} from uid 2000
08-01 12:28:35.112  2220  2336 E system_server: Invalid ID 0x00000000.
08-01 12:28:35.115 27757 27757 I PROV_OMA_PROVISIONING: TFLogUtil : Trying to flush Debug Logs but buffer is empty!
08-01 12:28:35.128  2220  2336 V WindowManager: Changing focus from Window{2b77e65 u0 com.motorola.launcher3/com.android.a1launcher.AndroidOneLauncher} to null displayId=0
08-01 12:28:35.135  1060  1060 D Zygote  : Forked child process 27785
08-01 12:28:35.138  2220  2345 I ActivityManager: Start proc 27785:com.google.android.apps.youtube.music/u0a194 for activity {com.google.android.apps.youtube.music/com.google.android.apps.youtube.music.activities.MusicActivity}
08-01 12:28:35.149 27785 27785 I chatty  : uid=10194(com.google.android.apps.youtube.music) expire 6 lines
08-01 12:28:35.169  2220  2336 I WindowManager:   SURFACE show Surface(name=Splash Screen com.google.android.apps.youtube.music)/@0xa675602 on display:0: Splash Screen com.google.android.apps.youtube.music
08-01 12:28:35.263  2220  2585 I ActivityManager: Killing 27223:com.google.android.projection.gearhead:shared/u0a101 (adj 995): empty #17
08-01 12:28:35.264  1180  1180 E lowmemorykiller: Error writing /proc/27223/oom_score_adj; errno=22
08-01 12:28:35.280  1060  1060 I Zygote  : Process 27223 exited due to signal 9 (Killed)
08-01 12:28:35.283  3237  4805 W GetToken: [GetToken]GetToken failed with status code: BadAuthentication
08-01 12:28:35.283  2220  2346 I libprocessgroup: Successfully killed process cgroup uid 10101 pid 27223 in 18ms
08-01 12:28:35.296  3237  4805 W GLSActivity: 
08-01 12:28:35.296  3237  4805 W GLSActivity: com.google.android.gms.auth.UserRecoverableAuthException: BadAuthentication
08-01 12:28:35.296  3237  4805 W GLSActivity: 	at gbn.getAuthToken(:com.google.android.gms@203615039@20.36.15 (120408-333172415):26)
08-01 12:28:35.296  3237  4805 W GLSActivity: 	at android.accounts.AbstractAccountAuthenticator$Transport.getAuthToken(AbstractAccountAuthenticator.java:246)
08-01 12:28:35.296  3237  4805 W GLSActivity: 	at android.accounts.IAccountAuthenticator$Stub.onTransact(IAccountAuthenticator.java:282)
08-01 12:28:35.296  3237  4805 W GLSActivity: 	at android.os.Binder.transact(Binder.java:923)
08-01 12:28:35.296  3237  4805 W GLSActivity: 	at cqo.onTransact(:com.google.android.gms@203615039@20.36.15 (120408-333172415):2)
08-01 12:28:35.296  3237  4805 W GLSActivity: 	at android.os.Binder.transact(Binder.java:923)
08-01 12:28:35.296  3237  4805 W GLSActivity: 	at aaoe.onTransact(:com.google.android.gms@203615039@20.36.15 (120408-333172415):17)
08-01 12:28:35.296  3237  4805 W GLSActivity: 	at android.os.Binder.execTransactInternal(Binder.java:1036)
08-01 12:28:35.296  3237  4805 W GLSActivity: 	at android.os.Binder.execTransact(Binder.java:1003)
08-01 12:28:35.302 22755 22755 I Finsky  : [2] fsa.i(1): Completed 1 account content syncs with 0 successful.
08-01 12:28:35.303 22755 22755 I Finsky  : [2] ContentSyncJob.a(3): [ContentSync] Installation state replication failed, hasParameters=true.
08-01 12:28:35.304 22755 22755 I Finsky  : [2] ContentSyncJob.a(8): [ContentSync] Scheduling replication attempt 0.
08-01 12:28:35.304 22755 22755 I Finsky  : [2] rxi.r(4): SCH: jobFinished: 12-1. TimeElapsed: 244ms.
08-01 12:28:35.331  2220  3972 D ConnectivityService: requestNetwork for uid/pid:10194/27785 NetworkRequest [ TRACK_DEFAULT id=238, [ Capabilities: INTERNET&NOT_RESTRICTED&TRUSTED Uid: 10194] ]
08-01 12:28:35.332 22755 22799 I Finsky  : [1662] rrc.accept(43): SCH: Scheduling phonesky job Id: 1-1337, CT: 1659334719408, Constraints: [{ L: 33351473, D: 76551473, C: 1, I: 1, N: 1 }]
08-01 12:28:35.333 22755 22799 I Finsky  : [1662] rrc.accept(43): SCH: Scheduling phonesky job Id: 34-228, CT: 1659334729148, Constraints: [{ L: 79199779, D: 1375199779, C: 1, I: 1, N: 1 }]
08-01 12:28:35.333  2220  2669 D Ethernet: got request NetworkRequest [ TRACK_DEFAULT id=238, [ Capabilities: INTERNET&NOT_RESTRICTED&TRUSTED Uid: 10194] ] with score 60 and serial -1
08-01 12:28:35.333  2220  2626 D UntrustedWifiNetworkFactory: got request NetworkRequest [ TRACK_DEFAULT id=238, [ Capabilities: INTERNET&NOT_RESTRICTED&TRUSTED Uid: 10194] ] with score 60 and serial -1
08-01 12:28:35.333  2220  2626 D WifiNetworkFactory: got request NetworkRequest [ TRACK_DEFAULT id=238, [ Capabilities: INTERNET&NOT_RESTRICTED&TRUSTED Uid: 10194] ] with score 60 and serial -1
08-01 12:28:35.334  2954  2954 D PhoneSwitcherNetworkRequstListener: got request NetworkRequest [ TRACK_DEFAULT id=238, [ Capabilities: INTERNET&NOT_RESTRICTED&TRUSTED Uid: 10194] ] with score 60 and serial -1
08-01 12:28:35.341 22755 22795 I Finsky  : [1659] rqq.apply(12): SCH: Scheduling 1 system job(s)
08-01 12:28:35.341 22755 22795 I Finsky  : [1659] rqq.apply(18): SCH: Scheduling system job Id: 9199, L: 30955540, D: 74155540, C: false, I: false, N: 1
08-01 12:28:35.351 22755 27775 I Finsky  : [1770] rzb.a(16): SCH: job service finished with id 9196.
08-01 12:28:35.353  2220  3972 D ConnectivityService: requestNetwork for uid/pid:10194/27785 NetworkRequest [ TRACK_DEFAULT id=239, [ Capabilities: INTERNET&NOT_RESTRICTED&TRUSTED Uid: 10194] ]
08-01 12:28:35.354  2220  2669 D Ethernet: got request NetworkRequest [ TRACK_DEFAULT id=239, [ Capabilities: INTERNET&NOT_RESTRICTED&TRUSTED Uid: 10194] ] with score 60 and serial -1
08-01 12:28:35.354  2220  2626 D UntrustedWifiNetworkFactory: got request NetworkRequest [ TRACK_DEFAULT id=239, [ Capabilities: INTERNET&NOT_RESTRICTED&TRUSTED Uid: 10194] ] with score 60 and serial -1
08-01 12:28:35.354  2220  2626 D WifiNetworkFactory: got request NetworkRequest [ TRACK_DEFAULT id=239, [ Capabilities: INTERNET&NOT_RESTRICTED&TRUSTED Uid: 10194] ] with score 60 and serial -1
08-01 12:28:35.354  2954  2954 D PhoneSwitcherNetworkRequstListener: got request NetworkRequest [ TRACK_DEFAULT id=239, [ Capabilities: INTERNET&NOT_RESTRICTED&TRUSTED Uid: 10194] ] with score 60 and serial -1
08-01 12:28:35.366  2220  3929 I ActivityManager: Killing 24483:com.google.android.gms:car/u0a110 (adj 985): empty #17
08-01 12:28:35.382 27785 27818 I chatty  : uid=10194(com.google.android.apps.youtube.music) expire 3 lines
08-01 12:28:35.397  2220  4014 W ActivityManager: Scheduling restart of crashed service com.google.android.gms/.car.CarService in 1000ms
08-01 12:28:35.398  1060  1060 I Zygote  : Process 24483 exited due to signal 9 (Killed)
08-01 12:28:35.403  2220  2346 I libprocessgroup: Successfully killed process cgroup uid 10110 pid 24483 in 36ms
08-01 12:28:35.424  3054  3103 I VoiceInputManagerWrapper: VoiceInputManagerWrapper.shutdownVoiceInternal():95 shutdownVoiceInternal()
08-01 12:28:35.427 22755 22799 I Finsky  : [1662] rrc.accept(43): SCH: Scheduling phonesky job Id: 12-1, CT: 1659337115315, Constraints: [{ L: 20000, D: 86400000, C: 1, I: 1, N: 1 }]
08-01 12:28:35.448 27785 27856 I chatty  : uid=10194(com.google.android.apps.youtube.music) expire 1 line
08-01 12:28:35.453 22755 22795 I Finsky  : [1659] rqq.apply(12): SCH: Scheduling 1 system job(s)
08-01 12:28:35.454 22755 22795 I Finsky  : [1659] rqq.apply(18): SCH: Scheduling system job Id: 9199, L: 19862, D: 74155428, C: false, I: false, N: 1
08-01 12:28:35.466  2220  4014 I WindowManager: Window drawn AppWindowToken{3a2bed2 token=Token{299b55d ActivityRecord{2cd9334 u0 com.motorola.launcher3/com.android.a1launcher.AndroidOneLauncher t2}}}
08-01 12:28:35.486 27785 27861 I chatty  : uid=10194(com.google.android.apps.youtube.music) expire 1 line
08-01 12:28:35.499 27785 27835 I chatty  : uid=10194(com.google.android.apps.youtube.music) expire 3 lines
08-01 12:28:35.582 27785 27785 I chatty  : uid=10194(com.google.android.apps.youtube.music) expire 1 line
08-01 12:28:35.597 27785 27835 I chatty  : uid=10194(com.google.android.apps.youtube.music) expire 9 lines
08-01 12:28:35.660  2220  3588 D ConnectivityService: requestNetwork for uid/pid:10194/27785 NetworkRequest [ TRACK_DEFAULT id=241, [ Capabilities: INTERNET&NOT_RESTRICTED&TRUSTED Uid: 10194] ]
08-01 12:28:35.662  2220  2669 D Ethernet: got request NetworkRequest [ TRACK_DEFAULT id=241, [ Capabilities: INTERNET&NOT_RESTRICTED&TRUSTED Uid: 10194] ] with score 60 and serial -1
08-01 12:28:35.662  2220  2626 D UntrustedWifiNetworkFactory: got request NetworkRequest [ TRACK_DEFAULT id=241, [ Capabilities: INTERNET&NOT_RESTRICTED&TRUSTED Uid: 10194] ] with score 60 and serial -1
08-01 12:28:35.662  2220  2626 D WifiNetworkFactory: got request NetworkRequest [ TRACK_DEFAULT id=241, [ Capabilities: INTERNET&NOT_RESTRICTED&TRUSTED Uid: 10194] ] with score 60 and serial -1
08-01 12:28:35.662  2954  2954 D PhoneSwitcherNetworkRequstListener: got request NetworkRequest [ TRACK_DEFAULT id=241, [ Capabilities: INTERNET&NOT_RESTRICTED&TRUSTED Uid: 10194] ] with score 60 and serial -1
08-01 12:28:35.678 27785 27878 I chatty  : uid=10194(com.google.android.apps.youtube.music) expire 1 line
08-01 12:28:35.753 27785 27785 I chatty  : uid=10194(com.google.android.apps.youtube.music) expire 6 lines
08-01 12:28:35.866  2220  3590 D ConnectivityService: requestNetwork for uid/pid:10194/27785 NetworkRequest [ TRACK_DEFAULT id=242, [ Capabilities: INTERNET&NOT_RESTRICTED&TRUSTED Uid: 10194] ]
08-01 12:28:35.868  2220  2669 D Ethernet: got request NetworkRequest [ TRACK_DEFAULT id=242, [ Capabilities: INTERNET&NOT_RESTRICTED&TRUSTED Uid: 10194] ] with score 60 and serial -1
08-01 12:28:35.868  2220  2626 D UntrustedWifiNetworkFactory: got request NetworkRequest [ TRACK_DEFAULT id=242, [ Capabilities: INTERNET&NOT_RESTRICTED&TRUSTED Uid: 10194] ] with score 60 and serial -1
08-01 12:28:35.868  2220  2626 D WifiNetworkFactory: got request NetworkRequest [ TRACK_DEFAULT id=242, [ Capabilities: INTERNET&NOT_RESTRICTED&TRUSTED Uid: 10194] ] with score 60 and serial -1
08-01 12:28:35.868  2954  2954 D PhoneSwitcherNetworkRequstListener: got request NetworkRequest [ TRACK_DEFAULT id=242, [ Capabilities: INTERNET&NOT_RESTRICTED&TRUSTED Uid: 10194] ] with score 60 and serial -1
08-01 12:28:35.884 27785 27843 I chatty  : uid=10194(com.google.android.apps.youtube.music) expire 7 lines
08-01 12:28:35.925 27785 27785 I chatty  : uid=10194(com.google.android.apps.youtube.music) expire 1 line
08-01 12:28:35.928 27785 27861 I chatty  : uid=10194(com.google.android.apps.youtube.music) expire 1 line
08-01 12:28:35.934 27785 27785 I chatty  : uid=10194(com.google.android.apps.youtube.music) expire 1 line
08-01 12:28:36.000 27785 27936 I chatty  : uid=10194(com.google.android.apps.youtube.music) expire 1 line
08-01 12:28:36.037  2220  4733 V WindowManager: Changing focus from null to Window{d3acfdf u0 com.google.android.apps.youtube.music/com.google.android.apps.youtube.music.activities.MusicActivity} displayId=0
08-01 12:28:36.039 27785 27886 I chatty  : uid=10194(com.google.android.apps.youtube.music) expire 4 lines
08-01 12:28:36.044 27785 27785 I chatty  : uid=10194(com.google.android.apps.youtube.music) expire 3 lines
08-01 12:28:36.048 27785 27886 I chatty  : uid=10194(com.google.android.apps.youtube.music) expire 2 lines
08-01 12:28:36.066  2220  3590 D MediaSessionService: Media button session is changed to com.google.android.apps.youtube.music/YouTube playerlib (userId=0)
08-01 12:28:36.066  2220  2220 V SettingsProvider: Notifying for 0: content://settings/secure/media_button_receiver
08-01 12:28:36.068  2220  2220 V SettingsProvider: Notifying for 0: content://settings/secure/media_button_receiver
08-01 12:28:36.080   847   847 I hwservicemanager: getTransport: Cannot find entry android.hardware.graphics.mapper@3.0::IMapper/default in either framework or device manifest.
08-01 12:28:36.080 21337 21399 I chatty  : uid=1002(bluetooth) BluetoothAvrcpH expire 1387 lines
08-01 12:28:36.106  2220  2336 I LaunchCheckinHandler: Displayed com.google.android.apps.youtube.music/.activities.MusicActivity,cp,ca,1001
08-01 12:28:36.107  2220  2336 I WindowManager: Window drawn AppWindowToken{2f479ab token=Token{92e9ffa ActivityRecord{614225 u0 com.google.android.apps.youtube.music/.activities.MusicActivity t62}}}
08-01 12:28:36.107  2220  2336 I WindowManager:   SURFACE show Surface(name=com.google.android.apps.youtube.music/com.google.android.apps.youtube.music.activities.MusicActivity)/@0x98c178 on display:0: com.google.android.apps.youtube.music/com.google.android.apps.youtube.music.activities.MusicActivity
08-01 12:28:36.113  2220  2343 I ActivityTaskManager: Displayed com.google.android.apps.youtube.music/.activities.MusicActivity: +1s26ms
08-01 12:28:36.129  2220  3972 W ActivityManager: Permission Denial: Accessing service com.google.android.music/.dial.DialMediaRouteProviderService from pid=27785, uid=10194 that is not exported from uid 10164
08-01 12:28:36.136 27785 27828 I chatty  : uid=10194(com.google.android.apps.youtube.music) expire 1 line
08-01 12:28:36.153  2220  2343 I ActivityTaskManager: Fully drawn com.google.android.apps.youtube.music/.activities.MusicActivity: +1s72ms
08-01 12:28:36.154  3054  3054 I GoogleInputMethodService: GoogleInputMethodService.onFinishInput():3184 
08-01 12:28:36.155  3054  3054 I GoogleInputMethodService: GoogleInputMethodService.onStartInput():1830 
08-01 12:28:36.199  3634  3634 W CastMediaRouteProvider: Not a Cast compatible category: MDX_MEDIA_ROUTE_CONTROL_CATEGORY_m
08-01 12:28:36.199  3634  3634 W CastMediaRouteProvider: Not a Cast compatible category: android.media.intent.category.LIVE_AUDIO
08-01 12:28:36.200  3634 19049 I DiscoveryManager: Filter criteria(2DB7CC49) scannerFlags(0)
08-01 12:28:36.202  3634 19049 W GuestModeDeviceProber: setFilterCriteria
08-01 12:28:36.223  2220  3590 I WifiService: startScan uid=10110
08-01 12:28:36.225 27785 27859 I chatty  : uid=10194(com.google.android.apps.youtube.music) expire 1 line
08-01 12:28:36.232  3634 19049 W DatabaseProcessor: processLocalDevices: failed to get the network info with non-null bssid.
08-01 12:28:36.233  3634 19049 W DatabaseProcessor: processLocalDevices: failed to get the network info with non-null bssid.
08-01 12:28:36.249  1059 27959 E ResolverController: No valid NAT64 prefix (101, <unspecified>/0)
08-01 12:28:36.251  3634 19049 W DatabaseProcessor: processLocalDevices: failed to get the network info with non-null bssid.
08-01 12:28:36.252  3634 19049 W DatabaseProcessor: processLocalDevices: failed to get the network info with non-null bssid.
08-01 12:28:36.254  2220  4014 I WifiService: acquireMulticastLock uid=10110
08-01 12:28:36.408  1060  1060 D Zygote  : Forked child process 27967
08-01 12:28:36.411  2220  2345 I ActivityManager: Start proc 27967:com.google.android.gms:car/u0a110 for service {com.google.android.gms/com.google.android.gms.car.CarService}
08-01 12:28:36.420 27967 27967 E android.gms:ca: Not starting debugger since process cannot load the jdwp agent.
08-01 12:28:36.437 27785 27957 I chatty  : uid=10194(com.google.android.apps.youtube.music) expire 8 lines
08-01 12:28:36.437  3237  3683 W ProviderHelper: Unknown dynamite feature providerinstaller.dynamite
08-01 12:28:36.449 27967 27967 I android.gms:ca: The ClassLoaderContext is a special shared library.
08-01 12:28:36.454 27967 27967 I android.gms:ca: The ClassLoaderContext is a special shared library.
08-01 12:28:36.460 27967 27967 I android.gms:ca: The ClassLoaderContext is a special shared library.
08-01 12:28:36.471  3686 23073 I PBSessionCacheImpl: Deleted sessionId[16212858774266653] from persistence.
08-01 12:28:36.477 27967 27967 W android.gms:ca: JIT profile information will not be recorded: profile file does not exits.
08-01 12:28:36.479  3686  4185 W SearchServiceCore: Abort, client detached.
08-01 12:28:36.570 27967 27967 W ProviderHelper: Unknown dynamite feature providerinstaller
08-01 12:28:36.571 27967 27967 I DynamiteModule: Considering local module com.google.android.gms.providerinstaller:1 and remote module com.google.android.gms.providerinstaller:0
08-01 12:28:36.571 27967 27967 I DynamiteModule: Selected local version of com.google.android.gms.providerinstaller
08-01 12:28:36.582 27967 27967 V NativeCrypto: Registering com/google/android/gms/org/conscrypt/NativeCrypto's 288 native methods...
08-01 12:28:36.610 27967 27967 D NetworkSecurityConfig: Using Network Security Config from resource network_security_config debugBuild: false
08-01 12:28:36.613 27967 27967 I ProviderInstaller: Installed default security provider GmsCore_OpenSSL
08-01 12:28:36.613 27967 27967 I Safeboot: Checking safeboot...
08-01 12:28:36.614 27967 27967 I Safeboot: Not entering safeboot; wrong process.
08-01 12:28:36.656 27967 27967 I Watchcat: Started
08-01 12:28:36.659 27967 27967 I bfyd    : Primes not initialized, returning default (no-op) Primes instance which will ignore all calls. Please call Primes.initialize(...) before using any Primes API.
08-01 12:28:36.757 27967 27967 I CAR.TEL.CarCall: creating a CarCallMapper [CONTEXT service_id=13 ]
08-01 12:28:36.758 27967 27967 I CAR.TEL.Service: Binding to InCallService [CONTEXT service_id=13 ]
08-01 12:28:36.759  2220  3477 W ActivityManager: Unable to start service Intent { act=local_action cmp=com.google.android.gms/.car.InCallService2 } U=0: not found
08-01 12:28:36.760 27967 27967 E CAR.TEL.Service: Failed to bind to InCallService [CONTEXT service_id=13 ]
08-01 12:28:36.786  2220  4734 I ActivityManager: Killing 23873:com.google.android.gms.ui/u0a110 (adj 985): empty #17
08-01 12:28:36.800 27967 27967 I CAR.ANALYTICS: Flushing event queue to clearcut [CONTEXT service_id=13 ]
08-01 12:28:36.818  1060  1060 I Zygote  : Process 23873 exited due to signal 9 (Killed)
08-01 12:28:36.819  2220  2346 I libprocessgroup: Successfully killed process cgroup uid 10110 pid 23873 in 32ms
08-01 12:28:36.820  2220  2335 W ActivityManager: setHasOverlayUi called on unknown pid: 23873
08-01 12:28:37.109  3237  3939 W ProviderHelper: Unknown dynamite feature providerinstaller.dynamite
08-01 12:28:37.300 27785 27797 I chatty  : uid=10194(com.google.android.apps.youtube.music) expire 1 line
08-01 12:28:37.403 27785 27785 I chatty  : uid=10194(com.google.android.apps.youtube.music) expire 4 lines
08-01 12:28:37.508  1059 28010 E ResolverController: No valid NAT64 prefix (101, <unspecified>/0)
08-01 12:28:37.511  1060  1060 D Zygote  : Forked child process 28013
08-01 12:28:37.517  2220  2345 I ActivityManager: Start proc 28013:com.google.process.gapps/u0a110 for content provider {com.google.android.gsf/com.google.android.gsf.settings.GoogleSettingsProvider}
08-01 12:28:37.531 28013 28013 E e.process.gapp: Not starting debugger since process cannot load the jdwp agent.
08-01 12:28:37.574 28013 28013 I e.process.gapp: The ClassLoaderContext is a special shared library.
08-01 12:28:37.614 28013 28013 I GoogleHttpClient: GMS http client unavailable, use old client
08-01 12:28:37.671 27785 27827 I chatty  : uid=10194(com.google.android.apps.youtube.music) expire 1 line
08-01 12:28:37.785 27785 27927 I chatty  : uid=10194(com.google.android.apps.youtube.music) expire 1 line
08-01 12:28:38.368  1059 28038 E ResolverController: No valid NAT64 prefix (101, <unspecified>/0)
08-01 12:28:38.440 28035 28035 W app_process: type=1400 audit(0.0:499): avc: denied { read } for uid=2000 name="u:object_r:device_config_runtime_native_boot_prop:s0" dev="tmpfs" ino=12142 scontext=u:r:shell:s0 tcontext=u:object_r:device_config_runtime_native_boot_prop:s0 tclass=file permissive=0
