08-01 12:28:38.442 28035 28035 D AndroidRuntime: >>>>>> START com.android.internal.os.RuntimeInit uid 2000 <<<<<<
08-01 12:28:38.444 28035 28035 W app_process: type=1400 audit(0.0:500): avc: denied { read } for uid=2000 name="u:object_r:device_config_runtime_native_boot_prop:s0" dev="tmpfs" ino=12142 scontext=u:r:shell:s0 tcontext=u:object_r:device_config_runtime_native_boot_prop:s0 tclass=file permissive=0
08-01 12:28:38.444 28035 28035 W app_process: type=1400 audit(0.0:501): avc: denied { read } for uid=2000 name="u:object_r:device_config_runtime_native_boot_prop:s0" dev="tmpfs" ino=12142 scontext=u:r:shell:s0 tcontext=u:object_r:device_config_runtime_native_boot_prop:s0 tclass=file permissive=0
08-01 12:28:38.447 28035 28035 E libc    : Access denied finding property "persist.device_config.runtime_native_boot.enable_apex_image"
08-01 12:28:38.447 28035 28035 I AndroidRuntime: Using default boot image
08-01 12:28:38.447 28035 28035 E libc    : Access denied finding property "persist.device_config.runtime_native_boot.disable_lock_profiling"
08-01 12:28:38.447 28035 28035 I AndroidRuntime: Leaving lock profiling enabled
08-01 12:28:38.447 28035 28035 E libc    : Access denied finding property "persist.device_config.runtime_native_boot.enable_generational_cc"
08-01 12:28:38.558  2954  2954 D QtiCarrierConfigHelper: WARNING, no carrier configs on phone Id: 0
08-01 12:28:38.559  4031  4031 D CmdCenter: - RowBuilder2: setUseWhiteRes useOrNot = true
08-01 12:28:38.562 28035 28035 D ICU     : Time zone APEX file found: /apex/com.android.tzdata/etc/icu/icu_tzdata.dat
08-01 12:28:38.581 28035 28035 I app_process: The ClassLoaderContext is a special shared library.
08-01 12:28:38.604 28035 28035 W app_process: JNI RegisterNativeMethods: attempt to register 0 native methods for android.media.AudioAttributes
08-01 12:28:38.611 28035 28035 D AndroidRuntime: Calling main entry com.android.commands.input.Input
08-01 12:28:38.616 28035 28035 D AndroidRuntime: Shutting down VM
08-01 12:28:38.631  2220  4741 I ActivityManager: Killing 27398:com.google.android.packageinstaller/u0a76 (adj 985): empty #17
08-01 12:28:38.638  1180  1180 E lowmemorykiller: Error writing /proc/27398/oom_score_adj; errno=22
08-01 12:28:38.690 27785 27933 I chatty  : uid=10194(com.google.android.apps.youtube.music) expire 6 lines
08-01 12:28:38.719  1060  1060 I Zygote  : Process 27398 exited due to signal 9 (Killed)
08-01 12:28:38.724  2220  2346 I libprocessgroup: Successfully killed process cgroup uid 10076 pid 27398 in 92ms
08-01 12:28:38.728  2220  2335 W ActivityManager: setHasOverlayUi called on unknown pid: 27398
08-01 12:28:38.799 27785 27797 I chatty  : uid=10194(com.google.android.apps.youtube.music) expire 1 line
08-01 12:28:38.801 27785 27799 I chatty  : uid=10194(com.google.android.apps.youtube.music) expire 1 line
08-01 12:28:39.233  3634 26534 W AdaptiveDiscoveryWorker: Exiting Adaptive Discovery. Current NetworkInfo is NULL.
08-01 12:28:39.384  1059  1642 I netd    : tetherGetStats() <2.17ms>
08-01 12:28:39.421  1059  1642 I netd    : bandwidthSetGlobalAlert(2097152) <0.55ms>
08-01 12:28:39.989  2220  4017 D WificondControl: Scan result ready event
08-01 12:28:40.013  2220  2626 D ANQPRequestManager: Not allowed to send ANQP request to 119072405137032 for another 361 seconds
08-01 12:28:40.013  2220  2626 D PasspointManager: ANQP entry not found for: 6c:4b:b4:69:26:88:<ATTwh9CKSp>
08-01 12:28:40.014  2220  2626 D ANQPRequestManager: Not allowed to send ANQP request to 119072405138556 for another 550 seconds
08-01 12:28:40.014  2220  2626 D PasspointManager: ANQP entry not found for: 6c:4b:b4:69:2c:7c:<ATTvzr3ufe880>
08-01 12:28:40.021  3634 26534 W DatabaseProcessor: processLocalDevices: failed to get the network info with non-null bssid.
08-01 12:28:40.421 27967 27967 I CAR.SERVICE: Skip, no clients bound. [CONTEXT service_id=13 ]
08-01 12:28:40.421 27967 27967 I CAR.TEL.Service: Unbinding from InCallService [CONTEXT service_id=13 ]
08-01 12:28:40.479 27967 27967 W ConnectionTracker: Exception thrown while unbinding
08-01 12:28:40.479 27967 27967 W ConnectionTracker: java.lang.IllegalArgumentException: Service not registered: npm@8770ca6
08-01 12:28:40.479 27967 27967 W ConnectionTracker: 	at android.app.LoadedApk.forgetServiceDispatcher(LoadedApk.java:1760)
08-01 12:28:40.479 27967 27967 W ConnectionTracker: 	at android.app.ContextImpl.unbindService(ContextImpl.java:1791)
08-01 12:28:40.479 27967 27967 W ConnectionTracker: 	at android.content.ContextWrapper.unbindService(ContextWrapper.java:741)
08-01 12:28:40.479 27967 27967 W ConnectionTracker: 	at android.content.ContextWrapper.unbindService(ContextWrapper.java:741)
08-01 12:28:40.479 27967 27967 W ConnectionTracker: 	at android.content.ContextWrapper.unbindService(ContextWrapper.java:741)
08-01 12:28:40.479 27967 27967 W ConnectionTracker: 	at ssq.c(:com.google.android.gms@203615039@20.36.15 (120408-333172415):4)
08-01 12:28:40.479 27967 27967 W ConnectionTracker: 	at ssq.a(:com.google.android.gms@203615039@20.36.15 (120408-333172415):21)
08-01 12:28:40.479 27967 27967 W ConnectionTracker: 	at npp.g(:com.google.android.gms@203615039@20.36.15 (120408-333172415):1)
08-01 12:28:40.479 27967 27967 W ConnectionTracker: 	at npp.a(:com.google.android.gms@203615039@20.36.15 (120408-333172415):9)
08-01 12:28:40.479 27967 27967 W ConnectionTracker: 	at ntt.f(:com.google.android.gms@203615039@20.36.15 (120408-333172415):4)
08-01 12:28:40.479 27967 27967 W ConnectionTracker: 	at nvk.f(:com.google.android.gms@203615039@20.36.15 (120408-333172415):0)
08-01 12:28:40.479 27967 27967 W ConnectionTracker: 	at com.google.android.gms.car.CarChimeraService.onDestroy(:com.google.android.gms@203615039@20.36.15 (120408-333172415):2)
08-01 12:28:40.479 27967 27967 W ConnectionTracker: 	at qrg.onDestroy(:com.google.android.gms@203615039@20.36.15 (120408-333172415):3)
08-01 12:28:40.479 27967 27967 W ConnectionTracker: 	at android.app.ActivityThread.handleStopService(ActivityThread.java:4331)
08-01 12:28:40.479 27967 27967 W ConnectionTracker: 	at android.app.ActivityThread.access$2000(ActivityThread.java:232)
08-01 12:28:40.479 27967 27967 W ConnectionTracker: 	at android.app.ActivityThread$H.handleMessage(ActivityThread.java:2063)
08-01 12:28:40.479 27967 27967 W ConnectionTracker: 	at android.os.Handler.dispatchMessage(Handler.java:107)
08-01 12:28:40.479 27967 27967 W ConnectionTracker: 	at android.os.Looper.loop(Looper.java:241)
08-01 12:28:40.479 27967 27967 W ConnectionTracker: 	at android.app.ActivityThread.main(ActivityThread.java:7617)
08-01 12:28:40.479 27967 27967 W ConnectionTracker: 	at java.lang.reflect.Method.invoke(Native Method)
08-01 12:28:40.479 27967 27967 W ConnectionTracker: 	at com.android.internal.os.RuntimeInit$MethodAndArgsCaller.run(RuntimeInit.java:492)
08-01 12:28:40.479 27967 27967 W ConnectionTracker: 	at com.android.internal.os.ZygoteInit.main(ZygoteInit.java:941)
08-01 12:28:40.480 27967 27967 I CAR.TEL.CarCall: clearCalls [CONTEXT service_id=13 ]
08-01 12:28:40.480 27967 27967 I CAR.TEL.Service: Clearing calls during removePhone [CONTEXT service_id=13 ]
08-01 12:28:40.486 27967 27967 I CAR.TEL.CarCall: creating a CarCallMapper [CONTEXT service_id=13 ]
08-01 12:28:40.486 27967 27967 I CAR.TEL.Service: Binding to InCallService [CONTEXT service_id=13 ]
08-01 12:28:40.488  2220  4020 W ActivityManager: Unable to start service Intent { act=local_action cmp=com.google.android.gms/.car.InCallService2 } U=0: not found
08-01 12:28:40.488 27967 27967 E CAR.TEL.Service: Failed to bind to InCallService [CONTEXT service_id=13 ]
08-01 12:28:40.503 27967 27983 I DynamiteModule: Considering local module com.google.android.gms.googlecertificates:6 and remote module com.google.android.gms.googlecertificates:6
08-01 12:28:40.503 27967 27983 I DynamiteModule: Selected local version of com.google.android.gms.googlecertificates
08-01 12:28:41.186  2220  4588 D ConnectivityService: requestNetwork for uid/pid:10156/27308 NetworkRequest [ TRACK_DEFAULT id=243, [ Capabilities: INTERNET&NOT_RESTRICTED&TRUSTED Uid: 10156] ]
08-01 12:28:41.189  2220  2669 D Ethernet: got request NetworkRequest [ TRACK_DEFAULT id=243, [ Capabilities: INTERNET&NOT_RESTRICTED&TRUSTED Uid: 10156] ] with score 60 and serial -1
08-01 12:28:41.190  2220  2626 D UntrustedWifiNetworkFactory: got request NetworkRequest [ TRACK_DEFAULT id=243, [ Capabilities: INTERNET&NOT_RESTRICTED&TRUSTED Uid: 10156] ] with score 60 and serial -1
08-01 12:28:41.190  2220  2626 D WifiNetworkFactory: got request NetworkRequest [ TRACK_DEFAULT id=243, [ Capabilities: INTERNET&NOT_RESTRICTED&TRUSTED Uid: 10156] ] with score 60 and serial -1
08-01 12:28:41.191  2954  2954 D PhoneSwitcherNetworkRequstListener: got request NetworkRequest [ TRACK_DEFAULT id=243, [ Capabilities: INTERNET&NOT_RESTRICTED&TRUSTED Uid: 10156] ] with score 60 and serial -1
08-01 12:28:41.198 27308 27308 E cr_BTSPrefs: No data found for task id: 53
08-01 12:28:41.199 27308 27308 E cr_BkgrdTaskScheduler: Task cannot be canceled because no data was found instorage or data was invalid
08-01 12:28:42.724  2220  4017 W DevicePolicyManager: Package com.mobile.indiapp (uid=10193, pid=10916) cannot access Device IDs
08-01 12:28:42.725  2954  3833 W TelephonyPermissions: reportAccessDeniedToReadIdentifiers:com.mobile.indiapp:getSubscriberId:isPreinstalled=false:isPrivApp=false
08-01 12:28:42.740  2220  4017 W DevicePolicyManager: Package com.mobile.indiapp (uid=10193, pid=10916) cannot access Device IDs
08-01 12:28:42.741  2954  3541 W TelephonyPermissions: reportAccessDeniedToReadIdentifiers:com.mobile.indiapp:getDeviceId:isPreinstalled=false:isPrivApp=false
08-01 12:28:42.746 10916 11006 I chatty  : uid=10193(com.mobile.indiapp) WaHandlerThread expire 61 lines
08-01 12:28:42.752  1059 28058 E ResolverController: No valid NAT64 prefix (101, <unspecified>/0)
08-01 12:28:44.501  1110 21378 I chatty  : uid=1002(bluetooth) POSIX timer 8 expire 3 lines
08-01 12:28:48.984 28062 28062 W app_process: type=1400 audit(0.0:502): avc: denied { read } for uid=2000 name="u:object_r:device_config_runtime_native_boot_prop:s0" dev="tmpfs" ino=12142 scontext=u:r:shell:s0 tcontext=u:object_r:device_config_runtime_native_boot_prop:s0 tclass=file permissive=0
08-01 12:28:48.984 28062 28062 W app_process: type=1400 audit(0.0:503): avc: denied { read } for uid=2000 name="u:object_r:device_config_runtime_native_boot_prop:s0" dev="tmpfs" ino=12142 scontext=u:r:shell:s0 tcontext=u:object_r:device_config_runtime_native_boot_prop:s0 tclass=file permissive=0
08-01 12:28:48.984 28062 28062 W app_process: type=1400 audit(0.0:504): avc: denied { read } for uid=2000 name="u:object_r:device_config_runtime_native_boot_prop:s0" dev="tmpfs" ino=12142 scontext=u:r:shell:s0 tcontext=u:object_r:device_config_runtime_native_boot_prop:s0 tclass=file permissive=0
08-01 12:28:48.984 28062 28062 D AndroidRuntime: >>>>>> START com.android.internal.os.RuntimeInit uid 2000 <<<<<<
08-01 12:28:48.988 28062 28062 E libc    : Access denied finding property "persist.device_config.runtime_native_boot.enable_apex_image"
08-01 12:28:48.988 28062 28062 I AndroidRuntime: Using default boot image
08-01 12:28:48.988 28062 28062 E libc    : Access denied finding property "persist.device_config.runtime_native_boot.disable_lock_profiling"
08-01 12:28:48.988 28062 28062 I AndroidRuntime: Leaving lock profiling enabled
08-01 12:28:48.988 28062 28062 E libc    : Access denied finding property "persist.device_config.runtime_native_boot.enable_generational_cc"
08-01 12:28:49.105 28062 28062 D ICU     : Time zone APEX file found: /apex/com.android.tzdata/etc/icu/icu_tzdata.dat
08-01 12:28:49.126 28062 28062 I app_process: The ClassLoaderContext is a special shared library.
08-01 12:28:49.150 28062 28062 W app_process: JNI RegisterNativeMethods: attempt to register 0 native methods for android.media.AudioAttributes
08-01 12:28:49.157 28062 28062 D AndroidRuntime: Calling main entry com.android.commands.input.Input
08-01 12:28:49.162 28062 28062 D AndroidRuntime: Shutting down VM
08-01 12:28:51.689  3237  5063 W GetToken: [GetToken]GetToken failed with status code: BadAuthentication
08-01 12:28:55.370 22755 22755 I Finsky  : [2] rzb.onStartJob(4): SCH: job service start with id 9199.
08-01 12:28:55.399 22755 27490 I Finsky  : [1759] rxd.a(45): SCH: Satisfied jobs for 9199 are: 12-1
08-01 12:28:55.401 22755 27775 I Finsky  : [1770] rhc.accept(6): SCH: Job 12-1 starting
08-01 12:28:55.402 22755 22755 I Finsky  : [2] ContentSyncJob.v(3): [ContentSync] job started
08-01 12:28:55.463  3237 27644 I NetworkScheduler.Stats: Task com.google.android.gms/com.google.android.gms.icing.service.IcingGcmTaskService started execution. cause:4 exec_start_elapsed_seconds: 2813 [CONTEXT service_id=218 ]
08-01 12:28:55.473  3237 27644 I NetworkScheduler.Stats: Task com.google.android.gms/com.google.android.gms.icing.service.IcingGcmTaskService finished executing. cause:4 result: 1 elapsed_millis: 56 uptime_millis: 56 exec_start_elapsed_seconds: 2813 [CONTEXT service_id=218 ]
08-01 12:28:55.584 27967 27967 I CAR.SERVICE: Skip, no clients bound. [CONTEXT service_id=13 ]
08-01 12:28:55.585 27967 27967 I CAR.TEL.Service: Unbinding from InCallService [CONTEXT service_id=13 ]
08-01 12:28:55.585 27967 27967 W ConnectionTracker: Exception thrown while unbinding
08-01 12:28:55.585 27967 27967 W ConnectionTracker: java.lang.IllegalArgumentException: Service not registered: npm@1308319
08-01 12:28:55.585 27967 27967 W ConnectionTracker: 	at android.app.LoadedApk.forgetServiceDispatcher(LoadedApk.java:1760)
08-01 12:28:55.585 27967 27967 W ConnectionTracker: 	at android.app.ContextImpl.unbindService(ContextImpl.java:1791)
08-01 12:28:55.585 27967 27967 W ConnectionTracker: 	at android.content.ContextWrapper.unbindService(ContextWrapper.java:741)
08-01 12:28:55.585 27967 27967 W ConnectionTracker: 	at android.content.ContextWrapper.unbindService(ContextWrapper.java:741)
08-01 12:28:55.585 27967 27967 W ConnectionTracker: 	at android.content.ContextWrapper.unbindService(ContextWrapper.java:741)
08-01 12:28:55.585 27967 27967 W ConnectionTracker: 	at ssq.c(:com.google.android.gms@203615039@20.36.15 (120408-333172415):4)
08-01 12:28:55.585 27967 27967 W ConnectionTracker: 	at ssq.a(:com.google.android.gms@203615039@20.36.15 (120408-333172415):21)
08-01 12:28:55.585 27967 27967 W ConnectionTracker: 	at npp.g(:com.google.android.gms@203615039@20.36.15 (120408-333172415):1)
08-01 12:28:55.585 27967 27967 W ConnectionTracker: 	at npp.a(:com.google.android.gms@203615039@20.36.15 (120408-333172415):9)
08-01 12:28:55.585 27967 27967 W ConnectionTracker: 	at ntt.f(:com.google.android.gms@203615039@20.36.15 (120408-333172415):4)
08-01 12:28:55.585 27967 27967 W ConnectionTracker: 	at nvk.f(:com.google.android.gms@203615039@20.36.15 (120408-333172415):0)
08-01 12:28:55.585 27967 27967 W ConnectionTracker: 	at com.google.android.gms.car.CarChimeraService.onDestroy(:com.google.android.gms@203615039@20.36.15 (120408-333172415):2)
08-01 12:28:55.585 27967 27967 W ConnectionTracker: 	at qrg.onDestroy(:com.google.android.gms@203615039@20.36.15 (120408-333172415):3)
08-01 12:28:55.585 27967 27967 W ConnectionTracker: 	at android.app.ActivityThread.handleStopService(ActivityThread.java:4331)
08-01 12:28:55.585 27967 27967 W ConnectionTracker: 	at android.app.ActivityThread.access$2000(ActivityThread.java:232)
08-01 12:28:55.585 27967 27967 W ConnectionTracker: 	at android.app.ActivityThread$H.handleMessage(ActivityThread.java:2063)
08-01 12:28:55.585 27967 27967 W ConnectionTracker: 	at android.os.Handler.dispatchMessage(Handler.java:107)
08-01 12:28:55.585 27967 27967 W ConnectionTracker: 	at android.os.Looper.loop(Looper.java:241)
08-01 12:28:55.585 27967 27967 W ConnectionTracker: 	at android.app.ActivityThread.main(ActivityThread.java:7617)
08-01 12:28:55.585 27967 27967 W ConnectionTracker: 	at java.lang.reflect.Method.invoke(Native Method)
08-01 12:28:55.585 27967 27967 W ConnectionTracker: 	at com.android.internal.os.RuntimeInit$MethodAndArgsCaller.run(RuntimeInit.java:492)
08-01 12:28:55.585 27967 27967 W ConnectionTracker: 	at com.android.internal.os.ZygoteInit.main(ZygoteInit.java:941)
08-01 12:28:55.585 27967 27967 I CAR.TEL.CarCall: clearCalls [CONTEXT service_id=13 ]
08-01 12:28:55.586 27967 27967 I CAR.TEL.Service: Clearing calls during removePhone [CONTEXT service_id=13 ]
08-01 12:28:55.755  3237  5063 W GetToken: [GetToken]GetToken failed with status code: BadAuthentication
08-01 12:28:55.778  3237  5063 W GLSActivity: 
08-01 12:28:55.778  3237  5063 W GLSActivity: com.google.android.gms.auth.UserRecoverableAuthException: BadAuthentication
08-01 12:28:55.778  3237  5063 W GLSActivity: 	at gbn.getAuthToken(:com.google.android.gms@203615039@20.36.15 (120408-333172415):26)
08-01 12:28:55.778  3237  5063 W GLSActivity: 	at android.accounts.AbstractAccountAuthenticator$Transport.getAuthToken(AbstractAccountAuthenticator.java:246)
08-01 12:28:55.778  3237  5063 W GLSActivity: 	at android.accounts.IAccountAuthenticator$Stub.onTransact(IAccountAuthenticator.java:282)
08-01 12:28:55.778  3237  5063 W GLSActivity: 	at android.os.Binder.transact(Binder.java:923)
08-01 12:28:55.778  3237  5063 W GLSActivity: 	at cqo.onTransact(:com.google.android.gms@203615039@20.36.15 (120408-333172415):2)
08-01 12:28:55.778  3237  5063 W GLSActivity: 	at android.os.Binder.transact(Binder.java:923)
08-01 12:28:55.778  3237  5063 W GLSActivity: 	at aaoe.onTransact(:com.google.android.gms@203615039@20.36.15 (120408-333172415):17)
08-01 12:28:55.778  3237  5063 W GLSActivity: 	at android.os.Binder.execTransactInternal(Binder.java:1036)
08-01 12:28:55.778  3237  5063 W GLSActivity: 	at android.os.Binder.execTransact(Binder.java:1003)
08-01 12:28:55.784 22755 22755 I Finsky  : [2] fsa.i(1): Completed 1 account content syncs with 0 successful.
08-01 12:28:55.787 22755 22755 I Finsky  : [2] ContentSyncJob.a(3): [ContentSync] Installation state replication failed, hasParameters=true.
08-01 12:28:55.787 22755 22755 I Finsky  : [2] ContentSyncJob.a(8): [ContentSync] Scheduling replication attempt 1.
08-01 12:28:55.788 22755 22755 I Finsky  : [2] rxi.r(4): SCH: jobFinished: 12-1. TimeElapsed: 387ms.
08-01 12:28:55.826 22755 22795 I Finsky  : [1659] rrc.accept(43): SCH: Scheduling phonesky job Id: 1-1337, CT: 1659334719408, Constraints: [{ L: 33351473, D: 76551473, C: 1, I: 1, N: 1 }]
08-01 12:28:55.827 22755 22795 I Finsky  : [1659] rrc.accept(43): SCH: Scheduling phonesky job Id: 34-228, CT: 1659334729148, Constraints: [{ L: 79199779, D: 1375199779, C: 1, I: 1, N: 1 }]
08-01 12:28:55.845 22755 22804 I Finsky  : [1664] rqq.apply(12): SCH: Scheduling 1 system job(s)
08-01 12:28:55.847 22755 22804 I Finsky  : [1664] rqq.apply(18): SCH: Scheduling system job Id: 9202, L: 30935035, D: 74135035, C: false, I: false, N: 1
08-01 12:28:55.866 22755 27775 I Finsky  : [1770] rzb.a(16): SCH: job service finished with id 9199.
08-01 12:28:55.987 22755 22796 I Finsky  : [1660] rrc.accept(43): SCH: Scheduling phonesky job Id: 12-1, CT: 1659337135801, Constraints: [{ L: 40000, D: 86400000, C: 1, I: 1, N: 1 }]
08-01 12:28:56.008 22755 22795 I Finsky  : [1659] rqq.apply(12): SCH: Scheduling 1 system job(s)
08-01 12:28:56.009 22755 22795 I Finsky  : [1659] rqq.apply(18): SCH: Scheduling system job Id: 9202, L: 39793, D: 74134873, C: false, I: false, N: 1
08-01 12:28:58.179  1060  1060 D Zygote  : Forked child process 28076
08-01 12:28:58.183  2220  2345 I ActivityManager: Start proc 28076:com.antutu.ABenchMark:push/u0a183 for service {com.antutu.ABenchMark/com.antutu.benchmark.service.JobSchedulerService}
08-01 12:28:58.200 28076 28076 E ABenchMark:pus: Not starting debugger since process cannot load the jdwp agent.
08-01 12:28:58.247 28076 28076 I ABenchMark:pus: The ClassLoaderContext is a special shared library.
08-01 12:28:58.360 28076 28097 W System  : ClassLoader referenced unknown path: 
08-01 12:28:58.384  1060  1060 D Zygote  : Forked child process 28099
08-01 12:28:58.386  2220  2345 I ActivityManager: Start proc 28099:com.antutu.ABenchMark/u0a183 for service {com.antutu.ABenchMark/com.antutu.benchmark.service.BenchmarkMainService}
08-01 12:28:58.393  2220  4588 I ActivityManager: Killing 27448:com.android.documentsui/u0a60 (adj 985): empty #17
08-01 12:28:58.412 28099 28099 E tutu.ABenchMar: Not starting debugger since process cannot load the jdwp agent.
08-01 12:28:58.420  1060  1060 I Zygote  : Process 27448 exited due to signal 9 (Killed)
08-01 12:28:58.420  2220  2346 I libprocessgroup: Successfully killed process cgroup uid 10060 pid 27448 in 26ms
08-01 12:28:58.461 28099 28099 I tutu.ABenchMar: The ClassLoaderContext is a special shared library.
08-01 12:28:58.604 28099 28122 W System  : ClassLoader referenced unknown path: 
08-01 12:28:58.604 28099 28099 D skia    : --- Failed to create image decoder with message 'unimplemented'
08-01 12:28:58.606 28099 28099 W JobInfo : Requested interval +10m0s0ms for job 339966 is too small; raising to +15m0s0ms
08-01 12:28:58.634 28099 28123 E AndroidRuntime: FATAL EXCEPTION: Thread-3
08-01 12:28:58.634 28099 28123 E AndroidRuntime: Process: com.antutu.ABenchMark, PID: 28099
08-01 12:28:58.634 28099 28123 E AndroidRuntime: java.lang.NullPointerException: Attempt to invoke virtual method 'void android.content.ContentValues.putAll(android.content.ContentValues)' on a null object reference
08-01 12:28:58.634 28099 28123 E AndroidRuntime: 	at daozi-b.ij0.b(DataParseHandler.java:1)
08-01 12:28:58.634 28099 28123 E AndroidRuntime: 	at daozi-b.zi0.G(InfocSDK.java:9)
08-01 12:28:58.634 28099 28123 E AndroidRuntime: 	at daozi-b.aj0.L(InfocUtil.java:6)
08-01 12:28:58.634 28099 28123 E AndroidRuntime: 	at daozi-b.aj0.K(InfocUtil.java:5)
08-01 12:28:58.634 28099 28123 E AndroidRuntime: 	at daozi-b.aj0.q(InfocUtil.java:6)
08-01 12:28:58.634 28099 28123 E AndroidRuntime: 	at com.antutu.benchmark.service.BenchmarkMainService$f.e(BenchmarkMainService.java:4)
08-01 12:28:58.634 28099 28123 E AndroidRuntime: 	at daozi-b.k80.run(Unknown Source:2)
08-01 12:28:58.634 28099 28123 E AndroidRuntime: 	at java.lang.Thread.run(Thread.java:919)
08-01 12:28:58.650  2220  2333 I ActivityManager: Showing crash dialog for package com.antutu.ABenchMark u0
08-01 12:28:58.658  2220 28124 I DropBoxManagerService: add tag=data_app_crash isTagEnabled=true flags=0x2
08-01 12:28:58.683  2220  2333 V WindowManager: Changing focus from Window{d3acfdf u0 com.google.android.apps.youtube.music/com.google.android.apps.youtube.music.activities.MusicActivity} to Window{8c6ac71 u0 Application Error: com.antutu.ABenchMark} displayId=0
08-01 12:28:58.690  2220  2344 W BroadcastQueue: Background execution not allowed: receiving Intent { act=android.intent.action.DROPBOX_ENTRY_ADDED flg=0x10 (has extras) } to com.google.android.gms/.stats.service.DropBoxEntryAddedReceiver
08-01 12:28:58.690  2220  2344 W BroadcastQueue: Background execution not allowed: receiving Intent { act=android.intent.action.DROPBOX_ENTRY_ADDED flg=0x10 (has extras) } to com.google.android.gms/.chimera.GmsIntentOperationService$PersistentTrustedReceiver
08-01 12:28:58.693  2220  2809 I ActivityManager: Killing 27436:com.android.keychain/1000 (adj 985): empty #17
08-01 12:28:58.705  2220  3918 I AdrenoGLES: QUALCOMM build                   : f2ab992, I401605978b
08-01 12:28:58.705  2220  3918 I AdrenoGLES: Build Date                       : 09/28/19
08-01 12:28:58.705  2220  3918 I AdrenoGLES: OpenGL ES Shader Compiler Version: EV031.27.05.01
08-01 12:28:58.705  2220  3918 I AdrenoGLES: Local Branch                     : 
08-01 12:28:58.705  2220  3918 I AdrenoGLES: Remote Branch                    : 
08-01 12:28:58.705  2220  3918 I AdrenoGLES: Remote Branch                    : 
08-01 12:28:58.705  2220  3918 I AdrenoGLES: Reconstruct Branch               : 
08-01 12:28:58.705  2220  3918 I AdrenoGLES: Build Config                     : S L 8.0.11 AArch64
08-01 12:28:58.710 28099 28099 D skia    : --- Failed to create image decoder with message 'unimplemented'
08-01 12:28:58.713  2220  4738 I ActivityManager: Killing 27534:com.google.android.apps.maps/u0a161 (adj 985): empty #17
08-01 12:28:58.714  1180  1180 E lowmemorykiller: Error writing /proc/27534/oom_score_adj; errno=22
08-01 12:28:58.729 28099 28099 D skia    : --- Failed to create image decoder with message 'unimplemented'
08-01 12:28:58.739  1060  1060 I Zygote  : Process 27436 exited due to signal 9 (Killed)
08-01 12:28:58.747  2220  3918 I AdrenoGLES: PFP: 0x005ff112, ME: 0x005ff066
08-01 12:28:58.748  2220  2346 I libprocessgroup: Successfully killed process cgroup uid 1000 pid 27436 in 54ms
08-01 12:28:58.754 28099 28128 I Process : Sending signal. PID: 28099 SIG: 9
08-01 12:28:58.769  2220  4020 D ConnectivityService: ConnectivityService NetworkRequestInfo binderDied(NetworkRequest [ LISTEN id=234, [ Capabilities: INTERNET&NOT_RESTRICTED&TRUSTED Uid: 10161] ], android.os.BinderProxy@f66e7eb)
08-01 12:28:58.769  2220  2309 D ConnectivityService: ConnectivityService NetworkRequestInfo binderDied(NetworkRequest [ TRACK_DEFAULT id=233, [ Capabilities: INTERNET&NOT_RESTRICTED&TRUSTED Uid: 10161] ], android.os.BinderProxy@43c8948)
08-01 12:28:58.770  2220  2633 D ConnectivityService: releasing NetworkRequest [ TRACK_DEFAULT id=233, [ Capabilities: INTERNET&NOT_RESTRICTED&TRUSTED Uid: 10161] ] (release request)
08-01 12:28:58.771  1060  1060 I Zygote  : Process 27534 exited due to signal 9 (Killed)
08-01 12:28:58.773  2220  4018 I ActivityManager: Process com.antutu.ABenchMark (pid 28099) has died: prcp FGS 
08-01 12:28:58.776  2220  4018 W ActivityManager: Scheduling restart of crashed service com.antutu.ABenchMark/com.antutu.benchmark.service.BenchmarkMainService in 1000ms
08-01 12:28:58.777  2220  2346 I libprocessgroup: Successfully killed process cgroup uid 10161 pid 27534 in 28ms
08-01 12:28:58.784  1060  1060 I Zygote  : Process 28099 exited due to signal 9 (Killed)
08-01 12:28:58.784  2220  4588 W ActivityManager: Ignoring remove of inactive process: ProcessRecord{ad5b506 0:com.antutu.ABenchMark/u0a183}
08-01 12:28:58.791  2220  2336 I WindowManager:   SURFACE show Surface(name=Application Error: com.antutu.ABenchMark)/@0x8466963 on display:0: Application Error: com.antutu.ABenchMark
08-01 12:28:58.792  2220  2346 I libprocessgroup: Successfully killed process cgroup uid 10183 pid 28099 in 14ms
08-01 12:28:58.801  2220  2333 V WindowManager: Changing focus from Window{8c6ac71 u0 Application Error: com.antutu.ABenchMark EXITING} to Window{d3acfdf u0 com.google.android.apps.youtube.music/com.google.android.apps.youtube.music.activities.MusicActivity} displayId=0
08-01 12:28:58.810  2220  4588 E InputDispatcher: Window handle Window{8c6ac71 u0 Application Error: com.antutu.ABenchMark} has no registered input channel
08-01 12:28:59.421  2220  4014 I ActivityManager: Force stopping com.google.android.apps.youtube.music appid=10194 user=0: from pid 28141
08-01 12:28:59.422  2220  4014 I ActivityManager: Killing 27785:com.google.android.apps.youtube.music/u0a194 (adj 0): stop com.google.android.apps.youtube.music
08-01 12:28:59.428  2220  4014 W ActivityTaskManager: Force removing ActivityRecord{614225 u0 com.google.android.apps.youtube.music/.activities.MusicActivity t62 f}: app died, no saved state
08-01 12:28:59.430  2220  4014 V WindowManager: Changing focus from Window{d3acfdf u0 com.google.android.apps.youtube.music/com.google.android.apps.youtube.music.activities.MusicActivity} to null displayId=0
08-01 12:28:59.439  2220  4014 I WindowManager: Window drawn AppWindowToken{2f479ab token=Token{92e9ffa ActivityRecord{614225 u0 com.google.android.apps.youtube.music/.activities.MusicActivity t62}}}
08-01 12:28:59.446  2220  4014 I ActivityTaskManager: moveHomeStack, setupComplete:true
08-01 12:28:59.469 21337 21374 I chatty  : uid=1002(bluetooth) BluetoothScanMa expire 4 lines
08-01 12:28:59.471  2954  2954 E PhoneInterfaceManager: [PhoneIntfMgr] getCarrierPackageNamesForIntent: No UICC
08-01 12:28:59.471  2954  2954 D CarrierSvcBindHelper: No carrier app for: 0
08-01 12:28:59.473  2954  2954 E PhoneInterfaceManager: [PhoneIntfMgr] getCarrierPackageNamesForIntent: No UICC
08-01 12:28:59.473  2954  2954 D CarrierSvcBindHelper: No carrier app for: 1
08-01 12:28:59.499  2220  4741 V WindowManager: Changing focus from null to Window{2b77e65 u0 com.motorola.launcher3/com.android.a1launcher.AndroidOneLauncher} displayId=0
08-01 12:28:59.505  4031  4052 D AssistReceiver: call: lightWakeup | null | null
08-01 12:28:59.520  2220  2336 I WindowManager:   SURFACE show Surface(name=com.android.systemui.ImageWallpaper)/@0xe08ac94 on display:0: com.android.systemui.ImageWallpaper
08-01 12:28:59.532  3054  3054 I GoogleInputMethodService: GoogleInputMethodService.onFinishInput():3184 
08-01 12:28:59.533  3054  3054 I GoogleInputMethodService: GoogleInputMethodService.onStartInput():1830 
08-01 12:28:59.539  2220  2336 I WindowManager: Window drawn AppWindowToken{3a2bed2 token=Token{299b55d ActivityRecord{2cd9334 u0 com.motorola.launcher3/com.android.a1launcher.AndroidOneLauncher t2}}}
08-01 12:28:59.548  2220  2336 I WindowManager:   SURFACE show Surface(name=com.motorola.launcher3/com.android.a1launcher.AndroidOneLauncher)/@0xed8bfec on display:0: com.motorola.launcher3/com.android.a1launcher.AndroidOneLauncher
08-01 12:28:59.548  2220  2336 I WindowManager:   SURFACE show Surface(name=com.motorola.launcher3/com.android.a1launcher.AndroidOneLauncher)/@0x94bcfb5 on display:0: com.motorola.launcher3/com.android.a1launcher.AndroidOneLauncher
08-01 12:28:59.557  2220  4588 D ConnectivityService: ConnectivityService NetworkRequestInfo binderDied(NetworkRequest [ TRACK_DEFAULT id=242, [ Capabilities: INTERNET&NOT_RESTRICTED&TRUSTED Uid: 10194] ], android.os.BinderProxy@98ec64a)
08-01 12:28:59.557  2220  4012 D MediaSessionService: Media button session is changed to null
08-01 12:28:59.558  2220  4012 D ConnectivityService: ConnectivityService NetworkRequestInfo binderDied(NetworkRequest [ TRACK_DEFAULT id=241, [ Capabilities: INTERNET&NOT_RESTRICTED&TRUSTED Uid: 10194] ], android.os.BinderProxy@97129bb)
08-01 12:28:59.558  2220  4741 D ConnectivityService: ConnectivityService NetworkRequestInfo binderDied(NetworkRequest [ TRACK_DEFAULT id=238, [ Capabilities: INTERNET&NOT_RESTRICTED&TRUSTED Uid: 10194] ], android.os.BinderProxy@187eed8)
08-01 12:28:59.558  2220  4744 D ConnectivityService: ConnectivityService NetworkRequestInfo binderDied(NetworkRequest [ TRACK_DEFAULT id=239, [ Capabilities: INTERNET&NOT_RESTRICTED&TRUSTED Uid: 10194] ], android.os.BinderProxy@4b6b231)
08-01 12:28:59.558  2220  4588 D ConnectivityService: ConnectivityService NetworkRequestInfo binderDied(NetworkRequest [ LISTEN id=240, [ Capabilities: INTERNET&NOT_RESTRICTED&TRUSTED&FOREGROUND Uid: 10194] ], android.os.BinderProxy@efafd16)
08-01 12:28:59.558  2220  2633 D ConnectivityService: releasing NetworkRequest [ TRACK_DEFAULT id=242, [ Capabilities: INTERNET&NOT_RESTRICTED&TRUSTED Uid: 10194] ] (release request)
08-01 12:28:59.559  2220  2633 D ConnectivityService: releasing NetworkRequest [ TRACK_DEFAULT id=241, [ Capabilities: INTERNET&NOT_RESTRICTED&TRUSTED Uid: 10194] ] (release request)
08-01 12:28:59.559  2220  2633 D ConnectivityService: releasing NetworkRequest [ TRACK_DEFAULT id=238, [ Capabilities: INTERNET&NOT_RESTRICTED&TRUSTED Uid: 10194] ] (release request)
08-01 12:28:59.560  2220  2633 D ConnectivityService: releasing NetworkRequest [ TRACK_DEFAULT id=239, [ Capabilities: INTERNET&NOT_RESTRICTED&TRUSTED Uid: 10194] ] (release request)
08-01 12:28:59.560 21337 21337 I chatty  : uid=1002(bluetooth) com.android.bluetooth expire 68 lines
08-01 12:28:59.561 21337 21399 I chatty  : uid=1002(bluetooth) BluetoothAvrcpH expire 118 lines
08-01 12:28:59.561  2220  2335 W ActivityManager: setHasOverlayUi called on unknown pid: 27785
08-01 12:28:59.562  3634 26534 I DiscoveryManager: Filter criteria(null) scannerFlags(0)
08-01 12:28:59.565  3634 26534 W GuestModeDeviceProber: setFilterCriteria
08-01 12:28:59.565  1060  1060 I Zygote  : Process 27785 exited due to signal 9 (Killed)
08-01 12:28:59.567  3686  4185 W ThreadPoolDumper: Queue length for executor EventBus is now 11. Perhaps some tasks are too long, or the pool is too small.
08-01 12:28:59.568  2220  4735 I WifiService: releaseMulticastLock uid=10110
08-01 12:28:59.570  3686  3844 W LocationOracle: No location history returned by ContextManager
08-01 12:28:59.574  2220  2346 I libprocessgroup: Successfully killed process cgroup uid 10194 pid 27785 in 148ms
08-01 12:28:59.587  3237  4446 W GCoreFlp: No location to return for getLastLocation()
08-01 12:28:59.589  3686  3921 W LocationOracle: No location returned by GMS core getLastLocation()
08-01 12:28:59.593  3686  3686 I BgTaskExecutorImpl: Starting EXCLUSIVE background task TNG_MINUS_ONE_SYNC.
08-01 12:28:59.594  3686  3686 I BgTaskExecutorImpl: Starting EXCLUSIVE background task TNG_VOICE_SEARCH_SYNC.
08-01 12:28:59.595  3686  4185 I TngMinusOneSync: Syncing TNG:-1
08-01 12:28:59.595  3686  4185 I TngVoiceSearchSync: Syncing TNG:VoiceSearch
08-01 12:28:59.597  3686  3924 E MDD     : DownloadProgressMonitor: Can't find file for uri: android://com.google.android.googlequicksearchbox/files/sharedminusonemodule/shared/SharedMinusOneData.pb.tmp
08-01 12:28:59.812  1060  1060 D Zygote  : Forked child process 28147
08-01 12:28:59.815  2220  2345 I ActivityManager: Start proc 28147:com.antutu.ABenchMark/u0a183 for service {com.antutu.ABenchMark/com.antutu.benchmark.service.BenchmarkMainService}
08-01 12:28:59.834 28147 28147 E tutu.ABenchMar: Not starting debugger since process cannot load the jdwp agent.
08-01 12:28:59.881 28147 28147 I tutu.ABenchMar: The ClassLoaderContext is a special shared library.
08-01 12:29:00.026 28147 28147 D skia    : --- Failed to create image decoder with message 'unimplemented'
08-01 12:29:00.029 28147 28147 W JobInfo : Requested interval +10m0s0ms for job 339966 is too small; raising to +15m0s0ms
08-01 12:29:00.047 28147 28168 W System  : ClassLoader referenced unknown path: 
08-01 12:29:00.059 28147 28169 E AndroidRuntime: FATAL EXCEPTION: Thread-3
08-01 12:29:00.059 28147 28169 E AndroidRuntime: Process: com.antutu.ABenchMark, PID: 28147
08-01 12:29:00.059 28147 28169 E AndroidRuntime: java.lang.NullPointerException: Attempt to invoke virtual method 'void android.content.ContentValues.putAll(android.content.ContentValues)' on a null object reference
08-01 12:29:00.059 28147 28169 E AndroidRuntime: 	at daozi-b.ij0.b(DataParseHandler.java:1)
08-01 12:29:00.059 28147 28169 E AndroidRuntime: 	at daozi-b.zi0.G(InfocSDK.java:9)
08-01 12:29:00.059 28147 28169 E AndroidRuntime: 	at daozi-b.aj0.L(InfocUtil.java:6)
08-01 12:29:00.059 28147 28169 E AndroidRuntime: 	at daozi-b.aj0.K(InfocUtil.java:5)
08-01 12:29:00.059 28147 28169 E AndroidRuntime: 	at daozi-b.aj0.q(InfocUtil.java:6)
08-01 12:29:00.059 28147 28169 E AndroidRuntime: 	at com.antutu.benchmark.service.BenchmarkMainService$f.e(BenchmarkMainService.java:4)
08-01 12:29:00.059 28147 28169 E AndroidRuntime: 	at daozi-b.k80.run(Unknown Source:2)
08-01 12:29:00.059 28147 28169 E AndroidRuntime: 	at java.lang.Thread.run(Thread.java:919)
08-01 12:29:00.065  2220  2333 I ActivityManager: Showing crash dialog for package com.antutu.ABenchMark u0
08-01 12:29:00.065  2220 28170 I DropBoxManagerService: add tag=data_app_crash isTagEnabled=true flags=0x2
08-01 12:29:00.086  2220  2344 W BroadcastQueue: Background execution not allowed: receiving Intent { act=android.intent.action.DROPBOX_ENTRY_ADDED flg=0x10 (has extras) } to com.google.android.gms/.stats.service.DropBoxEntryAddedReceiver
08-01 12:29:00.086  2220  2344 W BroadcastQueue: Background execution not allowed: receiving Intent { act=android.intent.action.DROPBOX_ENTRY_ADDED flg=0x10 (has extras) } to com.google.android.gms/.chimera.GmsIntentOperationService$PersistentTrustedReceiver
08-01 12:29:00.099  2220  2333 V WindowManager: Changing focus from Window{2b77e65 u0 com.motorola.launcher3/com.android.a1launcher.AndroidOneLauncher} to Window{af6a78b u0 Application Error: com.antutu.ABenchMark} displayId=0
08-01 12:29:00.124  2220  3918 I AdrenoGLES: QUALCOMM build                   : f2ab992, I401605978b
08-01 12:29:00.124  2220  3918 I AdrenoGLES: Build Date                       : 09/28/19
08-01 12:29:00.124  2220  3918 I AdrenoGLES: OpenGL ES Shader Compiler Version: EV031.27.05.01
08-01 12:29:00.124  2220  3918 I AdrenoGLES: Local Branch                     : 
08-01 12:29:00.124  2220  3918 I AdrenoGLES: Remote Branch                    : 
08-01 12:29:00.124  2220  3918 I AdrenoGLES: Remote Branch                    : 
08-01 12:29:00.124  2220  3918 I AdrenoGLES: Reconstruct Branch               : 
08-01 12:29:00.124  2220  3918 I AdrenoGLES: Build Config                     : S L 8.0.11 AArch64
08-01 12:29:00.136 28147 28147 D skia    : --- Failed to create image decoder with message 'unimplemented'
08-01 12:29:00.138 28147 28147 D skia    : --- Failed to create image decoder with message 'unimplemented'
08-01 12:29:00.151  2220  3918 I AdrenoGLES: PFP: 0x005ff112, ME: 0x005ff066
08-01 12:29:00.154 28147 28173 I Process : Sending signal. PID: 28147 SIG: 9
08-01 12:29:00.185  2220  4738 I ActivityManager: Process com.antutu.ABenchMark (pid 28147) has died: prcp FGS 
08-01 12:29:00.188  2220  4738 W ActivityManager: Scheduling restart of crashed service com.antutu.ABenchMark/com.antutu.benchmark.service.BenchmarkMainService in 1800000ms
08-01 12:29:00.188  1060  1060 I Zygote  : Process 28147 exited due to signal 9 (Killed)
08-01 12:29:00.190  2220  2309 W ActivityManager: Ignoring remove of inactive process: ProcessRecord{b6c4fbd 0:com.antutu.ABenchMark/u0a183}
08-01 12:29:00.204  2220  2346 I libprocessgroup: Successfully killed process cgroup uid 10183 pid 28147 in 17ms
08-01 12:29:00.210  2220  2336 I WindowManager:   SURFACE show Surface(name=Application Error: com.antutu.ABenchMark)/@0x4705480 on display:0: Application Error: com.antutu.ABenchMark
08-01 12:29:00.218  2220  2333 V WindowManager: Changing focus from Window{af6a78b u0 Application Error: com.antutu.ABenchMark EXITING} to Window{2b77e65 u0 com.motorola.launcher3/com.android.a1launcher.AndroidOneLauncher} displayId=0
08-01 12:29:00.226  2220  2309 E InputDispatcher: Window handle Window{af6a78b u0 Application Error: com.antutu.ABenchMark} has no registered input channel
08-01 12:29:00.241  2220  3334 E InputDispatcher: Window handle Window{af6a78b u0 Application Error: com.antutu.ABenchMark} has no registered input channel
08-01 12:29:02.819  2220  2309 W DevicePolicyManager: Package com.mobile.indiapp (uid=10193, pid=10916) cannot access Device IDs
08-01 12:29:02.821  2954 25524 W TelephonyPermissions: reportAccessDeniedToReadIdentifiers:com.mobile.indiapp:getSubscriberId:isPreinstalled=false:isPrivApp=false
08-01 12:29:02.834  2220  2309 W DevicePolicyManager: Package com.mobile.indiapp (uid=10193, pid=10916) cannot access Device IDs
08-01 12:29:02.835  2954 25524 W TelephonyPermissions: reportAccessDeniedToReadIdentifiers:com.mobile.indiapp:getDeviceId:isPreinstalled=false:isPrivApp=false
08-01 12:29:02.836 10916 11006 I chatty  : uid=10193(com.mobile.indiapp) WaHandlerThread expire 62 lines
08-01 12:29:02.843  1059 28179 E ResolverController: No valid NAT64 prefix (101, <unspecified>/0)
08-01 12:29:04.550  2220  2309 I ActivityManager: Force stopping com.google.android.apps.youtube.music appid=10194 user=0: from pid 28182
08-01 12:29:04.557  2954  2954 E PhoneInterfaceManager: [PhoneIntfMgr] getCarrierPackageNamesForIntent: No UICC
08-01 12:29:04.558  2954  2954 D CarrierSvcBindHelper: No carrier app for: 0
08-01 12:29:04.558  2954  2954 E PhoneInterfaceManager: [PhoneIntfMgr] getCarrierPackageNamesForIntent: No UICC
08-01 12:29:04.558  2954  2954 D CarrierSvcBindHelper: No carrier app for: 1
08-01 12:29:05.978  3237 23048 W ctxmgr  : [Callbacks] Can't return snapshot result to client. [CONTEXT service_id=47 ]
08-01 12:29:05.978  3237 23048 W ctxmgr  : android.os.DeadObjectException
08-01 12:29:05.978  3237 23048 W ctxmgr  : 	at android.os.BinderProxy.transactNative(Native Method)
08-01 12:29:05.978  3237 23048 W ctxmgr  : 	at android.os.BinderProxy.transact(BinderProxy.java:510)
08-01 12:29:05.978  3237 23048 W ctxmgr  : 	at cms.b(:com.google.android.gms@203615039@20.36.15 (120408-333172415):2)
08-01 12:29:05.978  3237 23048 W ctxmgr  : 	at tuc.a(:com.google.android.gms@203615039@20.36.15 (120408-333172415):2)
08-01 12:29:05.978  3237 23048 W ctxmgr  : 	at dfa.a(:com.google.android.gms@203615039@20.36.15 (120408-333172415):3)
08-01 12:29:05.978  3237 23048 W ctxmgr  : 	at drb.b(:com.google.android.gms@203615039@20.36.15 (120408-333172415):2)
08-01 12:29:05.978  3237 23048 W ctxmgr  : 	at drb.a(:com.google.android.gms@203615039@20.36.15 (120408-333172415):14)
08-01 12:29:05.978  3237 23048 W ctxmgr  : 	at dqt.run(:com.google.android.gms@203615039@20.36.15 (120408-333172415):0)
08-01 12:29:05.978  3237 23048 W ctxmgr  : 	at dff.run(:com.google.android.gms@203615039@20.36.15 (120408-333172415):11)
08-01 12:29:05.978  3237 23048 W ctxmgr  : 	at dfh.handleMessage(:com.google.android.gms@203615039@20.36.15 (120408-333172415):4)
08-01 12:29:05.978  3237 23048 W ctxmgr  : 	at svj.run(:com.google.android.gms@203615039@20.36.15 (120408-333172415):2)
08-01 12:29:05.978  3237 23048 W ctxmgr  : 	at svu.b(:com.google.android.gms@203615039@20.36.15 (120408-333172415):12)
08-01 12:29:05.978  3237 23048 W ctxmgr  : 	at svu.run(:com.google.android.gms@203615039@20.36.15 (120408-333172415):7)
08-01 12:29:05.978  3237 23048 W ctxmgr  : 	at java.util.concurrent.ThreadPoolExecutor.runWorker(ThreadPoolExecutor.java:1167)
08-01 12:29:05.978  3237 23048 W ctxmgr  : 	at java.util.concurrent.ThreadPoolExecutor$Worker.run(ThreadPoolExecutor.java:641)
08-01 12:29:05.978  3237 23048 W ctxmgr  : 	at tbu.run(:com.google.android.gms@203615039@20.36.15 (120408-333172415):0)
08-01 12:29:05.978  3237 23048 W ctxmgr  : 	at java.lang.Thread.run(Thread.java:919)
08-01 12:29:07.148  2220  4743 I ActivityManager: Killing 27308:com.android.chrome/u0a156 (adj 985): empty #17
08-01 12:29:07.201  2220  4738 D ConnectivityService: ConnectivityService NetworkRequestInfo binderDied(NetworkRequest [ LISTEN id=229, [ Capabilities: INTERNET&NOT_RESTRICTED&TRUSTED&FOREGROUND Uid: 10156] ], android.os.BinderProxy@386c76b)
08-01 12:29:07.201  2220  4743 D ConnectivityService: ConnectivityService NetworkRequestInfo binderDied(NetworkRequest [ TRACK_DEFAULT id=228, [ Capabilities: INTERNET&NOT_RESTRICTED&TRUSTED Uid: 10156] ], android.os.BinderProxy@8e7b2c8)
08-01 12:29:07.202  2220  4018 D ConnectivityService: ConnectivityService NetworkRequestInfo binderDied(NetworkRequest [ LISTEN id=244, [ Capabilities: INTERNET&NOT_RESTRICTED&TRUSTED&FOREGROUND Uid: 10156] ], android.os.BinderProxy@1d03f61)
08-01 12:29:07.202  2220  2309 D ConnectivityService: ConnectivityService NetworkRequestInfo binderDied(NetworkRequest [ TRACK_DEFAULT id=243, [ Capabilities: INTERNET&NOT_RESTRICTED&TRUSTED Uid: 10156] ], android.os.BinderProxy@f00ba86)
08-01 12:29:07.202  2220  2633 D ConnectivityService: releasing NetworkRequest [ TRACK_DEFAULT id=243, [ Capabilities: INTERNET&NOT_RESTRICTED&TRUSTED Uid: 10156] ] (release request)
08-01 12:29:07.203  2220  2633 D ConnectivityService: releasing NetworkRequest [ TRACK_DEFAULT id=228, [ Capabilities: INTERNET&NOT_RESTRICTED&TRUSTED Uid: 10156] ] (release request)
08-01 12:29:07.210  1061  1061 I Zygote  : Process 27308 exited due to signal 9 (Killed)
08-01 12:29:07.222  2220  2346 I libprocessgroup: Successfully killed process cgroup uid 10156 pid 27308 in 72ms
08-01 12:29:12.850  2220  4738 W DevicePolicyManager: Package com.mobile.indiapp (uid=10193, pid=10950) cannot access Device IDs
08-01 12:29:12.851  2954  3833 W TelephonyPermissions: reportAccessDeniedToReadIdentifiers:com.mobile.indiapp:getDeviceId:isPreinstalled=false:isPrivApp=false
08-01 12:29:12.854  2220  4738 W DevicePolicyManager: Package com.mobile.indiapp (uid=10193, pid=10950) cannot access Device IDs
08-01 12:29:12.855  2954  3833 W TelephonyPermissions: reportAccessDeniedToReadIdentifiers:com.mobile.indiapp:getDeviceId:isPreinstalled=false:isPrivApp=false
08-01 12:29:12.857 10916 11006 I chatty  : uid=10193(com.mobile.indiapp) WaHandlerThread expire 42 lines
08-01 12:29:12.859  2220  4738 W DevicePolicyManager: Package com.mobile.indiapp (uid=10193, pid=10950) cannot access Device IDs
08-01 12:29:12.861  2954  3833 W TelephonyPermissions: reportAccessDeniedToReadIdentifiers:com.mobile.indiapp:getDeviceId:isPreinstalled=false:isPrivApp=false
08-01 12:29:12.880  2220  4738 W DevicePolicyManager: Package com.mobile.indiapp (uid=10193, pid=10950) cannot access Device IDs
08-01 12:29:12.881  2954  3833 W TelephonyPermissions: reportAccessDeniedToReadIdentifiers:com.mobile.indiapp:getDeviceId:isPreinstalled=false:isPrivApp=false
08-01 12:29:12.885  2220  4738 W DevicePolicyManager: Package com.mobile.indiapp (uid=10193, pid=10950) cannot access Device IDs
08-01 12:29:12.886  2954  3833 W TelephonyPermissions: reportAccessDeniedToReadIdentifiers:com.mobile.indiapp:getDeviceId:isPreinstalled=false:isPrivApp=false
08-01 12:29:12.890  2220  4738 W DevicePolicyManager: Package com.mobile.indiapp (uid=10193, pid=10950) cannot access Device IDs
08-01 12:29:12.891  2954  3833 W TelephonyPermissions: reportAccessDeniedToReadIdentifiers:com.mobile.indiapp:getDeviceId:isPreinstalled=false:isPrivApp=false
08-01 12:29:12.897  1059 28186 E ResolverController: No valid NAT64 prefix (101, <unspecified>/0)
08-01 12:29:13.507  1110 21381 I chatty  : uid=1002 bluetooth@1.0-s expire 12 lines
08-01 12:29:14.959  2220  2373 V DisplayPowerController: Brightness [10] reason changing to: 'manual [ dim ]', previous reason: 'manual'.
08-01 12:29:22.900  2220  2776 W DevicePolicyManager: Package com.mobile.indiapp (uid=10193, pid=10916) cannot access Device IDs
08-01 12:29:22.904  2954  3541 W TelephonyPermissions: reportAccessDeniedToReadIdentifiers:com.mobile.indiapp:getSubscriberId:isPreinstalled=false:isPrivApp=false
08-01 12:29:22.923  2220  2776 W DevicePolicyManager: Package com.mobile.indiapp (uid=10193, pid=10916) cannot access Device IDs
08-01 12:29:22.925  2954  3541 W TelephonyPermissions: reportAccessDeniedToReadIdentifiers:com.mobile.indiapp:getDeviceId:isPreinstalled=false:isPrivApp=false
08-01 12:29:22.928 10916 11006 I chatty  : uid=10193(com.mobile.indiapp) WaHandlerThread expire 62 lines
08-01 12:29:22.943  1059 28190 E ResolverController: No valid NAT64 prefix (101, <unspecified>/0)
08-01 12:29:27.923 10950 11381 I chatty  : uid=10193(com.mobile.indiapp) TinyWaStatManag expire 39 lines
08-01 12:29:27.939  1059 28191 E ResolverController: No valid NAT64 prefix (101, <unspecified>/0)
08-01 12:29:30.145  2220  2590 D BatteryService: uevent={POWER_SUPPLY_DP_DM=0, POWER_SUPPLY_VOLTAGE_QNOVO=-22, POWER_SUPPLY_VOLTAGE_NOW=4366688, POWER_SUPPLY_SW_JEITA_ENABLED=0, POWER_SUPPLY_HEALTH=Good, POWER_SUPPLY_TECHNOLOGY=Li-ion, POWER_SUPPLY_CHARGER_TEMP_MAX=812, POWER_SUPPLY_FCC_STEPPER_ENABLE=0, SEQNUM=5019, POWER_SUPPLY_INPUT_CURRENT_LIMITED=0, POWER_SUPPLY_STATUS=Full, POWER_SUPPLY_BATTERY_CHARGING_ENABLED=0, POWER_SUPPLY_CURRENT_MAX=3000000, POWER_SUPPLY_CAPACITY=100, DEVPATH=/devices/soc/800f000.qcom,spmi/spmi-0/spmi0-00/800f000.qcom,spmi:qcom,pm660@0:qcom,qpnp-smb2/power_supply/battery, POWER_SUPPLY_CHARGE_DONE=1, POWER_SUPPLY_CHARGE_TYPE=N/A, POWER_SUPPLY_CHARGER_TEMP=341, POWER_SUPPLY_CHARGE_RATE=Normal, POWER_SUPPLY_CURRENT_QNOVO=-22, POWER_SUPPLY_CURRENT_NOW=5371, POWER_SUPPLY_SYSTEM_TEMP_LEVEL=0, POWER_SUPPLY_PRESENT=1, POWER_SUPPLY_PARALLEL_DISABLE=0, SUBSYSTEM=power_supply, POWER_SUPPLY_SET_SHIP_MODE=0, POWER_SUPPLY_TEMP=300, ACTION=change, POWER_SUPPLY_RERUN_AICL=0, POWER_SUPPLY_AGE=100, POWER_SUPPLY_NAME=battery, POWER_SUPPLY_VOLTAGE_MAX=-22, POWER_SUPPLY_CONSTANT_CHARGE_CURRENT_MAX=3000000, POWER_SUPPLY_CHARGE_COUNTER=5010475, POWER_SUPPLY_STEP_CHARGING_ENABLED=0, POWER_SUPPLY_NUM_SYSTEM_TEMP_LEVELS=8, POWER_SUPPLY_DIE_HEALTH=Cool, POWER_SUPPLY_INPUT_SUSPEND=0}
08-01 12:29:30.162  2954  2954 D QtiCarrierConfigHelper: WARNING, no carrier configs on phone Id: 0
08-01 12:29:30.163  4031  4031 D CmdCenter: - RowBuilder2: setUseWhiteRes useOrNot = true
08-01 12:29:33.002 10916 11006 I chatty  : uid=10193(com.mobile.indiapp) WaHandlerThread expire 26 lines
08-01 12:29:33.005 10916 11006 W System.err: 	at com.mobile.indiapp.n.h.a(Unknown Source:14)
08-01 12:29:33.005 10916 11006 W System.err: 	at b.a.c.g.a(Unknown Source:158)
08-01 12:29:33.005 10916 11006 W System.err: 	at b.a.c.g.a(Unknown Source:6)
08-01 12:29:33.005 10916 11006 W System.err: 	at b.z.h(Unknown Source:93)
08-01 12:29:33.005 10916 11006 W System.err: 	at b.z.b(Unknown Source:33)
08-01 12:29:33.005 10916 11006 W System.err: 	at com.mobile.indiapp.x.a.a(Unknown Source:55)
08-01 12:29:33.006 10916 11006 W System.err: 	at com.wa.base.wa.e.a$b.a(Unknown Source:388)
08-01 12:29:33.006 10916 11006 W System.err: 	at com.wa.base.wa.e.a$b$d.run(Unknown Source:171)
08-01 12:29:33.006 10916 11006 W System.err: 	at com.wa.base.wa.e.a$a.run(Unknown Source:8)
08-01 12:29:33.006 10916 11006 W System.err: 	at com.wa.base.wa.g.a$1.run(Unknown Source:9)
08-01 12:29:33.006 10916 11006 W System.err: 	at android.os.Handler.handleCallback(Handler.java:883)
08-01 12:29:33.006 10916 11006 W System.err: 	at android.os.Handler.dispatchMessage(Handler.java:100)
