--------- beginning of system
08-01 11:42:04.895  2533  2533 I imsrcsd : Uce Service HAL  is starting up...
08-01 11:42:04.895  2533  2533 I imsrcsd : getAndroidPropValue : vendor.ims.DATA_DAEMON_STATUS[1]
08-01 11:42:04.904  2220  2220 I chatty  : uid=1000 system_server expire 182 lines
08-01 11:42:05.244  1405  1472 E storaged: getService package_native failed
08-01 11:42:05.251  1405  1472 I storaged: storaged: Start
08-01 11:42:05.683  2220  2599 I chatty  : uid=1000 system_server expire 1 line
08-01 11:42:05.949  2220  2220 I chatty  : uid=1000 system_server expire 190 lines
08-01 11:42:06.103  2220  2335 I chatty  : uid=1000(system) android.display expire 2 lines
08-01 11:42:06.244  2220  2614 I chatty  : uid=1000(system) NetworkWatchlis expire 1 line
08-01 11:42:06.246  2220  2343 I chatty  : uid=1000(system) android.bg expire 5 lines
08-01 11:42:06.371  2220  2617 I chatty  : uid=1000(system) StorageManagerS expire 3 lines
08-01 11:42:06.398   869  2619 D vold    : Starting trim of /data
08-01 11:42:06.398   869  2619 D vold    : data fstrim factor=12
08-01 11:42:06.399  2220  2618 I chatty  : uid=1000 system_server expire 2 lines
08-01 11:42:06.764  2220  2615 I chatty  : uid=1000(system) HwBinder:2220_3 expire 1 line
08-01 11:42:07.059  2220  2220 I chatty  : uid=1000 system_server expire 179 lines
08-01 11:42:07.119  2220  2589 I chatty  : uid=1000 system_server expire 3 lines
08-01 11:42:07.448  2220  2343 I chatty  : uid=1000(system) android.bg expire 2 lines
08-01 11:42:07.565  2220  2633 I chatty  : uid=1000(system) ConnectivitySer expire 1 line
08-01 11:42:07.602  2220  2373 I chatty  : uid=1000(system) PowerManagerSer expire 3 lines
08-01 11:42:07.637  2220  2383 I chatty  : uid=1000(system) PackageManager expire 1 line
08-01 11:42:07.639  1128  1128 E android.hardware.wifi@1.0-service:  User build,dont Start logging service.
08-01 11:42:07.641  1128  1128 I android.hardware.wifi@1.0-service: Wifi HAL started
08-01 11:42:07.664  1128  1128 I android.hardware.wifi@1.0-service: Adding interface handle for wlan0
08-01 11:42:07.664  1128  1128 I android.hardware.wifi@1.0-service: Adding interface handle for p2p0
08-01 11:42:07.664  1128  1128 W android.hardware.wifi@1.0-service: No active wlan interfaces in use! Using default
08-01 11:42:07.664  1128  1128 W android.hardware.wifi@1.0-service: No active wlan interfaces in use! Using default
08-01 11:42:07.669  1128  1128 I android.hardware.wifi@1.0-service: Configured chip in mode 0
08-01 11:42:07.669  1128  1128 W android.hardware.wifi@1.0-service: No active wlan interfaces in use! Using default
08-01 11:42:07.679  1417  1417 I wificond: create scanner for interface with index: 27
08-01 11:42:07.679  1417  1417 I wificond: subscribe scan result for interface with index: 27
08-01 11:42:07.681  1417  1417 E wificond: No Offload Service available
08-01 11:42:07.681  1417  1417 I wificond: Offload HAL not supported 
08-01 11:42:07.734  2220  2220 I chatty  : uid=1000 system_server expire 152 lines
08-01 11:42:07.967  2220  2617 I chatty  : uid=1000(system) StorageManagerS expire 1 line
08-01 11:42:07.992  2220  2345 I chatty  : uid=1000(system) ActivityManager expire 15 lines
08-01 11:42:08.144  1417  1417 W wificond: No pno scan started
08-01 11:42:08.144  1417  1417 W wificond: Scheduled scan is not running!
08-01 11:42:08.148  1128  1128 W android.hardware.wifi@1.0-service: No active wlan interfaces in use! Using default
08-01 11:42:08.150  1417  1417 I wificond: Unsubscribe scan result for interface with index: 27
08-01 11:42:08.171  1128  2673 I android.hardware.wifi@1.0-service: Legacy HAL stop complete callback received
08-01 11:42:08.173  1128  1128 I android.hardware.wifi@1.0-service: Wifi HAL stopped
08-01 11:42:08.177  1128  1128 E android.hardware.wifi@1.0-service:  User build,dont Start logging service.
08-01 11:42:08.178  1128  1128 I android.hardware.wifi@1.0-service: Wifi HAL started
08-01 11:42:08.281  2220  2585 I chatty  : uid=1000(system) Binder:2220_3 expire 1 line
08-01 11:42:08.501  1128  1128 I android.hardware.wifi@1.0-service: Adding interface handle for wlan0
08-01 11:42:08.501  1128  1128 I android.hardware.wifi@1.0-service: Adding interface handle for p2p0
08-01 11:42:08.501  1128  1128 W android.hardware.wifi@1.0-service: No active wlan interfaces in use! Using default
08-01 11:42:08.501  1128  1128 W android.hardware.wifi@1.0-service: No active wlan interfaces in use! Using default
08-01 11:42:08.503  1128  1128 I android.hardware.wifi@1.0-service: Configured chip in mode 0
08-01 11:42:08.503  1128  1128 W android.hardware.wifi@1.0-service: No active wlan interfaces in use! Using default
08-01 11:42:08.513  1417  1417 I wificond: create scanner for interface with index: 27
08-01 11:42:08.513  1417  1417 I wificond: subscribe scan result for interface with index: 27
08-01 11:42:08.513  1417  1417 E wificond: No Offload Service available
08-01 11:42:08.513  1417  1417 I wificond: Offload HAL not supported 
08-01 11:42:08.588  2220  2698 I chatty  : uid=1000(system) HwBinder:2220_4 expire 1 line
08-01 11:42:08.589  2220  2641 I chatty  : uid=1000(system) AudioService expire 1 line
08-01 11:42:08.590  2220  2332 I chatty  : uid=1000(system) android.fg expire 1 line
08-01 11:42:08.640  2220  2610 I chatty  : uid=1000 system_server expire 1 line
08-01 11:42:08.818  2220  2623 I chatty  : uid=1000(system) NetworkPolicy expire 1 line
08-01 11:42:09.008  2220  2776 I chatty  : uid=1000(system) Binder:2220_4 expire 1 line
08-01 11:42:09.060  2220  2809 I chatty  : uid=1000(system) Binder:2220_6 expire 2 lines
08-01 11:42:09.074  2220  2817 I chatty  : uid=1000(system) Binder:2220_7 expire 1 line
08-01 11:42:09.123  2220  2310 I chatty  : uid=1000(system) Binder:2220_2 expire 1 line
08-01 11:42:09.434  2678  2818 E ActivityThread: Failed to find provider info for com.android.contacts
08-01 11:42:09.490  2220  2333 I chatty  : uid=1000(system) android.ui expire 3 lines
08-01 11:42:09.583  2678  2726 E ActivityThread: Failed to find provider info for com.android.contacts
08-01 11:42:09.602  2678  2726 E ActivityThread: Failed to find provider info for com.android.contacts
08-01 11:42:09.648  2220  2336 I chatty  : uid=1000(system) android.anim expire 2 lines
08-01 11:42:09.895  2533  2533 I imsrcsd : getAndroidPropValue : vendor.ims.modem.multisub.cap[2]
08-01 11:42:09.895  2533  2533 I imsrcsd : Uce Service HAL  detected modemVersion[2]
08-01 11:42:09.895  2533  2533 I imsrcsd : Uce Service HAL  loading lib-imsrcs-v2
08-01 11:42:09.967  2533  2533 I Diag_Lib: StartImsService
08-01 11:42:09.967  2533  2533 I imsrcsd : ImsServiceMain startService[1]
08-01 11:42:09.971  2533  2854 I ServiceManagement: Registered vendor.qti.ims.callinfo@1.0::IService/default (start delay of 5112ms)
08-01 11:42:09.972  2533  2854 I imsrcsd : ImsServiceMain Running..
08-01 11:42:10.012  2220  2574 I chatty  : uid=1000 system_server expire 1 line
08-01 11:42:10.014  2220  2343 I chatty  : uid=1000(system) android.bg expire 1 line
08-01 11:42:10.043  2220  2344 I chatty  : uid=1000(system) ActivityManager expire 14 lines
08-01 11:42:10.062  2220  2220 I chatty  : uid=1000 system_server expire 71 lines
08-01 11:42:10.081  2533  2853 I Diag_Lib: OnServiceStatusReceived iStatus[0]
08-01 11:42:10.082  2533  2853 E Diag_Lib: Modem does not support UCE/IMS-CM, proceed to register HAL's
08-01 11:42:10.082  2533  2853 I Diag_Lib: Starting Service for First Time
08-01 11:42:10.085  2533  2853 I ServiceManagement: Registered com.qualcomm.qti.uceservice@2.1::IUceService/com.qualcomm.qti.uceservice (start delay of 5225ms)
08-01 11:42:10.085  2533  2853 I Diag_Lib: CM_IMSCONNECTIONMANAGER_CREATE_CONNECTION Before Registering Service
08-01 11:42:10.086  2533  2853 I ServiceManagement: Registered com.qualcomm.qti.imscmservice@2.2::IImsCmService/qti.ims.connectionmanagerservice (start delay of 5226ms)
08-01 11:42:10.086  2533  2853 I Diag_Lib: CM_IMSCONNECTIONMANAGER_CREATE_CONNECTION After Registering Service
08-01 11:42:10.770  2220  2345 I chatty  : uid=1000(system) ActivityManager expire 49 lines
08-01 11:42:10.776  2220  2333 I chatty  : uid=1000(system) android.ui expire 3 lines
08-01 11:42:10.807  2220  2332 I chatty  : uid=1000(system) android.fg expire 11 lines
08-01 11:42:10.974  2220  2310 I chatty  : uid=1000(system) Binder:2220_2 expire 2 lines
08-01 11:42:10.989  2678  2726 E ActivityThread: Failed to find provider info for com.android.contacts
08-01 11:42:11.027  2220  3014 I chatty  : uid=1000(system) BluetoothRouteM expire 1 line
08-01 11:42:11.038  2220  3016 I chatty  : uid=1000(system) uteStateMachine expire 2 lines
08-01 11:42:11.041  2220  3017 I chatty  : uid=1000(system) CallAudioModeSt expire 1 line
08-01 11:42:11.318  2220  2585 I chatty  : uid=1000(system) Binder:2220_3 expire 10 lines
08-01 11:42:11.387  2220  2336 I chatty  : uid=1000(system) android.anim expire 4 lines
08-01 11:42:11.419  2220  2335 I chatty  : uid=1000(system) android.display expire 13 lines
08-01 11:42:11.431  2220  2817 I chatty  : uid=1000(system) Binder:2220_7 expire 1 line
08-01 11:42:11.566  2220  2639 I chatty  : uid=1000(system) onProviders.ECP expire 2 lines
08-01 11:42:11.722  2220  2352 I chatty  : uid=1000(system) batterystats-wo expire 1 line
08-01 11:42:12.028  2220  2373 I chatty  : uid=1000(system) PowerManagerSer expire 1 line
08-01 11:42:12.030  2220  2617 I chatty  : uid=1000(system) StorageManagerS expire 3 lines
08-01 11:42:12.077   869   879 D vold    : fscrypt_unlock_user_key 0 serial=0 token_present=0
08-01 11:42:12.079  3108  3108 W sdcard  : Device explicitly enabled sdcardfs
08-01 11:42:12.089   869   879 D vold    : Skipping non-key ..
08-01 11:42:12.089   869   879 D vold    : Skipping non-key .
08-01 11:42:12.089   869   879 D vold    : Trying user CE key /data/misc/vold/user_keys/ce/0/current
--------- beginning of crash
08-01 11:42:12.100  3117  3117 F libc    : Fatal signal 6 (SIGABRT), code -1 (SI_QUEUE) in tid 3117 (init), pid 3117 (init)
08-01 11:42:12.149  3117  3117 F libc    : crash_dump helper failed to exec
08-01 11:42:12.150   869   879 I vold    : List of Keymaster HALs found:
08-01 11:42:12.150   869   879 I vold    : Keymaster HAL #1: Keymaster HAL: 3 from QTI SecurityLevel: TRUSTED_ENVIRONMENT HAL: android.hardware.keymaster@3.0::IKeymasterDevice/default
08-01 11:42:12.150   869   879 I vold    : Using Keymaster HAL: 3 from QTI for encryption.  Security level: TRUSTED_ENVIRONMENT, HAL: android.hardware.keymaster@3.0::IKeymasterDevice/default
08-01 11:42:12.176   869   879 D vold    : Successfully retrieved key
08-01 11:42:12.232   869   879 D vold    : Added key 837979034 (ext4:3fea60c25197c00c) to keyring 581652380 in process 869
08-01 11:42:12.232   869   879 D vold    : Added key 751558100 (f2fs:3fea60c25197c00c) to keyring 581652380 in process 869
08-01 11:42:12.233   869   879 D vold    : Added key 238947847 (fscrypt:3fea60c25197c00c) to keyring 581652380 in process 869
08-01 11:42:12.233   869   879 D vold    : Installed ce key for user 0
08-01 11:42:12.233  2220  2335 I chatty  : uid=1000(system) android.display expire 6 lines
08-01 11:42:12.235  2220  2332 I chatty  : uid=1000(system) android.fg expire 19 lines
08-01 11:42:12.236  2220  2345 I chatty  : uid=1000(system) ActivityManager expire 69 lines
08-01 11:42:12.242  2220  2633 I chatty  : uid=1000(system) ConnectivitySer expire 5 lines
08-01 11:42:12.402  2220  2344 I chatty  : uid=1000(system) ActivityManager expire 16 lines
08-01 11:42:12.497  2220  2220 I chatty  : uid=1000 system_server expire 18 lines
08-01 11:42:12.681  2220  2585 I chatty  : uid=1000(system) Binder:2220_3 expire 13 lines
08-01 11:42:14.245  2220  2626 I chatty  : uid=1000(system) ClientModeImpl expire 2 lines
08-01 11:42:14.283   869  2619 I vold    : Trimmed 39811997696 bytes on /data in 7884ms
08-01 11:42:14.284   869  2619 D vold    : Starting trim of none
08-01 11:42:14.284   869  2619 W vold    : Failed to open none: No such file or directory
08-01 11:42:14.284   869  2619 D vold    : Starting trim of /persist
08-01 11:42:14.284   869  2619 W vold    : Failed to open /persist: Permission denied
08-01 11:42:14.284   869  2619 D vold    : Starting trim of /mnt/vendor/persist
08-01 11:42:14.284   869  2619 W vold    : Failed to open /mnt/vendor/persist: Permission denied
08-01 11:42:14.333   869   879 D vold    : fscrypt_prepare_user_storage for volume null, user 0, serial 0, flags 2
08-01 11:42:14.333   869   879 D vold    : Preparing: /data/system_ce/0
08-01 11:42:14.333   869   879 D vold    : Preparing: /data/misc_ce/0
08-01 11:42:14.333   869   879 D vold    : Preparing: /data/vendor_ce/0
08-01 11:42:14.334  2220  3337 I chatty  : uid=1000(system) AdbDebuggingMan expire 1 line
08-01 11:42:14.336   869   879 D vold    : Preparing: /data/media/0
08-01 11:42:14.336   869   879 D vold    : Preparing: /data/data
08-01 11:42:14.346   869   879 I vold    : Found policy 3fea60c25197c00c at /data/system_ce/0 which matches expected value
08-01 11:42:14.348  3237  3237 E ActivityThread: Failed to find provider info for com.google.android.gsf.gservices
08-01 11:42:14.349   869   879 I vold    : Found policy 3fea60c25197c00c at /data/misc_ce/0 which matches expected value
08-01 11:42:14.353   869   879 I vold    : Found policy 3fea60c25197c00c at /data/vendor_ce/0 which matches expected value
08-01 11:42:14.356   869   879 I vold    : Found policy 3fea60c25197c00c at /data/media/0 which matches expected value
08-01 11:42:14.357   869   879 I vold    : Found policy 3fea60c25197c00c at /data/data which matches expected value
08-01 11:42:14.357   869   879 D vold    : Starting restorecon of /data/system_ce/0
08-01 11:42:14.375   869   879 D vold    : Finished restorecon of /data/system_ce/0
08-01 11:42:14.376   869   879 D vold    : Starting restorecon of /data/vendor_ce/0
08-01 11:42:14.385   869   879 D vold    : Finished restorecon of /data/vendor_ce/0
08-01 11:42:14.385   869   879 D vold    : Starting restorecon of /data/misc_ce/0
08-01 11:42:14.394  3311  3341 E ActivityThread: Failed to find provider info for com.google.android.gsf.gservices
08-01 11:42:14.397  3311  3341 I chatty  : uid=10140(com.google.android.deskclock) identical 4 lines
08-01 11:42:14.397  3311  3341 E ActivityThread: Failed to find provider info for com.google.android.gsf.gservices
08-01 11:42:14.403   869   879 D vold    : Finished restorecon of /data/misc_ce/0
08-01 11:42:14.403   869   879 D vold    : /system/bin/vold_prepare_subdirs
08-01 11:42:14.403   869   879 D vold    :     prepare
08-01 11:42:14.403   869   879 D vold    :     
08-01 11:42:14.403   869   879 D vold    :     0
08-01 11:42:14.403   869   879 D vold    :     2
08-01 11:42:14.414  3237  3237 E ActivityThread: Failed to find provider info for com.google.android.gsf.gservices
08-01 11:42:14.420  3237  3237 I chatty  : uid=10110 com.google.android.gms.persistent identical 61 lines
08-01 11:42:14.420  3237  3237 E ActivityThread: Failed to find provider info for com.google.android.gsf.gservices
08-01 11:42:14.424  2954  2954 W SystemConfig: No directory /oem/etc/sysconfig, skipping
08-01 11:42:14.424  2954  2954 W SystemConfig: No directory /oem/etc/permissions, skipping
08-01 11:42:14.426  3237  3237 E ActivityThread: Failed to find provider info for com.google.android.gsf.gservices
08-01 11:42:14.439  3237  3237 E ActivityThread: Failed to find provider info for com.google.android.gsf.gservices
08-01 11:42:14.443  2954  2954 W SystemConfig: No directory /oem/etc/motorola/bgintents, skipping
08-01 11:42:14.444  2954  2954 W SystemConfig: No directory /product_services/etc/sysconfig, skipping
08-01 11:42:14.444  2954  2954 W SystemConfig: No directory /product_services/etc/permissions, skipping
08-01 11:42:14.444  2954  2954 W SystemConfig: No directory /system/etc/motorola/sysconfig, skipping
08-01 11:42:14.444  2954  2954 W SystemConfig: No directory /oem/etc/motorola/sysconfig, skipping
08-01 11:42:14.444  2954  2954 W SystemConfig: No directory /product/etc/motorola/sysconfig, skipping
08-01 11:42:14.451  3237  3237 E ActivityThread: Failed to find provider info for com.google.android.gsf.gservices
08-01 11:42:14.452  3237  3237 E ActivityThread: Failed to find provider info for com.google.android.gsf.gservices
08-01 11:42:14.461  3311  3344 E ActivityThread: Failed to find provider info for com.google.android.gsf.gservices
08-01 11:42:14.463  3311  3344 E ActivityThread: Failed to find provider info for com.google.android.gsf.gservices
08-01 11:42:14.464  3237  3237 E ActivityThread: Failed to find provider info for com.google.android.gsf.gservices
08-01 11:42:14.464  3237  3237 E ActivityThread: Failed to find provider info for com.google.android.gsf.gservices
08-01 11:42:14.468  3237  3237 E ActivityThread: Failed to find provider info for com.google.android.gsf.gservices
08-01 11:42:14.484  3237  3237 E ActivityThread: Failed to find provider info for com.google.android.gsf.gservices
08-01 11:42:14.499  2954  3355 E ActivityThread: Failed to find provider info for com.android.contacts
08-01 11:42:14.503  2220  3334 I chatty  : uid=1000(system) Binder:2220_8 expire 3 lines
08-01 11:42:14.530  3237  3237 E ActivityThread: Failed to find provider info for com.google.android.gsf.gservices
08-01 11:42:14.531  3237  3237 E ActivityThread: Failed to find provider info for com.google.android.gsf.gservices
08-01 11:42:14.569  2220  2809 I chatty  : uid=1000(system) Binder:2220_6 expire 5 lines
08-01 11:42:14.612  3237  3237 E ActivityThread: Failed to find provider info for com.google.android.gsf.gservices
08-01 11:42:14.830  3237  3237 E ActivityThread: Failed to find provider info for com.google.android.gsf.gservices
08-01 11:42:14.856  3237  3237 E ActivityThread: Failed to find provider info for com.google.android.gsf.gservices
08-01 11:42:14.864  3237  3237 E ActivityThread: Failed to find provider info for com.google.android.gsf.gservices
08-01 11:42:14.873  3237  3369 E ActivityThread: Failed to find provider info for com.google.android.gsf.gservices
08-01 11:42:14.875  3237  3369 I chatty  : uid=10110 com.google.android.gms.persistent identical 6 lines
08-01 11:42:14.876  3237  3369 E ActivityThread: Failed to find provider info for com.google.android.gsf.gservices
08-01 11:42:14.882  3237  3237 E ActivityThread: Failed to find provider info for com.google.android.gsf.gservices
08-01 11:42:14.944  3237  3237 E ActivityThread: Failed to find provider info for com.google.android.gsf.gservices
08-01 11:42:14.960  3237  3237 E ActivityThread: Failed to find provider info for com.google.android.gsf.gservices
08-01 11:42:14.963  3237  3369 E ActivityThread: Failed to find provider info for com.google.android.gsf.gservices
08-01 11:42:14.966  3237  3369 E ActivityThread: Failed to find provider info for com.google.android.gsf.gservices
08-01 11:42:14.973  3237  3375 E ActivityThread: Failed to find provider info for com.google.android.gsf.gservices
08-01 11:42:14.974  3237  3375 E ActivityThread: Failed to find provider info for com.google.android.gsf.gservices
08-01 11:42:14.981  3237  3237 E ActivityThread: Failed to find provider info for com.google.android.gsf.gservices
08-01 11:42:14.988  3237  3237 E ActivityThread: Failed to find provider info for com.google.android.gsf.gservices
08-01 11:42:14.994  3237  3375 E ActivityThread: Failed to find provider info for com.google.android.gsf.gservices
08-01 11:42:14.995  3237  3375 E ActivityThread: Failed to find provider info for com.google.android.gsf.gservices
08-01 11:42:14.997  3237  3237 E ActivityThread: Failed to find provider info for com.google.android.gsf.gservices
08-01 11:42:15.014  3237  3237 E ActivityThread: Failed to find provider info for com.google.android.gsf.gservices
08-01 11:42:15.020  3237  3375 E ActivityThread: Failed to find provider info for com.google.android.gsf.gservices
08-01 11:42:15.023  3237  3375 E ActivityThread: Failed to find provider info for com.google.android.gsf.gservices
08-01 11:42:15.023  3237  3237 E ActivityThread: Failed to find provider info for com.google.android.gsf.gservices
08-01 11:42:15.024  3237  3237 E ActivityThread: Failed to find provider info for com.google.android.gsf.gservices
08-01 11:42:15.025  3237  3378 E ActivityThread: Failed to find provider info for com.google.android.gsf.gservices
08-01 11:42:15.026  3237  3378 E ActivityThread: Failed to find provider info for com.google.android.gsf.gservices
08-01 11:42:15.026  3237  3375 E ActivityThread: Failed to find provider info for com.google.android.gsf.gservices
08-01 11:42:15.027  3237  3237 E ActivityThread: Failed to find provider info for com.google.android.gsf.gservices
08-01 11:42:15.030  3237  3237 E ActivityThread: Failed to find provider info for com.google.android.gsf.gservices
08-01 11:42:15.031  3237  3375 E ActivityThread: Failed to find provider info for com.google.android.gsf.gservices
08-01 11:42:15.032  3237  3237 E ActivityThread: Failed to find provider info for com.google.android.gsf.gservices
08-01 11:42:15.036  3237  3237 E ActivityThread: Failed to find provider info for com.google.android.gsf.gservices
08-01 11:42:15.037  3237  3378 E ActivityThread: Failed to find provider info for com.google.android.gsf.gservices
08-01 11:42:15.037  3237  3378 E ActivityThread: Failed to find provider info for com.google.android.gsf.gservices
08-01 11:42:15.038  3237  3237 E ActivityThread: Failed to find provider info for com.google.android.gsf.gservices
08-01 11:42:15.046  3237  3237 E ActivityThread: Failed to find provider info for com.google.android.gsf.gservices
08-01 11:42:15.053  3237  3237 W ActivityThread: serviceCreate starts in 2245 ms, CreateServiceData = CreateServiceData{token=android.os.BinderProxy@c3bea3 className=com.google.android.gms.chimera.PersistentDirectBootAwareApiService packageName=com.google.android.gms intent=null}
08-01 11:42:15.062  3237  3237 E ActivityThread: Failed to find provider info for com.google.android.gsf.gservices
08-01 11:42:15.069  3237  3237 E ActivityThread: Failed to find provider info for com.google.android.gsf.gservices
08-01 11:42:15.084  3237  3380 E ActivityThread: Failed to find provider info for com.google.android.gsf.gservices
08-01 11:42:15.087  3237  3237 E ActivityThread: Failed to find provider info for com.google.android.gsf.gservices
08-01 11:42:15.093  3237  3380 E ActivityThread: Failed to find provider info for com.google.android.gsf.gservices
08-01 11:42:15.096  3237  3237 E ActivityThread: Failed to find provider info for com.google.android.gsf.gservices
08-01 11:42:15.101  3237  3380 E ActivityThread: Failed to find provider info for com.google.android.gsf.gservices
08-01 11:42:15.124  3237  3237 E ActivityThread: Failed to find provider info for com.google.android.gsf.gservices
08-01 11:42:15.127  3237  3237 E ActivityThread: Failed to find provider info for com.google.android.gsf.gservices
08-01 11:42:15.549  2220  2334 I chatty  : uid=1000(system) android.io expire 1 line
08-01 11:42:15.554   869   879 D vold    : Linking /storage/emulated/0 to /mnt/user/0/primary
08-01 11:42:15.611  2220  2647 I chatty  : uid=1000(system) backup expire 5 lines
08-01 11:42:15.761  2220  2817 I chatty  : uid=1000(system) Binder:2220_7 expire 2 lines
08-01 11:42:16.033  2220  3412 I chatty  : uid=1000(system) backup-0 expire 5 lines
08-01 11:42:16.114  2220  3590 I chatty  : uid=1000(system) Binder:2220_B expire 2 lines
08-01 11:42:16.166  2220  2677 I chatty  : uid=1000(system) SyncManager expire 1 line
08-01 11:42:16.183  2220  3590 I chatty  : uid=1000(system) Binder:2220_B expire 6 lines
08-01 11:42:16.185  2220  2345 I chatty  : uid=1000(system) ActivityManager expire 49 lines
08-01 11:42:16.193  2220  2647 I chatty  : uid=1000(system) backup expire 4 lines
08-01 11:42:16.331  2220  2220 I chatty  : uid=1000 system_server expire 18 lines
08-01 11:42:16.496  2220  2332 I chatty  : uid=1000(system) android.fg expire 3 lines
08-01 11:42:16.657  2220  3334 I chatty  : uid=1000(system) Binder:2220_8 expire 7 lines
08-01 11:42:16.888  2220  3477 I chatty  : uid=1000(system) Binder:2220_9 expire 2 lines
08-01 11:42:17.020  2220  2310 I chatty  : uid=1000(system) Binder:2220_2 expire 11 lines
08-01 11:42:17.060  2220  2336 I chatty  : uid=1000(system) android.anim expire 7 lines
08-01 11:42:17.132  3790  3851 E AndroidRuntime: FATAL EXCEPTION: Thread-3
08-01 11:42:17.132  3790  3851 E AndroidRuntime: Process: com.antutu.ABenchMark, PID: 3790
08-01 11:42:17.132  3790  3851 E AndroidRuntime: java.lang.NullPointerException: Attempt to invoke virtual method 'void android.content.ContentValues.putAll(android.content.ContentValues)' on a null object reference
08-01 11:42:17.132  3790  3851 E AndroidRuntime: 	at daozi-b.ij0.b(DataParseHandler.java:1)
08-01 11:42:17.132  3790  3851 E AndroidRuntime: 	at daozi-b.zi0.G(InfocSDK.java:9)
08-01 11:42:17.132  3790  3851 E AndroidRuntime: 	at daozi-b.aj0.L(InfocUtil.java:6)
08-01 11:42:17.132  3790  3851 E AndroidRuntime: 	at daozi-b.aj0.K(InfocUtil.java:5)
08-01 11:42:17.132  3790  3851 E AndroidRuntime: 	at daozi-b.aj0.q(InfocUtil.java:6)
08-01 11:42:17.132  3790  3851 E AndroidRuntime: 	at com.antutu.benchmark.service.BenchmarkMainService$f.e(BenchmarkMainService.java:4)
08-01 11:42:17.132  3790  3851 E AndroidRuntime: 	at daozi-b.k80.run(Unknown Source:2)
08-01 11:42:17.132  3790  3851 E AndroidRuntime: 	at java.lang.Thread.run(Thread.java:919)
08-01 11:42:17.140  2220  3874 I chatty  : uid=1000 system_server expire 1 line
08-01 11:42:17.173  2220  2333 I chatty  : uid=1000(system) android.ui expire 13 lines
08-01 11:42:17.180  2220  3850 I chatty  : uid=1000(system) IzatProvider expire 3 lines
08-01 11:42:17.222  2220  3895 I chatty  : uid=1000(system) android.fg expire 1 line
08-01 11:42:17.743  3886  3886 D ActivityThread: Loading provider contacts;com.android.contacts: com.android.providers.contacts.ContactsProvider2
08-01 11:42:17.858  2220  2777 I chatty  : uid=1000(system) Binder:2220_5 expire 5 lines
08-01 11:42:17.880  2220  2776 I chatty  : uid=1000(system) Binder:2220_4 expire 4 lines
08-01 11:42:18.094  3237  3237 W ActivityThread: serviceCreate lasts for 3041 ms, CreateServiceData = CreateServiceData{token=android.os.BinderProxy@c3bea3 className=com.google.android.gms.chimera.PersistentDirectBootAwareApiService packageName=com.google.android.gms intent=null}
08-01 11:42:18.276  3237  3237 W ActivityThread: serviceCreate starts in 2485 ms, CreateServiceData = CreateServiceData{token=android.os.BinderProxy@869aacf className=com.google.android.gms.chimera.PersistentBoundBrokerService packageName=com.google.android.gms intent=null}
08-01 11:42:18.439  3611  3611 W ActivityThread: serviceCreate starts in 2207 ms, CreateServiceData = CreateServiceData{token=android.os.BinderProxy@ea21f9b className=com.motorola.feedback.quicksettings.FeedBackTileService packageName=com.motorola.help intent=null}
08-01 11:42:18.521  3237  3237 W ActivityThread: serviceCreate starts in 2324 ms, CreateServiceData = CreateServiceData{token=android.os.BinderProxy@3e9ccb6 className=com.google.android.gms.chimera.PersistentApiService packageName=com.google.android.gms intent=null}
08-01 11:42:18.527  3237  3237 W ActivityThread: serviceCreate starts in 2288 ms, CreateServiceData = CreateServiceData{token=android.os.BinderProxy@b128924 className=com.google.android.gms.auth.account.be.accountstate.AccountStateSyncService packageName=com.google.android.gms intent=null}
08-01 11:42:18.553  3534  3534 W ActivityThread: serviceCreate starts in 2544 ms, CreateServiceData = CreateServiceData{token=android.os.BinderProxy@2940804 className=com.google.android.gearhead.notifications.SharedNotificationListenerManager$ListenerService packageName=com.google.android.projection.gearhead intent=null}
08-01 11:42:18.566  3237  3237 W ActivityThread: serviceCreate starts in 2280 ms, CreateServiceData = CreateServiceData{token=android.os.BinderProxy@811139a className=com.google.android.gms.auth.account.be.accountstate.CredentialStateSyncService packageName=com.google.android.gms intent=null}
08-01 11:42:18.572  3237  3237 W ActivityThread: serviceCreate starts in 2271 ms, CreateServiceData = CreateServiceData{token=android.os.BinderProxy@41bc4a8 className=com.google.android.gms.fitness.sync.FitnessSyncAdapterService packageName=com.google.android.gms intent=null}
08-01 11:42:18.609  2220  4081 I chatty  : uid=1000(system) Binder:2220_13 expire 1 line
08-01 11:42:18.627  3237  3237 W ActivityThread: serviceCreate starts in 2107 ms, CreateServiceData = CreateServiceData{token=android.os.BinderProxy@95981f9 className=com.google.android.location.fused.FusedLocationService packageName=com.google.android.gms intent=null}
08-01 11:42:18.674  3237  3237 W ActivityThread: serviceCreate starts in 2141 ms, CreateServiceData = CreateServiceData{token=android.os.BinderProxy@4d47731 className=com.google.android.location.geocode.GeocodeService packageName=com.google.android.gms intent=null}
08-01 11:42:18.687  3706  3706 W ActivityThread: serviceCreate starts in 2234 ms, CreateServiceData = CreateServiceData{token=android.os.BinderProxy@b5d302c className=com.google.android.apps.calendar.vagabond.tasks.impl.sync.PlatformSync$SyncService packageName=com.google.android.calendar intent=null}
08-01 11:42:19.014  3237  3237 W ActivityThread: serviceCreate starts in 2479 ms, CreateServiceData = CreateServiceData{token=android.os.BinderProxy@dfa66fa className=com.google.android.location.geofencer.service.GeofenceProviderService packageName=com.google.android.gms intent=null}
08-01 11:42:19.019  3237  3237 W ActivityThread: serviceCreate starts in 2469 ms, CreateServiceData = CreateServiceData{token=android.os.BinderProxy@e5a34ab className=com.google.android.location.internal.server.HardwareArProviderService packageName=com.google.android.gms intent=null}
08-01 11:42:19.103  3488  3488 W ContextImpl: Calling a method in the system process without a qualified user: android.app.ContextImpl.startService:1585 android.content.ContextWrapper.startService:669 android.content.ContextWrapper.startService:669 com.motorola.systemserver.BootReceiver.onReceive:24 android.app.ActivityThread.handleReceiver:4003 
08-01 11:42:19.138  3488  3488 W ContextImpl: Calling a method in the system process without a qualified user: android.app.ContextImpl.bindService:1664 android.content.ContextWrapper.bindService:705 com.motorola.systemserver.MotoSystemServer.bindMotoService:297 com.motorola.systemserver.MotoSystemServer.bindMotoServices:263 com.motorola.systemserver.MotoSystemServer$H.handleMessage:215 
08-01 11:42:19.142  3488  3488 W ContextImpl: Calling a method in the system process without a qualified user: android.app.ContextImpl.bindService:1664 android.content.ContextWrapper.bindService:705 com.motorola.systemserver.MotoSystemServer.bindMotoService:297 com.motorola.systemserver.MotoSystemServer.bindMotoServices:263 com.motorola.systemserver.MotoSystemServer$H.handleMessage:215 
08-01 11:42:19.145  3488  3488 W ContextImpl: Calling a method in the system process without a qualified user: android.app.ContextImpl.bindService:1664 android.content.ContextWrapper.bindService:705 com.motorola.systemserver.MotoSystemServer.bindMotoService:297 com.motorola.systemserver.MotoSystemServer.bindMotoServices:263 com.motorola.systemserver.MotoSystemServer$H.handleMessage:215 
08-01 11:42:19.155  3488  3488 W ContextImpl: Calling a method in the system process without a qualified user: android.app.ContextImpl.bindService:1664 android.content.ContextWrapper.bindService:705 com.motorola.systemserver.MotoSystemServer.bindMotoService:297 com.motorola.systemserver.MotoSystemServer.bindMotoServices:263 com.motorola.systemserver.MotoSystemServer$H.handleMessage:215 
08-01 11:42:19.243  3634  4107 W SystemConfig: No directory /oem/etc/sysconfig, skipping
08-01 11:42:19.243  3634  4107 W SystemConfig: No directory /oem/etc/permissions, skipping
08-01 11:42:19.380  3634  4107 W SystemConfig: No directory /oem/etc/motorola/bgintents, skipping
08-01 11:42:19.382  3634  4107 W SystemConfig: No directory /product_services/etc/sysconfig, skipping
08-01 11:42:19.383  3634  4107 W SystemConfig: No directory /product_services/etc/permissions, skipping
08-01 11:42:19.383  3634  4107 W SystemConfig: No directory /system/etc/motorola/sysconfig, skipping
08-01 11:42:19.383  3634  4107 W SystemConfig: No directory /oem/etc/motorola/sysconfig, skipping
08-01 11:42:19.384  3634  4107 W SystemConfig: No directory /product/etc/motorola/sysconfig, skipping
08-01 11:42:19.557  3634  4107 W PackageParser: Unknown element under <manifest>: queries at /data/user_de/0/com.google.android.gms/app_chimera/m/00000011/dl-AdsFdrDynamite.integ_21880100008.apk Binary XML file line #5
08-01 11:42:19.566  2220  2817 I chatty  : uid=1000(system) Binder:2220_7 expire 1 line
08-01 11:42:19.605  2220  2344 I chatty  : uid=1000(system) ActivityManager expire 1 line
08-01 11:42:19.767  3634  4107 W PackageParser: Unknown element under <manifest>: queries at /data/user_de/0/com.google.android.gms/app_chimera/m/00000015/dl-AdsFdrDynamite.integ_22060100008.apk Binary XML file line #5
08-01 11:42:19.851  2220  4018 I chatty  : uid=1000(system) Binder:2220_11 expire 7 lines
08-01 11:42:19.900  2220  2633 I chatty  : uid=1000(system) ConnectivitySer expire 1 line
08-01 11:42:19.934  3634  4107 W PackageParser: Unknown element under <manifest>: queries at /data/user_de/0/com.google.android.gms/app_chimera/m/00000030/dl-Payments.integ_203402508100408.apk Binary XML file line #5
08-01 11:42:19.979  2220  3588 I chatty  : uid=1000(system) Binder:2220_A expire 2 lines
08-01 11:42:20.126  3634  4107 W PackageParser: Unknown element under <manifest>: queries at /data/user_de/0/com.google.android.gms/app_chimera/m/00000011/dl-AdsFdrDynamite.integ_21880100008.apk Binary XML file line #5
08-01 11:42:20.223  3415  3415 W KeyphraseEnrollmentInfo: No enrollment application supports the given keyphrase/locale: 'X Google'/en_US
08-01 11:42:20.223  3415  3415 W KeyphraseEnrollmentInfo: No enrollment application supports the given keyphrase/locale: 'X Google'/en_US
08-01 11:42:20.243  3634  4107 W PackageParser: Unknown element under <manifest>: queries at /data/user_de/0/com.google.android.gms/app_chimera/m/00000015/dl-AdsFdrDynamite.integ_22060100008.apk Binary XML file line #5
08-01 11:42:20.254  3415  3415 W KeyphraseEnrollmentInfo: No enrollment application supports the given keyphrase/locale: 'X Google'/en_US
08-01 11:42:20.254  3415  3415 W KeyphraseEnrollmentInfo: No enrollment application supports the given keyphrase/locale: 'X Google'/en_US
08-01 11:42:20.293  3634  4107 W PackageParser: Unknown element under <manifest>: queries at /data/user_de/0/com.google.android.gms/app_chimera/m/00000023/dl-Payments.integ_203090301100408.apk Binary XML file line #5
08-01 11:42:20.509  3634  4107 W PackageParser: Unknown element under <manifest>: queries at /data/user_de/0/com.google.android.gms/app_chimera/m/00000011/dl-AdsFdrDynamite.integ_21880100008.apk Binary XML file line #5
08-01 11:42:20.524  2220  3412 I chatty  : uid=1000(system) backup-0 expire 1288 lines
08-01 11:42:20.618  4481  4555 E AndroidRuntime: FATAL EXCEPTION: Thread-3
08-01 11:42:20.618  4481  4555 E AndroidRuntime: Process: com.antutu.ABenchMark, PID: 4481
08-01 11:42:20.618  4481  4555 E AndroidRuntime: java.lang.NullPointerException: Attempt to invoke virtual method 'void android.content.ContentValues.putAll(android.content.ContentValues)' on a null object reference
08-01 11:42:20.618  4481  4555 E AndroidRuntime: 	at daozi-b.ij0.b(DataParseHandler.java:1)
08-01 11:42:20.618  4481  4555 E AndroidRuntime: 	at daozi-b.zi0.G(InfocSDK.java:9)
08-01 11:42:20.618  4481  4555 E AndroidRuntime: 	at daozi-b.aj0.L(InfocUtil.java:6)
08-01 11:42:20.618  4481  4555 E AndroidRuntime: 	at daozi-b.aj0.K(InfocUtil.java:5)
08-01 11:42:20.618  4481  4555 E AndroidRuntime: 	at daozi-b.aj0.q(InfocUtil.java:6)
08-01 11:42:20.618  4481  4555 E AndroidRuntime: 	at com.antutu.benchmark.service.BenchmarkMainService$f.e(BenchmarkMainService.java:4)
08-01 11:42:20.618  4481  4555 E AndroidRuntime: 	at daozi-b.k80.run(Unknown Source:2)
08-01 11:42:20.618  4481  4555 E AndroidRuntime: 	at java.lang.Thread.run(Thread.java:919)
08-01 11:42:20.636  2220  4559 I chatty  : uid=1000 system_server expire 1 line
08-01 11:42:20.643  3634  4107 W PackageParser: Unknown element under <manifest>: queries at /data/user_de/0/com.google.android.gms/app_chimera/m/00000015/dl-AdsFdrDynamite.integ_22060100008.apk Binary XML file line #5
08-01 11:42:20.730  2220  2335 I chatty  : uid=1000(system) android.display expire 1 line
08-01 11:42:20.825  2220  4014 I chatty  : uid=1000(system) Binder:2220_F expire 1 line
08-01 11:42:21.418  3634  4629 W PackageParser: Unknown element under <manifest>: queries at /data/user_de/0/com.google.android.gms/app_chimera/m/00000023/dl-Payments.integ_203090301100408.apk Binary XML file line #5
08-01 11:42:21.479  3237  3237 W ActivityThread: serviceCreate starts in 2718 ms, CreateServiceData = CreateServiceData{token=android.os.BinderProxy@1fceb8a className=com.google.android.gms.auth.GetToken packageName=com.google.android.gms intent=null}
08-01 11:42:21.623  3237  3237 W ActivityThread: serviceStart starts in 2178 ms, ServiceArgsData = ServiceArgsData{token=android.os.BinderProxy@b359e9b startId=3 args=Intent { act=com.google.android.gms.common.broadcast.DELIVER_BROADCAST cat=[targeted_intent_op_prefix:.common.broadcast.BackgroundBroadcastReceiverSupport$PersistentReceiverIntentOperation] cmp=com.google.android.gms/.chimera.PersistentIntentOperationService (has extras) }}
08-01 11:42:21.721  3634  4629 W PackageParser: Unknown element under <manifest>: queries at /data/user_de/0/com.google.android.gms/app_chimera/m/00000030/dl-Payments.integ_203402508100408.apk Binary XML file line #5
08-01 11:42:21.820  3634  4629 W PackageParser: Unknown element under <manifest>: queries at /data/user_de/0/com.google.android.gms/app_chimera/m/00000015/dl-AdsFdrDynamite.integ_22060100008.apk Binary XML file line #5
08-01 11:42:22.143  3634  4629 W PackageParser: Unknown element under <manifest>: queries at /data/user_de/0/com.google.android.gms/app_chimera/m/00000011/dl-AdsFdrDynamite.integ_21880100008.apk Binary XML file line #5
08-01 11:42:22.793  2220  4745 I chatty  : uid=1000(system) Binder:2220_20 expire 1 line
08-01 11:42:23.006  3237  3237 W ActivityThread: serviceStart starts in 3550 ms, ServiceArgsData = ServiceArgsData{token=android.os.BinderProxy@b359e9b startId=4 args=Intent { act=com.google.android.gms.common.broadcast.DELIVER_BROADCAST cat=[targeted_intent_op_prefix:.common.broadcast.BackgroundBroadcastReceiverSupport$PersistentReceiverIntentOperation] cmp=com.google.android.gms/.chimera.PersistentIntentOperationService (has extras) }}
08-01 11:42:23.015  3237  3237 W ActivityThread: serviceStart starts in 3558 ms, ServiceArgsData = ServiceArgsData{token=android.os.BinderProxy@b359e9b startId=5 args=Intent { act=com.google.android.gms.common.broadcast.DELIVER_BROADCAST cat=[targeted_intent_op_prefix:.common.broadcast.BackgroundBroadcastReceiverSupport$PersistentReceiverIntentOperation] cmp=com.google.android.gms/.chimera.PersistentIntentOperationService (has extras) }}
08-01 11:42:23.030  3237  3237 W ActivityThread: serviceStart starts in 3427 ms, ServiceArgsData = ServiceArgsData{token=android.os.BinderProxy@b359e9b startId=6 args=Intent { act=com.google.android.chimera.container.IntentOperationService.NO_OP pkg=com.google.android.gms cmp=com.google.android.gms/.chimera.PersistentIntentOperationService (has extras) }}
08-01 11:42:23.037  3237  3237 W ActivityThread: serviceStart starts in 3371 ms, ServiceArgsData = ServiceArgsData{token=android.os.BinderProxy@d8e306f startId=1 args=Intent { cmp=com.google.android.gms/com.google.android.location.internal.GoogleLocationManagerService (has extras) }}
08-01 11:42:23.039  3237  3237 W ActivityThread: serviceStart starts in 2992 ms, ServiceArgsData = ServiceArgsData{token=android.os.BinderProxy@d8e306f startId=2 args=Intent { cmp=com.google.android.gms/com.google.android.location.internal.GoogleLocationManagerService (has extras) }}
08-01 11:42:23.042  3237  3237 W ActivityThread: serviceStart starts in 2943 ms, ServiceArgsData = ServiceArgsData{token=android.os.BinderProxy@d8e306f startId=3 args=Intent { cmp=com.google.android.gms/com.google.android.location.internal.GoogleLocationManagerService (has extras) }}
08-01 11:42:23.045  3237  3237 W ActivityThread: serviceCreate starts in 2735 ms, CreateServiceData = CreateServiceData{token=android.os.BinderProxy@f60cc24 className=com.google.android.gms.chimera.PersistentInternalBoundBrokerService packageName=com.google.android.gms intent=null}
08-01 11:42:23.070  2220  4017 I chatty  : uid=1000(system) Binder:2220_10 expire 7 lines
08-01 11:42:23.281  3237  3237 W ActivityThread: serviceStart starts in 2487 ms, ServiceArgsData = ServiceArgsData{token=android.os.BinderProxy@b359e9b startId=7 args=Intent { act=android.intent.action.CLEARCUT_LOCKED_BOOT_COMPLETED cat=[targeted_intent_op_prefix:.clearcut.init.ClearcutBootCompleteIntentOperation] cmp=com.google.android.gms/.chimera.PersistentIntentOperationService }}
08-01 11:42:23.286  3237  3237 W ActivityThread: serviceCreate starts in 2487 ms, CreateServiceData = CreateServiceData{token=android.os.BinderProxy@3ce324a className=com.google.android.gms.clearcut.debug.ClearcutDebugDumpService packageName=com.google.android.gms intent=null}
08-01 11:42:23.288  3237  3237 W ActivityThread: serviceStart starts in 2489 ms, ServiceArgsData = ServiceArgsData{token=android.os.BinderProxy@3ce324a startId=1 args=Intent { cmp=com.google.android.gms/.clearcut.debug.ClearcutDebugDumpService }}
08-01 11:42:23.289  3237  3237 W ActivityThread: serviceCreate starts in 2485 ms, CreateServiceData = CreateServiceData{token=android.os.BinderProxy@15a25bb className=com.google.android.gms.rcs.binding.RcsBindingPersistentService packageName=com.google.android.gms intent=null}
08-01 11:42:23.292  3237  3237 W ActivityThread: serviceStart starts in 2487 ms, ServiceArgsData = ServiceArgsData{token=android.os.BinderProxy@15a25bb startId=1 args=Intent { cmp=com.google.android.gms/.rcs.binding.RcsBindingPersistentService }}
08-01 11:42:23.314  3634  4629 W PackageParser: Unknown element under <manifest>: queries at /data/user_de/0/com.google.android.gms/app_chimera/m/00000011/dl-AdsFdrDynamite.integ_21880100008.apk Binary XML file line #5
08-01 11:42:23.529  3237  3237 W ActivityThread: serviceCreate starts in 2714 ms, CreateServiceData = CreateServiceData{token=android.os.BinderProxy@8f803c6 className=com.google.android.gms.lockbox.service.LockboxBrokerService packageName=com.google.android.gms intent=null}
08-01 11:42:23.538  3237  3237 W ActivityThread: serviceCreate starts in 2718 ms, CreateServiceData = CreateServiceData{token=android.os.BinderProxy@3e41f87 className=com.google.android.gms.gcm.GcmService packageName=com.google.android.gms intent=null}
08-01 11:42:23.681  2220  3412 I chatty  : uid=1000(system) backup-0 expire 26 lines
08-01 11:42:23.685  3634  4629 W PackageParser: Unknown element under <manifest>: queries at /data/user_de/0/com.google.android.gms/app_chimera/m/00000015/dl-AdsFdrDynamite.integ_22060100008.apk Binary XML file line #5
08-01 11:42:23.709  3634  4629 W PackageParser: Unknown element under <manifest>: queries at /data/user_de/0/com.google.android.gms/app_chimera/m/00000030/dl-Payments.integ_203402508100408.apk Binary XML file line #5
08-01 11:42:23.824  3634  4629 W PackageParser: Unknown element under <manifest>: queries at /data/user_de/0/com.google.android.gms/app_chimera/m/00000011/dl-AdsFdrDynamite.integ_21880100008.apk Binary XML file line #5
08-01 11:42:23.891  3634  4629 W PackageParser: Unknown element under <manifest>: queries at /data/user_de/0/com.google.android.gms/app_chimera/m/00000015/dl-AdsFdrDynamite.integ_22060100008.apk Binary XML file line #5
08-01 11:42:23.914  3634  4629 W PackageParser: Unknown element under <manifest>: queries at /data/user_de/0/com.google.android.gms/app_chimera/m/00000023/dl-Payments.integ_203090301100408.apk Binary XML file line #5
08-01 11:42:24.091  3634  4629 W PackageParser: Unknown element under <manifest>: queries at /data/user_de/0/com.google.android.gms/app_chimera/m/00000011/dl-AdsFdrDynamite.integ_21880100008.apk Binary XML file line #5
08-01 11:42:24.159  3634  4629 W PackageParser: Unknown element under <manifest>: queries at /data/user_de/0/com.google.android.gms/app_chimera/m/00000015/dl-AdsFdrDynamite.integ_22060100008.apk Binary XML file line #5
08-01 11:42:24.191  3237  3237 W ActivityThread: serviceStart starts in 3370 ms, ServiceArgsData = ServiceArgsData{token=android.os.BinderProxy@3e41f87 startId=1 args=Intent { flg=0x9000010 cmp=com.google.android.gms/.gcm.GcmService (has extras) }}
08-01 11:42:24.191  3237  3237 W ActivityThread: serviceCreate starts in 3349 ms, CreateServiceData = CreateServiceData{token=android.os.BinderProxy@5ae5e64 className=com.google.android.gms.gcm.nts.SchedulerService packageName=com.google.android.gms intent=null}
08-01 11:42:24.193  3237  3237 W ActivityThread: serviceStart starts in 3350 ms, ServiceArgsData = ServiceArgsData{token=android.os.BinderProxy@5ae5e64 startId=1 args=Intent { flg=0x9000010 cmp=com.google.android.gms/.gcm.nts.SchedulerService (has extras) }}
08-01 11:42:24.200  3237  3237 W ActivityThread: serviceCreate starts in 2745 ms, CreateServiceData = CreateServiceData{token=android.os.BinderProxy@4bce7ce className=com.google.android.location.internal.server.GoogleLocationService packageName=com.google.android.gms intent=null}
08-01 11:42:24.232  3237  3237 W ActivityThread: serviceStart starts in 2776 ms, ServiceArgsData = ServiceArgsData{token=android.os.BinderProxy@4bce7ce startId=1 args=Intent { act=com.google.android.location.internal.GMS_NLP pkg=com.google.android.gms (has extras) }}
08-01 11:42:24.234  3237  3237 W ActivityThread: serviceStart starts in 2763 ms, ServiceArgsData = ServiceArgsData{token=android.os.BinderProxy@4bce7ce startId=2 args=Intent { act=com.google.android.location.internal.GMS_NLP pkg=com.google.android.gms (has extras) }}
08-01 11:42:24.249  2220  4741 I chatty  : uid=1000(system) Binder:2220_1D expire 4 lines
08-01 11:42:24.264  2220  4745 I chatty  : uid=1000(system) Binder:2220_20 expire 4 lines
08-01 11:42:24.266  3237  3237 W ActivityThread: serviceStart starts in 2793 ms, ServiceArgsData = ServiceArgsData{token=android.os.BinderProxy@4bce7ce startId=3 args=Intent { act=com.google.android.location.internal.GMS_NLP pkg=com.google.android.gms (has extras) }}
08-01 11:42:24.268  3237  3237 W ActivityThread: serviceStart starts in 2780 ms, ServiceArgsData = ServiceArgsData{token=android.os.BinderProxy@4bce7ce startId=4 args=Intent { act=com.google.android.location.internal.GMS_NLP pkg=com.google.android.gms (has extras) }}
08-01 11:42:24.270  3237  3237 W ActivityThread: serviceStart starts in 2735 ms, ServiceArgsData = ServiceArgsData{token=android.os.BinderProxy@4bce7ce startId=5 args=Intent { act=com.google.android.location.internal.GMS_NLP pkg=com.google.android.gms (has extras) }}
08-01 11:42:24.278  2220  4081 I chatty  : uid=1000(system) Binder:2220_13 expire 4 lines
08-01 11:42:24.282  3237  3237 W ActivityThread: serviceCreate starts in 2737 ms, CreateServiceData = CreateServiceData{token=android.os.BinderProxy@dffec06 className=com.google.android.gms.auth.account.authenticator.GoogleAccountAuthenticatorService packageName=com.google.android.gms intent=null}
08-01 11:42:24.299  3237  3237 W ActivityThread: serviceStart starts in 2752 ms, ServiceArgsData = ServiceArgsData{token=android.os.BinderProxy@4bce7ce startId=6 args=Intent { act=com.google.android.location.internal.GMS_NLP pkg=com.google.android.gms (has extras) }}
08-01 11:42:24.304  3237  3237 W ActivityThread: serviceStart starts in 2754 ms, ServiceArgsData = ServiceArgsData{token=android.os.BinderProxy@4bce7ce startId=7 args=Intent { act=com.google.android.location.internal.GMS_NLP pkg=com.google.android.gms (has extras) }}
08-01 11:42:24.370  2220  2345 I chatty  : uid=1000(system) ActivityManager expire 40 lines
08-01 11:42:24.729  2220  4012 I chatty  : uid=1000(system) Binder:2220_E expire 2 lines
08-01 11:42:25.040  2220  3477 I chatty  : uid=1000(system) Binder:2220_9 expire 5 lines
08-01 11:42:25.190  2220  2310 I chatty  : uid=1000(system) Binder:2220_2 expire 1 line
08-01 11:42:25.505  2220  3334 I chatty  : uid=1000(system) Binder:2220_8 expire 11 lines
08-01 11:42:27.440  2220  3929 I chatty  : uid=1000(system) Binder:2220_C expire 1 line
08-01 11:42:28.152  5256  5324 W SystemConfig: No directory /oem/etc/sysconfig, skipping
08-01 11:42:28.152  5256  5324 W SystemConfig: No directory /oem/etc/permissions, skipping
08-01 11:42:28.174  2220  4735 I chatty  : uid=1000(system) Binder:2220_17 expire 1 line
08-01 11:42:28.186  2220  4739 I chatty  : uid=1000(system) Binder:2220_1B expire 20 lines
08-01 11:42:28.204  5256  5324 W SystemConfig: No directory /oem/etc/motorola/bgintents, skipping
08-01 11:42:28.206  5256  5324 W SystemConfig: No directory /product_services/etc/sysconfig, skipping
08-01 11:42:28.206  5256  5324 W SystemConfig: No directory /product_services/etc/permissions, skipping
08-01 11:42:28.207  5256  5324 W SystemConfig: No directory /system/etc/motorola/sysconfig, skipping
