08-01 12:27:55.895  2220  4743 V WindowManager: Changing focus from null to Window{2e34b48 u0 com.google.android.permissioncontroller/com.android.packageinstaller.permission.ui.GrantPermissionsActivity} displayId=0
08-01 12:27:55.915  2220  2336 I WindowManager: Window drawn AppWindowToken{7e7956e token=Token{17f94e9 ActivityRecord{be04970 u0 com.github.uiautomator/.MainActivity t60}}}
08-01 12:27:55.915  2220  2336 I WindowManager:   SURFACE show Surface(name=com.github.uiautomator/com.github.uiautomator.MainActivity)/@0xd672de1 on display:0: com.github.uiautomator/com.github.uiautomator.MainActivity
08-01 12:27:55.948  2220  2336 I LaunchCheckinHandler: Displayed com.google.android.permissioncontroller/com.android.packageinstaller.permission.ui.GrantPermissionsActivity,cp,ca,409
08-01 12:27:55.948  2220  2336 I WindowManager: Window drawn AppWindowToken{1f5bbc9 token=Token{80d3fd0 ActivityRecord{95c393 u0 com.google.android.permissioncontroller/com.android.packageinstaller.permission.ui.GrantPermissionsActivity t60}}}
08-01 12:27:55.951  2220  2336 I WindowManager:   SURFACE show Surface(name=com.google.android.permissioncontroller/com.android.packageinstaller.permission.ui.GrantPermissionsActivity)/@0x29eb819 on display:0: com.google.android.permissioncontroller/com.android.packageinstaller.permission.ui.GrantPermissionsActivity
08-01 12:27:59.945  2220  4744 I WindowManager:   SURFACE SIZE set 1080x2246 on display:0: StatusBar
08-01 12:27:59.967  2220  4744 V WindowManager: Changing focus from Window{2e34b48 u0 com.google.android.permissioncontroller/com.android.packageinstaller.permission.ui.GrantPermissionsActivity} to Window{cfadc13 u0 StatusBar} displayId=0
08-01 12:28:00.742  2220  2345 I ActivityManager: Start proc 26905:com.motorola.help/u0a70 for service {com.motorola.help/com.motorola.feedback.quicksettings.FeedBackTileService}
08-01 12:28:03.583  2220  2776 V WindowManager: Changing focus from Window{cfadc13 u0 StatusBar} to Window{2e34b48 u0 com.google.android.permissioncontroller/com.android.packageinstaller.permission.ui.GrantPermissionsActivity} displayId=0
08-01 12:28:04.098  2220  4014 I WindowManager:   SURFACE SIZE set 1080x86 on display:0: StatusBar
08-01 12:28:05.077  2220  4014 V WindowManager: Changing focus from Window{2e34b48 u0 com.google.android.permissioncontroller/com.android.packageinstaller.permission.ui.GrantPermissionsActivity} to Window{144292c u0 com.github.uiautomator/com.github.uiautomator.MainActivity} displayId=0
08-01 12:28:05.312  2220  2336 I WindowManager: Window drawn AppWindowToken{1f5bbc9 token=Token{80d3fd0 ActivityRecord{95c393 u0 com.google.android.permissioncontroller/com.android.packageinstaller.permission.ui.GrantPermissionsActivity t60}}} mIsExiting=
08-01 12:28:05.506  2220  2776 I WindowManager:   SURFACE SIZE set 1080x2246 on display:0: StatusBar
08-01 12:28:05.526  2220  2776 V WindowManager: Changing focus from Window{144292c u0 com.github.uiautomator/com.github.uiautomator.MainActivity} to Window{cfadc13 u0 StatusBar} displayId=0
08-01 12:28:06.288  2220  2776 V WindowManager: Changing focus from Window{cfadc13 u0 StatusBar} to Window{144292c u0 com.github.uiautomator/com.github.uiautomator.MainActivity} displayId=0
08-01 12:28:06.306  2220  2776 I WindowManager:   SURFACE SIZE set 1080x86 on display:0: StatusBar
08-01 12:28:06.827  2220  4014 I WindowManager:   SURFACE SIZE set 1080x2246 on display:0: StatusBar
08-01 12:28:06.851  2220  4014 V WindowManager: Changing focus from Window{144292c u0 com.github.uiautomator/com.github.uiautomator.MainActivity} to Window{cfadc13 u0 StatusBar} displayId=0
08-01 12:28:08.783  2220  4738 I ActivityTaskManager: START u0 {act=android.settings.SETTINGS flg=0x14000000 cmp=com.android.settings/.homepage.SettingsHomepageActivity} from uid 10131
08-01 12:28:08.805  2220  2777 V WindowManager: Changing focus from Window{cfadc13 u0 StatusBar} to Window{144292c u0 com.github.uiautomator/com.github.uiautomator.MainActivity} displayId=0
08-01 12:28:08.828  2220  2336 V WindowManager: Changing focus from Window{144292c u0 com.github.uiautomator/com.github.uiautomator.MainActivity} to null displayId=0
08-01 12:28:08.830  2220  2345 I ActivityManager: Start proc 26959:com.android.settings/1000 for activity {com.android.settings/com.android.settings.homepage.SettingsHomepageActivity}
08-01 12:28:08.879  2220  2336 I WindowManager:   SURFACE show Surface(name=com.android.systemui.ImageWallpaper)/@0xe08ac94 on display:0: com.android.systemui.ImageWallpaper
08-01 12:28:08.879  2220  2336 I WindowManager:   SURFACE show Surface(name=Splash Screen com.android.settings)/@0x94984e1 on display:0: Splash Screen com.android.settings
08-01 12:28:09.087  2220  2345 I ActivityManager: Start proc 26996:com.android.settings.intelligence/u0a129 for service {com.android.settings.intelligence/com.android.settings.intelligence.suggestions.SuggestionService}
08-01 12:28:09.316  2220  2776 V WindowManager: Changing focus from null to Window{3baa34e u0 com.android.settings/com.android.settings.homepage.SettingsHomepageActivity} displayId=0
08-01 12:28:09.395  2220  4744 I WindowManager:   SURFACE SIZE set 1080x86 on display:0: StatusBar
08-01 12:28:09.431  2220  2336 I LaunchCheckinHandler: Displayed com.android.settings/.homepage.SettingsHomepageActivity,cp,ca,621
08-01 12:28:09.431  2220  2336 I WindowManager: Window drawn AppWindowToken{6b8932 token=Token{ef7ad3d ActivityRecord{74afe94 u0 com.android.settings/.homepage.SettingsHomepageActivity t61}}}
08-01 12:28:09.432  2220  2336 I WindowManager:   SURFACE show Surface(name=com.android.settings/com.android.settings.homepage.SettingsHomepageActivity)/@0xfbc7bfe on display:0: com.android.settings/com.android.settings.homepage.SettingsHomepageActivity
08-01 12:28:09.499  2220  4738 I WindowManager: Window drawn AppWindowToken{7e7956e token=Token{17f94e9 ActivityRecord{be04970 u0 com.github.uiautomator/.MainActivity t60}}}
08-01 12:28:10.846  2220  4014 I ActivityTaskManager: START u0 {act=android.settings.APP_SEARCH_SETTINGS pkg=com.android.settings.intelligence cmp=com.android.settings.intelligence/.search.SearchActivity (has extras)} from uid 1000
08-01 12:28:10.867  2220  4738 V WindowManager: Changing focus from Window{3baa34e u0 com.android.settings/com.android.settings.homepage.SettingsHomepageActivity} to null displayId=0
08-01 12:28:10.984  2220  4014 V WindowManager: Changing focus from null to Window{758ae36 u0 com.android.settings.intelligence/com.android.settings.intelligence.search.SearchActivity} displayId=0
08-01 12:28:11.004  2220  2345 I ActivityManager: Start proc 27043:com.android.emergency/u0a120 for content provider {com.android.emergency/com.android.emergency.EmergencySearchIndexablesProvider}
08-01 12:28:11.052  2220  2336 I LaunchCheckinHandler: Displayed com.android.settings.intelligence/.search.SearchActivity,wp,ca,187
08-01 12:28:11.052  2220  2336 I WindowManager: Window drawn AppWindowToken{7c8106b token=Token{ccb59ba ActivityRecord{779cae5 u0 com.android.settings.intelligence/.search.SearchActivity t61}}}
08-01 12:28:11.057  2220  2336 I WindowManager:   SURFACE show Surface(name=com.android.settings.intelligence/com.android.settings.intelligence.search.SearchActivity)/@0x1b9a02b on display:0: com.android.settings.intelligence/com.android.settings.intelligence.search.SearchActivity
08-01 12:28:11.165  2220  2336 I WindowManager:   SURFACE show Surface(name=InputMethod)/@0x8ab13a6 on display:0: InputMethod
08-01 12:28:11.499  2220  2309 I WindowManager: Window drawn AppWindowToken{6b8932 token=Token{ef7ad3d ActivityRecord{74afe94 u0 com.android.settings/.homepage.SettingsHomepageActivity t61}}}
08-01 12:28:11.649  2220  2345 I ActivityManager: Start proc 27067:com.android.traceur/u0a93 for content provider {com.android.traceur/com.android.traceur.SearchProvider}
08-01 12:28:11.752  2220  2345 I ActivityManager: Start proc 27092:com.google.android.apps.messaging/u0a158 for content provider {com.google.android.apps.messaging/com.google.android.apps.messaging.ui.appsettings.MessagesSearchIndexablesProvider}
08-01 12:28:11.882  2220  2345 I ActivityManager: Start proc 27128:com.google.android.apps.wellbeing/u0a133 for content provider {com.google.android.apps.wellbeing/com.google.android.apps.wellbeing.searchindexables.impl.WellbeingSearchIndexablesProvider}
08-01 12:28:12.820  2220  2345 I ActivityManager: Start proc 27199:com.google.android.projection.gearhead:projection/u0a101 for content provider {com.google.android.projection.gearhead/com.google.android.projection.gearhead.companion.settings.SettingsSearchProvider}
08-01 12:28:12.945  2220  2345 I ActivityManager: Start proc 27223:com.google.android.projection.gearhead:shared/u0a101 for content provider {com.google.android.projection.gearhead/com.google.android.apps.auto.components.config.preferences.contentprovider.SharedPreferencesProvider}
08-01 12:28:13.388  2220  2309 W ActivityManager: Unable to start service Intent { act=local_action cmp=com.google.android.gms/.car.InCallService2 } U=0: not found
08-01 12:28:14.966  2220  2309 I ActivityTaskManager: START u0 {act=com.android.settings.SEARCH_RESULT_TRAMPOLINE cmp=com.android.settings/.search.SearchResultTrampoline (has extras)} from uid 10129
08-01 12:28:14.987  2220  4738 V WindowManager: Changing focus from Window{758ae36 u0 com.android.settings.intelligence/com.android.settings.intelligence.search.SearchActivity} to null displayId=0
08-01 12:28:14.999  2220  4733 I ActivityTaskManager: START u0 {act=com.android.settings.SEARCH_RESULT_TRAMPOLINE flg=0x2800000 cmp=com.android.settings/.SubSettings (has extras)} from uid 1000
08-01 12:28:15.066  2220  4733 E UserRestrictionsUtils: Unknown restriction queried by uid 1000 (com.motorola.android.fmradio et al): null
08-01 12:28:15.247  2220  2345 I ActivityManager: Start proc 27308:com.android.chrome/u0a156 for service {com.android.chrome/org.chromium.chrome.browser.usage_stats.UsageStatsBrowserServiceProvider}
08-01 12:28:15.324  2220  2776 V WindowManager: Changing focus from null to Window{2ec07d3 u0 com.android.settings/com.android.settings.SubSettings} displayId=0
08-01 12:28:15.388  2220  2336 I LaunchCheckinHandler: Displayed com.android.settings/.SubSettings,wp,ca,370
08-01 12:28:15.388  2220  2336 I WindowManager: Window drawn AppWindowToken{cd2e867 token=Token{b72e426 ActivityRecord{bb08b81 u0 com.android.settings/.SubSettings t61}}}
08-01 12:28:15.391  2220  2336 I WindowManager:   SURFACE show Surface(name=com.android.settings/com.android.settings.SubSettings)/@0x46a907d on display:0: com.android.settings/com.android.settings.SubSettings
08-01 12:28:15.419  2220  2633 D ConnectivityService: Blocked status changed to true for 10162(17) on netId 101
08-01 12:28:15.420  2220  2633 D ConnectivityService: Blocked status changed to true for 10162(18) on netId 101
08-01 12:28:15.799  2220  4733 I WindowManager: Window drawn AppWindowToken{7c8106b token=Token{ccb59ba ActivityRecord{779cae5 u0 com.android.settings.intelligence/.search.SearchActivity t61}}}
08-01 12:28:16.088  2220  4738 D ConnectivityService: requestNetwork for uid/pid:10156/27308 NetworkRequest [ TRACK_DEFAULT id=228, [ Capabilities: INTERNET&NOT_RESTRICTED&TRUSTED Uid: 10156] ]
08-01 12:28:17.010  2220  2310 I ActivityTaskManager: START u0 {act=android.intent.action.MAIN cmp=com.android.settings/.SubSettings (has extras)} from uid 1000
08-01 12:28:17.036  2220  2310 V WindowManager: Changing focus from Window{2ec07d3 u0 com.android.settings/com.android.settings.SubSettings} to null displayId=0
08-01 12:28:17.291  2220  4739 V WindowManager: Changing focus from null to Window{533b5c0 u0 com.android.settings/com.android.settings.SubSettings} displayId=0
08-01 12:28:17.352  2220  2336 I LaunchCheckinHandler: Displayed com.android.settings/.SubSettings,wp,ca,318
08-01 12:28:17.352  2220  2336 I WindowManager: Window drawn AppWindowToken{81b7dc4 token=Token{66730d7 ActivityRecord{a624856 u0 com.android.settings/.SubSettings t61}}}
08-01 12:28:17.353  2220  4733 D ConnectivityService: requestNetwork for uid/pid:10158/27092 NetworkRequest [ TRACK_DEFAULT id=230, [ Capabilities: INTERNET&NOT_RESTRICTED&TRUSTED Uid: 10158] ]
08-01 12:28:17.354  2220  2336 I WindowManager:   SURFACE show Surface(name=com.android.settings/com.android.settings.SubSettings)/@0x11e95c6 on display:0: com.android.settings/com.android.settings.SubSettings
08-01 12:28:17.416  2220  4739 D ConnectivityService: requestNetwork for uid/pid:10158/27092 NetworkRequest [ TRACK_DEFAULT id=231, [ Capabilities: INTERNET&NOT_RESTRICTED&TRUSTED Uid: 10158] ]
08-01 12:28:17.764  2220  4744 I WindowManager: Window drawn AppWindowToken{cd2e867 token=Token{b72e426 ActivityRecord{bb08b81 u0 com.android.settings/.SubSettings t61}}}
08-01 12:28:18.275  2220  4744 E UserRestrictionsUtils: Unknown restriction queried by uid 1000 (com.motorola.android.fmradio et al): com.github.uiautomator
08-01 12:28:18.278  2220  4744 I ActivityTaskManager: START u0 {act=android.intent.action.UNINSTALL_PACKAGE dat=package:com.github.uiautomator cmp=com.google.android.packageinstaller/com.android.packageinstaller.UninstallerActivity (has extras)} from uid 1000
08-01 12:28:18.311  2220  2345 I ActivityManager: Start proc 27398:com.google.android.packageinstaller/u0a76 for activity {com.google.android.packageinstaller/com.android.packageinstaller.UninstallerActivity}
08-01 12:28:18.330  2220  4744 V WindowManager: Changing focus from Window{533b5c0 u0 com.android.settings/com.android.settings.SubSettings} to null displayId=0
08-01 12:28:18.429  2220  2310 V WindowManager: Changing focus from null to Window{4c9e6ac u0 com.google.android.packageinstaller/com.android.packageinstaller.UninstallerActivity} displayId=0
08-01 12:28:18.503  2220  2336 I LaunchCheckinHandler: Displayed com.google.android.packageinstaller/com.android.packageinstaller.UninstallerActivity,cp,ca,208
08-01 12:28:18.503  2220  2336 I WindowManager: Window drawn AppWindowToken{7d29311 token=Token{4d54738 ActivityRecord{475279b u0 com.google.android.packageinstaller/com.android.packageinstaller.UninstallerActivity t61}}}
08-01 12:28:18.508  2220  2336 I WindowManager:   SURFACE show Surface(name=com.google.android.packageinstaller/com.android.packageinstaller.UninstallerActivity)/@0x204a857 on display:0: com.google.android.packageinstaller/com.android.packageinstaller.UninstallerActivity
08-01 12:28:18.508  2220  2336 I WindowManager:   SURFACE show Surface(name=com.google.android.packageinstaller/com.android.packageinstaller.UninstallerActivity)/@0x1905f44 on display:0: com.google.android.packageinstaller/com.android.packageinstaller.UninstallerActivity
08-01 12:28:19.279  2220  2310 I ActivityTaskManager: START u0 {flg=0x2000000 cmp=com.google.android.packageinstaller/com.android.packageinstaller.UninstallUninstalling (has extras)} from uid 10076
08-01 12:28:19.291  2220  2310 V WindowManager: Changing focus from Window{4c9e6ac u0 com.google.android.packageinstaller/com.android.packageinstaller.UninstallerActivity EXITING} to Window{472b0a u0 com.google.android.packageinstaller/com.android.packageinstaller.UninstallerActivity} displayId=0
08-01 12:28:19.297  2220  4744 V WindowManager: Changing focus from Window{472b0a u0 com.google.android.packageinstaller/com.android.packageinstaller.UninstallerActivity} to null displayId=0
08-01 12:28:19.315  2220  2344 I ActivityManager: Force stopping com.github.uiautomator appid=10212 user=0: deletePackageX
08-01 12:28:19.316  2220  2344 I ActivityManager: Killing 19152:com.github.uiautomator/u0a212 (adj 50): stop com.github.uiautomator
08-01 12:28:19.317  2220  2344 W ActivityManager: Scheduling restart of crashed service com.github.uiautomator/.Service in 1000ms
08-01 12:28:19.319  2220  2344 W ActivityTaskManager: Force removing ActivityRecord{be04970 u0 com.github.uiautomator/.MainActivity t60 f}: app died, no saved state
08-01 12:28:19.322  2220  2344 W ActivityManager: Crash of app com.github.uiautomator running instrumentation ComponentInfo{com.github.uiautomator.test/androidx.test.runner.AndroidJUnitRunner}
08-01 12:28:19.452  2220  2344 I ActivityManager: Force stopping com.github.uiautomator appid=-1 user=0: finished inst
08-01 12:28:19.454  2220  2817 I WindowManager: WIN DEATH: Window{144292c u0 com.github.uiautomator/com.github.uiautomator.MainActivity}
08-01 12:28:19.461  2220  4741 W WindowManager: removeWindowToken: Attempted to remove non-existing token: android.os.Binder@e8d5147
08-01 12:28:19.488  2220  3972 V WindowManager: Changing focus from null to Window{ace4fd1 u0 com.google.android.packageinstaller/com.android.packageinstaller.UninstallUninstalling} displayId=0
08-01 12:28:19.490  2220  2344 W ActivityManager: Error shutting down UiAutomationConnection
08-01 12:28:19.502  2220  2220 V SettingsProvider: Notifying for 0: content://settings/secure/accessibility_enabled
08-01 12:28:19.503  2220  2335 W ActivityManager: setHasOverlayUi called on unknown pid: 19152
08-01 12:28:19.522  2220  2333 W Looper  : Slow dispatch took 206ms android.ui h=com.android.server.am.ActivityManagerService$UiHandler c=null m=53
08-01 12:28:19.523  2220  2333 W Looper  : Slow delivery took 206ms android.ui h=com.android.server.am.ActivityManagerService$UiHandler c=null m=31
08-01 12:28:19.546  2220  3389 W LaunchParamsPersister: Failed to delete /data/system_ce/0/launch_params/com.github.uiautomator_.MainActivity.xml
08-01 12:28:19.551  2220  2333 W Looper  : Drained
08-01 12:28:19.552  2220  2336 I LaunchCheckinHandler: Displayed com.google.android.packageinstaller/com.android.packageinstaller.UninstallUninstalling,wp,ca,256
08-01 12:28:19.552  2220  2336 I WindowManager: Window drawn AppWindowToken{7aa3561 token=Token{2b7c0c8 ActivityRecord{d764d6b u0 com.google.android.packageinstaller/com.android.packageinstaller.UninstallUninstalling t61}}}
08-01 12:28:19.558  2220  2336 I WindowManager:   SURFACE show Surface(name=com.google.android.packageinstaller/com.android.packageinstaller.UninstallUninstalling)/@0x46dec2f on display:0: com.google.android.packageinstaller/com.android.packageinstaller.UninstallUninstalling
08-01 12:28:19.558  2220  2336 I WindowManager:   SURFACE show Surface(name=com.google.android.packageinstaller/com.android.packageinstaller.UninstallUninstalling)/@0xc1e123c on display:0: com.google.android.packageinstaller/com.android.packageinstaller.UninstallUninstalling
08-01 12:28:19.573  2220  2776 I WindowManager: Window drawn AppWindowToken{7d29311 token=Token{4d54738 ActivityRecord{475279b u0 com.google.android.packageinstaller/com.android.packageinstaller.UninstallerActivity t61}}}
08-01 12:28:19.676  2220  2384 I ActivityManager: Force stopping com.github.uiautomator appid=10212 user=0: pkg removed
08-01 12:28:19.682  2220  3590 V WindowManager: Changing focus from Window{ace4fd1 u0 com.google.android.packageinstaller/com.android.packageinstaller.UninstallUninstalling} to Window{533b5c0 u0 com.android.settings/com.android.settings.SubSettings} displayId=0
08-01 12:28:19.702  2220  2384 E HistoricalRegistry: Interaction before persistence initialized
08-01 12:28:19.718  2220  2220 I RoleManagerService: Granting default permissions...
08-01 12:28:19.740  2220  3895 W LocationProviderProxy: Odd, no component found for service com.android.location.service.v3.NetworkLocationProvider
08-01 12:28:19.744  2220  4736 V WindowManager: Changing focus from Window{533b5c0 u0 com.android.settings/com.android.settings.SubSettings} to null displayId=0
08-01 12:28:19.758  2220  4741 W ActivityTaskManager: Duplicate finish request for ActivityRecord{a624856 u0 com.android.settings/.SubSettings t61 f}
08-01 12:28:19.771  2220  4745 W BroadcastQueue: Background execution not allowed: receiving Intent { act=android.intent.action.PACKAGE_REMOVED dat=package:com.github.uiautomator flg=0x4000010 (has extras) } to com.android.vending/com.google.android.finsky.packagemanager.impl.PackageMonitorReceiverImpl$RegisteredReceiver
08-01 12:28:19.780  2220  2344 W BroadcastQueue: Background execution not allowed: receiving Intent { act=android.intent.action.PACKAGE_REMOVED dat=package:com.github.uiautomator flg=0x4000010 (has extras) } to com.android.vending/com.google.android.finsky.instantapps.appmanagement.InstantAppRemoveMonitor
08-01 12:28:19.780  2220  2344 W BroadcastQueue: Background execution not allowed: receiving Intent { act=android.intent.action.PACKAGE_REMOVED dat=package:com.github.uiautomator flg=0x4000010 (has extras) } to com.google.android.apps.maps/com.google.android.libraries.social.peoplekit.thirdparty.viewcontrollers.ThirdPartyReceiver
08-01 12:28:19.780  2220  2344 W BroadcastQueue: Background execution not allowed: receiving Intent { act=android.intent.action.PACKAGE_REMOVED dat=package:com.github.uiautomator flg=0x4000010 (has extras) } to com.google.android.apps.photos/com.google.android.libraries.social.peoplekit.thirdparty.viewcontrollers.ThirdPartyReceiver
08-01 12:28:19.780  2220  2344 W BroadcastQueue: Background execution not allowed: receiving Intent { act=android.intent.action.PACKAGE_REMOVED dat=package:com.github.uiautomator flg=0x4000010 (has extras) } to com.google.android.gms/.games.chimera.GamesSystemBroadcastReceiverProxy
08-01 12:28:19.780  2220  2344 W BroadcastQueue: Background execution not allowed: receiving Intent { act=android.intent.action.PACKAGE_REMOVED dat=package:com.github.uiautomator flg=0x4000010 (has extras) } to com.google.android.gms/.chimera.GmsIntentOperationService$PersistentTrustedReceiver
08-01 12:28:19.780  2220  2344 W BroadcastQueue: Background execution not allowed: receiving Intent { act=android.intent.action.PACKAGE_REMOVED dat=package:com.github.uiautomator flg=0x4000010 (has extras) } to com.google.android.googlequicksearchbox/com.google.android.apps.gsa.googlequicksearchbox.GelStubAppWatcher
08-01 12:28:19.780  2220  2344 W BroadcastQueue: Background execution not allowed: receiving Intent { act=android.intent.action.PACKAGE_REMOVED dat=package:com.github.uiautomator flg=0x4000010 (has extras) } to com.antutu.ABenchMark/com.taobao.accs.EventReceiver
08-01 12:28:19.781  2220  2344 W BroadcastQueue: Background execution not allowed: receiving Intent { act=android.intent.action.PACKAGE_REMOVED dat=package:com.github.uiautomator flg=0x4000010 (has extras) } to com.antutu.ABenchMark/com.taobao.agoo.AgooCommondReceiver
08-01 12:28:19.781  2220  2344 W BroadcastQueue: Background execution not allowed: receiving Intent { act=android.intent.action.PACKAGE_REMOVED dat=package:com.github.uiautomator flg=0x4000010 (has extras) } to com.estrongs.android.pop/.app.InstallMonitorReceiver
08-01 12:28:19.781  2220  2344 W BroadcastQueue: Background execution not allowed: receiving Intent { act=android.intent.action.PACKAGE_REMOVED dat=package:com.github.uiautomator flg=0x4000010 (has extras) } to com.estrongs.android.pop/com.android.apps.pros.LocalCReceiver
08-01 12:28:19.781  2220  2344 W BroadcastQueue: Background execution not allowed: receiving Intent { act=android.intent.action.PACKAGE_REMOVED dat=package:com.github.uiautomator flg=0x4000010 (has extras) } to com.estrongs.android.pop/com.duapps.ad.stats.CallbackReceiver
08-01 12:28:19.781  2220  2344 W BroadcastQueue: Background execution not allowed: receiving Intent { act=android.intent.action.PACKAGE_REMOVED dat=package:com.github.uiautomator flg=0x4000010 (has extras) } to com.facebook.katana/com.facebook.feed.platformads.AppInstallReceiver
08-01 12:28:19.781  2220  2344 W BroadcastQueue: Background execution not allowed: receiving Intent { act=android.intent.action.PACKAGE_REMOVED dat=package:com.github.uiautomator flg=0x4000010 (has extras) } to com.google.android.apps.magazines/com.google.android.libraries.social.peoplekit.thirdparty.viewcontrollers.ThirdPartyReceiver
08-01 12:28:19.824  2220  2345 W ActivityManager: Slow operation: 71ms so far, now at startProcess: returned from zygote!
08-01 12:28:19.839  2220  2345 W ActivityManager: Slow operation: 87ms so far, now at startProcess: done updating battery stats
08-01 12:28:19.841  2220  2345 W ActivityManager: Slow operation: 88ms so far, now at startProcess: building log message
08-01 12:28:19.841  2220  2345 I ActivityManager: Start proc 27436:com.android.keychain/1000 for service {com.android.keychain/com.android.keychain.KeyChainService}
08-01 12:28:19.841  2220  2345 W ActivityManager: Slow operation: 88ms so far, now at startProcess: starting to update pids map
08-01 12:28:19.843  2220  2345 W ActivityManager: Slow operation: 90ms so far, now at startProcess: done updating pids map
08-01 12:28:19.885  2220  2345 I ActivityManager: Start proc 27448:com.android.documentsui/u0a60 for broadcast {com.android.documentsui/com.android.documentsui.PackageReceiver}
08-01 12:28:19.943  2220  2220 W Looper  : Slow dispatch took 188ms main h=android.app.ActivityThread$H c=android.app.-$$Lambda$LoadedApk$ReceiverDispatcher$Args$_BumDX2UKsnxLVrE6UJsJZkotuA@6c2b2de m=0
08-01 12:28:19.943  2220  2220 W Looper  : Slow delivery took 235ms main h=android.app.ActivityThread$H c=android.app.-$$Lambda$LoadedApk$ReceiverDispatcher$Args$_BumDX2UKsnxLVrE6UJsJZkotuA@919fcbf m=0
--------- beginning of main
08-01 12:28:19.961 26959 26995 D RecentAppStatsMixin: Invalid timestamp (usage time is more than 24 hours ago), skipping com.qualcomm.qti.cne
08-01 12:28:19.961 26959 26995 D RecentAppStatsMixin: Invalid timestamp (usage time is more than 24 hours ago), skipping com.android.theme.icon_pack.filled.launcher
08-01 12:28:19.961 26959 26995 D RecentAppStatsMixin: Invalid timestamp (usage time is more than 24 hours ago), skipping com.android.networkstack.permissionconfig
08-01 12:28:19.961 26959 26995 D RecentAppStatsMixin: Invalid timestamp (usage time is more than 24 hours ago), skipping android.autoinstalls.config.motorola.layout
08-01 12:28:19.961 26959 26995 D RecentAppStatsMixin: Invalid timestamp (usage time is more than 24 hours ago), skipping com.google.android.projection.gearhead
08-01 12:28:19.961 26959 26995 D RecentAppStatsMixin: Invalid timestamp (usage time is more than 24 hours ago), skipping com.qualcomm.location
08-01 12:28:19.961 26959 26995 D RecentAppStatsMixin: Invalid timestamp (usage time is more than 24 hours ago), skipping com.google.android.apps.turbo
08-01 12:28:19.961 26959 26995 D RecentAppStatsMixin: Invalid timestamp (usage time is more than 24 hours ago), skipping com.android.cts.ctsshim
08-01 12:28:19.963 26959 26995 D RecentAppStatsMixin: Not a user visible or instant app, skipping com.motorola.launcher3
08-01 12:28:19.963 26959 26995 D RecentAppStatsMixin: Invalid timestamp (usage time is more than 24 hours ago), skipping com.lmi.motorola.rescuesecurity
08-01 12:28:19.963 26959 26995 D RecentAppStatsMixin: Invalid timestamp (usage time is more than 24 hours ago), skipping com.motorola.slpc_sys
08-01 12:28:19.963 26959 26995 D RecentAppStatsMixin: Invalid timestamp (usage time is more than 24 hours ago), skipping com.motorola.actions
08-01 12:28:19.963 26959 26995 D RecentAppStatsMixin: Invalid timestamp (usage time is more than 24 hours ago), skipping com.android.theme.icon_pack.circular.launcher
08-01 12:28:19.963 26959 26995 D RecentAppStatsMixin: Invalid timestamp (usage time is more than 24 hours ago), skipping com.android.vpndialogs
08-01 12:28:19.963 26959 26995 D RecentAppStatsMixin: Invalid timestamp (usage time is more than 24 hours ago), skipping com.google.android.apps.wallpaper
08-01 12:28:19.963 26959 26995 D RecentAppStatsMixin: Invalid timestamp (usage time is more than 24 hours ago), skipping com.google.android.keep
08-01 12:28:19.963 26959 26995 D RecentAppStatsMixin: Invalid timestamp (usage time is more than 24 hours ago), skipping com.motorola.bach.modemstats
08-01 12:28:19.963 26959 26995 D RecentAppStatsMixin: Invalid timestamp (usage time is more than 24 hours ago), skipping com.android.phone
08-01 12:28:19.963 26959 26995 D RecentAppStatsMixin: Invalid timestamp (usage time is more than 24 hours ago), skipping com.android.shell
08-01 12:28:19.963 26959 26995 D RecentAppStatsMixin: Invalid timestamp (usage time is more than 24 hours ago), skipping com.android.theme.icon_pack.filled.themepicker
08-01 12:28:19.963 26959 26995 D RecentAppStatsMixin: Invalid timestamp (usage time is more than 24 hours ago), skipping com.android.wallpaperbackup
08-01 12:28:19.963 26959 26995 D RecentAppStatsMixin: Invalid timestamp (usage time is more than 24 hours ago), skipping com.android.providers.blockednumber
08-01 12:28:19.963 26959 26995 D RecentAppStatsMixin: Invalid timestamp (usage time is more than 24 hours ago), skipping com.android.providers.userdictionary
08-01 12:28:19.963 26959 26995 D RecentAppStatsMixin: Invalid timestamp (usage time is more than 24 hours ago), skipping com.android.emergency
08-01 12:28:19.963 26959 26995 D RecentAppStatsMixin: Invalid timestamp (usage time is more than 24 hours ago), skipping com.android.internal.systemui.navbar.gestural
08-01 12:28:19.963 26959 26995 D RecentAppStatsMixin: Invalid timestamp (usage time is more than 24 hours ago), skipping com.android.location.fused
08-01 12:28:19.963 26959 26995 D RecentAppStatsMixin: Invalid timestamp (usage time is more than 24 hours ago), skipping com.android.theme.color.orchid
08-01 12:28:19.963 26959 26995 D RecentAppStatsMixin: System package, skipping com.android.systemui
08-01 12:28:19.963 26959 26995 D RecentAppStatsMixin: Invalid timestamp (usage time is more than 24 hours ago), skipping com.motorola.motodisplay
08-01 12:28:19.966 26959 26995 D RecentAppStatsMixin: Invalid timestamp (usage time is more than 24 hours ago), skipping com.android.theme.color.purple
08-01 12:28:19.966 26959 26995 D RecentAppStatsMixin: Invalid timestamp (usage time is more than 24 hours ago), skipping com.motorola.easyprefix
08-01 12:28:19.966 26959 26995 D RecentAppStatsMixin: Invalid timestamp (usage time is more than 24 hours ago), skipping com.android.bluetoothmidiservice
08-01 12:28:19.966 26959 26995 D RecentAppStatsMixin: Invalid timestamp (usage time is more than 24 hours ago), skipping com.android.traceur
08-01 12:28:19.966 26959 26995 D RecentAppStatsMixin: Invalid timestamp (usage time is more than 24 hours ago), skipping android.auto_generated_rro_product__
08-01 12:28:19.967 22755 22795 I Finsky  : [1659] fhy.apply(84): AIM: Got app ownership map. App counts: . Unique apps: 0
08-01 12:28:19.969 22755 27501 I Finsky  : [1760] far.a(19): Asset module storage cleared for package com.github.uiautomator.
08-01 12:28:19.969 26959 26995 D RecentAppStatsMixin: Not a user visible or instant app, skipping com.android.bluetooth
08-01 12:28:19.969 26959 26995 D RecentAppStatsMixin: Invalid timestamp (usage time is more than 24 hours ago), skipping com.qualcomm.timeservice
08-01 12:28:19.969 26959 26995 D RecentAppStatsMixin: Invalid timestamp (usage time is more than 24 hours ago), skipping com.qualcomm.atfwd
08-01 12:28:19.969 26959 26995 D RecentAppStatsMixin: Invalid timestamp (usage time is more than 24 hours ago), skipping com.motorola.config.wifi
08-01 12:28:19.969 26959 26995 D RecentAppStatsMixin: Invalid timestamp (usage time is more than 24 hours ago), skipping com.android.providers.contacts
08-01 12:28:19.969 26959 26995 D RecentAppStatsMixin: Invalid timestamp (usage time is more than 24 hours ago), skipping com.android.captiveportallogin
08-01 12:28:19.969 26959 26995 D RecentAppStatsMixin: Invalid timestamp (usage time is more than 24 hours ago), skipping com.android.theme.icon.roundedrect
08-01 12:28:19.969 26959 26995 D RecentAppStatsMixin: Invalid timestamp (usage time is more than 24 hours ago), skipping com.android.internal.systemui.navbar.gestural_narrow_back
08-01 12:28:19.970 26959 26995 D RecentAppStatsMixin: Invalid timestamp (usage time is more than 24 hours ago), skipping com.android.theme.icon_pack.rounded.settings
08-01 12:28:19.970 26959 26995 D RecentAppStatsMixin: Invalid timestamp (usage time is more than 24 hours ago), skipping com.google.android.inputmethod.latin
08-01 12:28:19.970 26959 26995 D RecentAppStatsMixin: Invalid timestamp (usage time is more than 24 hours ago), skipping com.motorola.android.providers.chromehomepage
08-01 12:28:19.970 26959 26995 D RecentAppStatsMixin: Invalid timestamp (usage time is more than 24 hours ago), skipping com.motorola.systemserver
08-01 12:28:19.970 26959 26995 D RecentAppStatsMixin: Invalid timestamp (usage time is more than 24 hours ago), skipping android.auto_generated_rro_vendor__
08-01 12:28:19.970 26959 26995 D RecentAppStatsMixin: Invalid timestamp (usage time is more than 24 hours ago), skipping com.android.theme.icon_pack.circular.android
08-01 12:28:19.970 26959 26995 D RecentAppStatsMixin: Invalid timestamp (usage time is more than 24 hours ago), skipping com.google.android.apps.restore
08-01 12:28:19.970 26959 26995 D RecentAppStatsMixin: Invalid timestamp (usage time is more than 24 hours ago), skipping com.motorola.ts.camera
08-01 12:28:19.970 22755 22755 W Finsky  : [2] tcv.b(7): STU: Failed to get storage stats for package 'com.github.uiautomator' (1601: Error getting stats: android.content.pm.PackageManager.NameNotFoundException)
08-01 12:28:19.971 22755 22755 I Finsky  : [2] obj.apply(50): NCR: notification count changed for account [[PeVbCAavhxSvBK_FX_xub__o2sL0td7w2BfSL4E6CNE]]: old=[0], new=[1], notifications=[[-0P5ForNh3RoXvj-Kk3xdv2BoOd3tuhnt47K5MkMn7Y]]
08-01 12:28:19.971 22755 22804 I Finsky  : [1664] kzm.f(1): Installer: package com.github.uiautomator was removed. replacing: false
08-01 12:28:19.981 27448 27448 D ApplicationLoaders: Returning zygote-cached class loader: /system/framework/android.hidl.base-V1.0-java.jar
08-01 12:28:19.982 27448 27448 D ApplicationLoaders: Returning zygote-cached class loader: /system/framework/android.hidl.manager-V1.0-java.jar
08-01 12:28:19.982 27448 27448 D ApplicationLoaders: Returning zygote-cached class loader: /system/framework/android.hidl.base-V1.0-java.jar
08-01 12:28:19.987  2220  2332 W Looper  : Slow delivery took 206ms android.fg h=android.os.Handler c=<recycled PooledLambda@317d943> m=0
08-01 12:28:19.989 26959 27375 D SettingsActivity: No enabled state changed, skipping updateCategory call
08-01 12:28:19.999  2220  2336 I WindowManager: Window drawn AppWindowToken{7aa3561 token=Token{2b7c0c8 ActivityRecord{d764d6b u0 com.google.android.packageinstaller/com.android.packageinstaller.UninstallUninstalling t61}}} mIsExiting=
08-01 12:28:20.000 26959 26971 I ndroid.setting: Background young concurrent copying GC freed 80679(3581KB) AllocSpace objects, 29(704KB) LOS objects, 25% free, 8728KB/11MB, paused 86us total 111.506ms
08-01 12:28:20.008 22755 22804 I Finsky  : [1664] kzm.T(18): Installer: Notifying status update. package=com.github.uiautomator, status=UNINSTALLED, isid=NA
08-01 12:28:20.009  3634 26103 I ContentMaintenance: Internal cache bytes used: 0; limit: 100000000; download size: 0
08-01 12:28:20.014  2220  2332 W Looper  : Drained
08-01 12:28:20.016 27436 27436 I ndroid.keychai: The ClassLoaderContext is a special shared library.
08-01 12:28:20.018 26959 27066 W ApplicationsState: Cannot find pkg: com.motorola.easyprefix on user 0
08-01 12:28:20.020 22755 22755 I Finsky  : [2] kzm.S(7): Installer: found apps to install. isMultiUserMode=false, apps=[]
08-01 12:28:20.025  2220  3588 V WindowManager: Changing focus from null to Window{2ec07d3 u0 com.android.settings/com.android.settings.SubSettings} displayId=0
08-01 12:28:20.035 22755 27465 I Finsky  : [1754] lii.J(2): IQ: Notifying installation update. [Package:com.github.uiautomator, isid:dummysessionid], status=UNINSTALLED
08-01 12:28:20.037 22755 22804 I Finsky  : [1664] fkc.a(11): AIM: AppInfoManager-Perf > ItemModel > CacheSize=46, cacheHitCount=0, cacheMissCount=0, total appsWithNoServerDataCount=46. Missed  in cache (limit 10) : []
08-01 12:28:20.046 22755 22796 I Finsky  : [1660] fkc.a(11): AIM: AppInfoManager-Perf > ItemModel > CacheSize=46, cacheHitCount=0, cacheMissCount=0, total appsWithNoServerDataCount=46. Missed  in cache (limit 10) : []
08-01 12:28:20.046  3634 27513 I Icing   : doRemovePackageData com.github.uiautomator
08-01 12:28:20.048 26959 27066 W ApplicationsState: Cannot find pkg: com.motorola.easyprefix on user 0
08-01 12:28:20.055  2220  2336 I WindowManager: Window drawn AppWindowToken{cd2e867 token=Token{b72e426 ActivityRecord{bb08b81 u0 com.android.settings/.SubSettings t61}}}
08-01 12:28:20.058  2220  2336 I WindowManager:   SURFACE show Surface(name=com.android.settings/com.android.settings.SubSettings)/@0x4fa007f on display:0: com.android.settings/com.android.settings.SubSettings
08-01 12:28:20.058 22755 22804 I Finsky  : [1664] eyq.accept(28): AIM: AppInfoManager-Perf > getApps > data collection finished
08-01 12:28:20.069 22755 22804 I Finsky  : [1664] eyr.run(30): AIM: AppInfoManager-Perf > maybeDestroyAppInfoManager is called. actives = 0
08-01 12:28:20.070  2220  2220 W Looper  : Slow dispatch took 126ms main h=android.app.ActivityThread$H c=android.app.-$$Lambda$LoadedApk$ReceiverDispatcher$Args$_BumDX2UKsnxLVrE6UJsJZkotuA@23f6d38 m=0
08-01 12:28:20.071  2220  2626 I chatty  : uid=1000(system) ClientModeImpl expire 9 lines
08-01 12:28:20.073  2220  2220 I ConditionProviders: Disallowing condition provider com.github.uiautomator
08-01 12:28:20.076  2220  2220 W Looper  : Drained
08-01 12:28:20.079  3634 26103 I RealtimeCacheCleanup: Beginning Realtime garbage collection.
08-01 12:28:20.089  3634 26103 I RealtimeCacheCleanup: Finished Realtime garbage collection.
08-01 12:28:20.114  3054  3054 I GoogleInputMethodService: GoogleInputMethodService.onFinishInput():3184 
08-01 12:28:20.115  3054  3054 I GoogleInputMethodService: GoogleInputMethodService.onStartInput():1830 
08-01 12:28:20.125 22755 22796 I Finsky  : [1660] lii.s(11): IQ: No matching installs to run for jobs: []
08-01 12:28:20.142  1110 21381 I chatty  : uid=1002 bluetooth@1.0-s expire 12 lines
08-01 12:28:20.162 27128 27293 W BrowserUsageLoader: Failed to query website usage
08-01 12:28:20.162 27128 27293 W BrowserUsageLoader: hzx: Service rejected request (status=5)
08-01 12:28:20.162 27128 27293 W BrowserUsageLoader: 	at iam.a(Unknown Source:29)
08-01 12:28:20.162 27128 27293 W BrowserUsageLoader: 	at obx.a(PG:2)
08-01 12:28:20.162 27128 27293 W BrowserUsageLoader: 	at oth.a(Unknown Source:2)
08-01 12:28:20.162 27128 27293 W BrowserUsageLoader: 	at otj.run(PG:22)
08-01 12:28:20.162 27128 27293 W BrowserUsageLoader: 	at mxq.run(PG:1)
08-01 12:28:20.162 27128 27293 W BrowserUsageLoader: 	at java.util.concurrent.ThreadPoolExecutor.runWorker(ThreadPoolExecutor.java:1167)
08-01 12:28:20.162 27128 27293 W BrowserUsageLoader: 	at java.util.concurrent.ThreadPoolExecutor$Worker.run(ThreadPoolExecutor.java:641)
08-01 12:28:20.162 27128 27293 W BrowserUsageLoader: 	at mvo.run(Unknown Source:24)
08-01 12:28:20.162 27128 27293 W BrowserUsageLoader: 	at java.lang.Thread.run(Thread.java:919)
08-01 12:28:20.162 22755 22755 I Finsky  : [2] qzg.Zv(4): PIM: Handling install package event for: com.github.uiautomator status:  UNINSTALLED
08-01 12:28:20.165 22755 22755 I Finsky  : [2] lhi.apply(28): IQ::HLD: Ongoing hold off applicable installs: []
08-01 12:28:20.166 22755 22755 I Finsky  : [2] ldj.a(20): IQ::HLD: previousAllInstallsDone is Optional.empty, allInstallationsDone is Optional[true]
08-01 12:28:20.166  3634  4635 I Icing   : IndexChimeraService.getServiceInterface callingPackage=com.google.android.gms componentName=AppsCorpus serviceId=36
08-01 12:28:20.169 22755 22755 I Finsky  : [2] ldj.a(22): IQ::HLD: Updating installations status false cross profiles
08-01 12:28:20.177 22755 22755 I Finsky  : [2] gwb.b(1): XPF:Binding for 173247710
08-01 12:28:20.191 22755 22755 I Finsky  : [2] ProfileStateService.onCreate(1): XPF:creating profileStateService
08-01 12:28:20.202 22755 22755 I Finsky  : [2] gvx.a(3): XPF:Registering listener 217128273 for user UserHandle{0}.
08-01 12:28:20.202 22755 22755 I Finsky  : [2] gvx.b(4): XPF:User UserHandle{0} finished enterprise setup, removing profile.
08-01 12:28:20.203 22755 22755 I Finsky  : [2] gvx.c(3): XPF:User UserHandle{0} is not in installation anymore, removing profile.
08-01 12:28:20.203 22755 22755 I Finsky  : [2] gvx.c(5): XPF:Notifying user UserHandle{0} that all installs are finished
08-01 12:28:20.206 22755 22755 I Finsky  : [2] gwb.d(1): XPF:unbinding for 173247710
08-01 12:28:20.207 22755 22851 I Finsky  : [1687] gvx.e(3): XPF:Removing listener for user UserHandle{0} and listener 217128273
08-01 12:28:20.230  3634 27513 W Icing   : No valid account for uploading user actions
08-01 12:28:20.235  2220  2343 I InputMethodManagerService: Input method uninstalled, disabling: ComponentInfo{com.github.uiautomator/com.github.uiautomator.FastInputIME}
08-01 12:28:20.236 27448 27448 D DocumentsApplication: OverlayManager.setEnabled() result: true
08-01 12:28:20.250  3496 27532 I MediaProvider: Begin Intent { act=android.intent.action.PACKAGE_FULLY_REMOVED dat=package:com.github.uiautomator flg=0x5000010 cmp=com.android.providers.media/.MediaService (has extras) }
08-01 12:28:20.263  3496 27532 I MediaProvider: End Intent { act=android.intent.action.PACKAGE_FULLY_REMOVED dat=package:com.github.uiautomator flg=0x5000010 cmp=com.android.providers.media/.MediaService (has extras) }
08-01 12:28:20.264 22755 22755 I Finsky  : [2] pko.i(0): PackageMonitorReceiverImpl - Received: android.intent.action.PACKAGE_FULLY_REMOVED, [YsxevZ6ZTvyMiI6-s2OAYwITesnJ70XOGSzp16sCNgw]
08-01 12:28:20.264 22755 22755 I Finsky  : [2] plc.n(8): Invalidating cached PackageState for com.github.uiautomator
08-01 12:28:20.265 22755 22755 I Finsky  : [2] plc.s(3): Package no longer installed: com.github.uiautomator
08-01 12:28:20.268 22755 22755 I Finsky  : [2] pko.i(0): PackageMonitorReceiverImpl - Deduping intent android.intent.action.PACKAGE_FULLY_REMOVED
08-01 12:28:20.278 22755 27431 I Finsky  : [1748] jno.run(31): Frosting DB delete succeeded: false
08-01 12:28:20.280  3634  4635 I Icing   : IndexChimeraService.getServiceInterface callingPackage=com.google.android.gms componentName=null serviceId=30
08-01 12:28:20.286  1060  1060 D Zygote  : Forked child process 27534
08-01 12:28:20.294  2220  2345 I ActivityManager: Start proc 27534:com.google.android.apps.maps/u0a161 for broadcast {com.google.android.apps.maps/com.google.android.libraries.social.peoplekit.thirdparty.viewcontrollers.ThirdPartyReceiver}
08-01 12:28:20.306 27534 27534 E droid.apps.map: Not starting debugger since process cannot load the jdwp agent.
08-01 12:28:20.350 27534 27534 I droid.apps.map: The ClassLoaderContext is a special shared library.
08-01 12:28:20.360 27455 27455 W app_process: type=1400 audit(0.0:491): avc: denied { read } for uid=2000 name="u:object_r:device_config_runtime_native_boot_prop:s0" dev="tmpfs" ino=12142 scontext=u:r:shell:s0 tcontext=u:object_r:device_config_runtime_native_boot_prop:s0 tclass=file permissive=0
08-01 12:28:20.360 27455 27455 I chatty  : uid=2000(shell) app_process identical 1 line
08-01 12:28:20.360 27455 27455 W app_process: type=1400 audit(0.0:493): avc: denied { read } for uid=2000 name="u:object_r:device_config_runtime_native_boot_prop:s0" dev="tmpfs" ino=12142 scontext=u:r:shell:s0 tcontext=u:object_r:device_config_runtime_native_boot_prop:s0 tclass=file permissive=0
08-01 12:28:20.360 27455 27455 D AndroidRuntime: >>>>>> START com.android.internal.os.RuntimeInit uid 2000 <<<<<<
08-01 12:28:20.366 27455 27455 E libc    : Access denied finding property "persist.device_config.runtime_native_boot.enable_apex_image"
08-01 12:28:20.366 27455 27455 I AndroidRuntime: Using default boot image
08-01 12:28:20.366 27455 27455 E libc    : Access denied finding property "persist.device_config.runtime_native_boot.disable_lock_profiling"
08-01 12:28:20.366 27455 27455 I AndroidRuntime: Leaving lock profiling enabled
08-01 12:28:20.366 27455 27455 E libc    : Access denied finding property "persist.device_config.runtime_native_boot.enable_generational_cc"
08-01 12:28:20.486  2220  4020 I WindowManager: Window drawn AppWindowToken{81b7dc4 token=Token{66730d7 ActivityRecord{a624856 u0 com.android.settings/.SubSettings t61}}}
08-01 12:28:20.494  2220  2343 I RoleUserState: Wrote roles.xml successfully
08-01 12:28:20.497 27534 27534 W droid.apps.map: JIT profile information will not be recorded: profile file does not exits.
08-01 12:28:20.497 27534 27534 W droid.apps.map: JIT profile information will not be recorded: profile file does not exits.
08-01 12:28:20.498 27455 27455 D ICU     : Time zone APEX file found: /apex/com.android.tzdata/etc/icu/icu_tzdata.dat
08-01 12:28:20.526 27455 27455 I app_process: The ClassLoaderContext is a special shared library.
08-01 12:28:20.526  3634 27513 I Icing   : Usage reports ok 8, Failed Usage reports 0, indexed 0, rejected 0
08-01 12:28:20.528  3634 27513 W Icing   : No valid account for uploading user actions
08-01 12:28:20.530  3634  4635 I Icing   : IndexChimeraService.getServiceInterface callingPackage=com.google.android.gms componentName=null serviceId=36
08-01 12:28:20.548  3634 27513 I Icing   : Usage reports ok 0, Failed Usage reports 0, indexed 0, rejected 0
08-01 12:28:20.564  3634 27513 W Icing   : No valid account for uploading user actions
08-01 12:28:20.564 27455 27455 W app_process: JNI RegisterNativeMethods: attempt to register 0 native methods for android.media.AudioAttributes
08-01 12:28:20.574 27455 27455 D AndroidRuntime: Calling main entry com.android.commands.am.Am
08-01 12:28:20.577  3634 27513 I Icing   : Usage reports ok 0, Failed Usage reports 0, indexed 0, rejected 0
08-01 12:28:20.578  3634 27513 I Icing   : Indexing com.google.android.gms-apps from com.google.android.gms
08-01 12:28:20.581  2220  4735 W ActivityManager: Unable to find instrumentation target package: com.github.uiautomator
08-01 12:28:20.581  2220 27426 I chatty  : uid=1000 system_server expire 2 lines
08-01 12:28:20.589  3634 27513 I Icing   : Indexing done com.google.android.gms-apps
08-01 12:28:20.591 27455 27455 I app_process: System.exit called, status: 1
08-01 12:28:20.591 27455 27455 I AndroidRuntime: VM exiting with result code 1.
08-01 12:28:20.617 10916 10916 I chatty  : uid=10193(com.mobile.indiapp) expire 1 line
08-01 12:28:20.620  2220  3588 I ActivityTaskManager: START u0 {act=android.intent.action.MAIN cat=[android.intent.category.HOME] flg=0x10000000 cmp=com.motorola.launcher3/com.android.a1launcher.AndroidOneLauncher (has extras)} from uid 10107
08-01 12:28:20.625  2678  2678 V StatusBar: mStatusBarWindow: com.android.systemui.statusbar.phone.StatusBarWindowView{b39b71f V.E...... ........ 0,0-1080,86} canPanelBeCollapsed(): false
08-01 12:28:20.625  2678  2678 V StatusBar: mStatusBarWindow: com.android.systemui.statusbar.phone.StatusBarWindowView{b39b71f V.E...... ........ 0,0-1080,86} collapseBySetDisable: false
08-01 12:28:20.629  2220  3588 V WindowManager: Changing focus from Window{2ec07d3 u0 com.android.settings/com.android.settings.SubSettings} to null displayId=0
08-01 12:28:20.630 27534 27578 I AdrenoGLES: QUALCOMM build                   : f2ab992, I401605978b
08-01 12:28:20.630 27534 27578 I AdrenoGLES: Build Date                       : 09/28/19
08-01 12:28:20.630 27534 27578 I AdrenoGLES: OpenGL ES Shader Compiler Version: EV031.27.05.01
08-01 12:28:20.630 27534 27578 I AdrenoGLES: Local Branch                     : 
08-01 12:28:20.630 27534 27578 I AdrenoGLES: Remote Branch                    : 
08-01 12:28:20.630 27534 27578 I AdrenoGLES: Remote Branch                    : 
08-01 12:28:20.630 27534 27578 I AdrenoGLES: Reconstruct Branch               : 
08-01 12:28:20.630 27534 27578 I AdrenoGLES: Build Config                     : S L 8.0.11 AArch64
08-01 12:28:20.650 27534 27534 W DefaultPool5: type=1400 audit(0.0:494): avc: denied { read } for uid=10161 name="gpu_model" dev="sysfs" ino=30970 scontext=u:r:untrusted_app:s0:c161,c256,c512,c768 tcontext=u:object_r:sysfs_kgsl:s0 tclass=file permissive=0
08-01 12:28:20.652 27534 27578 I AdrenoGLES: PFP: 0x005ff112, ME: 0x005ff066
08-01 12:28:20.656 27534 27578 W AdrenoUtils: <ReadGpuID_from_sysfs:194>: Failed to open /sys/class/kgsl/kgsl-3d0/gpu_model
08-01 12:28:20.656 27534 27578 W AdrenoUtils: <ReadGpuID:218>: Failed to read chip ID from gpu_model. Fallback to use the GSL path
08-01 12:28:20.669  2220  2309 V WindowManager: Changing focus from null to Window{2b77e65 u0 com.motorola.launcher3/com.android.a1launcher.AndroidOneLauncher} displayId=0
08-01 12:28:20.672  4031  4052 D AssistReceiver: call: lightWakeup | null | null
08-01 12:28:20.690  2220  2336 I WindowManager:   SURFACE show Surface(name=com.android.systemui.ImageWallpaper)/@0xe08ac94 on display:0: com.android.systemui.ImageWallpaper
08-01 12:28:20.694 22755 22795 I Finsky  : [1659] rrc.accept(43): SCH: Scheduling phonesky job Id: 12-1, CT: 1659337099969, Constraints: [{ L: 15000, D: 86400000, C: 1, I: 1, N: 1 }]
08-01 12:28:20.694  2220  2336 I LaunchCheckinHandler: Displayed com.motorola.launcher3/com.android.a1launcher.AndroidOneLauncher,wp,wa,74
08-01 12:28:20.694  2220  2336 I WindowManager: Window drawn AppWindowToken{3a2bed2 token=Token{299b55d ActivityRecord{2cd9334 u0 com.motorola.launcher3/com.android.a1launcher.AndroidOneLauncher t2}}}
08-01 12:28:20.696  1060  1060 D Zygote  : Forked child process 27587
08-01 12:28:20.707  2220  2336 I WindowManager:   SURFACE show Surface(name=com.motorola.launcher3/com.android.a1launcher.AndroidOneLauncher)/@0x48e11c1 on display:0: com.motorola.launcher3/com.android.a1launcher.AndroidOneLauncher
