08-01 11:58:11.479  2220  2345 I ActivityManager: Start proc 20837:com.antutu.ABenchMark/u0a183 for service {com.antutu.ABenchMark/com.antutu.benchmark.service.BenchmarkMainService}
08-01 11:58:11.735 20837 20859 E AndroidRuntime: FATAL EXCEPTION: Thread-3
08-01 11:58:11.735 20837 20859 E AndroidRuntime: Process: com.antutu.ABenchMark, PID: 20837
08-01 11:58:11.735 20837 20859 E AndroidRuntime: java.lang.NullPointerException: Attempt to invoke virtual method 'void android.content.ContentValues.putAll(android.content.ContentValues)' on a null object reference
08-01 11:58:11.735 20837 20859 E AndroidRuntime: 	at daozi-b.ij0.b(DataParseHandler.java:1)
08-01 11:58:11.735 20837 20859 E AndroidRuntime: 	at daozi-b.zi0.G(InfocSDK.java:9)
08-01 11:58:11.735 20837 20859 E AndroidRuntime: 	at daozi-b.aj0.L(InfocUtil.java:6)
08-01 11:58:11.735 20837 20859 E AndroidRuntime: 	at daozi-b.aj0.K(InfocUtil.java:5)
08-01 11:58:11.735 20837 20859 E AndroidRuntime: 	at daozi-b.aj0.q(InfocUtil.java:6)
08-01 11:58:11.735 20837 20859 E AndroidRuntime: 	at com.antutu.benchmark.service.BenchmarkMainService$f.e(BenchmarkMainService.java:4)
08-01 11:58:11.735 20837 20859 E AndroidRuntime: 	at daozi-b.k80.run(Unknown Source:2)
08-01 11:58:11.735 20837 20859 E AndroidRuntime: 	at java.lang.Thread.run(Thread.java:919)
08-01 11:58:11.742  2220  2333 I ActivityManager: Showing crash dialog for package com.antutu.ABenchMark u0
08-01 11:58:11.761  2220 20860 I DropBoxManagerService: add tag=data_app_crash isTagEnabled=true flags=0x2
08-01 11:58:11.769  2220  2333 V WindowManager: Changing focus from Window{2b77e65 u0 com.motorola.launcher3/com.android.a1launcher.AndroidOneLauncher} to Window{3b6ffba u0 Application Error: com.antutu.ABenchMark} displayId=0
08-01 11:58:11.782  2220  2344 W BroadcastQueue: Background execution not allowed: receiving Intent { act=android.intent.action.DROPBOX_ENTRY_ADDED flg=0x10 (has extras) } to com.google.android.gms/.stats.service.DropBoxEntryAddedReceiver
08-01 11:58:11.782  2220  2344 W BroadcastQueue: Background execution not allowed: receiving Intent { act=android.intent.action.DROPBOX_ENTRY_ADDED flg=0x10 (has extras) } to com.google.android.gms/.chimera.GmsIntentOperationService$PersistentTrustedReceiver
08-01 11:58:11.878  2220  2333 W Looper  : Slow dispatch took 105ms android.ui h=android.view.Choreographer$FrameHandler c=android.view.Choreographer$FrameDisplayEventReceiver@7ba7a45 m=0
08-01 11:58:11.883  2220  2336 I WindowManager:   SURFACE show Surface(name=Application Error: com.antutu.ABenchMark)/@0x3663436 on display:0: Application Error: com.antutu.ABenchMark
08-01 11:58:11.887  2220  3590 I ActivityManager: Process com.antutu.ABenchMark (pid 20837) has died: prcp FGS 
08-01 11:58:11.888  2220  3590 W ActivityManager: Scheduling restart of crashed service com.antutu.ABenchMark/com.antutu.benchmark.service.BenchmarkMainService in 1800000ms
08-01 11:58:11.895  2220  3334 W ActivityManager: Ignoring remove of inactive process: ProcessRecord{1595dc2 0:com.antutu.ABenchMark/u0a183}
08-01 11:58:11.898  2220  2333 V WindowManager: Changing focus from Window{3b6ffba u0 Application Error: com.antutu.ABenchMark EXITING} to Window{2b77e65 u0 com.motorola.launcher3/com.android.a1launcher.AndroidOneLauncher} displayId=0
08-01 11:58:18.867  2220  4740 I ActivityManager: Killing 17027:com.google.android.apps.photos/u0a148 (adj 985): empty #17
08-01 11:58:18.922  2220  2817 I ActivityManager: Killing 17354:com.google.android.permissioncontroller/u0a49 (adj 985): empty #17
08-01 11:58:18.951  2220  2335 W ActivityManager: setHasOverlayUi called on unknown pid: 17354
08-01 11:58:35.160  2220  2590 D BatteryService: uevent={POWER_SUPPLY_DP_DM=0, POWER_SUPPLY_VOLTAGE_QNOVO=-22, POWER_SUPPLY_VOLTAGE_NOW=4364002, POWER_SUPPLY_SW_JEITA_ENABLED=0, POWER_SUPPLY_HEALTH=Good, POWER_SUPPLY_TECHNOLOGY=Li-ion, POWER_SUPPLY_CHARGER_TEMP_MAX=812, POWER_SUPPLY_FCC_STEPPER_ENABLE=0, SEQNUM=4908, POWER_SUPPLY_INPUT_CURRENT_LIMITED=0, POWER_SUPPLY_STATUS=Full, POWER_SUPPLY_BATTERY_CHARGING_ENABLED=0, POWER_SUPPLY_CURRENT_MAX=3000000, POWER_SUPPLY_CAPACITY=100, DEVPATH=/devices/soc/800f000.qcom,spmi/spmi-0/spmi0-00/800f000.qcom,spmi:qcom,pm660@0:qcom,qpnp-smb2/power_supply/battery, POWER_SUPPLY_CHARGE_DONE=1, POWER_SUPPLY_CHARGE_TYPE=N/A, POWER_SUPPLY_CHARGER_TEMP=323, POWER_SUPPLY_CHARGE_RATE=Normal, POWER_SUPPLY_CURRENT_QNOVO=-22, POWER_SUPPLY_CURRENT_NOW=3417, POWER_SUPPLY_SYSTEM_TEMP_LEVEL=0, POWER_SUPPLY_PRESENT=1, POWER_SUPPLY_PARALLEL_DISABLE=0, SUBSYSTEM=power_supply, POWER_SUPPLY_SET_SHIP_MODE=0, POWER_SUPPLY_TEMP=290, ACTION=change, POWER_SUPPLY_RERUN_AICL=0, POWER_SUPPLY_AGE=100, POWER_SUPPLY_NAME=battery, POWER_SUPPLY_VOLTAGE_MAX=-22, POWER_SUPPLY_CONSTANT_CHARGE_CURRENT_MAX=3000000, POWER_SUPPLY_CHARGE_COUNTER=5011499, POWER_SUPPLY_STEP_CHARGING_ENABLED=0, POWER_SUPPLY_NUM_SYSTEM_TEMP_LEVELS=8, POWER_SUPPLY_DIE_HEALTH=Cool, POWER_SUPPLY_INPUT_SUSPEND=0}
08-01 11:58:39.230  2220  2345 I ActivityManager: Start proc 20900:com.android.vending/u0a104 for service {com.android.vending/com.google.android.finsky.scheduler.process.mainimpl.PhoneskyJobServiceMain}
08-01 11:58:39.947  2220  2809 D ConnectivityService: requestNetwork for uid/pid:10104/20900 NetworkRequest [ TRACK_DEFAULT id=165, [ Capabilities: INTERNET&NOT_RESTRICTED&TRUSTED Uid: 10104] ]
08-01 11:58:40.090  2220  2345 I ActivityManager: Start proc 20968:com.google.process.gapps/u0a110 for content provider {com.google.android.gsf/com.google.android.gsf.settings.GoogleSettingsProvider}
08-01 11:58:40.503  2220  2345 I ActivityManager: Start proc 21007:com.android.vending:background/u0a104 for service {com.android.vending/com.google.android.finsky.ipcservers.background.BackgroundGrpcServerAndroidService}
08-01 11:58:40.760  2220  2776 D ConnectivityService: requestNetwork for uid/pid:10104/21007 NetworkRequest [ TRACK_DEFAULT id=167, [ Capabilities: INTERNET&NOT_RESTRICTED&TRUSTED Uid: 10104] ]
08-01 11:58:41.809  2220  4733 I ActivityManager: Killing 19359:com.google.android.music:main/u0a164 (adj 975): empty #17
08-01 11:59:07.724  2220  4736 I ActivityManager: Killing 20134:com.google.android.gms.ui/u0a110 (adj 985): empty #17
08-01 11:59:07.725  2220  4736 I ActivityManager: Killing 20147:com.google.android.apps.docs:UploadToFolder/u0a166 (adj 985): empty #18
08-01 11:59:20.080  2220  2344 W ActivityManager: Stopping service due to app idle: u0a183 -1m10s18ms com.antutu.ABenchMark/com.antutu.benchmark.service.BenchmarkMainService
08-01 11:59:25.705 10950 11381 W SystemConfig: No directory /oem/etc/sysconfig, skipping
08-01 11:59:25.705 10950 11381 W SystemConfig: No directory /oem/etc/permissions, skipping
08-01 11:59:25.851 10950 11381 W SystemConfig: No directory /oem/etc/motorola/bgintents, skipping
08-01 11:59:25.855 10950 11381 W SystemConfig: No directory /product_services/etc/sysconfig, skipping
08-01 11:59:25.855 10950 11381 W SystemConfig: No directory /product_services/etc/permissions, skipping
08-01 11:59:25.855 10950 11381 W SystemConfig: No directory /system/etc/motorola/sysconfig, skipping
08-01 11:59:25.855 10950 11381 W SystemConfig: No directory /oem/etc/motorola/sysconfig, skipping
08-01 11:59:25.856 10950 11381 W SystemConfig: No directory /product/etc/motorola/sysconfig, skipping
08-01 11:59:31.041  2220  4014 W SettingsProvider: You shouldn't keep your settings in the secure settings. This will soon become an error.
08-01 11:59:31.043  2220  2220 V SettingsProvider: Notifying for 0: content://settings/system/dd7893586a493dc3
08-01 11:59:35.585  2220  2590 D BatteryService: uevent={POWER_SUPPLY_DP_DM=0, POWER_SUPPLY_VOLTAGE_QNOVO=-22, POWER_SUPPLY_VOLTAGE_NOW=4364490, POWER_SUPPLY_SW_JEITA_ENABLED=0, POWER_SUPPLY_HEALTH=Good, POWER_SUPPLY_TECHNOLOGY=Li-ion, POWER_SUPPLY_CHARGER_TEMP_MAX=812, POWER_SUPPLY_FCC_STEPPER_ENABLE=0, SEQNUM=4909, POWER_SUPPLY_INPUT_CURRENT_LIMITED=0, POWER_SUPPLY_STATUS=Full, POWER_SUPPLY_BATTERY_CHARGING_ENABLED=0, POWER_SUPPLY_CURRENT_MAX=3000000, POWER_SUPPLY_CAPACITY=100, DEVPATH=/devices/soc/800f000.qcom,spmi/spmi-0/spmi0-00/800f000.qcom,spmi:qcom,pm660@0:qcom,qpnp-smb2/power_supply/battery, POWER_SUPPLY_CHARGE_DONE=1, POWER_SUPPLY_CHARGE_TYPE=N/A, POWER_SUPPLY_CHARGER_TEMP=318, POWER_SUPPLY_CHARGE_RATE=Normal, POWER_SUPPLY_CURRENT_QNOVO=-22, POWER_SUPPLY_CURRENT_NOW=976, POWER_SUPPLY_SYSTEM_TEMP_LEVEL=0, POWER_SUPPLY_PRESENT=1, POWER_SUPPLY_PARALLEL_DISABLE=0, SUBSYSTEM=power_supply, POWER_SUPPLY_SET_SHIP_MODE=0, POWER_SUPPLY_TEMP=290, ACTION=change, POWER_SUPPLY_RERUN_AICL=0, POWER_SUPPLY_AGE=100, POWER_SUPPLY_NAME=battery, POWER_SUPPLY_VOLTAGE_MAX=-22, POWER_SUPPLY_CONSTANT_CHARGE_CURRENT_MAX=3000000, POWER_SUPPLY_CHARGE_COUNTER=5011443, POWER_SUPPLY_STEP_CHARGING_ENABLED=0, POWER_SUPPLY_NUM_SYSTEM_TEMP_LEVELS=8, POWER_SUPPLY_DIE_HEALTH=Cool, POWER_SUPPLY_INPUT_SUSPEND=0}
08-01 11:59:57.429  2220  4020 W ActivityManager: Background start not allowed: service Intent { cmp=com.google.android.apps.messaging/.shared.datamodel.action.execution.ActionExecutorImpl$EmptyService } to com.google.android.apps.messaging/.shared.datamodel.action.execution.ActionExecutorImpl$EmptyService from pid=20663 uid=10158 pkg=com.google.android.apps.messaging startFg?=false
08-01 11:59:57.438  2220  4020 W ActivityManager: Background start not allowed: service Intent { cmp=com.google.android.apps.messaging/.shared.datamodel.action.execution.ActionExecutorImpl$EmptyService } to com.google.android.apps.messaging/.shared.datamodel.action.execution.ActionExecutorImpl$EmptyService from pid=20663 uid=10158 pkg=com.google.android.apps.messaging startFg?=false
08-01 11:59:57.634  2220  2345 I ActivityManager: Start proc 21084:android.process.acore/u0a53 for content provider {com.android.providers.contacts/com.android.providers.contacts.ContactsProvider2}
08-01 11:59:57.676  2220  4014 I ActivityManager: Killing 20196:com.android.systemui:ui/u0a131 (adj 985): empty #17
08-01 11:59:57.815 21084 21084 D ActivityThread: Loading provider contacts;com.android.contacts: com.android.providers.contacts.ContactsProvider2
08-01 12:00:35.958  2220  2590 D BatteryService: uevent={POWER_SUPPLY_DP_DM=0, POWER_SUPPLY_VOLTAGE_QNOVO=-22, POWER_SUPPLY_VOLTAGE_NOW=4364490, POWER_SUPPLY_SW_JEITA_ENABLED=0, POWER_SUPPLY_HEALTH=Good, POWER_SUPPLY_TECHNOLOGY=Li-ion, POWER_SUPPLY_CHARGER_TEMP_MAX=812, POWER_SUPPLY_FCC_STEPPER_ENABLE=0, SEQNUM=4910, POWER_SUPPLY_INPUT_CURRENT_LIMITED=0, POWER_SUPPLY_STATUS=Full, POWER_SUPPLY_BATTERY_CHARGING_ENABLED=0, POWER_SUPPLY_CURRENT_MAX=3000000, POWER_SUPPLY_CAPACITY=100, DEVPATH=/devices/soc/800f000.qcom,spmi/spmi-0/spmi0-00/800f000.qcom,spmi:qcom,pm660@0:qcom,qpnp-smb2/power_supply/battery, POWER_SUPPLY_CHARGE_DONE=1, POWER_SUPPLY_CHARGE_TYPE=N/A, POWER_SUPPLY_CHARGER_TEMP=318, POWER_SUPPLY_CHARGE_RATE=Normal, POWER_SUPPLY_CURRENT_QNOVO=-22, POWER_SUPPLY_CURRENT_NOW=3417, POWER_SUPPLY_SYSTEM_TEMP_LEVEL=0, POWER_SUPPLY_PRESENT=1, POWER_SUPPLY_PARALLEL_DISABLE=0, SUBSYSTEM=power_supply, POWER_SUPPLY_SET_SHIP_MODE=0, POWER_SUPPLY_TEMP=290, ACTION=change, POWER_SUPPLY_RERUN_AICL=0, POWER_SUPPLY_AGE=100, POWER_SUPPLY_NAME=battery, POWER_SUPPLY_VOLTAGE_MAX=-22, POWER_SUPPLY_CONSTANT_CHARGE_CURRENT_MAX=3000000, POWER_SUPPLY_CHARGE_COUNTER=5011381, POWER_SUPPLY_STEP_CHARGING_ENABLED=0, POWER_SUPPLY_NUM_SYSTEM_TEMP_LEVELS=8, POWER_SUPPLY_DIE_HEALTH=Cool, POWER_SUPPLY_INPUT_SUSPEND=0}
08-01 12:01:36.336  2220  2590 D BatteryService: uevent={POWER_SUPPLY_DP_DM=0, POWER_SUPPLY_VOLTAGE_QNOVO=-22, POWER_SUPPLY_VOLTAGE_NOW=4364002, POWER_SUPPLY_SW_JEITA_ENABLED=0, POWER_SUPPLY_HEALTH=Good, POWER_SUPPLY_TECHNOLOGY=Li-ion, POWER_SUPPLY_CHARGER_TEMP_MAX=812, POWER_SUPPLY_FCC_STEPPER_ENABLE=0, SEQNUM=4911, POWER_SUPPLY_INPUT_CURRENT_LIMITED=0, POWER_SUPPLY_STATUS=Full, POWER_SUPPLY_BATTERY_CHARGING_ENABLED=0, POWER_SUPPLY_CURRENT_MAX=3000000, POWER_SUPPLY_CAPACITY=100, DEVPATH=/devices/soc/800f000.qcom,spmi/spmi-0/spmi0-00/800f000.qcom,spmi:qcom,pm660@0:qcom,qpnp-smb2/power_supply/battery, POWER_SUPPLY_CHARGE_DONE=1, POWER_SUPPLY_CHARGE_TYPE=N/A, POWER_SUPPLY_CHARGER_TEMP=314, POWER_SUPPLY_CHARGE_RATE=Normal, POWER_SUPPLY_CURRENT_QNOVO=-22, POWER_SUPPLY_CURRENT_NOW=3417, POWER_SUPPLY_SYSTEM_TEMP_LEVEL=0, POWER_SUPPLY_PRESENT=1, POWER_SUPPLY_PARALLEL_DISABLE=0, SUBSYSTEM=power_supply, POWER_SUPPLY_SET_SHIP_MODE=0, POWER_SUPPLY_TEMP=290, ACTION=change, POWER_SUPPLY_RERUN_AICL=0, POWER_SUPPLY_AGE=100, POWER_SUPPLY_NAME=battery, POWER_SUPPLY_VOLTAGE_MAX=-22, POWER_SUPPLY_CONSTANT_CHARGE_CURRENT_MAX=3000000, POWER_SUPPLY_CHARGE_COUNTER=5011319, POWER_SUPPLY_STEP_CHARGING_ENABLED=0, POWER_SUPPLY_NUM_SYSTEM_TEMP_LEVELS=8, POWER_SUPPLY_DIE_HEALTH=Cool, POWER_SUPPLY_INPUT_SUSPEND=0}
08-01 12:02:01.682  2220  2373 V DisplayPowerController: Brightness [30] reason changing to: 'manual', previous reason: 'manual [ dim ]'.
08-01 12:02:01.701  2220  3972 I WindowManager:   SURFACE SIZE set 1080x2246 on display:0: StatusBar
08-01 12:02:01.725  2220  4737 V WindowManager: Changing focus from Window{2b77e65 u0 com.motorola.launcher3/com.android.a1launcher.AndroidOneLauncher} to Window{cfadc13 u0 StatusBar} displayId=0
08-01 12:02:02.413  2220  3972 D BluetoothManagerService: disable(): mBluetooth = android.bluetooth.IBluetooth$Stub$Proxy@4fa551a mBinding = false
08-01 12:02:02.413  2220  3972 D BluetoothManagerService: Persisting Bluetooth Setting: 0
08-01 12:02:02.414  2220  2334 D BluetoothManagerService: MESSAGE_DISABLE: mBluetooth = android.bluetooth.IBluetooth$Stub$Proxy@4fa551a
08-01 12:02:02.415  2220  2220 V SettingsProvider: Notifying for 0: content://settings/global/bluetooth_on
08-01 12:02:02.416  2220  2334 D BluetoothManagerService: Sending off request.
08-01 12:02:02.419  2220  2334 D BluetoothManagerService: MESSAGE_BLUETOOTH_STATE_CHANGE: ON > TURNING_OFF
08-01 12:02:02.419  2220  2334 D BluetoothManagerService: Sending BLE State Change: ON > TURNING_OFF
08-01 12:02:02.451  2220  2220 I TelecomService: BluetoothDeviceManager: Lost BluetoothHeadset service. Removing all tracked devices.: BMSL.oSD@AKM
08-01 12:02:02.464  2220  4081 W BluetoothManagerService: bindBluetoothProfileService:Trying to bind to profile: 1, while Bluetooth is disabled
08-01 12:02:02.550  2220  2220 W TelecomService: BluetoothPhoneService: onServiceDisconnected: setting mBluetoothHeadet to null
08-01 12:02:02.555  2220  2334 D BluetoothManagerService: MESSAGE_BLUETOOTH_STATE_CHANGE: TURNING_OFF > BLE_ON
08-01 12:02:02.556  2220  2334 D BluetoothManagerService: Intermediate off, back to LE only mode
08-01 12:02:02.556  2220  2334 D BluetoothManagerService: Sending BLE State Change: TURNING_OFF > BLE_ON
08-01 12:02:02.556 19239 19239 E ActivityThread: Service com.android.bluetooth.a2dp.A2dpService has leaked ServiceConnection android.media.browse.MediaBrowser$MediaServiceConnection@77c7dd2 that was originally bound here
08-01 12:02:02.556 19239 19239 E ActivityThread: android.app.ServiceConnectionLeaked: Service com.android.bluetooth.a2dp.A2dpService has leaked ServiceConnection android.media.browse.MediaBrowser$MediaServiceConnection@77c7dd2 that was originally bound here
08-01 12:02:02.556 19239 19239 E ActivityThread: 	at android.app.LoadedApk$ServiceDispatcher.<init>(LoadedApk.java:1814)
08-01 12:02:02.556 19239 19239 E ActivityThread: 	at android.app.LoadedApk.getServiceDispatcherCommon(LoadedApk.java:1686)
08-01 12:02:02.556 19239 19239 E ActivityThread: 	at android.app.LoadedApk.getServiceDispatcher(LoadedApk.java:1665)
08-01 12:02:02.556 19239 19239 E ActivityThread: 	at android.app.ContextImpl.bindServiceCommon(ContextImpl.java:1736)
08-01 12:02:02.556 19239 19239 E ActivityThread: 	at android.app.ContextImpl.bindService(ContextImpl.java:1665)
08-01 12:02:02.556 19239 19239 E ActivityThread: 	at android.content.ContextWrapper.bindService(ContextWrapper.java:705)
08-01 12:02:02.556 19239 19239 E ActivityThread: 	at android.media.browse.MediaBrowser$1.run(MediaBrowser.java:187)
08-01 12:02:02.556 19239 19239 E ActivityThread: 	at android.os.Handler.handleCallback(Handler.java:883)
08-01 12:02:02.556 19239 19239 E ActivityThread: 	at android.os.Handler.dispatchMessage(Handler.java:100)
08-01 12:02:02.556 19239 19239 E ActivityThread: 	at android.os.Looper.loop(Looper.java:241)
08-01 12:02:02.556 19239 19239 E ActivityThread: 	at android.os.HandlerThread.run(HandlerThread.java:67)
08-01 12:02:02.556  2220  2334 D BluetoothManagerService: Broadcasting onBluetoothStateChange(false) to 20 receivers.
08-01 12:02:02.558  2220  2220 I TelecomService: BluetoothDeviceManager: Lost BluetoothHeadset service. Removing all tracked devices.: BMSL.oSD@AKQ
08-01 12:02:02.560  2220  2334 D BluetoothManagerService: Calling sendBrEdrDownCallback callbacks
08-01 12:02:02.560  2220  2334 D BluetoothManagerService: isBleAppPresent() count: 0
08-01 12:02:02.564  2220  2334 D BluetoothManagerService: MESSAGE_BLUETOOTH_STATE_CHANGE: BLE_ON > BLE_TURNING_OFF
08-01 12:02:02.564  2220  2334 D BluetoothManagerService: Sending BLE State Change: BLE_ON > BLE_TURNING_OFF
08-01 12:02:02.572  2220  4737 W BluetoothManagerService: psc.isEmpty is true, removing psc entry for profile 1
08-01 12:02:02.938  2220  2334 D BluetoothManagerService: MESSAGE_BLUETOOTH_STATE_CHANGE: BLE_TURNING_OFF > OFF
08-01 12:02:02.938  2220  2334 D BluetoothManagerService: Bluetooth is complete send Service Down
08-01 12:02:02.938  2220  2334 D BluetoothManagerService: Broadcasting onBluetoothServiceDown() to 13 receivers.
08-01 12:02:02.940  2220  2334 D BluetoothManagerService: unbindAndFinish(): android.bluetooth.IBluetooth$Stub$Proxy@4fa551a mBinding = false mUnbinding = false
08-01 12:02:02.943  2220  2334 D BluetoothManagerService: Sending BLE State Change: BLE_TURNING_OFF > OFF
08-01 12:02:03.070  2220  2809 I ActivityManager: Process com.android.bluetooth (pid 19239) has died: fore SVC 
08-01 12:02:03.072  2220  2335 W ActivityManager: setHasOverlayUi called on unknown pid: 19239
08-01 12:02:04.097  2220  4014 V WindowManager: Changing focus from Window{cfadc13 u0 StatusBar} to Window{2b77e65 u0 com.motorola.launcher3/com.android.a1launcher.AndroidOneLauncher} displayId=0
08-01 12:02:04.113  2220  4740 I WindowManager:   SURFACE SIZE set 1080x86 on display:0: StatusBar
08-01 12:02:29.193  2220  2343 I UsageStatsService: User[0] Flushing usage stats to disk
08-01 12:02:29.366  2220  2343 E AppIdleHistory: Error writing app idle file for user 0
08-01 12:02:36.706  2220  2590 D BatteryService: uevent={POWER_SUPPLY_DP_DM=0, POWER_SUPPLY_VOLTAGE_QNOVO=-22, POWER_SUPPLY_VOLTAGE_NOW=4363514, POWER_SUPPLY_SW_JEITA_ENABLED=0, POWER_SUPPLY_HEALTH=Good, POWER_SUPPLY_TECHNOLOGY=Li-ion, POWER_SUPPLY_CHARGER_TEMP_MAX=812, POWER_SUPPLY_FCC_STEPPER_ENABLE=0, SEQNUM=4912, POWER_SUPPLY_INPUT_CURRENT_LIMITED=0, POWER_SUPPLY_STATUS=Full, POWER_SUPPLY_BATTERY_CHARGING_ENABLED=0, POWER_SUPPLY_CURRENT_MAX=3000000, POWER_SUPPLY_CAPACITY=100, DEVPATH=/devices/soc/800f000.qcom,spmi/spmi-0/spmi0-00/800f000.qcom,spmi:qcom,pm660@0:qcom,qpnp-smb2/power_supply/battery, POWER_SUPPLY_CHARGE_DONE=1, POWER_SUPPLY_CHARGE_TYPE=N/A, POWER_SUPPLY_CHARGER_TEMP=318, POWER_SUPPLY_CHARGE_RATE=Normal, POWER_SUPPLY_CURRENT_QNOVO=-22, POWER_SUPPLY_CURRENT_NOW=3417, POWER_SUPPLY_SYSTEM_TEMP_LEVEL=0, POWER_SUPPLY_PRESENT=1, POWER_SUPPLY_PARALLEL_DISABLE=0, SUBSYSTEM=power_supply, POWER_SUPPLY_SET_SHIP_MODE=0, POWER_SUPPLY_TEMP=290, ACTION=change, POWER_SUPPLY_RERUN_AICL=0, POWER_SUPPLY_AGE=100, POWER_SUPPLY_NAME=battery, POWER_SUPPLY_VOLTAGE_MAX=-22, POWER_SUPPLY_CONSTANT_CHARGE_CURRENT_MAX=3000000, POWER_SUPPLY_CHARGE_COUNTER=5011259, POWER_SUPPLY_STEP_CHARGING_ENABLED=0, POWER_SUPPLY_NUM_SYSTEM_TEMP_LEVELS=8, POWER_SUPPLY_DIE_HEALTH=Cool, POWER_SUPPLY_INPUT_SUSPEND=0}
08-01 12:02:50.044  2220  4020 I ActivityTaskManager: START u0 {act=android.intent.action.MAIN cat=[android.intent.category.LAUNCHER] flg=0x10000000 cmp=com.android.settings/.homepage.SettingsHomepageActivity} from uid 2000
08-01 12:02:50.068  2220  2809 V WindowManager: Changing focus from Window{2b77e65 u0 com.motorola.launcher3/com.android.a1launcher.AndroidOneLauncher} to null displayId=0
08-01 12:02:50.118  2220  2336 I WindowManager:   SURFACE show Surface(name=Splash Screen com.android.settings)/@0x8f3fd3e on display:0: Splash Screen com.android.settings
08-01 12:02:50.221  2220  2345 I ActivityManager: Start proc 21213:com.android.settings.intelligence/u0a129 for service {com.android.settings.intelligence/com.android.settings.intelligence.suggestions.SuggestionService}
08-01 12:02:50.233  2220  2352 E BatteryExternalStatsWorker: no controller energy info supplied for bluetooth
08-01 12:02:50.248  2220  2352 E KernelCpuUidUserSysTimeReader: Negative user/sys time delta for UID=10129
08-01 12:02:50.248  2220  2352 E KernelCpuUidUserSysTimeReader: Prev times: u=2044000 s=570000 Curr times: u=1797000 s=487000
08-01 12:02:50.265  2220  2352 D KernelCpuUidUserSysTimeReader: Removing uids 10210-10210
08-01 12:02:50.266  2220  2352 D KernelCpuUidUserSysTimeReader: Removing uids 10211-10211
08-01 12:02:50.266  2220  2352 D KernelCpuUidUserSysTimeReader: Removing uids 99002-99002
08-01 12:02:50.294  2220  2352 E BatteryExternalStatsWorker: no controller energy info supplied for bluetooth
08-01 12:02:50.334  2220  2345 I ActivityManager: Start proc 21237:com.google.android.permissioncontroller/u0a49 for service {com.google.android.permissioncontroller/com.android.packageinstaller.permission.service.PermissionControllerServiceImpl}
08-01 12:02:50.423  2220  4020 I WindowManager: Window drawn AppWindowToken{3a2bed2 token=Token{299b55d ActivityRecord{2cd9334 u0 com.motorola.launcher3/com.android.a1launcher.AndroidOneLauncher t2}}}
08-01 12:02:50.459  2220  2809 V WindowManager: Changing focus from null to Window{6573168 u0 com.android.settings/com.android.settings.homepage.SettingsHomepageActivity} displayId=0
08-01 12:02:50.509  2220  2352 E BatteryExternalStatsWorker: no controller energy info supplied for bluetooth
08-01 12:02:50.546  2220  2336 I LaunchCheckinHandler: Displayed com.android.settings/.homepage.SettingsHomepageActivity,wp,ca,480
08-01 12:02:50.546  2220  2336 I WindowManager: Window drawn AppWindowToken{48e7e63 token=Token{63f6492 ActivityRecord{e4e5a1d u0 com.android.settings/.homepage.SettingsHomepageActivity t50}}}
08-01 12:02:50.546  2220  2336 I WindowManager:   SURFACE show Surface(name=com.android.settings/com.android.settings.homepage.SettingsHomepageActivity)/@0x36dc498 on display:0: com.android.settings/com.android.settings.homepage.SettingsHomepageActivity
08-01 12:02:51.493  2220  3588 I ActivityTaskManager: START u0 {act=android.intent.action.MAIN cmp=com.android.settings/.SubSettings (has extras)} from uid 1000
08-01 12:02:51.504  2220  3588 V WindowManager: Changing focus from Window{6573168 u0 com.android.settings/com.android.settings.homepage.SettingsHomepageActivity} to null displayId=0
08-01 12:02:51.628  2220  2809 V WindowManager: Changing focus from null to Window{5f1c2f u0 com.android.settings/com.android.settings.SubSettings} displayId=0
08-01 12:02:51.681  2220  2336 I LaunchCheckinHandler: Displayed com.android.settings/.SubSettings,wp,ca,179
08-01 12:02:51.681  2220  2336 I WindowManager: Window drawn AppWindowToken{43b5ba token=Token{e6a16e5 ActivityRecord{d3e5dc u0 com.android.settings/.SubSettings t50}}}
08-01 12:02:51.683  2220  2336 I WindowManager:   SURFACE show Surface(name=com.android.settings/com.android.settings.SubSettings)/@0x814f2be on display:0: com.android.settings/com.android.settings.SubSettings
08-01 12:02:52.130  2220  4740 I WindowManager: Window drawn AppWindowToken{48e7e63 token=Token{63f6492 ActivityRecord{e4e5a1d u0 com.android.settings/.homepage.SettingsHomepageActivity t50}}}
08-01 12:02:52.241  2220  3588 I ActivityTaskManager: START u0 {act=android.intent.action.MAIN cmp=com.android.settings/.SubSettings (has extras)} from uid 1000
08-01 12:02:52.254  2220  4733 V WindowManager: Changing focus from Window{5f1c2f u0 com.android.settings/com.android.settings.SubSettings} to null displayId=0
08-01 12:02:52.290  2220  4733 E UserRestrictionsUtils: Unknown restriction queried by uid 1000 (com.motorola.android.fmradio et al): null
08-01 12:02:52.291  2220  4733 E UserRestrictionsUtils: Unknown restriction queried by uid 1000 (com.motorola.android.fmradio et al): null
08-01 12:02:52.324  2220  2345 I ActivityManager: Start proc 21289:com.motorola.coresettingsext/u0a61 for content provider {com.motorola.coresettingsext/com.motorola.coresettingsext.CoreSettingsDynamicPrefProvider}
08-01 12:02:52.455  2220  4740 W ActivityManager: Permission Denial: Accessing service com.google.android.music/.dial.DialMediaRouteProviderService from pid=3634, uid=10110 that is not exported from uid 10164
08-01 12:02:52.457  2220  2345 I ActivityManager: Start proc 21311:com.android.printspooler/u0a94 for service {com.android.printspooler/com.android.printspooler.model.PrintSpoolerService}
08-01 12:02:52.524  2220  3588 V WindowManager: Changing focus from null to Window{b108e18 u0 com.android.settings/com.android.settings.SubSettings} displayId=0
08-01 12:02:52.570  2220  2336 I LaunchCheckinHandler: Displayed com.android.settings/.SubSettings,wp,ca,319
08-01 12:02:52.571  2220  2336 I WindowManager: Window drawn AppWindowToken{3fa2304 token=Token{2302317 ActivityRecord{74a9b96 u0 com.android.settings/.SubSettings t50}}}
08-01 12:02:52.572  2220  2336 I WindowManager:   SURFACE show Surface(name=com.android.settings/com.android.settings.SubSettings)/@0xd8c73c4 on display:0: com.android.settings/com.android.settings.SubSettings
--------- beginning of main
08-01 12:02:52.593  3634  3634 W ChimeraUtils: Module com.google.android.gms.cast missing resource cast_module_display_name(0)
08-01 12:02:52.597  3634  3634 I CastMirroringProvider: onDiscoveryModeChanged, mode=1
08-01 12:02:52.602  2220  4081 W ActivityManager: Permission Denial: Accessing service com.google.android.music/.dial.DialMediaRouteProviderService from pid=3634, uid=10110 that is not exported from uid 10164
08-01 12:02:52.603  3054  3054 I GoogleInputMethodService: GoogleInputMethodService.onFinishInput():3184 
08-01 12:02:52.604  3054  3054 I GoogleInputMethodService: GoogleInputMethodService.onStartInput():1830 
08-01 12:02:52.613  3634 18187 I DiscoveryManager: Filter criteria(674A0243,8E6C866D) scannerFlags(0)
08-01 12:02:52.614  3634 18187 W GuestModeDeviceProber: setFilterCriteria
08-01 12:02:52.675 19152 21200 D UIAutomatorStub: URI: /jsonrpc/0, Method: POST, params, {NanoHttpd.QUERY_STRING=null}, files: {postData={"jsonrpc": "2.0", "id": "7f92aad8321042543fdfa5268524a8f0", "method": "objInfo", "params": [{"mask": 1, "childOrSibling": [], "childOrSiblingSelector": [], "text": "Bluetooth"}]}}
08-01 12:02:52.677 19152 21200 W QueryController: Could not detect idle state.
08-01 12:02:52.725 19152 21200 W QueryController: Could not detect idle state.
08-01 12:02:52.782 19152 21200 D UIAutomatorStub: URI: /jsonrpc/0, Method: POST, params, {NanoHttpd.QUERY_STRING=null}, files: {postData={"jsonrpc": "2.0", "id": "bb8d46d5bfff6b3d1ce35fd861bff12a", "method": "click", "params": [318.5, 334.5]}}
08-01 12:02:52.983  2220  4081 I WindowManager: Window drawn AppWindowToken{43b5ba token=Token{e6a16e5 ActivityRecord{d3e5dc u0 com.android.settings/.SubSettings t50}}}
08-01 12:02:52.988 20224 20224 D LocalBluetoothManager: setting foreground activity to null
08-01 12:02:53.091  2220  2809 I ActivityTaskManager: START u0 {act=android.intent.action.MAIN cmp=com.android.settings/.SubSettings (has extras)} from uid 1000
08-01 12:02:53.102  2220  2809 V WindowManager: Changing focus from Window{b108e18 u0 com.android.settings/com.android.settings.SubSettings} to null displayId=0
08-01 12:02:53.107 20224 20224 W ActivityThread: handleWindowVisibility: no activity for token android.os.BinderProxy@8480d2
08-01 12:02:53.114 20224 20224 D SettingsActivity: Starting onCreate
08-01 12:02:53.131 20224 20224 D SettingsActivity: Starting to set activity title
08-01 12:02:53.131 20224 20224 D SettingsActivity: Done setting title
08-01 12:02:53.131 20224 20224 D SettingsActivity: Switching to fragment com.android.settings.connecteddevice.BluetoothDashboardFragment
08-01 12:02:53.131 20224 20224 D SubSettings: Launching fragment com.android.settings.connecteddevice.BluetoothDashboardFragment
08-01 12:02:53.133 20224 20224 D PrefCtrlListHelper: Could not find Context-only controller for pref: com.android.settings.bluetooth.BluetoothDeviceRenamePreferenceController
08-01 12:02:53.133 20224 20224 D PrefCtrlListHelper: Could not find Context-only controller for pref: com.android.settings.connecteddevice.AddDevicePreferenceController
08-01 12:02:53.136 20224 20224 D BluetoothDashboardFrag: NO dashboard tiles for BluetoothDashboardFrag
08-01 12:02:53.136 20224 20224 D BluetoothDashboardFrag: All preferences added, reporting fully drawn
08-01 12:02:53.137 20224 20224 D SettingsActivity: Executed frag manager pendingTransactions
08-01 12:02:53.147 19152 21200 D UIAutomatorStub: URI: /jsonrpc/0, Method: POST, params, {NanoHttpd.QUERY_STRING=null}, files: {postData={"jsonrpc": "2.0", "id": "5183bc3fb2b03e4ae6b0a84a34058305", "method": "waitForExists", "params": [{"mask": 1, "childOrSibling": [], "childOrSiblingSelector": [], "text": "Off"}, 20000]}}
08-01 12:02:53.148 19152 21200 W QueryController: Could not detect idle state.
08-01 12:02:53.158 20224 21279 W TileUtils: Found com.android.settings.Settings$DataUsageSummaryActivity for intent Intent { act=com.android.settings.action.SETTINGS pkg=com.android.settings } missing metadata com.android.settings.category
08-01 12:02:53.168 20224 21211 D SettingsActivity: No enabled state changed, skipping updateCategory call
08-01 12:02:53.172  2220  4081 V WindowManager: Changing focus from null to Window{650cef2 u0 com.android.settings/com.android.settings.SubSettings} displayId=0
08-01 12:02:53.224  2220  2336 I LaunchCheckinHandler: Displayed com.android.settings/.SubSettings,wp,ca,124
08-01 12:02:53.224  2220  2336 I WindowManager: Window drawn AppWindowToken{19ff4b7 token=Token{762fb6 ActivityRecord{76a8b51 u0 com.android.settings/.SubSettings t50}}}
08-01 12:02:53.225  2220  2336 I WindowManager:   SURFACE show Surface(name=com.android.settings/com.android.settings.SubSettings)/@0xe18e83e on display:0: com.android.settings/com.android.settings.SubSettings
08-01 12:02:53.232  3054  3054 I GoogleInputMethodService: GoogleInputMethodService.onFinishInput():3184 
08-01 12:02:53.232  3054  3054 I GoogleInputMethodService: GoogleInputMethodService.onStartInput():1830 
08-01 12:02:53.259 19152 21200 W ByMatcher: Node returned null child: android.view.accessibility.AccessibilityNodeInfo@4d71a; boundsInParent: Rect(0, 0 - 1080, 168); boundsInScreen: Rect(0, 86 - 1080, 254); packageName: com.android.settings; className: android.view.ViewGroup; text: null; error: null; maxTextLength: -1; contentDescription: null; tooltipText: null; viewIdResName: com.android.settings:id/action_bar; checkable: false; checked: false; focusable: false; focused: false; selected: false; clickable: false; longClickable: false; contextClickable: false; enabled: true; password: false; scrollable: false; importantForAccessibility: false; visible: true; actions: [AccessibilityAction: ACTION_SELECT - null, AccessibilityAction: ACTION_CLEAR_SELECTION - null, AccessibilityAction: ACTION_ACCESSIBILITY_FOCUS - null, AccessibilityAction: ACTION_SHOW_ON_SCREEN - null]
08-01 12:02:53.259 19152 21200 W ByMatcher: Skipping null child (0 of 3)
08-01 12:02:53.260 19152 21200 W ByMatcher: Skipping null child (1 of 3)
08-01 12:02:53.261 19152 21200 W ByMatcher: Skipping null child (2 of 3)
08-01 12:02:53.262 19152 21200 W ByMatcher: Node returned null child: android.view.accessibility.AccessibilityNodeInfo@5dde0; boundsInParent: Rect(0, 0 - 168, 96); boundsInScreen: Rect(48, 1291 - 216, 1387); packageName: com.android.settings; className: android.widget.LinearLayout; text: null; error: null; maxTextLength: -1; contentDescription: null; tooltipText: null; viewIdResName: com.android.settings:id/icon_frame; checkable: false; checked: false; focusable: false; focused: false; selected: false; clickable: false; longClickable: false; contextClickable: false; enabled: true; password: false; scrollable: false; importantForAccessibility: false; visible: true; actions: [AccessibilityAction: ACTION_SELECT - null, AccessibilityAction: ACTION_CLEAR_SELECTION - null, AccessibilityAction: ACTION_ACCESSIBILITY_FOCUS - null, AccessibilityAction: ACTION_SHOW_ON_SCREEN - null]
08-01 12:02:53.262 19152 21200 W ByMatcher: Skipping null child (0 of 1)
08-01 12:02:53.263 19152 21200 W ByMatcher: Node returned null child: android.view.accessibility.AccessibilityNodeInfo@5da1f; boundsInParent: Rect(0, 0 - 1080, 218); boundsInScreen: Rect(0, 1230 - 1080, 1448); packageName: com.android.settings; className: android.widget.LinearLayout; text: null; error: null; maxTextLength: -1; contentDescription: null; tooltipText: null; viewIdResName: null; checkable: false; checked: false; focusable: true; focused: false; selected: false; clickable: true; longClickable: false; contextClickable: false; enabled: true; password: false; scrollable: false; importantForAccessibility: true; visible: true; actions: [AccessibilityAction: ACTION_FOCUS - null, AccessibilityAction: ACTION_SELECT - null, AccessibilityAction: ACTION_CLEAR_SELECTION - null, AccessibilityAction: ACTION_CLICK - null, AccessibilityAction: ACTION_ACCESSIBILITY_FOCUS - null, AccessibilityAction: ACTION_SHOW_ON_SCREEN - null]
08-01 12:02:53.263 19152 21200 W ByMatcher: Skipping null child (1 of 2)
08-01 12:02:53.264 19152 21200 W ByMatcher: Node returned null child: android.view.accessibility.AccessibilityNodeInfo@4d71a; boundsInParent: Rect(0, 0 - 1080, 168); boundsInScreen: Rect(0, 86 - 1080, 254); packageName: com.android.settings; className: android.view.ViewGroup; text: null; error: null; maxTextLength: -1; contentDescription: null; tooltipText: null; viewIdResName: com.android.settings:id/action_bar; checkable: false; checked: false; focusable: false; focused: false; selected: false; clickable: false; longClickable: false; contextClickable: false; enabled: true; password: false; scrollable: false; importantForAccessibility: false; visible: true; actions: [AccessibilityAction: ACTION_SELECT - null, AccessibilityAction: ACTION_CLEAR_SELECTION - null, AccessibilityAction: ACTION_ACCESSIBILITY_FOCUS - null, AccessibilityAction: ACTION_SHOW_ON_SCREEN - null]
08-01 12:02:53.265 19152 21200 W ByMatcher: Skipping null child (0 of 3)
08-01 12:02:53.265 19152 21200 W ByMatcher: Skipping null child (1 of 3)
08-01 12:02:53.265 19152 21200 W ByMatcher: Skipping null child (2 of 3)
08-01 12:02:53.266 19152 21200 W ByMatcher: Node returned null child: android.view.accessibility.AccessibilityNodeInfo@5dde0; boundsInParent: Rect(0, 0 - 168, 96); boundsInScreen: Rect(48, 1291 - 216, 1387); packageName: com.android.settings; className: android.widget.LinearLayout; text: null; error: null; maxTextLength: -1; contentDescription: null; tooltipText: null; viewIdResName: com.android.settings:id/icon_frame; checkable: false; checked: false; focusable: false; focused: false; selected: false; clickable: false; longClickable: false; contextClickable: false; enabled: true; password: false; scrollable: false; importantForAccessibility: false; visible: true; actions: [AccessibilityAction: ACTION_SELECT - null, AccessibilityAction: ACTION_CLEAR_SELECTION - null, AccessibilityAction: ACTION_ACCESSIBILITY_FOCUS - null, AccessibilityAction: ACTION_SHOW_ON_SCREEN - null]
08-01 12:02:53.266 19152 21200 W ByMatcher: Skipping null child (0 of 1)
08-01 12:02:53.267 19152 21200 W ByMatcher: Node returned null child: android.view.accessibility.AccessibilityNodeInfo@5da1f; boundsInParent: Rect(0, 0 - 1080, 218); boundsInScreen: Rect(0, 1230 - 1080, 1448); packageName: com.android.settings; className: android.widget.LinearLayout; text: null; error: null; maxTextLength: -1; contentDescription: null; tooltipText: null; viewIdResName: null; checkable: false; checked: false; focusable: true; focused: false; selected: false; clickable: true; longClickable: false; contextClickable: false; enabled: true; password: false; scrollable: false; importantForAccessibility: true; visible: true; actions: [AccessibilityAction: ACTION_FOCUS - null, AccessibilityAction: ACTION_SELECT - null, AccessibilityAction: ACTION_CLEAR_SELECTION - null, AccessibilityAction: ACTION_CLICK - null, AccessibilityAction: ACTION_ACCESSIBILITY_FOCUS - null, AccessibilityAction: ACTION_SHOW_ON_SCREEN - null]
08-01 12:02:53.267 19152 21200 W ByMatcher: Skipping null child (1 of 2)
08-01 12:02:53.327 19152 21200 D UIAutomatorStub: URI: /jsonrpc/0, Method: POST, params, {NanoHttpd.QUERY_STRING=null}, files: {postData={"jsonrpc": "2.0", "id": "3aefd35df9bae6a8a6affdc4f5fef240", "method": "objInfo", "params": [{"mask": 1, "childOrSibling": [], "childOrSiblingSelector": [], "text": "Off"}]}}
08-01 12:02:53.329 19152 21200 W QueryController: Could not detect idle state.
08-01 12:02:53.381 19152 21200 W QueryController: Could not detect idle state.
08-01 12:02:53.440 19152 21200 D UIAutomatorStub: URI: /jsonrpc/0, Method: POST, params, {NanoHttpd.QUERY_STRING=null}, files: {postData={"jsonrpc": "2.0", "id": "05e2d0bd113de30e69e4eb98084be716", "method": "click", "params": [552.0, 337.5]}}
08-01 12:02:53.666  2220  4740 I WindowManager: Window drawn AppWindowToken{3fa2304 token=Token{2302317 ActivityRecord{74a9b96 u0 com.android.settings/.SubSettings t50}}}
08-01 12:02:53.671  3634  3634 I CastMirroringProvider: onDiscoveryModeChanged, mode=0
08-01 12:02:53.672  3634 18187 I CastMirroringProvider: onDiscoveryModeChanged removing all remote displays
08-01 12:02:53.675  3634  3634 W MediaRouter: Ignoring invalid provider descriptor: null
08-01 12:02:53.676  3634 17219 I DiscoveryManager: Filter criteria(null) scannerFlags(0)
08-01 12:02:53.677  3634 17219 W GuestModeDeviceProber: setFilterCriteria
08-01 12:02:53.774  2220  4014 D BluetoothManagerService: enable(com.android.settings):  mBluetooth =null mBinding = false mState = OFF
08-01 12:02:53.775  2220  4014 D BluetoothManagerService: enable returning
08-01 12:02:53.775  2220  2334 D BluetoothManagerService: MESSAGE_ENABLE(0): mBluetooth = null
08-01 12:02:53.790  1060  1060 D Zygote  : Forked child process 21337
08-01 12:02:53.792  2220  2345 I ActivityManager: Start proc 21337:com.android.bluetooth/1002 for service {com.android.bluetooth/com.android.bluetooth.btservice.AdapterService}
08-01 12:02:53.800 21337 21337 I chatty  : uid=1002(bluetooth) com.android.bluetooth expire 1185 lines
08-01 12:02:53.814  1117  1117 V LocSvc_HIDL_IzatProvider: [onRemoveRequest][210] [HS] <<<<= [HC]
08-01 12:02:53.833 19152 21200 D UIAutomatorStub: URI: /jsonrpc/0, Method: POST, params, {NanoHttpd.QUERY_STRING=null}, files: {postData={"jsonrpc": "2.0", "id": "a41a3e33d8ea634701cb41cfafb6fefd", "method": "pressKey", "params": ["back"]}}
08-01 12:02:53.837 19152 21200 W QueryController: Could not detect idle state.
08-01 12:02:53.862  2220  2809 V WindowManager: Changing focus from Window{650cef2 u0 com.android.settings/com.android.settings.SubSettings} to null displayId=0
08-01 12:02:53.885  3634  3634 E gle.android.gm: Invalid ID 0x00000000.
08-01 12:02:53.886  3634  3634 W ChimeraUtils: Module com.google.android.gms.cast missing resource cast_module_display_name(0)
08-01 12:02:53.888 20224 21211 W TileUtils: Found com.android.settings.Settings$DataUsageSummaryActivity for intent Intent { act=com.android.settings.action.SETTINGS pkg=com.android.settings } missing metadata com.android.settings.category
08-01 12:02:53.890  3634  3634 I CastMirroringProvider: onDiscoveryModeChanged, mode=1
08-01 12:02:53.896 21337 21357 I chatty  : uid=1002(bluetooth) AdapterState expire 73 lines
08-01 12:02:53.897  2220  4740 W ActivityManager: Permission Denial: Accessing service com.google.android.music/.dial.DialMediaRouteProviderService from pid=3634, uid=10110 that is not exported from uid 10164
08-01 12:02:53.898 21337 21358 I chatty  : uid=1002(bluetooth) stack_manager expire 282 lines
08-01 12:02:53.898  2220  2809 V WindowManager: Changing focus from null to Window{b108e18 u0 com.android.settings/com.android.settings.SubSettings} displayId=0
08-01 12:02:53.900 21337 21361 I chatty  : uid=1002(bluetooth) alarm_default_c expire 1 line
08-01 12:02:53.901 21337 21362 I chatty  : uid=1002(bluetooth) alarm_dispatche expire 1 line
08-01 12:02:53.903  3634 18187 I DiscoveryManager: Filter criteria(674A0243,8E6C866D) scannerFlags(0)
08-01 12:02:53.904  3634 18187 W GuestModeDeviceProber: setFilterCriteria
08-01 12:02:53.908 20224 21279 D SettingsActivity: No enabled state changed, skipping updateCategory call
08-01 12:02:53.915 21337 21363 I chatty  : uid=1002(bluetooth) BT Service Call expire 71 lines
08-01 12:02:53.918  2220  2336 I WindowManager: Window drawn AppWindowToken{3fa2304 token=Token{2302317 ActivityRecord{74a9b96 u0 com.android.settings/.SubSettings t50}}}
08-01 12:02:53.920  2220  2220 D BluetoothManagerService: Bluetooth Adapter name changed to Motorola
08-01 12:02:53.920  2220  2220 D BluetoothManagerService: Stored Bluetooth name: Motorola
08-01 12:02:53.921  2220  2336 I WindowManager:   SURFACE show Surface(name=com.android.settings/com.android.settings.SubSettings)/@0x4a1ff14 on display:0: com.android.settings/com.android.settings.SubSettings
08-01 12:02:53.923  3054  3054 I GoogleInputMethodService: GoogleInputMethodService.onFinishInput():3184 
08-01 12:02:53.924  3054  3054 I GoogleInputMethodService: GoogleInputMethodService.onStartInput():1830 
08-01 12:02:53.924 21337 21364 I chatty  : uid=1002(bluetooth) BondStateMachin expire 1 line
08-01 12:02:53.924  3634  3634 I CastMirroringProvider: onDiscoveryModeChanged, mode=0
08-01 12:02:53.925  3634 18187 I CastMirroringProvider: onDiscoveryModeChanged removing all remote displays
08-01 12:02:53.930  3634  3634 W MediaRouter: Ignoring invalid provider descriptor: null
08-01 12:02:53.934 21337 21366 I chatty  : uid=1002(bluetooth) BluetoothActive expire 11 lines
08-01 12:02:53.936  3634 17219 I DiscoveryManager: Filter criteria(null) scannerFlags(0)
08-01 12:02:53.937  3634 17219 W GuestModeDeviceProber: setFilterCriteria
08-01 12:02:53.945  1110  1110 I chatty  : uid=1002 bluetooth@1.0-s expire 33 lines
08-01 12:02:53.952  2220  2220 D BluetoothManagerService: BluetoothServiceConnection: com.android.bluetooth.btservice.AdapterService
08-01 12:02:53.952  2220  2334 D BluetoothManagerService: MESSAGE_BLUETOOTH_SERVICE_CONNECTED: 1
08-01 12:02:53.953  2220  2334 D BluetoothManagerService: Broadcasting onBluetoothServiceUp() to 13 receivers.
08-01 12:02:53.953  3634 12866 D BluetoothAdapter: onBluetoothServiceUp: android.bluetooth.IBluetooth$Stub$Proxy@5df4db1
08-01 12:02:53.954 20270 20332 D BluetoothAdapter: onBluetoothServiceUp: android.bluetooth.IBluetooth$Stub$Proxy@a267c51
08-01 12:02:53.954  2220  2334 I chatty  : uid=1000(system) android.io expire 12 lines
08-01 12:02:53.954  3985  4016 D BluetoothAdapter: onBluetoothServiceUp: android.bluetooth.IBluetooth$Stub$Proxy@e45421c
08-01 12:02:53.954 10950 10968 D BluetoothAdapter: onBluetoothServiceUp: android.bluetooth.IBluetooth$Stub$Proxy@d73e70a
08-01 12:02:53.954  3686  4163 D BluetoothAdapter: onBluetoothServiceUp: android.bluetooth.IBluetooth$Stub$Proxy@fd3d3ab
08-01 12:02:53.954 20224 20241 D BluetoothAdapter: onBluetoothServiceUp: android.bluetooth.IBluetooth$Stub$Proxy@ed3fb4b
08-01 12:02:53.954  2954  3837 D BluetoothAdapter: onBluetoothServiceUp: android.bluetooth.IBluetooth$Stub$Proxy@d728954
08-01 12:02:53.954  3237  4072 D BluetoothAdapter: onBluetoothServiceUp: android.bluetooth.IBluetooth$Stub$Proxy@ef0a85e
08-01 12:02:53.955  2678  2848 D BluetoothAdapter: onBluetoothServiceUp: android.bluetooth.IBluetooth$Stub$Proxy@1c3c872
08-01 12:02:53.955  3634  3634 E gle.android.gm: Invalid ID 0x00000000.
08-01 12:02:53.955  3634  3634 W ChimeraUtils: Module com.google.android.gms.cast missing resource cast_module_display_name(0)
08-01 12:02:53.955 10916 10935 D BluetoothAdapter: onBluetoothServiceUp: android.bluetooth.IBluetooth$Stub$Proxy@f1ad804
08-01 12:02:53.955 21337 21354 I chatty  : uid=1002(bluetooth) Binder:21337_2 expire 2 lines
08-01 12:02:53.955  7980  8060 D BluetoothAdapter: onBluetoothServiceUp: android.bluetooth.IBluetooth$Stub$Proxy@4cfe740
08-01 12:02:53.956 21337 21355 I chatty  : uid=1002(bluetooth) Binder:21337_3 expire 1 line
08-01 12:02:53.957  2220  2334 D BluetoothManagerService: MESSAGE_BLUETOOTH_STATE_CHANGE: OFF > BLE_TURNING_ON
08-01 12:02:53.957  2220  2334 D BluetoothManagerService: Sending BLE State Change: OFF > BLE_TURNING_ON
08-01 12:02:53.963  3634  3634 I CastMirroringProvider: onDiscoveryModeChanged, mode=1
08-01 12:02:53.967 21337 21368 I chatty  : uid=1002(bluetooth) BluetoothDataba expire 4 lines
08-01 12:02:53.968  2220  4020 W ActivityManager: Permission Denial: Accessing service com.google.android.music/.dial.DialMediaRouteProviderService from pid=3634, uid=10110 that is not exported from uid 10164
08-01 12:02:53.973  3634 18187 I DiscoveryManager: Filter criteria(674A0243,8E6C866D) scannerFlags(0)
08-01 12:02:53.974  3634 18187 W GuestModeDeviceProber: setFilterCriteria
08-01 12:02:53.988 21337 21376 I chatty  : uid=1002(bluetooth) hci_thread expire 4 lines
08-01 12:02:53.992  1110 21379 I chatty  : uid=1002 bluetooth@1.0-s expire 138 lines
08-01 12:02:54.331  2220  3588 I WindowManager: Window drawn AppWindowToken{19ff4b7 token=Token{762fb6 ActivityRecord{76a8b51 u0 com.android.settings/.SubSettings t50}}}
08-01 12:02:54.875 21337 21382 I chatty  : uid=1002(bluetooth) bt_workqueue expire 15 lines
08-01 12:02:54.876 21337 21383 I chatty  : uid=1002(bluetooth) btu message loo expire 90 lines
08-01 12:02:54.876 21337 21384 I chatty  : uid=1002(bluetooth) com.android.bluetooth expire 35 lines
08-01 12:02:54.879  1110 21381 I chatty  : uid=1002 bluetooth@1.0-s expire 20 lines
08-01 12:02:55.148 21337 21377 I chatty  : uid=1002(bluetooth) HwBinder:21337_ expire 1 line
08-01 12:02:55.157  2220  2220 D BluetoothManagerService: Bluetooth Adapter address changed to 0C:CB:85:6F:31:A8
08-01 12:02:55.157  2220  2220 D BluetoothManagerService: Stored Bluetoothaddress: 0C:CB:85:6F:31:A8
08-01 12:02:55.158  2220  2220 D BluetoothManagerService: Bluetooth Adapter name changed to Motorola
08-01 12:02:55.158  2220  2220 D BluetoothManagerService: Stored Bluetooth name: Motorola
08-01 12:02:55.162  2678  2778 D CachedBluetoothDevice: Device name: Mi A3
08-01 12:02:55.162 20224 20224 D CachedBluetoothDevice: Device name: Mi A3
08-01 12:02:55.163  2220  2220 D BluetoothManagerService: Bluetooth Adapter address changed to 0C:CB:85:6F:31:A8
08-01 12:02:55.163  2678  2778 W BluetoothPan: Proxy not attached to service
08-01 12:02:55.163  2678  2778 W BluetoothPan: Proxy not attached to service
08-01 12:02:55.163  2220  2220 D BluetoothManagerService: Stored Bluetoothaddress: 0C:CB:85:6F:31:A8
08-01 12:02:55.163 21337 21388 I chatty  : uid=1002(bluetooth) btif_sock expire 1 line
08-01 12:02:55.164  2678  2778 W BluetoothPan: Proxy not attached to service
08-01 12:02:55.164  2678  2778 W BluetoothPan: Proxy not attached to service
08-01 12:02:55.165  2220  2334 D BluetoothManagerService: MESSAGE_BLUETOOTH_STATE_CHANGE: BLE_TURNING_ON > BLE_ON
08-01 12:02:55.165  2220  2334 D BluetoothManagerService: Bluetooth is in LE only mode
08-01 12:02:55.165  2220  2334 D BluetoothManagerService: Binding Bluetooth GATT service
08-01 12:02:55.166  2220  2334 D BluetoothManagerService: Sending BLE State Change: BLE_TURNING_ON > BLE_ON
08-01 12:02:55.167  2220  2220 D BluetoothManagerService: BluetoothServiceConnection: com.android.bluetooth.gatt.GattService
08-01 12:02:55.167  2220  2334 D BluetoothManagerService: MESSAGE_BLUETOOTH_SERVICE_CONNECTED: 2
08-01 12:02:55.167  2220  2334 D BluetoothManagerService: continueFromBleOnState()
08-01 12:02:55.168  2220  2334 D BluetoothManagerService: Persisting Bluetooth Setting: 1
08-01 12:02:55.168  2220  2334 D BluetoothManagerService: MESSAGE_BLUETOOTH_STATE_CHANGE: BLE_ON > TURNING_ON
08-01 12:02:55.168  2220  2334 D BluetoothManagerService: Sending BLE State Change: BLE_ON > TURNING_ON
08-01 12:02:55.169  3488  3488 W Settings: Setting bluetooth_on has moved from android.provider.Settings.Secure to android.provider.Settings.Global.
08-01 12:02:55.169  2220  2220 V SettingsProvider: Notifying for 0: content://settings/global/bluetooth_on
08-01 12:02:55.171  3415  3415 I GsaVoiceInteractionSrv: O received Intent { act=android.bluetooth.adapter.action.STATE_CHANGED flg=0x5000010 (has extras) }
08-01 12:02:55.171  2918  2918 D DaxDeviceAudioStateUpdateReceiver: onReceive, Forward audio updateandroid.bluetooth.adapter.action.STATE_CHANGED
08-01 12:02:55.171  2918  2918 D DaxDeviceAudioStateUpdateReceiver: dispatchAudioOutputUpdated()
08-01 12:02:55.171  2918  2918 D DaxService: sendAudioUpdateBroadcast, foward event [android.bluetooth.adapter.action.STATE_CHANGED]
08-01 12:02:55.173  2678  2778 W BluetoothPan: Proxy not attached to service
08-01 12:02:55.173  2678  2778 W BluetoothPan: Proxy not attached to service
08-01 12:02:55.177  3237  4899 I NearbyDiscovery: FastPairHandler: Received action android.bluetooth.adapter.action.STATE_CHANGED [CONTEXT service_id=49 ]
08-01 12:02:55.181  3237  7697 I NearbySharing: Bluetooth is disabled [CONTEXT service_id=194 ]
08-01 12:02:55.181  3237  4899 D BluetoothAdapter: isLeEnabled(): TURNING_ON
