08-01 12:02:56.403 21462 21462 D MusicLifecycle: com.google.android.music.download.EncapsulatedBroadcastReceiver$1 generated event: Broadcast received with context com.google.android.music.ui.PhoneMusicApplication@ecfddbd and intent Intent { act=com.google.android.music.ResumeStorageMigration flg=0x10 (has extras) }
08-01 12:02:56.403 21438 21629 E GoogleTagManager: Invalid macro: _gtm.loadEventEnabled
08-01 12:02:56.406 21462 21462 D MusicLifecycle: com.google.android.music.playback2.MusicPlaybackService generated event: Service created
08-01 12:02:56.406 21462 21462 I MusicPlaybackService: v2 onCreate
08-01 12:02:56.410 21402 21402 V MediaRouter: Selecting route: RouteInfo{ name=Phone, description=null, status=null, category=RouteCategory{ name=System types=ROUTE_TYPE_LIVE_AUDIO ROUTE_TYPE_LIVE_VIDEO  groupable=false }, supportedTypes=ROUTE_TYPE_LIVE_AUDIO ROUTE_TYPE_LIVE_VIDEO , presentationDisplay=null }
08-01 12:02:56.424 21462 21462 V MediaRouter: Selecting route: RouteInfo{ name=Phone, description=null, status=null, category=RouteCategory{ name=System types=ROUTE_TYPE_LIVE_AUDIO ROUTE_TYPE_LIVE_VIDEO  groupable=false }, supportedTypes=ROUTE_TYPE_LIVE_AUDIO ROUTE_TYPE_LIVE_VIDEO , presentationDisplay=null }
08-01 12:02:56.426 21438 21611 I DynamiteModule: Considering local module com.google.android.gms.ads.dynamite:0 and remote module com.google.android.gms.ads.dynamite:22000
08-01 12:02:56.426 21438 21611 I DynamiteModule: Selected remote version of com.google.android.gms.ads.dynamite, version >= 22000
08-01 12:02:56.429 21462 21462 I MediaRouter: Found default route: MediaRouter.RouteInfo{ uniqueId=android/androidx.mediarouter.media.SystemMediaRouteProvider:DEFAULT_ROUTE, name=Phone, description=null, iconUri=null, enabled=true, connectionState=0, canDisconnect=false, playbackType=0, playbackStream=3, deviceType=0, volumeHandling=1, volume=0, volumeMax=15, presentationDisplayId=-1, extras=null, settingsIntent=null, providerPackageName=android }
08-01 12:02:56.429 21462 21462 I MediaRouter: Unselecting the current route because it is no longer selectable: null
08-01 12:02:56.431 21462 21602 W NetworkConnectivity: Unsupported network type=null
08-01 12:02:56.434 21438 21438 E YouTubeMusic: Trying to detachMediaView when it wasn't the most recent MediaView Setter
08-01 12:02:56.434 21462 21602 W NetworkConnectivity: Unsupported network type=null
08-01 12:02:56.436 21462 21585 W NetworkConnectivity: Unsupported network type=null
08-01 12:02:56.438 21462 21585 W NetworkConnectivity: Unsupported network type=null
08-01 12:02:56.452 21438 21601 E Widget.RecentlyPlayed: Filling bundle but recently played items are EMPTY.
08-01 12:02:56.453 21462 21462 V MediaRouterClient: setCallback
08-01 12:02:56.455 21438 21611 I DynamiteLoaderV2Impl: [71] AdsFdrDynamite.integ
08-01 12:02:56.463 21438 21611 W s.youtube.musi: ClassLoaderContext type mismatch. expected=PCL, found=DLC (PCL[] | DLC[];PCL[/data/app/com.google.android.apps.youtube.music-T4SEERdGOiwPrJmkCjUK0w==/base.apk*4276267680:/data/app/com.google.android.apps.youtube.music-T4SEERdGOiwPrJmkCjUK0w==/base.apk!classes2.dex*2321024063:/data/app/com.google.android.apps.youtube.music-T4SEERdGOiwPrJmkCjUK0w==/base.apk!classes3.dex*695218646:/data/app/com.google.android.apps.youtube.music-T4SEERdGOiwPrJmkCjUK0w==/base.apk!classes4.dex*2886459626]{PCL[/system/framework/org.apache.http.legacy.jar*1038351580]})
08-01 12:02:56.465 21438 21611 W s.youtube.musi: Found duplicate classes, falling back to extracting from APK : /data/user_de/0/com.google.android.gms/app_chimera/m/00000015/dl-AdsFdrDynamite.integ_22060100008.apk
08-01 12:02:56.465 21438 21611 W s.youtube.musi: NOTE: This wastes RAM and hurts startup performance.
08-01 12:02:56.465 21438 21611 W s.youtube.musi: Found duplicated class when checking oat files: 'La;' in /data/user_de/0/com.google.android.gms/app_chimera/m/00000015/dl-AdsFdrDynamite.integ_22060100008.apk and /data/app/com.google.android.apps.youtube.music-T4SEERdGOiwPrJmkCjUK0w==/base.apk
08-01 12:02:56.465 21438 21611 W s.youtube.musi: 
08-01 12:02:56.466  2220  4014 I ActivityManager: Killing 20353:com.google.android.gms:car/u0a110 (adj 985): empty #17
08-01 12:02:56.506 21438 21787 E GoogleTagManager: Invalid macro: _gtm.loadEventEnabled
08-01 12:02:56.507  2220  4017 D ConnectivityService: requestNetwork for uid/pid:10159/21402 NetworkRequest [ TRACK_DEFAULT id=173, [ Capabilities: INTERNET&NOT_RESTRICTED&TRUSTED Uid: 10159] ]
08-01 12:02:56.509  2954  2954 D PhoneSwitcherNetworkRequstListener: got request NetworkRequest [ TRACK_DEFAULT id=173, [ Capabilities: INTERNET&NOT_RESTRICTED&TRUSTED Uid: 10159] ] with score 0 and serial 0
08-01 12:02:56.528 21462 21462 I MediaSessionManager: MediaSessionManager created
08-01 12:02:56.531  1060  1060 I Zygote  : Process 20353 exited due to signal 9 (Killed)
08-01 12:02:56.535 21462 21462 V MediaSessionManager: MediaSessionManager being initialized
08-01 12:02:56.552 21462 21462 D MusicServiceTask: ReloadStateTask ReloadStateTask
08-01 12:02:56.552 21462 21462 I MusicPlaybackService: v2 onBind received with intent Intent { cmp=com.google.android.music/.playback2.MusicPlaybackService }
08-01 12:02:56.577  2220  4017 D ConnectivityService: requestNetwork for uid/pid:10194/21438 NetworkRequest [ TRACK_DEFAULT id=174, [ Capabilities: INTERNET&NOT_RESTRICTED&TRUSTED Uid: 10194] ]
08-01 12:02:56.579  2954  2954 D PhoneSwitcherNetworkRequstListener: got request NetworkRequest [ TRACK_DEFAULT id=174, [ Capabilities: INTERNET&NOT_RESTRICTED&TRUSTED Uid: 10194] ] with score 0 and serial 0
08-01 12:02:56.581 21462 21462 D MusicLifecycle: com.google.android.music.download.EncapsulatedBroadcastReceiver$1 generated event: Broadcast received with context com.google.android.music.ui.PhoneMusicApplication@ecfddbd and intent Intent { act=com.google.android.music.download.keepon.KeeponSchedulingService.START_DOWNLOAD flg=0x10 }
08-01 12:02:56.582 21462 21462 W NetworkConnectivity: Unsupported network type=null
08-01 12:02:56.583 21462 21462 V MediaRouter: Selecting route: RouteInfo{ name=Phone, description=null, status=null, category=RouteCategory{ name=System types=ROUTE_TYPE_LIVE_AUDIO ROUTE_TYPE_LIVE_VIDEO  groupable=false }, supportedTypes=ROUTE_TYPE_LIVE_AUDIO ROUTE_TYPE_LIVE_VIDEO , presentationDisplay=null }
08-01 12:02:56.588 21462 21462 V MediaRouterClient: MAIN: synchronize
08-01 12:02:56.589 21462 21462 W NetworkConnectivity: Unsupported network type=null
08-01 12:02:56.596 21462 21462 W NetworkConnectivity: Unsupported network type=null
08-01 12:02:56.596 21462 21462 I TaskManagerImpl: onStartNextTask current task: null
08-01 12:02:56.596 21462 21462 I TaskManagerImpl: starting next task: com.google.android.music.playback2.tasks.ReloadStateTask@8f786d7 at time 1254935
08-01 12:02:56.596 21462 21462 D MusicServiceTask: ReloadStateTask submitToBackground: callable=com.google.android.music.playback2.callables.ReloadStateCallable@dc41bc4
08-01 12:02:56.597 21462 21462 D MusicLifecycle: com.google.android.music.eventlog.PlayLogsService generated event: Service created
08-01 12:02:56.602 21462 21819 D CallableWrapper: Calling callable=com.google.android.music.playback2.callables.ReloadStateCallable@dc41bc4
08-01 12:02:56.609 21462 21462 I MusicPlaybackService: v2 handle message with intent Intent { act=com.google.android.music.musicservicecommand.requestmediasessiontoken (has extras) }
08-01 12:02:56.609 21462 21462 I MusicPlaybackService: v2 Queuing intent Intent { act=com.google.android.music.musicservicecommand.requestmediasessiontoken (has extras) }
08-01 12:02:56.609 21462 21462 D MusicLifecycle: com.google.android.music.store.MusicContentProvider generated event: initializing
08-01 12:02:56.612 21462 21718 D AwarenessRouter: 0 new fences
08-01 12:02:56.615 21462 21718 D AwarenessRouter: 0 fences already registered
08-01 12:02:56.617 21462 21718 D AwarenessRouter: Successfully removed 0 context fences
08-01 12:02:56.620 21462 21819 W PlaybackServiceState: reload: Can't reload mix descriptor. No valid ID found.
08-01 12:02:56.620 21462 21819 D PlaybackServiceState: reload: no mix descriptor found
08-01 12:02:56.623 21462 21819 D CallableWrapper: Finished callable=com.google.android.music.playback2.callables.ReloadStateCallable@dc41bc4
08-01 12:02:56.623 21462 21819 D MusicProfiler: callable: duration=0023ms name=ReloadStateCallable
08-01 12:02:56.632 21438 21611 D DynamitePackage: Instantiated singleton DynamitePackage.
08-01 12:02:56.632 21438 21611 D DynamitePackage: Instantiating com.google.android.gms.ads.adshield.ChimeraAdShieldCreatorImpl
08-01 12:02:56.667 21462 21462 D MusicServiceTask: ReloadStateTask Deliver message: taskMessage=[STATE_RELOADED, com.google.android.music.store.LocalPlayQueue@bc91f5c]
08-01 12:02:56.667 21462 21462 D MusicServiceTask: ReloadStateTask submitToMainThread: message=[STATE_RELOADED, com.google.android.music.store.LocalPlayQueue@bc91f5c]
08-01 12:02:56.667 21462 21462 D MusicServiceTask: ReloadStateTask submitToMainThread: message=[FINISHED, null]
08-01 12:02:56.667 21462 21462 I MusicPlaybackService: v2 State reloaded PlaybackServiceState {mQueuePosition=0, mQueueLength=0, mQueueItem=null, mPlayerState=0, mElapsedPlayPosition=0, mMix=null, mRepeatMode=0, mShuffleMode=0, mAdReason=0, mAudioSessionId=-1, mRouteType=0, mIsCurrentTrackFullyBuffered=false, mCastNotificationState=[INACTIVE, Optional.absent(), false], mTrackDownloadProgress=null, mIsSystemGaplessEnabled=true}
08-01 12:02:56.675 21462 21462 D NowPlayingArt: loadArt called for null
08-01 12:02:56.678 21462 21462 I MusicPlaybackService: v2 processing queued intent Intent { act=com.google.android.music.musicservicecommand.requestmediasessiontoken (has extras) }
08-01 12:02:56.678 21462 21462 I MusicPlaybackService: v2 onStartCommand: intent=Intent { act=com.google.android.music.musicservicecommand.requestmediasessiontoken (has extras) } extras=Bundle[{com.google.android.music.UI_MODE=1}]
08-01 12:02:56.679 21462 21462 I TaskManagerImpl: Task finished: com.google.android.music.playback2.tasks.ReloadStateTask@8f786d7
08-01 12:02:56.679 21462 21462 D MusicProfiler: TaskManagerImpl duration=0083ms task=com.google.android.music.playback2.tasks.ReloadStateTask@8f786d7
08-01 12:02:56.679 21462 21462 I TaskManagerImpl: onStartNextTask current task: null
08-01 12:02:56.681 21462 21462 D MusicLifecycle: com.google.android.music.playback.NowPlayingHomeWidgetProvider generated event: Broadcast received with context com.google.android.music.ui.PhoneMusicApplication@ecfddbd and intent Intent { act=com.google.android.music.playback.FORCE_WIDGET_PROVIDER_REFRESH flg=0x10 }
08-01 12:02:56.682 21462 21462 V BroadcastManager: v2 com.google.android.music.mediasessiontokenresponse
08-01 12:02:56.683 21462 21462 D MediaSessionManager: Current track is null
08-01 12:02:56.684 21462 21462 D MediaSessionManager: new playback state: PlaybackState {state=0, position=0, buffered position=0, speed=0.0, updated=1255023, actions=2506679, error code=0, error message=null, custom actions=[], active item id=-1}
08-01 12:02:56.684 21462 21462 D MusicLifecycle: com.google.android.music.browse.MediaBrowserService$1 generated event: Broadcast received with context com.google.android.music.browse.MediaBrowserService@d26a17c and intent Intent { act=com.google.android.music.mediasessiontokenresponse flg=0x10000010 pkg=com.google.android.music (has extras) }
08-01 12:02:56.692 21462 21462 D MusicLifecycle: com.google.android.music.browse.MediaBrowserService generated event: Service destroyed
08-01 12:02:56.693 21462 21462 I MusicPlaybackService: v2 onDestroy
08-01 12:02:56.694 21462 21462 V MediaRouterClient: clearCallback
08-01 12:02:56.694 21462 21462 D MusicPlaybackService: v2 notifyPlayStateChanged
08-01 12:02:56.694 21462 21462 V BroadcastManager: v2 com.android.music.playstatechanged
08-01 12:02:56.696 21462 21462 D NowPlayingArt: loadArt called for null
08-01 12:02:56.706 21462 21462 D MusicLifecycle: com.google.android.music.playback2.MusicPlaybackService generated event: Service destroyed
08-01 12:02:56.707 21462 21462 D MusicLifecycle: com.google.android.music.playback.NowPlayingHomeWidgetProvider generated event: Broadcast received with context com.google.android.music.ui.PhoneMusicApplication@ecfddbd and intent Intent { act=com.google.android.music.playback.FORCE_WIDGET_PROVIDER_REFRESH flg=0x10 }
08-01 12:02:56.707  2220  4081 I ActivityManager: Killing 20270:com.google.android.projection.gearhead:shared/u0a101 (adj 985): empty #17
08-01 12:02:56.728  1110 21386 I chatty  : uid=1002(bluetooth) POSIX timer 11 expire 2 lines
08-01 12:02:56.736  2220  4743 D ConnectivityService: ConnectivityService NetworkRequestInfo binderDied(NetworkRequest [ LISTEN id=161, [ Capabilities: INTERNET&NOT_RESTRICTED&TRUSTED&NOT_VPN Uid: 10101] ], android.os.BinderProxy@e19e2a1)
08-01 12:02:56.737  1060  1060 I Zygote  : Process 20270 exited due to signal 9 (Killed)
08-01 12:02:56.787 21402 21771 I FA      : App measurement initialized, version: 32052
08-01 12:02:56.787 21402 21771 I FA      : To enable debug logging run: adb shell setprop log.tag.FA VERBOSE
08-01 12:02:56.788 21402 21771 I FA      : To enable faster debug mode event logging run:
08-01 12:02:56.788 21402 21771 I FA      :   adb shell setprop debug.firebase.analytics.app com.google.android.youtube
08-01 12:02:56.879  1110 21378 I chatty  : uid=1002(bluetooth) POSIX timer 8 expire 1 line
08-01 12:02:56.976  3634 17219 W AdaptiveDiscoveryWorker: Exiting Adaptive Discovery. Current HOTSPOT_BSSID is NULL.
08-01 12:02:57.223  2220  2612 I chatty  : uid=1000(system) InputReader expire 1 line
08-01 12:02:57.229  2220  3895 I chatty  : uid=1000(system) android.fg expire 3 lines
08-01 12:02:57.230  3488  3488 D MotoSystemServer: receive intent :Intent { act=android.intent.action.PACKAGE_CHANGED dat=package:com.google.android.music flg=0x45000010 (has extras) }
08-01 12:02:57.230  3488  3488 D MotoSystemServer:  packageName = com.google.android.music
08-01 12:02:57.233  2220  3895 W LocationProviderProxy: Odd, no component found for service com.android.location.service.v3.NetworkLocationProvider
08-01 12:02:57.236 21337 21337 I chatty  : uid=1002(bluetooth) com.android.bluetooth expire 172 lines
08-01 12:02:57.237  2220  4739 W ActivityManager: Permission Denial: Accessing service com.google.android.music/.dial.DialMediaRouteProviderService from pid=3634, uid=10110 that is not exported from uid 10164
08-01 12:02:57.248 21337 21401 I chatty  : uid=1002(bluetooth) BrowseMediaHand expire 22 lines
08-01 12:02:57.272 20224 21279 W TileUtils: Found com.android.settings.Settings$DataUsageSummaryActivity for intent Intent { act=com.android.settings.action.SETTINGS pkg=com.android.settings } missing metadata com.android.settings.category
08-01 12:02:57.284  3237 21393 I Fitness : OnPackageChangedOperation got intent: Intent { act=android.intent.action.PACKAGE_CHANGED dat=package:com.google.android.music flg=0x45000010 cmp=com.google.android.gms/.chimera.PersistentIntentOperationService (has extras) } [CONTEXT service_id=17 ]
08-01 12:02:57.304  2220  2220 I TelecomService: DefaultDialerCache: Refreshing default dialer for user 0: now com.google.android.dialer: DDC.oR@AKc
08-01 12:02:57.344  2954  2954 E PhoneInterfaceManager: [PhoneIntfMgr] getCarrierPackageNamesForIntent: No UICC
08-01 12:02:57.344  2954  2954 D CarrierSvcBindHelper: No carrier app for: 0
08-01 12:02:57.346  2954  2954 E PhoneInterfaceManager: [PhoneIntfMgr] getCarrierPackageNamesForIntent: No UICC
08-01 12:02:57.346  2954  2954 D CarrierSvcBindHelper: No carrier app for: 1
08-01 12:02:57.349  3634  3634 I CastMirroringProvider: onDiscoveryModeChanged, mode=0
08-01 12:02:57.350  3634 19049 I CastMirroringProvider: onDiscoveryModeChanged removing all remote displays
08-01 12:02:57.357  2954  2954 E VvmPkgInstalledRcvr: cannot create TelephonyManager from ComponentInfo{com.android.phone/com.android.services.telephony.TelephonyConnectionService}, ***, UserHandle{0}
08-01 12:02:57.357  2954  2954 D ImsResolver: maybeAddedImsService, packageName: com.google.android.music
08-01 12:02:57.360  3686  3686 I PodcastsMBService: onGetRoot com.android.bluetooth
08-01 12:02:57.362  3686  3686 E PodcastsMBService: com.android.bluetooth is not authorized to browse contents.
08-01 12:02:57.362  3686  3686 I MediaBrowserService: No root for client com.android.bluetooth from service android.service.media.MediaBrowserService$ServiceBinder$1
08-01 12:02:57.363 21337 21399 I chatty  : uid=1002(bluetooth) BluetoothAvrcpH expire 112 lines
08-01 12:02:57.372  3634  3634 W MediaRouter: Ignoring invalid provider descriptor: null
08-01 12:02:57.378 21420 21420 W uamp_MusicService: OnGetRoot: IGNORING request from untrusted package com.android.bluetooth
08-01 12:02:57.379 21420 21420 I MediaBrowserService: No root for client com.android.bluetooth from service android.service.media.MediaBrowserService$ServiceBinder$1
08-01 12:02:57.396  3634 21867 I DiscoveryManager: Filter criteria(null) scannerFlags(0)
08-01 12:02:57.404  3237 21393 I Fitness : FitCleanupIntentOperation received Intent android.intent.action.PACKAGE_CHANGED [CONTEXT service_id=17 ]
08-01 12:02:57.413  3634 21867 W GuestModeDeviceProber: setFilterCriteria
08-01 12:02:57.427  3634  3634 E gle.android.gm: Invalid ID 0x00000000.
08-01 12:02:57.428  3634  3634 W ChimeraUtils: Module com.google.android.gms.cast missing resource cast_module_display_name(0)
08-01 12:02:57.429 21402 21416 I android.youtub: Background concurrent copying GC freed 156863(12MB) AllocSpace objects, 44(1088KB) LOS objects, 49% free, 3365KB/6731KB, paused 192us total 151.559ms
08-01 12:02:57.440  3634  3634 I CastMirroringProvider: onDiscoveryModeChanged, mode=1
08-01 12:02:57.458  2220  4740 W ActivityManager: Permission Denial: Accessing service com.google.android.music/.dial.DialMediaRouteProviderService from pid=3634, uid=10110 that is not exported from uid 10164
08-01 12:02:57.480  2220  2303 I chatty  : uid=1000(system) HeapTaskDaemon expire 1 line
08-01 12:02:57.480  3634 19037 I DiscoveryManager: Filter criteria(674A0243,8E6C866D) scannerFlags(0)
08-01 12:02:57.481  3634 19037 W GuestModeDeviceProber: setFilterCriteria
08-01 12:02:57.485  3634  4635 I Icing   : IndexChimeraService.getServiceInterface callingPackage=com.google.android.gms componentName=AppsCorpus serviceId=36
08-01 12:02:57.506  3634 19037 W Icing   : No valid account for uploading user actions
08-01 12:02:57.511  2220  2305 I chatty  : uid=1000(system) FinalizerDaemon expire 1 line
08-01 12:02:57.548  3634  4635 I Icing   : IndexChimeraService.getServiceInterface callingPackage=com.google.android.gms componentName=null serviceId=30
08-01 12:02:57.678  3634 19037 I Icing   : Usage reports ok 4, Failed Usage reports 0, indexed 0, rejected 0
08-01 12:02:57.682  3634 19037 W Icing   : No valid account for uploading user actions
08-01 12:02:57.683  3634  4635 I Icing   : IndexChimeraService.getServiceInterface callingPackage=com.google.android.gms componentName=null serviceId=36
08-01 12:02:57.699  3634 19037 I Icing   : Usage reports ok 0, Failed Usage reports 0, indexed 0, rejected 0
08-01 12:02:57.701  3634 19037 I Icing   : Indexing com.google.android.gms-internal.3p:MobileApplication from com.google.android.gms using seqno 0
08-01 12:02:57.743  3634 19037 W Icing   : No valid account for uploading user actions
08-01 12:02:57.765  3634 19037 I Icing   : Usage reports ok 0, Failed Usage reports 0, indexed 0, rejected 0
08-01 12:02:57.766  3634 19037 I Icing   : Indexing com.google.android.gms-apps from com.google.android.gms
08-01 12:02:57.857  3634 19037 I Icing   : Indexing done com.google.android.gms-apps
08-01 12:03:00.482  3634 19037 W AdaptiveDiscoveryWorker: Exiting Adaptive Discovery. Current HOTSPOT_BSSID is NULL.
08-01 12:03:01.042 21462 21462 D MusicLifecycle: com.google.android.music.autocache.AutoCacheSchedulingService$EnablingReceiver generated event: Broadcast received with context android.app.ReceiverRestrictedContext@50de563 and intent Intent { act=com.google.android.music.START_DOWNLOAD_SCHEDULING flg=0x10 cmp=com.google.android.music/.autocache.AutoCacheSchedulingService$EnablingReceiver }
08-01 12:03:01.065 21462 21462 D MusicLifecycle: com.google.android.music.autocache.AutoCacheSchedulingService generated event: Service created
08-01 12:03:01.065 21462 21462 D MusicLifecycle: com.google.android.music.autocache.AutoCacheSchedulingService generated event: Service started with intent Intent { act=com.google.android.music.leanback.APP_IN_USE cmp=com.google.android.music/.autocache.AutoCacheSchedulingService }
08-01 12:03:01.107 21462 21878 W MusicLeanback: No wakelock held for Intent { act=com.google.android.music.leanback.APP_IN_USE cmp=com.google.android.music/.autocache.AutoCacheSchedulingService }
08-01 12:03:01.107 21462 21878 I MusicLeanback: Conditions not met for autocaching. okToAttempt=false
08-01 12:03:01.107 21462 21878 I MusicLeanback: Stop autocaching.
08-01 12:03:01.117 21462 21462 D MusicLifecycle: com.google.android.music.autocache.AutoCacheSchedulingService generated event: Service destroyed
08-01 12:03:01.252 21462 21714 I MediaStoreImporter: Update: incremental Success: true Added music: 0 Updated music: 0 Deleted music: 0 Created playlists: 0 Updated playlists: 0 Deleted playlists: 0 Inserted playlist items: 0 Deleted playlist items: 0 Removed orphaned playlist items: 0 Total item count: 0
08-01 12:03:01.275 21462 21462 D MusicLifecycle: com.google.android.music.download.EncapsulatedBroadcastReceiver$1 generated event: Broadcast received with context com.google.android.music.ui.PhoneMusicApplication@ecfddbd and intent Intent { act=com.google.android.music.IMPORT_COMPLETE flg=0x10 }
08-01 12:03:01.527  2678  2678 W HeadsUpManagerPhone: onHeadsUpPinnedModeChanged
08-01 12:03:01.662  3237  3377 I BeaconBle: Client requested scan, settings=BleSettings [scanMode=ZERO_POWER, callbackType=ALL_MATCHES, reportDelayMillis=0, 5 filters, 1 clients, callingClientName=Nearby] [CONTEXT service_id=111 ]
08-01 12:03:01.697 21462 21686 W ConnectionTracker: Exception thrown while unbinding
08-01 12:03:01.697 21462 21686 W ConnectionTracker: java.lang.IllegalArgumentException: Service not registered: lw@12e2078
08-01 12:03:01.697 21462 21686 W ConnectionTracker: 	at android.app.LoadedApk.forgetServiceDispatcher(LoadedApk.java:1760)
08-01 12:03:01.697 21462 21686 W ConnectionTracker: 	at android.app.ContextImpl.unbindService(ContextImpl.java:1791)
08-01 12:03:01.697 21462 21686 W ConnectionTracker: 	at android.content.ContextWrapper.unbindService(ContextWrapper.java:741)
08-01 12:03:01.697 21462 21686 W ConnectionTracker: 	at ci.b(:com.google.android.gms.dynamite_measurementdynamite@203615083@20.36.15 (120408-0):1)
08-01 12:03:01.697 21462 21686 W ConnectionTracker: 	at ci.a(:com.google.android.gms.dynamite_measurementdynamite@203615083@20.36.15 (120408-0):6)
08-01 12:03:01.697 21462 21686 W ConnectionTracker: 	at lx.A(:com.google.android.gms.dynamite_measurementdynamite@203615083@20.36.15 (120408-0):10)
08-01 12:03:01.697 21462 21686 W ConnectionTracker: 	at lh.a(:com.google.android.gms.dynamite_measurementdynamite@203615083@20.36.15 (120408-0):3)
08-01 12:03:01.697 21462 21686 W ConnectionTracker: 	at eb.run(:com.google.android.gms.dynamite_measurementdynamite@203615083@20.36.15 (120408-0):3)
08-01 12:03:01.697 21462 21686 W ConnectionTracker: 	at java.util.concurrent.Executors$RunnableAdapter.call(Executors.java:462)
08-01 12:03:01.697 21462 21686 W ConnectionTracker: 	at java.util.concurrent.FutureTask.run(FutureTask.java:266)
08-01 12:03:01.697 21462 21686 W ConnectionTracker: 	at ja.run(:com.google.android.gms.dynamite_measurementdynamite@203615083@20.36.15 (120408-0):6)
08-01 12:03:01.714  3237  4899 I NearbyDiscovery: FastPairScanner2: Stopping scan [CONTEXT service_id=49 ]
08-01 12:03:01.715  3237  4899 D BluetoothAdapter: isLeEnabled(): ON
08-01 12:03:01.716 21337 21390 I chatty  : uid=1002(bluetooth) Binder:21337_4 expire 1 line
08-01 12:03:01.718 21337 21374 I chatty  : uid=1002(bluetooth) BluetoothScanMa expire 14 lines
08-01 12:03:01.718 21337 21540 I chatty  : uid=1002(bluetooth) Binder:21337_7 expire 5 lines
08-01 12:03:01.719  1110  1110 I chatty  : uid=1002 bluetooth@1.0-s expire 9 lines
08-01 12:03:01.720  3237  4899 D BluetoothAdapter: isLeEnabled(): ON
08-01 12:03:01.724  1110 21381 I chatty  : uid=1002 bluetooth@1.0-s expire 10 lines
08-01 12:03:01.728 21337 21383 I chatty  : uid=1002(bluetooth) btu message loo expire 10 lines
08-01 12:03:01.729 21337 21363 I chatty  : uid=1002(bluetooth) BT Service Call expire 10 lines
08-01 12:03:01.730  3237  3260 D BluetoothLeScanner: onScannerRegistered() - status=0 scannerId=5 mScannerId=0
08-01 12:03:01.746  2220  3972 I ActivityManager: Killing 20646:com.motorola.android.provisioning/u0a54 (adj 985): empty #17
08-01 12:03:01.749  3237  4899 I NearbyDiscovery: FastPairScanner2: Starting LOW_POWER_SCANNING scanning [CONTEXT service_id=49 ]
08-01 12:03:01.781  1060  1060 I Zygote  : Process 20646 exited due to signal 9 (Killed)
08-01 12:03:01.793  2220  2346 I chatty  : uid=1000(system) ActivityManager expire 10 lines
08-01 12:03:02.029  2678  2678 D StatusBar: disable<e i a s b h r c s > disable2<q i n >
08-01 12:03:02.037  2220  4744 I WindowManager:   SURFACE SIZE set 1080x86 on display:0: StatusBar
08-01 12:03:02.766  1110 21386 I chatty  : uid=1002(bluetooth) POSIX timer 11 expire 4 lines
08-01 12:03:02.917  1110 21378 I chatty  : uid=1002(bluetooth) POSIX timer 8 expire 5 lines
08-01 12:03:04.702  1059  1642 I netd    : firewallSetUidRule(2, 10070, 2) <9.20ms>
08-01 12:03:07.009  3634 21889 W cmgo    : [{0}] Failed to resolve name. status={1}
08-01 12:03:14.488  1059  1642 I netd    : firewallSetUidRule(2, 10158, 2) <8.96ms>
08-01 12:03:16.192  1059  1642 I netd    : firewallSetUidRule(2, 10101, 2) <9.17ms>
08-01 12:03:16.422  2220  4738 I ActivityManager: Force stopping com.android.settings appid=1000 user=0: clear data
08-01 12:03:16.423  2220  4738 I ActivityManager: Killing 20224:com.android.settings/1000 (adj 0): stop com.android.settings
08-01 12:03:16.425  2220  4738 W ActivityTaskManager: Force removing ActivityRecord{74a9b96 u0 com.android.settings/.SubSettings t50 f}: app died, no saved state
08-01 12:03:16.426  2220  4738 V WindowManager: Changing focus from Window{b108e18 u0 com.android.settings/com.android.settings.SubSettings} to null displayId=0
08-01 12:03:16.433  2220  4738 I WindowManager: Window drawn AppWindowToken{3fa2304 token=Token{2302317 ActivityRecord{74a9b96 u0 com.android.settings/.SubSettings t50}}}
08-01 12:03:16.434  2220  4738 W ActivityTaskManager: Force removing ActivityRecord{d3e5dc u0 com.android.settings/.SubSettings t50 f}: app died, no saved state
08-01 12:03:16.438  2220  4738 W ActivityTaskManager: Force removing ActivityRecord{e4e5a1d u0 com.android.settings/.homepage.SettingsHomepageActivity t50 f}: app died, no saved state
08-01 12:03:16.446  2220  4738 I ActivityTaskManager: moveHomeStack, setupComplete:true
08-01 12:03:16.470  2220  4738 I ActivityManager: Killing 20663:com.google.android.apps.messaging/u0a158 (adj 985): empty #17
08-01 12:03:16.474  2220  2344 I ActivityManager: Force stopping com.android.settings appid=1000 user=-1: clearApplicationUserData
08-01 12:03:16.482  2220  4738 I ConditionProviders: Disallowing condition provider com.android.settings
08-01 12:03:16.483  2220  4738 E JobScheduler: Can't cancel all jobs for system uid
08-01 12:03:16.483  2220  4738 E JobScheduler: android.util.Log$TerribleFailure: Can't cancel all jobs for system uid
08-01 12:03:16.483  2220  4738 E JobScheduler: 	at android.util.Log.wtf(Log.java:309)
08-01 12:03:16.483  2220  4738 E JobScheduler: 	at android.util.Slog.wtfStack(Slog.java:111)
08-01 12:03:16.483  2220  4738 E JobScheduler: 	at com.android.server.job.JobSchedulerService.cancelJobsForUid(JobSchedulerService.java:1152)
08-01 12:03:16.483  2220  4738 E JobScheduler: 	at com.android.server.job.JobSchedulerService$LocalService.cancelJobsForUid(JobSchedulerService.java:2511)
08-01 12:03:16.483  2220  4738 E JobScheduler: 	at com.android.server.am.ActivityManagerService.clearApplicationUserData(ActivityManagerService.java:4404)
08-01 12:03:16.483  2220  4738 E JobScheduler: 	at com.android.server.pm.PackageManagerShellCommand.runClear(PackageManagerShellCommand.java:1792)
08-01 12:03:16.483  2220  4738 E JobScheduler: 	at com.android.server.pm.PackageManagerShellCommand.onCommand(PackageManagerShellCommand.java:208)
08-01 12:03:16.483  2220  4738 E JobScheduler: 	at android.os.ShellCommand.exec(ShellCommand.java:104)
08-01 12:03:16.483  2220  4738 E JobScheduler: 	at com.android.server.pm.PackageManagerService.onShellCommand(PackageManagerService.java:22320)
08-01 12:03:16.483  2220  4738 E JobScheduler: 	at android.os.Binder.shellCommand(Binder.java:890)
08-01 12:03:16.483  2220  4738 E JobScheduler: 	at android.os.Binder.onTransact(Binder.java:774)
08-01 12:03:16.483  2220  4738 E JobScheduler: 	at android.content.pm.IPackageManager$Stub.onTransact(IPackageManager.java:4880)
08-01 12:03:16.483  2220  4738 E JobScheduler: 	at com.android.server.pm.PackageManagerService.onTransact(PackageManagerService.java:4223)
08-01 12:03:16.483  2220  4738 E JobScheduler: 	at android.os.Binder.execTransactInternal(Binder.java:1036)
08-01 12:03:16.483  2220  4738 E JobScheduler: 	at android.os.Binder.execTransact(Binder.java:1003)
08-01 12:03:16.487  3634  3634 I CastMirroringProvider: onDiscoveryModeChanged, mode=0
08-01 12:03:16.488  3634 18187 I CastMirroringProvider: onDiscoveryModeChanged removing all remote displays
08-01 12:03:16.489  1060  1060 I Zygote  : Process 20224 exited due to signal 9 (Killed)
08-01 12:03:16.502  3634  3634 W MediaRouter: Ignoring invalid provider descriptor: null
08-01 12:03:16.503 21337 21374 I chatty  : uid=1002(bluetooth) BluetoothScanMa expire 3 lines
08-01 12:03:16.504  3634  4065 I FastPair: ServiceBindHelper.onSliceUnpinned, unpin slice, uri = content://com.google.android.gms.nearby.fastpair/device_status_list_item
08-01 12:03:16.506  3634 18187 I DiscoveryManager: Filter criteria(null) scannerFlags(0)
08-01 12:03:16.508  3634 18187 W GuestModeDeviceProber: setFilterCriteria
08-01 12:03:16.510  1351  1351 I keystore: clear_uid 1000
08-01 12:03:16.516  2220  4744 V WindowManager: Changing focus from null to Window{2b77e65 u0 com.motorola.launcher3/com.android.a1launcher.AndroidOneLauncher} displayId=0
08-01 12:03:16.522  3634  4065 I FastPair: ServiceBindHelper: Unbind DiscoveryService for pair
08-01 12:03:16.528  2220  4741 D ConnectivityService: ConnectivityService NetworkRequestInfo binderDied(NetworkRequest [ TRACK_DEFAULT id=162, [ Capabilities: INTERNET&NOT_RESTRICTED&TRUSTED Uid: 10158] ], android.os.BinderProxy@eb947c7)
08-01 12:03:16.528  2220  4020 D ConnectivityService: ConnectivityService NetworkRequestInfo binderDied(NetworkRequest [ TRACK_DEFAULT id=163, [ Capabilities: INTERNET&NOT_RESTRICTED&TRUSTED Uid: 10158] ], android.os.BinderProxy@3ac61f4)
08-01 12:03:16.529  2220  4018 D ConnectivityService: ConnectivityService NetworkRequestInfo binderDied(NetworkRequest [ LISTEN id=164, [ Capabilities: INTERNET&NOT_RESTRICTED&TRUSTED Uid: 10158] ], android.os.BinderProxy@cf63d1d)
08-01 12:03:16.529  2220  2633 D ConnectivityService: releasing NetworkRequest [ TRACK_DEFAULT id=163, [ Capabilities: INTERNET&NOT_RESTRICTED&TRUSTED Uid: 10158] ] (release request)
08-01 12:03:16.529  2220  2633 D ConnectivityService: releasing NetworkRequest [ TRACK_DEFAULT id=162, [ Capabilities: INTERNET&NOT_RESTRICTED&TRUSTED Uid: 10158] ] (release request)
08-01 12:03:16.530  1060  1060 I Zygote  : Process 20663 exited due to signal 9 (Killed)
08-01 12:03:16.544  4031  4052 D AssistReceiver: call: lightWakeup | null | null
08-01 12:03:16.545  2220  2336 I WindowManager:   SURFACE show Surface(name=com.android.systemui.ImageWallpaper)/@0xe08ac94 on display:0: com.android.systemui.ImageWallpaper
08-01 12:03:16.548  2220  2336 I WindowManager: Window drawn AppWindowToken{3a2bed2 token=Token{299b55d ActivityRecord{2cd9334 u0 com.motorola.launcher3/com.android.a1launcher.AndroidOneLauncher t2}}}
08-01 12:03:16.551  2220  2336 I WindowManager:   SURFACE show Surface(name=com.motorola.launcher3/com.android.a1launcher.AndroidOneLauncher)/@0xd27a960 on display:0: com.motorola.launcher3/com.android.a1launcher.AndroidOneLauncher
08-01 12:03:16.551  2220  2336 I WindowManager:   SURFACE show Surface(name=com.motorola.launcher3/com.android.a1launcher.AndroidOneLauncher)/@0xfbe8e19 on display:0: com.motorola.launcher3/com.android.a1launcher.AndroidOneLauncher
08-01 12:03:16.561  2954  2954 E PhoneInterfaceManager: [PhoneIntfMgr] getCarrierPackageNamesForIntent: No UICC
08-01 12:03:16.561  2954  2954 D CarrierSvcBindHelper: No carrier app for: 0
08-01 12:03:16.561  2954  2954 E PhoneInterfaceManager: [PhoneIntfMgr] getCarrierPackageNamesForIntent: No UICC
08-01 12:03:16.561  2954  2954 D CarrierSvcBindHelper: No carrier app for: 1
08-01 12:03:16.571  3488  3488 D MotoSystemServer: receive intent :Intent { act=android.intent.action.PACKAGE_DATA_CLEARED dat=package:com.android.settings flg=0x1000010 (has extras) }
08-01 12:03:16.571  3237  3237 I GeofencerStateMachine: removeGeofences: removeRequest=RemoveGeofencingRequest[REMOVE_ALL packageName=com.android.settings]
08-01 12:03:16.571  3488  3488 D MotoSystemServer:  packageName = com.android.settings
08-01 12:03:16.571 21337 21337 I chatty  : uid=1002(bluetooth) com.android.bluetooth expire 15 lines
08-01 12:03:16.575  2220  2335 W ActivityManager: setHasOverlayUi called on unknown pid: 20224
08-01 12:03:16.580  3054  3054 I GoogleInputMethodService: GoogleInputMethodService.onFinishInput():3184 
08-01 12:03:16.581  3054  3054 I GoogleInputMethodService: GoogleInputMethodService.onStartInput():1830 
08-01 12:03:16.584  2220  2343 I chatty  : uid=1000(system) android.bg expire 10 lines
08-01 12:03:16.585  1061  1061 D Zygote  : Forked child process 21899
08-01 12:03:16.592  4503  4503 I CarrierServices: [2] RcsAutoStartReceiver.a: enableRcs changed from true to true
08-01 12:03:16.594  3686  4185 W ThreadPoolDumper: Queue length for executor EventBus is now 11. Perhaps some tasks are too long, or the pool is too small.
08-01 12:03:16.597  3686  3844 W LocationOracle: No location history returned by ContextManager
08-01 12:03:16.602  2783  2783 E libprocessgroup: set_timerslack_ns write failed: Operation not permitted
08-01 12:03:16.603  2220  2345 I ActivityManager: Start proc 21899:com.android.chrome/u0a156 for broadcast {com.android.chrome/org.chromium.chrome.browser.browserservices.ClientAppBroadcastReceiver}
08-01 12:03:16.616 21899 21899 E .android.chrom: Not starting debugger since process cannot load the jdwp agent.
08-01 12:03:16.621  3237  4446 W GCoreFlp: No location to return for getLastLocation()
08-01 12:03:16.623  3686  3924 W LocationOracle: No location returned by GMS core getLastLocation()
08-01 12:03:16.634  2783  2783 E libprocessgroup: set_timerslack_ns write failed: Operation not permitted
08-01 12:03:16.640  3686  3686 I BgTaskExecutorImpl: Starting EXCLUSIVE background task TNG_MINUS_ONE_SYNC.
08-01 12:03:16.641  3686  3686 I BgTaskExecutorImpl: Starting EXCLUSIVE background task TNG_VOICE_SEARCH_SYNC.
08-01 12:03:16.644  3686  4185 I TngMinusOneSync: Syncing TNG:-1
08-01 12:03:16.644  3686  4185 I TngVoiceSearchSync: Syncing TNG:VoiceSearch
08-01 12:03:16.645  3686  3915 E MDD     : DownloadProgressMonitor: Can't find file for uri: android://com.google.android.googlequicksearchbox/files/sharedminusonemodule/shared/SharedMinusOneData.pb.tmp
08-01 12:03:16.675  2220  4081 I ActivityManager: Killing 20752:com.google.android.configupdater/u0a118 (adj 985): empty #17
08-01 12:03:16.682  1060  1060 D Zygote  : Forked child process 21925
08-01 12:03:16.685 21899 21899 I .android.chrom: Failed to add image file Rejecting application image due to class loader mismatch: 'Mismatch in dex files'
08-01 12:03:16.685  2220  2345 I ActivityManager: Start proc 21925:com.antutu.ABenchMark/u0a183 for service {com.antutu.ABenchMark/com.antutu.benchmark.service.BenchmarkMainService}
08-01 12:03:16.701 21925 21925 E tutu.ABenchMar: Not starting debugger since process cannot load the jdwp agent.
08-01 12:03:16.704 21899 21899 W .android.chrom: JIT profile information will not be recorded: profile file does not exits.
08-01 12:03:16.704 21899 21899 W .android.chrom: JIT profile information will not be recorded: profile file does not exits.
08-01 12:03:16.708  1060  1060 I Zygote  : Process 20752 exited due to signal 9 (Killed)
08-01 12:03:16.743 21925 21925 I tutu.ABenchMar: The ClassLoaderContext is a special shared library.
08-01 12:03:16.751 21899 21899 I LoadedApk: No resource references to update in package com.android.chrome.autofill_assistant
08-01 12:03:16.787  2220  2776 I ActivityManager: Killing 20968:com.google.process.gapps/u0a110 (adj 985): empty #17
08-01 12:03:16.811  1060  1060 D Zygote  : Forked child process 21954
08-01 12:03:16.813  2220  2345 I ActivityManager: Start proc 21954:com.android.documentsui/u0a60 for broadcast {com.android.documentsui/com.android.documentsui.PackageReceiver}
08-01 12:03:16.819  1060  1060 I Zygote  : Process 20968 exited due to signal 9 (Killed)
08-01 12:03:16.839 21954 21954 E oid.documentsu: Not starting debugger since process cannot load the jdwp agent.
08-01 12:03:16.887 21954 21954 D ApplicationLoaders: Returning zygote-cached class loader: /system/framework/android.hidl.base-V1.0-java.jar
08-01 12:03:16.887 21954 21954 D ApplicationLoaders: Returning zygote-cached class loader: /system/framework/android.hidl.manager-V1.0-java.jar
08-01 12:03:16.887 21954 21954 D ApplicationLoaders: Returning zygote-cached class loader: /system/framework/android.hidl.base-V1.0-java.jar
08-01 12:03:16.900 21925 21974 W System  : ClassLoader referenced unknown path: 
08-01 12:03:16.900 21925 21925 D skia    : --- Failed to create image decoder with message 'unimplemented'
08-01 12:03:16.903 21925 21925 W JobInfo : Requested interval +10m0s0ms for job 339966 is too small; raising to +15m0s0ms
08-01 12:03:16.947 21925 21976 E AndroidRuntime: FATAL EXCEPTION: Thread-3
08-01 12:03:16.947 21925 21976 E AndroidRuntime: Process: com.antutu.ABenchMark, PID: 21925
08-01 12:03:16.947 21925 21976 E AndroidRuntime: java.lang.NullPointerException: Attempt to invoke virtual method 'void android.content.ContentValues.putAll(android.content.ContentValues)' on a null object reference
08-01 12:03:16.947 21925 21976 E AndroidRuntime: 	at daozi-b.ij0.b(DataParseHandler.java:1)
08-01 12:03:16.947 21925 21976 E AndroidRuntime: 	at daozi-b.zi0.G(InfocSDK.java:9)
08-01 12:03:16.947 21925 21976 E AndroidRuntime: 	at daozi-b.aj0.L(InfocUtil.java:6)
08-01 12:03:16.947 21925 21976 E AndroidRuntime: 	at daozi-b.aj0.K(InfocUtil.java:5)
08-01 12:03:16.947 21925 21976 E AndroidRuntime: 	at daozi-b.aj0.q(InfocUtil.java:6)
08-01 12:03:16.947 21925 21976 E AndroidRuntime: 	at com.antutu.benchmark.service.BenchmarkMainService$f.e(BenchmarkMainService.java:4)
08-01 12:03:16.947 21925 21976 E AndroidRuntime: 	at daozi-b.k80.run(Unknown Source:2)
08-01 12:03:16.947 21925 21976 E AndroidRuntime: 	at java.lang.Thread.run(Thread.java:919)
08-01 12:03:16.951  2220 21981 I DropBoxManagerService: add tag=data_app_crash isTagEnabled=true flags=0x2
08-01 12:03:16.960  2220  2333 I ActivityManager: Showing crash dialog for package com.antutu.ABenchMark u0
08-01 12:03:16.993  2220  2333 V WindowManager: Changing focus from Window{2b77e65 u0 com.motorola.launcher3/com.android.a1launcher.AndroidOneLauncher} to Window{a535913 u0 Application Error: com.antutu.ABenchMark} displayId=0
08-01 12:03:17.014 21925 21925 D skia    : --- Failed to create image decoder with message 'unimplemented'
08-01 12:03:17.015  2220  3918 I chatty  : uid=1000(system) RenderThread expire 6 lines
08-01 12:03:17.020 21925 21925 D skia    : --- Failed to create image decoder with message 'unimplemented'
08-01 12:03:17.047 21925 21985 I Process : Sending signal. PID: 21925 SIG: 9
08-01 12:03:17.049 21954 21954 D DocumentsApplication: OverlayManager.setEnabled() result: true
08-01 12:03:17.051  2220  2776 I ActivityManager: Killing 21007:com.android.vending:background/u0a104 (adj 985): empty #17
08-01 12:03:17.060  3496 21992 I MediaProvider: Begin Intent { act=android.intent.action.PACKAGE_DATA_CLEARED dat=package:com.android.settings flg=0x1000010 cmp=com.android.providers.media/.MediaService (has extras) }
08-01 12:03:17.066  3496 21992 I MediaProvider: End Intent { act=android.intent.action.PACKAGE_DATA_CLEARED dat=package:com.android.settings flg=0x1000010 cmp=com.android.providers.media/.MediaService (has extras) }
08-01 12:03:17.069  1060  1060 D Zygote  : Forked child process 21993
08-01 12:03:17.072  2220  2345 I ActivityManager: Start proc 21993:com.google.android.apps.photos/u0a148 for broadcast {com.google.android.apps.photos/com.google.android.libraries.social.mediastoresync.reset.impl.MediaStoreClearedReceiver}
08-01 12:03:17.103  2220  2336 I WindowManager:   SURFACE show Surface(name=Application Error: com.antutu.ABenchMark)/@0x4dfef61 on display:0: Application Error: com.antutu.ABenchMark
08-01 12:03:17.105  2220  2776 D ConnectivityService: ConnectivityService NetworkRequestInfo binderDied(NetworkRequest [ TRACK_DEFAULT id=167, [ Capabilities: INTERNET&NOT_RESTRICTED&TRUSTED Uid: 10104] ], android.os.BinderProxy@f80a374)
08-01 12:03:17.105  2220  2633 D ConnectivityService: releasing NetworkRequest [ TRACK_DEFAULT id=167, [ Capabilities: INTERNET&NOT_RESTRICTED&TRUSTED Uid: 10104] ] (release request)
08-01 12:03:17.111  1060  1060 I Zygote  : Process 21007 exited due to signal 9 (Killed)
08-01 12:03:17.117  1060  1060 I Zygote  : Process 21925 exited due to signal 9 (Killed)
08-01 12:03:17.118  2220  3477 I ActivityManager: Process com.antutu.ABenchMark (pid 21925) has died: prcp FGS 
08-01 12:03:17.118  2220  3477 W ActivityManager: Scheduling restart of crashed service com.antutu.ABenchMark/com.antutu.benchmark.service.BenchmarkMainService in 1000ms
08-01 12:03:17.120  2220  4740 W ActivityManager: Ignoring remove of inactive process: ProcessRecord{95ae912 0:com.antutu.ABenchMark/u0a183}
08-01 12:03:17.121 21993 21993 E oid.apps.photo: Not starting debugger since process cannot load the jdwp agent.
08-01 12:03:17.129  2220  2333 V WindowManager: Changing focus from Window{a535913 u0 Application Error: com.antutu.ABenchMark EXITING} to Window{2b77e65 u0 com.motorola.launcher3/com.android.a1launcher.AndroidOneLauncher} displayId=0
08-01 12:03:17.140  2220  3477 I chatty  : uid=1000(system) Binder:2220_9 expire 1 line
08-01 12:03:17.162 21993 21993 I oid.apps.photo: The ClassLoaderContext is a special shared library.
08-01 12:03:17.229  2220  2776 I DropBoxManagerService: add tag=platform_stats_bookmark isTagEnabled=true flags=0x2
08-01 12:03:17.240 21993 21993 W oid.apps.photo: JIT profile information will not be recorded: profile file does not exits.
08-01 12:03:17.240 21993 21993 W oid.apps.photo: JIT profile information will not be recorded: profile file does not exits.
08-01 12:03:17.275 21993 21993 W oid.apps.photo: Accessing hidden field Ljava/util/Collections$SynchronizedCollection;->mutex:Ljava/lang/Object; (greylist-max-o, reflection, denied)
08-01 12:03:17.275 21993 21993 W oid.apps.photo: Accessing hidden method Ljava/util/Collections$SynchronizedSet;-><init>(Ljava/util/Set;Ljava/lang/Object;)V (greylist-max-o, reflection, denied)
08-01 12:03:17.276 21993 21993 W oid.apps.photo: Accessing hidden method Ljava/util/Collections$SynchronizedCollection;-><init>(Ljava/util/Collection;Ljava/lang/Object;)V (greylist-max-o, reflection, denied)
08-01 12:03:17.322  2220  4738 I ActivityManager: Killing 20900:com.android.vending/u0a104 (adj 985): empty #17
08-01 12:03:17.361  3634 17219 I Icing   : doRemovePackageData com.android.settings
08-01 12:03:17.364  2220  4738 W BroadcastQueue: Background execution not allowed: receiving Intent { act=android.intent.action.DROPBOX_ENTRY_ADDED flg=0x10 (has extras) } to com.google.android.gms/.stats.service.DropBoxEntryAddedReceiver
08-01 12:03:17.365  2220  2344 W BroadcastQueue: Background execution not allowed: receiving Intent { act=android.intent.action.DROPBOX_ENTRY_ADDED flg=0x10 (has extras) } to com.google.android.gms/.chimera.GmsIntentOperationService$PersistentTrustedReceiver
08-01 12:03:17.366  2220  2344 W BroadcastQueue: Background execution not allowed: receiving Intent { act=android.intent.action.DROPBOX_ENTRY_ADDED flg=0x10 (has extras) } to com.google.android.gms/.stats.service.DropBoxEntryAddedReceiver
08-01 12:03:17.366  2220  2344 W BroadcastQueue: Background execution not allowed: receiving Intent { act=android.intent.action.DROPBOX_ENTRY_ADDED flg=0x10 (has extras) } to com.google.android.gms/.chimera.GmsIntentOperationService$PersistentTrustedReceiver
08-01 12:03:17.390  3237 21982 I Fitness : FitCleanupIntentOperation received Intent android.intent.action.PACKAGE_DATA_CLEARED [CONTEXT service_id=17 ]
08-01 12:03:17.394  2220  3477 D ConnectivityService: ConnectivityService NetworkRequestInfo binderDied(NetworkRequest [ TRACK_DEFAULT id=165, [ Capabilities: INTERNET&NOT_RESTRICTED&TRUSTED Uid: 10104] ], android.os.BinderProxy@327c222)
08-01 12:03:17.394  2220  4744 D ConnectivityService: ConnectivityService NetworkRequestInfo binderDied(NetworkRequest [ LISTEN id=166, [ Capabilities: INTERNET&NOT_RESTRICTED&TRUSTED Uid: 10104] ], android.os.BinderProxy@d6034b3)
08-01 12:03:17.395  2220  2633 D ConnectivityService: releasing NetworkRequest [ TRACK_DEFAULT id=165, [ Capabilities: INTERNET&NOT_RESTRICTED&TRUSTED Uid: 10104] ] (release request)
08-01 12:03:17.396  1060  1060 I Zygote  : Process 20900 exited due to signal 9 (Killed)
08-01 12:03:18.113  3237 19044 W CCTFlatFileLogStore: Excessive logging: 8 events, 108511 bytes from log source DROP_BOX last 608s
08-01 12:03:18.147  3237 19044 W CCTFlatFileLogStore: Excessive logging: 8 events, 108482 bytes from log source DROP_BOX last 608s
08-01 12:03:18.156  1060  1060 D Zygote  : Forked child process 22039
08-01 12:03:18.167  2220  2345 I ActivityManager: Start proc 22039:com.antutu.ABenchMark/u0a183 for service {com.antutu.ABenchMark/com.antutu.benchmark.service.BenchmarkMainService}
08-01 12:03:18.191 22039 22039 E tutu.ABenchMar: Not starting debugger since process cannot load the jdwp agent.
08-01 12:03:18.233 22039 22039 I tutu.ABenchMar: The ClassLoaderContext is a special shared library.
08-01 12:03:18.396 22039 22039 D skia    : --- Failed to create image decoder with message 'unimplemented'
08-01 12:03:18.396 22039 22059 W System  : ClassLoader referenced unknown path: 
08-01 12:03:18.399 22039 22039 W JobInfo : Requested interval +10m0s0ms for job 339966 is too small; raising to +15m0s0ms
08-01 12:03:18.416 22039 22060 E AndroidRuntime: FATAL EXCEPTION: Thread-3
08-01 12:03:18.416 22039 22060 E AndroidRuntime: Process: com.antutu.ABenchMark, PID: 22039
08-01 12:03:18.416 22039 22060 E AndroidRuntime: java.lang.NullPointerException: Attempt to invoke virtual method 'void android.content.ContentValues.putAll(android.content.ContentValues)' on a null object reference
08-01 12:03:18.416 22039 22060 E AndroidRuntime: 	at daozi-b.ij0.b(DataParseHandler.java:1)
08-01 12:03:18.416 22039 22060 E AndroidRuntime: 	at daozi-b.zi0.G(InfocSDK.java:9)
08-01 12:03:18.416 22039 22060 E AndroidRuntime: 	at daozi-b.aj0.L(InfocUtil.java:6)
08-01 12:03:18.416 22039 22060 E AndroidRuntime: 	at daozi-b.aj0.K(InfocUtil.java:5)
08-01 12:03:18.416 22039 22060 E AndroidRuntime: 	at daozi-b.aj0.q(InfocUtil.java:6)
08-01 12:03:18.416 22039 22060 E AndroidRuntime: 	at com.antutu.benchmark.service.BenchmarkMainService$f.e(BenchmarkMainService.java:4)
08-01 12:03:18.416 22039 22060 E AndroidRuntime: 	at daozi-b.k80.run(Unknown Source:2)
08-01 12:03:18.416 22039 22060 E AndroidRuntime: 	at java.lang.Thread.run(Thread.java:919)
08-01 12:03:18.421  2220 22062 I DropBoxManagerService: add tag=data_app_crash isTagEnabled=true flags=0x2
08-01 12:03:18.424  2220  2333 I ActivityManager: Showing crash dialog for package com.antutu.ABenchMark u0
08-01 12:03:18.432  1059  1642 I netd    : firewallSetUidRule(2, 10133, 2) <3.13ms>
08-01 12:03:18.446  2220  2344 W BroadcastQueue: Background execution not allowed: receiving Intent { act=android.intent.action.DROPBOX_ENTRY_ADDED flg=0x10 (has extras) } to com.google.android.gms/.stats.service.DropBoxEntryAddedReceiver
08-01 12:03:18.446  2220  2344 W BroadcastQueue: Background execution not allowed: receiving Intent { act=android.intent.action.DROPBOX_ENTRY_ADDED flg=0x10 (has extras) } to com.google.android.gms/.chimera.GmsIntentOperationService$PersistentTrustedReceiver
08-01 12:03:18.451  2220  2333 V WindowManager: Changing focus from Window{2b77e65 u0 com.motorola.launcher3/com.android.a1launcher.AndroidOneLauncher} to Window{420f8e7 u0 Application Error: com.antutu.ABenchMark} displayId=0
08-01 12:03:18.530 22039 22039 D skia    : --- Failed to create image decoder with message 'unimplemented'
08-01 12:03:18.539 22039 22039 D skia    : --- Failed to create image decoder with message 'unimplemented'
08-01 12:03:18.552 22039 22065 I Process : Sending signal. PID: 22039 SIG: 9
08-01 12:03:18.552 22039 22066 I Process : Sending signal. PID: 22039 SIG: 9
