08-01 11:55:01.067  2220  2384 I PackageManager: Un-granting permission android.permission.SYSTEM_ALERT_WINDOW from package com.github.uiautomator (protectionLevel=1250 flags=0x3808be46)
08-01 11:55:01.067  2220  2384 I PackageManager: Un-granting permission android.permission.MANAGE_DOCUMENTS from package com.google.android.youtube (protectionLevel=262146 flags=0x30dbbec5)
08-01 11:55:01.068  2220  2384 I PackageManager: Un-granting permission android.permission.INTERACT_ACROSS_PROFILES from package com.google.android.googlequicksearchbox (protectionLevel=18 flags=0xa8dbbec5)
08-01 11:55:01.068  2220  2384 I PackageManager: Un-granting permission android.permission.BLUETOOTH_PRIVILEGED from package com.google.android.googlequicksearchbox (protectionLevel=18 flags=0xa8dbbec5)
08-01 11:55:01.068  2220  2384 I PackageManager: Un-granting permission android.permission.MANAGE_SOUND_TRIGGER from package com.google.android.googlequicksearchbox (protectionLevel=18 flags=0xa8dbbec5)
08-01 11:55:01.068  2220  2384 I PackageManager: Un-granting permission android.permission.CONTROL_INCALL_EXPERIENCE from package com.google.android.googlequicksearchbox (protectionLevel=18 flags=0xa8dbbec5)
08-01 11:55:01.068  2220  2384 I PackageManager: Un-granting permission android.permission.WRITE_APN_SETTINGS from package com.google.android.googlequicksearchbox (protectionLevel=18 flags=0xa8dbbec5)
08-01 11:55:01.069  2220  2384 I PackageManager: Un-granting permission com.google.android.googleapps.permission.GOOGLE_AUTH from package com.android.providers.calendar (protectionLevel=2 flags=0x30883e45)
08-01 11:55:01.069  2220  2384 I PackageManager: Un-granting permission com.google.android.googleapps.permission.GOOGLE_AUTH.cl from package com.android.providers.calendar (protectionLevel=2 flags=0x30883e45)
08-01 11:55:01.069  2220  2384 I PackageManager: Un-granting permission com.google.android.gm.permission.READ_GMAIL from package com.google.android.apps.docs.editors.docs (protectionLevel=2 flags=0x28dbbe44)
08-01 11:55:01.069  2220  2384 I PackageManager: Un-granting permission com.google.android.googleapps.permission.GOOGLE_AUTH from package com.google.android.apps.docs.editors.docs (protectionLevel=2 flags=0x28dbbe44)
08-01 11:55:01.069  2220  2384 I PackageManager: Un-granting permission com.google.android.googleapps.permission.GOOGLE_AUTH.OTHER_SERVICES from package com.google.android.apps.docs.editors.docs (protectionLevel=2 flags=0x28dbbe44)
08-01 11:55:01.069  2220  2384 I PackageManager: Un-granting permission com.google.android.googleapps.permission.GOOGLE_AUTH.ALL_SERVICES from package com.google.android.apps.docs.editors.docs (protectionLevel=2 flags=0x28dbbe44)
08-01 11:55:01.069  2220  2384 I PackageManager: Un-granting permission com.google.android.googleapps.permission.GOOGLE_AUTH.writely from package com.google.android.apps.docs.editors.docs (protectionLevel=2 flags=0x28dbbe44)
08-01 11:55:01.069  2220  2384 I PackageManager: Un-granting permission com.google.android.googleapps.permission.GOOGLE_AUTH.wise from package com.google.android.apps.docs.editors.docs (protectionLevel=2 flags=0x28dbbe44)
08-01 11:55:01.070  2220  2384 I PackageManager: Un-granting permission android.permission.REQUEST_INSTALL_PACKAGES from package com.antutu.ABenchMark (protectionLevel=66 flags=0x38d83e44)
08-01 11:55:01.070  2220  2384 I PackageManager: Un-granting permission com.google.android.launcher.permission.READ_SETTINGS from package com.antutu.ABenchMark (protectionLevel=18 flags=0x38d83e44)
08-01 11:55:01.070  2220  2384 I PackageManager: Un-granting permission com.google.android.launcher.permission.WRITE_SETTINGS from package com.antutu.ABenchMark (protectionLevel=18 flags=0x38d83e44)
08-01 11:55:01.071  2220  2384 I PackageManager: Un-granting permission android.permission.REQUEST_INSTALL_PACKAGES from package com.alphainventor.filemanager (protectionLevel=66 flags=0x3898be44)
08-01 11:55:01.071  2220  2384 I PackageManager: Un-granting permission android.permission.PACKAGE_USAGE_STATS from package com.alphainventor.filemanager (protectionLevel=114 flags=0x3898be44)
08-01 11:55:01.071  2220  2384 I PackageManager: Un-granting permission com.google.android.gm.permission.READ_GMAIL from package com.google.android.apps.docs.editors.sheets (protectionLevel=2 flags=0x28dbbe44)
08-01 11:55:01.071  2220  2384 I PackageManager: Un-granting permission com.google.android.googleapps.permission.GOOGLE_AUTH from package com.google.android.apps.docs.editors.sheets (protectionLevel=2 flags=0x28dbbe44)
08-01 11:55:01.071  2220  2384 I PackageManager: Un-granting permission com.google.android.googleapps.permission.GOOGLE_AUTH.OTHER_SERVICES from package com.google.android.apps.docs.editors.sheets (protectionLevel=2 flags=0x28dbbe44)
08-01 11:55:01.071  2220  2384 I PackageManager: Un-granting permission com.google.android.googleapps.permission.GOOGLE_AUTH.ALL_SERVICES from package com.google.android.apps.docs.editors.sheets (protectionLevel=2 flags=0x28dbbe44)
08-01 11:55:01.071  2220  2384 I PackageManager: Un-granting permission com.google.android.googleapps.permission.GOOGLE_AUTH.writely from package com.google.android.apps.docs.editors.sheets (protectionLevel=2 flags=0x28dbbe44)
08-01 11:55:01.071  2220  2384 I PackageManager: Un-granting permission com.google.android.googleapps.permission.GOOGLE_AUTH.wise from package com.google.android.apps.docs.editors.sheets (protectionLevel=2 flags=0x28dbbe44)
08-01 11:55:01.071  2220  2384 I PackageManager: Un-granting permission com.google.android.gm.permission.READ_GMAIL from package com.google.android.apps.docs.editors.slides (protectionLevel=2 flags=0x38dbbe44)
08-01 11:55:01.071  2220  2384 I PackageManager: Un-granting permission com.google.android.googleapps.permission.GOOGLE_AUTH from package com.google.android.apps.docs.editors.slides (protectionLevel=2 flags=0x38dbbe44)
08-01 11:55:01.071  2220  2384 I PackageManager: Un-granting permission com.google.android.googleapps.permission.GOOGLE_AUTH.OTHER_SERVICES from package com.google.android.apps.docs.editors.slides (protectionLevel=2 flags=0x38dbbe44)
08-01 11:55:01.072  2220  2384 I PackageManager: Un-granting permission com.google.android.googleapps.permission.GOOGLE_AUTH.ALL_SERVICES from package com.google.android.apps.docs.editors.slides (protectionLevel=2 flags=0x38dbbe44)
08-01 11:55:01.072  2220  2384 I PackageManager: Un-granting permission com.google.android.googleapps.permission.GOOGLE_AUTH.writely from package com.google.android.apps.docs.editors.slides (protectionLevel=2 flags=0x38dbbe44)
08-01 11:55:01.072  2220  2384 I PackageManager: Un-granting permission com.google.android.googleapps.permission.GOOGLE_AUTH.wise from package com.google.android.apps.docs.editors.slides (protectionLevel=2 flags=0x38dbbe44)
08-01 11:55:01.072  2220  2384 I PackageManager: Un-granting permission com.google.android.setupwizard.READ_DEVICE_ORIGIN from package com.google.android.apps.messaging (protectionLevel=18 flags=0x28cbbec5)
08-01 11:55:01.073  2220  2384 I PackageManager: Un-granting permission android.permission.WRITE_SETTINGS from package com.bsbportal.music (protectionLevel=1218 flags=0x20d83e44)
08-01 11:55:01.074  2220  2384 I PackageManager: Un-granting permission android.permission.HIDE_NON_SYSTEM_OVERLAY_WINDOWS from package com.android.vending (protectionLevel=258 flags=0x28cabec5)
08-01 11:55:01.074  2220  2384 I PackageManager: Un-granting permission android.permission.SEND_DOWNLOAD_COMPLETED_INTENTS from package com.android.vending (protectionLevel=2 flags=0x28cabec5)
08-01 11:55:01.077  2220  2384 I PackageManager: Un-granting permission android.permission.REQUEST_INSTALL_PACKAGES from package com.google.android.gm (protectionLevel=66 flags=0x28dbbec5)
08-01 11:55:01.077  2220  2384 I PackageManager: Un-granting permission com.google.android.apps.dynamite.permission.C2D_MESSAGE from package com.google.android.gm (protectionLevel=2 flags=0x28dbbec5)
08-01 11:55:01.077  2220  2384 I PackageManager: Un-granting permission android.permission.STATUS_BAR from package com.google.android.apps.tachyon (protectionLevel=18 flags=0x30c9be44)
08-01 11:55:01.077  2220  2384 I PackageManager: Un-granting permission android.permission.ACCESS_CONTENT_PROVIDERS_EXTERNALLY from package com.motorola.motocit (protectionLevel=2 flags=0x2088be45)
08-01 11:55:01.077  2220  2384 I PackageManager: Un-granting permission android.permission.DEVICE_POWER from package com.motorola.motocit (protectionLevel=2 flags=0x2088be45)
08-01 11:55:01.078  2220  2384 I PackageManager: Un-granting permission android.permission.FACTORY_TEST from package com.motorola.motocit (protectionLevel=2 flags=0x2088be45)
08-01 11:55:01.079  2220  2384 I PackageManager: Un-granting permission android.permission.WRITE_SETTINGS from package com.google.android.music (protectionLevel=1218 flags=0x38cbbe64)
08-01 11:55:01.079  2220  2384 I PackageManager: Un-granting permission android.permission.SYSTEM_ALERT_WINDOW from package com.google.android.music (protectionLevel=1250 flags=0x38cbbe64)
08-01 11:55:01.079  2220  2384 I PackageManager: Un-granting permission android.permission.BIND_JOB_SERVICE from package com.google.android.music (protectionLevel=2 flags=0x38cbbe64)
08-01 11:55:01.079  2220  2384 I PackageManager: Un-granting permission android.permission.CLEAR_APP_CACHE from package com.andromeda.androbench2 (protectionLevel=18 flags=0x3888be44)
08-01 11:55:01.079  2220  2384 I PackageManager: Un-granting permission android.permission.MODIFY_QUIET_MODE from package com.google.android.apps.wellbeing (protectionLevel=18 flags=0x20cbbec5)
08-01 11:55:01.079  2220  2384 I PackageManager: Un-granting permission android.permission.READ_DREAM_STATE from package com.google.android.apps.wellbeing (protectionLevel=18 flags=0x20cbbec5)
08-01 11:55:01.079  2220  2384 I PackageManager: Un-granting permission android.permission.WRITE_DREAM_STATE from package com.google.android.apps.wellbeing (protectionLevel=18 flags=0x20cbbec5)
08-01 11:55:01.079  2220  2384 I PackageManager: Un-granting permission android.permission.READ_WALLPAPER_INTERNAL from package com.google.android.apps.wellbeing (protectionLevel=18 flags=0x20cbbec5)
08-01 11:55:01.079  2220  2384 I PackageManager: Un-granting permission android.permission.SET_WALLPAPER_COMPONENT from package com.google.android.apps.wellbeing (protectionLevel=18 flags=0x20cbbec5)
08-01 11:55:01.079  2220  2384 I PackageManager: Un-granting permission android.permission.MANAGE_ROLE_HOLDERS from package com.google.android.apps.wellbeing (protectionLevel=258 flags=0x20cbbec5)
08-01 11:55:01.079  2220  2384 I PackageManager: Un-granting permission com.google.android.deskclock.permission.RECEIVE_ALERT_BROADCASTS from package com.google.android.apps.wellbeing (protectionLevel=18 flags=0x20cbbec5)
08-01 11:55:01.080  2220  2384 I PackageManager: Un-granting permission android.permission.WRITE_SETTINGS from package com.estrongs.android.pop (protectionLevel=1218 flags=0x38d8be44)
08-01 11:55:01.080  2220  2384 I PackageManager: Un-granting permission android.permission.WRITE_MEDIA_STORAGE from package com.estrongs.android.pop (protectionLevel=18 flags=0x38d8be44)
08-01 11:55:01.080  2220  2384 I PackageManager: Un-granting permission android.permission.SYSTEM_ALERT_WINDOW from package com.estrongs.android.pop (protectionLevel=1250 flags=0x38d8be44)
08-01 11:55:01.080  2220  2384 I PackageManager: Un-granting permission android.permission.REQUEST_INSTALL_PACKAGES from package com.estrongs.android.pop (protectionLevel=66 flags=0x38d8be44)
08-01 11:55:01.080  2220  2384 I PackageManager: Un-granting permission android.permission.CLEAR_APP_CACHE from package com.estrongs.android.pop (protectionLevel=18 flags=0x38d8be44)
08-01 11:55:01.080  2220  2384 I PackageManager: Un-granting permission android.permission.MANAGE_DOCUMENTS from package com.estrongs.android.pop (protectionLevel=262146 flags=0x38d8be44)
08-01 11:55:01.080  2220  2384 I PackageManager: Un-granting permission android.permission.WRITE_SECURE_SETTINGS from package com.google.android.dialer (protectionLevel=50 flags=0x20cbbec5)
08-01 11:55:01.080  2220  2384 I PackageManager: Un-granting permission android.permission.REQUEST_INSTALL_PACKAGES from package com.google.android.apps.nbu.files (protectionLevel=66 flags=0x20cbbec5)
08-01 11:55:01.081  2220  2384 I PackageManager: Un-granting permission android.permission.REQUEST_INSTALL_PACKAGES from package com.google.android.apps.docs (protectionLevel=66 flags=0x38cbbe44)
08-01 11:55:01.082  2220  2384 I PackageManager: Un-granting permission android.permission.INTERACT_ACROSS_USERS from package com.google.android.syncadapters.contacts (protectionLevel=50 flags=0x20883e45)
08-01 11:55:01.082  2220  2384 I PackageManager: Un-granting permission android.permission.REQUEST_INSTALL_PACKAGES from package com.android.chrome (protectionLevel=66 flags=0xa0cbbec5)
08-01 11:55:01.082  2220  2384 I PackageManager: Un-granting permission android.permission.CAPTURE_VIDEO_OUTPUT from package com.google.android.gms (protectionLevel=2 flags=0xa0cabec5)
08-01 11:55:01.083  2220  2384 I PackageManager: Un-granting permission android.permission.MANAGE_DEVICE_ADMINS from package com.google.android.gms (protectionLevel=2 flags=0xa0cabec5)
08-01 11:55:01.083  2220  2384 I PackageManager: Un-granting permission android.permission.MANAGE_ACTIVITY_STACKS from package com.google.android.gms (protectionLevel=2 flags=0xa0cabec5)
08-01 11:55:01.083  2220  2384 I PackageManager: Un-granting permission android.permission.CAPTURE_SECURE_VIDEO_OUTPUT from package com.google.android.gms (protectionLevel=2 flags=0xa0cabec5)
08-01 11:55:01.083  2220  2384 I PackageManager: Un-granting permission android.permission.MANAGE_ROLLBACKS from package com.google.android.gms (protectionLevel=514 flags=0xa0cabec5)
08-01 11:55:01.083  2220  2384 I PackageManager: Un-granting permission android.permission.BIND_DIRECTORY_SEARCH from package com.google.android.gms (protectionLevel=18 flags=0xa0cabec5)
08-01 11:55:01.085  2220  2384 I PackageManager: Un-granting permission com.google.android.googleapps.permission.GOOGLE_AUTH from package com.google.android.videos (protectionLevel=2 flags=0x30dbbe44)
08-01 11:55:01.085  2220  2384 I PackageManager: Un-granting permission android.permission.WRITE_SETTINGS from package org.videolan.vlc (protectionLevel=1218 flags=0x38d8be44)
08-01 11:55:01.085  2220  2384 I PackageManager: Un-granting permission android.permission.SYSTEM_ALERT_WINDOW from package org.videolan.vlc (protectionLevel=1250 flags=0x38d8be44)
08-01 11:55:01.086  2220  2384 I PackageManager: Un-granting permission android.permission.WRITE_MEDIA_STORAGE from package com.google.android.apps.photos (protectionLevel=18 flags=0x38d9bec5)
08-01 11:55:01.086  2220  2384 I PackageManager: Un-granting permission android.permission.SYSTEM_ALERT_WINDOW from package com.facebook.katana (protectionLevel=1250 flags=0x30d83e44)
08-01 11:55:01.087  2220  2384 I PackageManager: Un-granting permission android.permission.BATTERY_STATS from package com.facebook.katana (protectionLevel=50 flags=0x30d83e44)
08-01 11:55:01.087  2220  2384 I PackageManager: Un-granting permission android.permission.BATTERY_STATS from package com.glbenchmark.glbenchmark27 (protectionLevel=50 flags=0x3898be44)
08-01 11:55:01.087  2220  2384 I PackageManager: Un-granting permission android.permission.WRITE_SETTINGS from package com.glbenchmark.glbenchmark27 (protectionLevel=1218 flags=0x3898be44)
08-01 11:55:01.087  2220  2384 I PackageManager: Un-granting permission android.permission.READ_LOGS from package com.glbenchmark.glbenchmark27 (protectionLevel=50 flags=0x3898be44)
08-01 11:55:01.088  2220  2384 I PackageManager: Un-granting permission com.google.android.finsky.permission.GEARHEAD_SERVICE from package com.google.android.projection.gearhead (protectionLevel=18 flags=0x388bbcc5)
08-01 11:55:01.089  2220  2384 I PackageManager: Un-granting permission android.permission.CHANGE_COMPONENT_ENABLED_STATE from package com.google.android.projection.gearhead (protectionLevel=18 flags=0x388bbcc5)
08-01 11:55:01.089  2220  2384 I PackageManager: Un-granting permission android.permission.DUMP from package com.google.android.apps.turbo (protectionLevel=50 flags=0x30cbbec5)
08-01 11:55:01.090  2220  2384 I PackageManager: Un-granting permission android.permission.READ_WALLPAPER_INTERNAL from package com.google.android.apps.wallpaper (protectionLevel=18 flags=0x20cbbec5)
08-01 11:55:01.090  2220  2384 I PackageManager: Un-granting permission android.permission.SET_WALLPAPER_COMPONENT from package com.google.android.apps.wallpaper (protectionLevel=18 flags=0x20cbbec5)
08-01 11:55:01.090  2220  2384 I PackageManager: Un-granting permission android.permission.BIND_WALLPAPER from package com.google.android.apps.wallpaper (protectionLevel=18 flags=0x20cbbec5)
08-01 11:55:01.090  2220  2384 I PackageManager: Un-granting permission android.permission.CHANGE_OVERLAY_PACKAGES from package com.google.android.apps.wallpaper (protectionLevel=18 flags=0x20cbbec5)
08-01 11:55:01.090  2220  2384 I PackageManager: Un-granting permission android.permission.WRITE_SECURE_SETTINGS from package com.google.android.apps.wallpaper (protectionLevel=50 flags=0x20cbbec5)
08-01 11:55:01.093  2220  2384 I PackageManager: Un-granting permission android.permission.SYSTEM_ALERT_WINDOW from package com.google.android.apps.youtube.music (protectionLevel=1250 flags=0x20d9be44)
08-01 11:55:01.093  2220  2384 I PackageManager: Un-granting permission android.permission.SEND_DOWNLOAD_COMPLETED_INTENTS from package com.mobile.indiapp (protectionLevel=2 flags=0x38883e44)
08-01 11:55:01.093  2220  2384 I PackageManager: Un-granting permission android.permission.MOUNT_UNMOUNT_FILESYSTEMS from package com.mobile.indiapp (protectionLevel=18 flags=0x38883e44)
08-01 11:55:01.094  2220  2384 I PackageManager: Un-granting permission android.permission.READ_LOGS from package com.mobile.indiapp (protectionLevel=50 flags=0x38883e44)
08-01 11:55:01.094  2220  2384 I PackageManager: Un-granting permission android.permission.BIND_ACCESSIBILITY_SERVICE from package com.mobile.indiapp (protectionLevel=2 flags=0x38883e44)
08-01 11:55:01.094  2220  2384 I PackageManager: Un-granting permission android.permission.PACKAGE_USAGE_STATS from package com.mobile.indiapp (protectionLevel=114 flags=0x38883e44)
08-01 11:55:01.094  2220  2384 I PackageManager: Un-granting permission android.permission.SYSTEM_ALERT_WINDOW from package vidma.screenrecorder.videorecorder.videoeditor.lite (protectionLevel=1250 flags=0x30c8be44)
08-01 11:55:01.094  2220  2384 I PackageManager: Un-granting permission android.permission.INTERACT_ACROSS_PROFILES from package com.google.android.inputmethod.latin (protectionLevel=18 flags=0x20cabec5)
08-01 11:55:01.204  2220  2343 I RoleUserState: Wrote roles.xml successfully
08-01 11:55:01.206  2220  2384 V BackupManagerService: restoreAtInstall pkg=com.github.uiautomator.test token=2 restoreSet=0
08-01 11:55:01.207  2220  2384 V BackupManagerService: Finishing install immediately
08-01 11:55:01.228  2220  2601 W AccountManagerService: User 10213 does not exist. It might be removed already.
08-01 11:55:01.230  2220  2220 I RoleManagerService: Granting default permissions...
08-01 11:55:01.244  2220  3895 W LocationProviderProxy: Odd, no component found for service com.android.location.service.v3.NetworkLocationProvider
08-01 11:55:01.337  2220  2220 W Looper  : Slow dispatch took 100ms main h=android.app.ActivityThread$H c=android.app.-$$Lambda$LoadedApk$ReceiverDispatcher$Args$_BumDX2UKsnxLVrE6UJsJZkotuA@14b935e m=0
08-01 11:55:01.460  2220  2220 W Looper  : Slow dispatch took 119ms main h=android.app.ActivityThread$H c=android.app.-$$Lambda$LoadedApk$ReceiverDispatcher$Args$_BumDX2UKsnxLVrE6UJsJZkotuA@eec5a2b m=0
08-01 11:55:01.461  2220  2220 W Looper  : Slow delivery took 227ms main h=android.app.ActivityThread$H c=android.app.-$$Lambda$LoadedApk$ReceiverDispatcher$Args$_BumDX2UKsnxLVrE6UJsJZkotuA@65dae88 m=0
08-01 11:55:01.463  2220  2220 I TelecomService: DefaultDialerCache: Refreshing default dialer for user 0: now com.google.android.dialer: DDC.oR@AJc
08-01 11:55:01.488  2220  2220 V BackupManagerConstants: getFullBackupIntervalMilliseconds(...) returns 86400000
08-01 11:55:01.488  2220  2220 V BackupManagerConstants: getFullBackupRequiredNetworkType(...) returns 2
08-01 11:55:01.488  2220  2220 V BackupManagerConstants: getFullBackupRequireCharging(...) returns true
08-01 11:55:01.525  2220  2332 W Looper  : Slow delivery took 218ms android.fg h=android.os.Handler c=<recycled PooledLambda@df2ce1e> m=0
08-01 11:55:01.707  2220  2332 W Looper  : Drained
08-01 11:55:01.945  2220  2343 I RoleUserState: Wrote roles.xml successfully
08-01 11:55:02.059  2220  2220 W Looper  : Drained
08-01 11:55:02.244  2220  3334 W BroadcastQueue: Background execution not allowed: receiving Intent { act=android.intent.action.PACKAGE_ADDED dat=package:com.github.uiautomator flg=0x4000010 (has extras) } to com.google.android.packageinstaller/com.android.packageinstaller.PackageInstalledReceiver
08-01 11:55:02.246  2220  2344 W BroadcastQueue: Background execution not allowed: receiving Intent { act=android.intent.action.PACKAGE_ADDED dat=package:com.github.uiautomator flg=0x4000010 (has extras) } to com.android.vending/com.google.android.finsky.packagemanager.impl.PackageMonitorReceiverImpl$RegisteredReceiver
08-01 11:55:02.246  2220  2344 W BroadcastQueue: Background execution not allowed: receiving Intent { act=android.intent.action.PACKAGE_ADDED dat=package:com.github.uiautomator flg=0x4000010 (has extras) } to com.google.android.gms/.games.chimera.GamesSystemBroadcastReceiverProxy
08-01 11:55:02.246  2220  2344 W BroadcastQueue: Background execution not allowed: receiving Intent { act=android.intent.action.PACKAGE_ADDED dat=package:com.github.uiautomator flg=0x4000010 (has extras) } to com.google.android.gms/.gass.chimera.PackageChangeBroadcastReceiver
08-01 11:55:02.246  2220  2344 W BroadcastQueue: Background execution not allowed: receiving Intent { act=android.intent.action.PACKAGE_ADDED dat=package:com.github.uiautomator flg=0x4000010 (has extras) } to com.google.android.gms/.chimera.GmsIntentOperationService$PersistentTrustedReceiver
08-01 11:55:02.246  2220  2344 W BroadcastQueue: Background execution not allowed: receiving Intent { act=android.intent.action.PACKAGE_ADDED dat=package:com.github.uiautomator flg=0x4000010 (has extras) } to com.google.android.googlequicksearchbox/com.google.android.apps.gsa.googlequicksearchbox.GelStubAppWatcher
08-01 11:55:02.246  2220  2344 W BroadcastQueue: Background execution not allowed: receiving Intent { act=android.intent.action.PACKAGE_ADDED dat=package:com.github.uiautomator flg=0x4000010 (has extras) } to com.google.android.ims/.receivers.RcsAutoStartReceiver
08-01 11:55:02.246  2220  2344 W BroadcastQueue: Background execution not allowed: receiving Intent { act=android.intent.action.PACKAGE_ADDED dat=package:com.github.uiautomator flg=0x4000010 (has extras) } to com.estrongs.android.pop/.app.InstallMonitorReceiver
08-01 11:55:02.246  2220  2344 W BroadcastQueue: Background execution not allowed: receiving Intent { act=android.intent.action.PACKAGE_ADDED dat=package:com.github.uiautomator flg=0x4000010 (has extras) } to com.estrongs.android.pop/com.android.apps.pros.LocalCReceiver
08-01 11:55:02.246  2220  2344 W BroadcastQueue: Background execution not allowed: receiving Intent { act=android.intent.action.PACKAGE_ADDED dat=package:com.github.uiautomator flg=0x4000010 (has extras) } to com.estrongs.android.pop/com.duapps.ad.stats.CallbackReceiver
08-01 11:55:02.247  2220  2344 W BroadcastQueue: Background execution not allowed: receiving Intent { act=android.intent.action.PACKAGE_ADDED dat=package:com.github.uiautomator flg=0x4000010 (has extras) } to com.facebook.katana/com.facebook.feed.platformads.AppInstallReceiver
08-01 11:55:02.265  2220  2345 I ActivityManager: Start proc 19063:com.google.android.packageinstaller/u0a76 for broadcast {com.google.android.packageinstaller/com.android.packageinstaller.PackageInstalledReceiver}
08-01 11:55:02.295  2220  3477 I ActivityManager: Force stopping com.github.uiautomator appid=10212 user=0: start instr
08-01 11:55:02.299  2220  3477 W ActivityManager: ProcessRecord{6f51500 0:com.github.uiautomator/u0a212}: ART verification disabled
08-01 11:55:02.335  2220  2345 I ActivityManager: Start proc 19084:com.github.uiautomator/u0a212 for added application com.github.uiautomator
08-01 11:55:02.400  2220  2585 I ActivityManager: Killing 18203:com.google.android.apps.docs/u0a166 (adj 985): empty #17
08-01 11:55:02.425  2220  4741 W BroadcastQueue: Background execution not allowed: receiving Intent { act=android.intent.action.PACKAGE_ADDED dat=package:com.github.uiautomator.test flg=0x4000010 (has extras) } to com.google.android.packageinstaller/com.android.packageinstaller.PackageInstalledReceiver
08-01 11:55:02.431  2220  2344 W BroadcastQueue: Background execution not allowed: receiving Intent { act=android.intent.action.PACKAGE_ADDED dat=package:com.github.uiautomator.test flg=0x4000010 (has extras) } to com.android.vending/com.google.android.finsky.packagemanager.impl.PackageMonitorReceiverImpl$RegisteredReceiver
08-01 11:55:02.431  2220  2344 W BroadcastQueue: Background execution not allowed: receiving Intent { act=android.intent.action.PACKAGE_ADDED dat=package:com.github.uiautomator.test flg=0x4000010 (has extras) } to com.google.android.gms/.games.chimera.GamesSystemBroadcastReceiverProxy
08-01 11:55:02.432  2220  2344 W BroadcastQueue: Background execution not allowed: receiving Intent { act=android.intent.action.PACKAGE_ADDED dat=package:com.github.uiautomator.test flg=0x4000010 (has extras) } to com.google.android.gms/.gass.chimera.PackageChangeBroadcastReceiver
08-01 11:55:02.432  2220  2344 W BroadcastQueue: Background execution not allowed: receiving Intent { act=android.intent.action.PACKAGE_ADDED dat=package:com.github.uiautomator.test flg=0x4000010 (has extras) } to com.google.android.gms/.chimera.GmsIntentOperationService$PersistentTrustedReceiver
08-01 11:55:02.432  2220  2344 W BroadcastQueue: Background execution not allowed: receiving Intent { act=android.intent.action.PACKAGE_ADDED dat=package:com.github.uiautomator.test flg=0x4000010 (has extras) } to com.google.android.googlequicksearchbox/com.google.android.apps.gsa.googlequicksearchbox.GelStubAppWatcher
08-01 11:55:02.432  2220  2344 W BroadcastQueue: Background execution not allowed: receiving Intent { act=android.intent.action.PACKAGE_ADDED dat=package:com.github.uiautomator.test flg=0x4000010 (has extras) } to com.google.android.ims/.receivers.RcsAutoStartReceiver
08-01 11:55:02.432  2220  2344 W BroadcastQueue: Background execution not allowed: receiving Intent { act=android.intent.action.PACKAGE_ADDED dat=package:com.github.uiautomator.test flg=0x4000010 (has extras) } to com.estrongs.android.pop/.app.InstallMonitorReceiver
08-01 11:55:02.432  2220  2344 W BroadcastQueue: Background execution not allowed: receiving Intent { act=android.intent.action.PACKAGE_ADDED dat=package:com.github.uiautomator.test flg=0x4000010 (has extras) } to com.estrongs.android.pop/com.android.apps.pros.LocalCReceiver
08-01 11:55:02.432  2220  2344 W BroadcastQueue: Background execution not allowed: receiving Intent { act=android.intent.action.PACKAGE_ADDED dat=package:com.github.uiautomator.test flg=0x4000010 (has extras) } to com.estrongs.android.pop/com.duapps.ad.stats.CallbackReceiver
08-01 11:55:02.432  2220  2344 W BroadcastQueue: Background execution not allowed: receiving Intent { act=android.intent.action.PACKAGE_ADDED dat=package:com.github.uiautomator.test flg=0x4000010 (has extras) } to com.facebook.katana/com.facebook.feed.platformads.AppInstallReceiver
08-01 11:55:02.827  2220  2220 V SettingsProvider: Notifying for 0: content://settings/secure/accessibility_enabled
08-01 11:55:07.297  2220  4014 I ActivityManager: Killing 17694:com.google.android.apps.messaging/u0a158 (adj 985): empty #17
08-01 11:55:07.357  2220  2585 D ConnectivityService: ConnectivityService NetworkRequestInfo binderDied(NetworkRequest [ LISTEN id=138, [ Capabilities: INTERNET&NOT_RESTRICTED&TRUSTED Uid: 10158] ], android.os.BinderProxy@b60e3db)
08-01 11:55:07.357  2220  4736 D ConnectivityService: ConnectivityService NetworkRequestInfo binderDied(NetworkRequest [ TRACK_DEFAULT id=137, [ Capabilities: INTERNET&NOT_RESTRICTED&TRUSTED Uid: 10158] ], android.os.BinderProxy@40fee78)
08-01 11:55:07.357  2220  2776 D ConnectivityService: ConnectivityService NetworkRequestInfo binderDied(NetworkRequest [ TRACK_DEFAULT id=136, [ Capabilities: INTERNET&NOT_RESTRICTED&TRUSTED Uid: 10158] ], android.os.BinderProxy@e414951)
08-01 11:55:07.358  2220  2633 D ConnectivityService: releasing NetworkRequest [ TRACK_DEFAULT id=136, [ Capabilities: INTERNET&NOT_RESTRICTED&TRUSTED Uid: 10158] ] (release request)
08-01 11:55:07.363  2220  2633 D ConnectivityService: releasing NetworkRequest [ TRACK_DEFAULT id=137, [ Capabilities: INTERNET&NOT_RESTRICTED&TRUSTED Uid: 10158] ] (release request)
08-01 11:55:09.312  2220  4081 I ActivityTaskManager: START u0 {flg=0x10000000 cmp=com.github.uiautomator/.ToastActivity (has extras)} from uid 2000
08-01 11:55:09.344  2220  4014 V WindowManager: Changing focus from Window{8466f59 u0 com.android.settings/com.android.settings.homepage.SettingsHomepageActivity} to null displayId=0
08-01 11:55:09.417  2220  2336 I WindowManager:   SURFACE show Surface(name=com.android.systemui.ImageWallpaper)/@0xe08ac94 on display:0: com.android.systemui.ImageWallpaper
08-01 11:55:09.417  2220  2336 I WindowManager:   SURFACE show Surface(name=Splash Screen com.github.uiautomator)/@0x82f1af0 on display:0: Splash Screen com.github.uiautomator
08-01 11:55:09.455 19084 19084 E AndroidRuntime: FATAL EXCEPTION: main
08-01 11:55:09.455 19084 19084 E AndroidRuntime: Process: com.github.uiautomator, PID: 19084
08-01 11:55:09.455 19084 19084 E AndroidRuntime: java.lang.RuntimeException: Unable to start activity ComponentInfo{com.github.uiautomator/com.github.uiautomator.ToastActivity}: android.view.WindowManager$BadTokenException: Unable to add window android.view.ViewRootImpl$W@73a0775 -- permission denied for window type 2038
08-01 11:55:09.455 19084 19084 E AndroidRuntime: 	at android.app.ActivityThread.performLaunchActivity(ActivityThread.java:3477)
08-01 11:55:09.455 19084 19084 E AndroidRuntime: 	at android.app.ActivityThread.handleLaunchActivity(ActivityThread.java:3620)
08-01 11:55:09.455 19084 19084 E AndroidRuntime: 	at android.app.servertransaction.LaunchActivityItem.execute(LaunchActivityItem.java:83)
08-01 11:55:09.455 19084 19084 E AndroidRuntime: 	at android.app.servertransaction.TransactionExecutor.executeCallbacks(TransactionExecutor.java:135)
08-01 11:55:09.455 19084 19084 E AndroidRuntime: 	at android.app.servertransaction.TransactionExecutor.execute(TransactionExecutor.java:95)
08-01 11:55:09.455 19084 19084 E AndroidRuntime: 	at android.app.ActivityThread$H.handleMessage(ActivityThread.java:2183)
08-01 11:55:09.455 19084 19084 E AndroidRuntime: 	at android.os.Handler.dispatchMessage(Handler.java:107)
08-01 11:55:09.455 19084 19084 E AndroidRuntime: 	at android.os.Looper.loop(Looper.java:241)
08-01 11:55:09.455 19084 19084 E AndroidRuntime: 	at android.app.ActivityThread.main(ActivityThread.java:7617)
08-01 11:55:09.455 19084 19084 E AndroidRuntime: 	at java.lang.reflect.Method.invoke(Native Method)
08-01 11:55:09.455 19084 19084 E AndroidRuntime: 	at com.android.internal.os.RuntimeInit$MethodAndArgsCaller.run(RuntimeInit.java:492)
08-01 11:55:09.455 19084 19084 E AndroidRuntime: 	at com.android.internal.os.ZygoteInit.main(ZygoteInit.java:941)
08-01 11:55:09.455 19084 19084 E AndroidRuntime: Caused by: android.view.WindowManager$BadTokenException: Unable to add window android.view.ViewRootImpl$W@73a0775 -- permission denied for window type 2038
08-01 11:55:09.455 19084 19084 E AndroidRuntime: 	at android.view.ViewRootImpl.setView(ViewRootImpl.java:959)
08-01 11:55:09.455 19084 19084 E AndroidRuntime: 	at android.view.WindowManagerGlobal.addView(WindowManagerGlobal.java:387)
08-01 11:55:09.455 19084 19084 E AndroidRuntime: 	at android.view.WindowManagerImpl.addView(WindowManagerImpl.java:95)
08-01 11:55:09.455 19084 19084 E AndroidRuntime: 	at com.github.uiautomator.FloatView.show(FloatView.java:109)
08-01 11:55:09.455 19084 19084 E AndroidRuntime: 	at com.github.uiautomator.ToastActivity.onCreate(ToastActivity.java:30)
08-01 11:55:09.455 19084 19084 E AndroidRuntime: 	at android.app.Activity.performCreate(Activity.java:7810)
08-01 11:55:09.455 19084 19084 E AndroidRuntime: 	at android.app.Activity.performCreate(Activity.java:7799)
08-01 11:55:09.455 19084 19084 E AndroidRuntime: 	at android.app.Instrumentation.callActivityOnCreate(Instrumentation.java:1328)
08-01 11:55:09.455 19084 19084 E AndroidRuntime: 	at androidx.test.runner.MonitoringInstrumentation.callActivityOnCreate(MonitoringInstrumentation.java:711)
08-01 11:55:09.455 19084 19084 E AndroidRuntime: 	at android.app.ActivityThread.performLaunchActivity(ActivityThread.java:3452)
08-01 11:55:09.455 19084 19084 E AndroidRuntime: 	... 11 more
08-01 11:55:09.466  2220 19129 I DropBoxManagerService: add tag=data_app_crash isTagEnabled=true flags=0x2
08-01 11:55:09.482  2220  2344 W BroadcastQueue: Background execution not allowed: receiving Intent { act=android.intent.action.DROPBOX_ENTRY_ADDED flg=0x10 (has extras) } to com.google.android.gms/.stats.service.DropBoxEntryAddedReceiver
08-01 11:55:09.482  2220  2344 W BroadcastQueue: Background execution not allowed: receiving Intent { act=android.intent.action.DROPBOX_ENTRY_ADDED flg=0x10 (has extras) } to com.google.android.gms/.chimera.GmsIntentOperationService$PersistentTrustedReceiver
08-01 11:55:09.487  2220  2310 I ActivityManager: Process com.github.uiautomator (pid 19084) has died: fore TOP 
08-01 11:55:09.487  2220  4014 W WindowManager: removeWindowToken: Attempted to remove non-existing token: android.os.Binder@f606865
08-01 11:55:09.490  2220  2310 W ActivityManager: Crash of app com.github.uiautomator running instrumentation ComponentInfo{com.github.uiautomator.test/androidx.test.runner.AndroidJUnitRunner}
08-01 11:55:09.491  2220  2310 I ActivityManager: Force stopping com.github.uiautomator appid=10212 user=0: finished inst
08-01 11:55:09.494  2220  2310 I ActivityTaskManager:   Force finishing activity ActivityRecord{200298d u0 com.github.uiautomator/.ToastActivity t48}
08-01 11:55:09.502  2220  2310 I ActivityTaskManager:   Force finishing activity ActivityRecord{200298d u0 com.github.uiautomator/.ToastActivity t48 f}
08-01 11:55:09.502  2220  2310 W ActivityTaskManager: Duplicate finish request for ActivityRecord{200298d u0 com.github.uiautomator/.ToastActivity t48 f}
08-01 11:55:09.512  2220  2336 V WindowManager: Changing focus from null to Window{8466f59 u0 com.android.settings/com.android.settings.homepage.SettingsHomepageActivity} displayId=0
08-01 11:55:09.517  2220  2220 V SettingsProvider: Notifying for 0: content://settings/secure/accessibility_enabled
08-01 11:55:10.526  2220  4014 I ActivityManager: Force stopping com.github.uiautomator appid=10212 user=0: start instr
08-01 11:55:10.529  2220  4014 W ActivityManager: ProcessRecord{6b16ba 0:com.github.uiautomator/u0a212}: ART verification disabled
08-01 11:55:10.541  2220  2345 I ActivityManager: Start proc 19152:com.github.uiautomator/u0a212 for added application com.github.uiautomator
08-01 11:55:10.835  2220  2220 V SettingsProvider: Notifying for 0: content://settings/secure/accessibility_enabled
08-01 11:55:11.357  2220  2310 I ActivityManager: Killing 18510:com.android.providers.calendar/u0a56 (adj 985): empty #17
08-01 11:55:12.635  2220  2585 I ActivityManager: Killing 17407:com.motorola.help/u0a70 (adj 985): empty #17
08-01 11:55:17.362  2220  2585 I ActivityTaskManager: START u0 {act=android.intent.action.MAIN cmp=com.android.settings/.SubSettings (has extras)} from uid 1000
08-01 11:55:17.375  2220  4014 V WindowManager: Changing focus from Window{8466f59 u0 com.android.settings/com.android.settings.homepage.SettingsHomepageActivity} to null displayId=0
08-01 11:55:17.489  2220  2585 V WindowManager: Changing focus from null to Window{bd10fb1 u0 com.android.settings/com.android.settings.SubSettings} displayId=0
08-01 11:55:17.540  2220  2336 I LaunchCheckinHandler: Displayed com.android.settings/.SubSettings,wp,ca,167
08-01 11:55:17.540  2220  2336 I WindowManager: Window drawn AppWindowToken{f47b36 token=Token{80cd4d1 ActivityRecord{9ec77f8 u0 com.android.settings/.SubSettings t47}}}
08-01 11:55:17.542  2220  2336 I WindowManager:   SURFACE show Surface(name=com.android.settings/com.android.settings.SubSettings)/@0xa544721 on display:0: com.android.settings/com.android.settings.SubSettings
08-01 11:55:17.965  2220  2310 I WindowManager: Window drawn AppWindowToken{d01ae5f token=Token{dd9a6fe ActivityRecord{12fb2b9 u0 com.android.settings/.homepage.SettingsHomepageActivity t47}}}
08-01 11:55:17.974  2220  2310 I ActivityManager: Killing 17870:com.google.android.projection.gearhead:car/u0a101 (adj 985): empty #17
08-01 11:55:18.074  2220  2310 I ActivityTaskManager: START u0 {act=android.intent.action.MAIN cmp=com.android.settings/.SubSettings (has extras)} from uid 1000
08-01 11:55:18.086  2220  4733 V WindowManager: Changing focus from Window{bd10fb1 u0 com.android.settings/com.android.settings.SubSettings} to null displayId=0
08-01 11:55:18.114  2220  4733 E UserRestrictionsUtils: Unknown restriction queried by uid 1000 (com.motorola.android.fmradio et al): null
08-01 11:55:18.115  2220  4733 E UserRestrictionsUtils: Unknown restriction queried by uid 1000 (com.motorola.android.fmradio et al): null
08-01 11:55:18.144  2220  2345 I ActivityManager: Start proc 19191:com.motorola.coresettingsext/u0a61 for content provider {com.motorola.coresettingsext/com.motorola.coresettingsext.CoreSettingsDynamicPrefProvider}
08-01 11:55:18.284  2220  2345 I ActivityManager: Start proc 19213:com.android.printspooler/u0a94 for service {com.android.printspooler/com.android.printspooler.model.PrintSpoolerService}
08-01 11:55:18.293  2220  4733 W ActivityManager: Permission Denial: Accessing service com.google.android.music/.dial.DialMediaRouteProviderService from pid=3634, uid=10110 that is not exported from uid 10164
08-01 11:55:18.373  2220  2310 V WindowManager: Changing focus from null to Window{2c6a092 u0 com.android.settings/com.android.settings.SubSettings} displayId=0
08-01 11:55:18.421  2220  2336 I LaunchCheckinHandler: Displayed com.android.settings/.SubSettings,wp,ca,337
08-01 11:55:18.421  2220  2336 I WindowManager: Window drawn AppWindowToken{b07391e token=Token{26db959 ActivityRecord{a3779a0 u0 com.android.settings/.SubSettings t47}}}
08-01 11:55:18.422  2220  2336 I WindowManager:   SURFACE show Surface(name=com.android.settings/com.android.settings.SubSettings)/@0xeaa33de on display:0: com.android.settings/com.android.settings.SubSettings
08-01 11:55:18.463  2220  4733 W ActivityManager: Permission Denial: Accessing service com.google.android.music/.dial.DialMediaRouteProviderService from pid=3634, uid=10110 that is not exported from uid 10164
08-01 11:55:18.831  2220  4081 I WindowManager: Window drawn AppWindowToken{f47b36 token=Token{80cd4d1 ActivityRecord{9ec77f8 u0 com.android.settings/.SubSettings t47}}}
08-01 11:55:18.941  2220  4081 I ActivityTaskManager: START u0 {act=android.intent.action.MAIN cmp=com.android.settings/.SubSettings (has extras)} from uid 1000
08-01 11:55:18.952  2220  2310 V WindowManager: Changing focus from Window{2c6a092 u0 com.android.settings/com.android.settings.SubSettings} to null displayId=0
08-01 11:55:19.007  2220  4081 V WindowManager: Changing focus from null to Window{ddc2dee u0 com.android.settings/com.android.settings.SubSettings} displayId=0
08-01 11:55:19.044  2220  2336 I LaunchCheckinHandler: Displayed com.android.settings/.SubSettings,wp,ca,94
08-01 11:55:19.044  2220  2336 I WindowManager: Window drawn AppWindowToken{bb57643 token=Token{f09cff2 ActivityRecord{f1bd6fd u0 com.android.settings/.SubSettings t47}}}
08-01 11:55:19.046  2220  2336 I WindowManager:   SURFACE show Surface(name=com.android.settings/com.android.settings.SubSettings)/@0x4613afa on display:0: com.android.settings/com.android.settings.SubSettings
08-01 11:55:19.479  2220  4733 I WindowManager: Window drawn AppWindowToken{b07391e token=Token{26db959 ActivityRecord{a3779a0 u0 com.android.settings/.SubSettings t47}}}
08-01 11:55:19.588  2220  4741 D BluetoothManagerService: enable(com.android.settings):  mBluetooth =null mBinding = false mState = OFF
08-01 11:55:19.588  2220  4741 D BluetoothManagerService: enable returning
08-01 11:55:19.588  2220  2334 D BluetoothManagerService: MESSAGE_ENABLE(0): mBluetooth = null
08-01 11:55:19.608  2220  2345 I ActivityManager: Start proc 19239:com.android.bluetooth/1002 for service {com.android.bluetooth/com.android.bluetooth.btservice.AdapterService}
08-01 11:55:19.680  2220  4741 V WindowManager: Changing focus from Window{ddc2dee u0 com.android.settings/com.android.settings.SubSettings} to null displayId=0
08-01 11:55:19.715  2220  4733 V WindowManager: Changing focus from null to Window{2c6a092 u0 com.android.settings/com.android.settings.SubSettings} displayId=0
08-01 11:55:19.721  2220  4733 W ActivityManager: Permission Denial: Accessing service com.google.android.music/.dial.DialMediaRouteProviderService from pid=3634, uid=10110 that is not exported from uid 10164
08-01 11:55:19.735  2220  2336 I WindowManager: Window drawn AppWindowToken{b07391e token=Token{26db959 ActivityRecord{a3779a0 u0 com.android.settings/.SubSettings t47}}}
08-01 11:55:19.736  2220  2336 I WindowManager:   SURFACE show Surface(name=com.android.settings/com.android.settings.SubSettings)/@0x2284267 on display:0: com.android.settings/com.android.settings.SubSettings
08-01 11:55:19.774  2220  4012 W ActivityManager: Permission Denial: Accessing service com.google.android.music/.dial.DialMediaRouteProviderService from pid=3634, uid=10110 that is not exported from uid 10164
08-01 11:55:19.838  2220  2220 D BluetoothManagerService: Bluetooth Adapter name changed to Motorola
08-01 11:55:19.838  2220  2220 D BluetoothManagerService: Stored Bluetooth name: Motorola
08-01 11:55:19.869  2220  2220 D BluetoothManagerService: BluetoothServiceConnection: com.android.bluetooth.btservice.AdapterService
08-01 11:55:19.869  2220  2334 D BluetoothManagerService: MESSAGE_BLUETOOTH_SERVICE_CONNECTED: 1
08-01 11:55:19.869  2220  2334 D BluetoothManagerService: Broadcasting onBluetoothServiceUp() to 12 receivers.
08-01 11:55:19.872  2220  2334 D BluetoothManagerService: MESSAGE_BLUETOOTH_STATE_CHANGE: OFF > BLE_TURNING_ON
08-01 11:55:19.872  2220  2334 D BluetoothManagerService: Sending BLE State Change: OFF > BLE_TURNING_ON
08-01 11:55:20.166  2220  4741 I WindowManager: Window drawn AppWindowToken{bb57643 token=Token{f09cff2 ActivityRecord{f1bd6fd u0 com.android.settings/.SubSettings t47}}}
08-01 11:55:20.630  2220  2310 I ActivityManager: Killing 18540:com.google.android.gms:car/u0a110 (adj 985): empty #17
08-01 11:55:21.072  2220  2220 D BluetoothManagerService: Bluetooth Adapter address changed to 0C:CB:85:6F:31:A8
08-01 11:55:21.072  2220  2220 D BluetoothManagerService: Stored Bluetoothaddress: 0C:CB:85:6F:31:A8
08-01 11:55:21.072  2220  2220 D BluetoothManagerService: Bluetooth Adapter name changed to Motorola
08-01 11:55:21.072  2220  2220 D BluetoothManagerService: Stored Bluetooth name: Motorola
08-01 11:55:21.077  2220  2220 D BluetoothManagerService: Bluetooth Adapter address changed to 0C:CB:85:6F:31:A8
08-01 11:55:21.077  2220  2220 D BluetoothManagerService: Stored Bluetoothaddress: 0C:CB:85:6F:31:A8
08-01 11:55:21.080  2220  2334 D BluetoothManagerService: MESSAGE_BLUETOOTH_STATE_CHANGE: BLE_TURNING_ON > BLE_ON
08-01 11:55:21.080  2220  2334 D BluetoothManagerService: Bluetooth is in LE only mode
08-01 11:55:21.080  2220  2334 D BluetoothManagerService: Binding Bluetooth GATT service
08-01 11:55:21.081  2220  2334 D BluetoothManagerService: Sending BLE State Change: BLE_TURNING_ON > BLE_ON
08-01 11:55:21.082  2220  2220 D BluetoothManagerService: BluetoothServiceConnection: com.android.bluetooth.gatt.GattService
08-01 11:55:21.082  2220  2334 D BluetoothManagerService: MESSAGE_BLUETOOTH_SERVICE_CONNECTED: 2
08-01 11:55:21.082  2220  2334 D BluetoothManagerService: continueFromBleOnState()
08-01 11:55:21.083  2220  2334 D BluetoothManagerService: Persisting Bluetooth Setting: 1
08-01 11:55:21.084  2220  2334 D BluetoothManagerService: MESSAGE_BLUETOOTH_STATE_CHANGE: BLE_ON > TURNING_ON
08-01 11:55:21.084  2220  2334 D BluetoothManagerService: Sending BLE State Change: BLE_ON > TURNING_ON
08-01 11:55:21.085  2220  2220 V SettingsProvider: Notifying for 0: content://settings/global/bluetooth_on
08-01 11:55:21.193  2220  2345 I ActivityManager: Start proc 19305:com.alphainventor.filemanager/u0a177 for service {com.alphainventor.filemanager/com.example.android.uamp.MusicService}
08-01 11:55:21.210  2220  2345 I ActivityManager: Start proc 19323:com.bsbportal.music/u0a163 for service {com.bsbportal.music/com.wynk.player.media.service.MediaService}
08-01 11:55:21.229  2220  2345 I ActivityManager: Start proc 19341:com.google.android.apps.youtube.music/u0a194 for service {com.google.android.apps.youtube.music/com.google.android.apps.youtube.music.mediabrowser.MusicBrowserService}
08-01 11:55:21.248  2220  2345 W ActivityManager: Slow operation: 53ms so far, now at startProcess: returned from zygote!
08-01 11:55:21.252  2220  2345 W ActivityManager: Slow operation: 57ms so far, now at startProcess: done updating battery stats
08-01 11:55:21.252  2220  2345 W ActivityManager: Slow operation: 57ms so far, now at startProcess: building log message
08-01 11:55:21.252  2220  2345 I ActivityManager: Start proc 19359:com.google.android.music:main/u0a164 for service {com.google.android.music/com.google.android.music.browse.MediaBrowserService}
08-01 11:55:21.252  2220  2345 W ActivityManager: Slow operation: 57ms so far, now at startProcess: starting to update pids map
08-01 11:55:21.252  2220  2345 W ActivityManager: Slow operation: 57ms so far, now at startProcess: done updating pids map
08-01 11:55:21.281  2220  2345 W ActivityManager: Slow operation: 79ms so far, now at startProcess: returned from zygote!
08-01 11:55:21.281  2220  2345 W ActivityManager: Slow operation: 80ms so far, now at startProcess: done updating battery stats
08-01 11:55:21.281  2220  2345 W ActivityManager: Slow operation: 80ms so far, now at startProcess: building log message
08-01 11:55:21.281  2220  2345 I ActivityManager: Start proc 19383:org.videolan.vlc/u0a191 for service {org.videolan.vlc/org.videolan.vlc.PlaybackService}
08-01 11:55:21.281  2220  2345 W ActivityManager: Slow operation: 80ms so far, now at startProcess: starting to update pids map
08-01 11:55:21.282  2220  2345 W ActivityManager: Slow operation: 80ms so far, now at startProcess: done updating pids map
08-01 11:55:21.308  2220  2345 W ActivityManager: Slow operation: 53ms so far, now at startProcess: returned from zygote!
08-01 11:55:21.308  2220  2345 W ActivityManager: Slow operation: 53ms so far, now at startProcess: done updating battery stats
08-01 11:55:21.309  2220  2345 W ActivityManager: Slow operation: 53ms so far, now at startProcess: building log message
08-01 11:55:21.309  2220  2345 I ActivityManager: Start proc 19396:com.google.android.apps.messaging/u0a158 for service {com.google.android.apps.messaging/com.google.android.apps.messaging.shared.datamodel.action.execution.ActionJobService}
08-01 11:55:21.309  2220  2345 W ActivityManager: Slow operation: 53ms so far, now at startProcess: starting to update pids map
08-01 11:55:21.309  2220  2345 W ActivityManager: Slow operation: 53ms so far, now at startProcess: done updating pids map
08-01 11:55:21.421  2220  2334 D BluetoothManagerService: MESSAGE_BLUETOOTH_STATE_CHANGE: TURNING_ON > ON
08-01 11:55:21.421  2220  2334 D BluetoothManagerService: Broadcasting onBluetoothStateChange(true) to 14 receivers.
08-01 11:55:21.426  2220  2334 D BluetoothManagerService: Creating new ProfileServiceConnections object for profile: 1
08-01 11:55:21.452  2220  2334 D BluetoothManagerService: Sending BLE State Change: TURNING_ON > ON
08-01 11:55:21.468  2220  2220 W TelecomService: BluetoothPhoneService: Calling get Profile proxy
08-01 11:55:21.470  2220  2220 W TelecomService: BluetoothPhoneService: Done Calling get Profile proxy
08-01 11:55:21.470  2220  2220 I TelecomService: BluetoothPhoneService: queryPhoneState: BPSI.qPS@AJg
08-01 11:55:21.479  2220  3334 W ActivityManager: Receiver with filter android.content.IntentFilter@6def938 already registered for pid 2678, callerPackage is com.android.systemui
08-01 11:55:21.524  2220  4737 W BroadcastQueue: Background execution not allowed: receiving Intent { act=android.bluetooth.device.action.UUID flg=0x10 (has extras) } to com.google.android.gms/.chimera.GmsIntentOperationService$PersistentTrustedReceiver
08-01 11:55:21.526  2220  2344 W BroadcastQueue: Background execution not allowed: receiving Intent { act=android.bluetooth.device.action.UUID flg=0x10 (has extras) } to com.google.android.googlequicksearchbox/com.google.android.apps.gsa.broadcastreceiver.external.ExternalCommonBroadcastReceiver
