08-01 12:03:23.143  3237  7697 I NearbySharing: Failed to stop scanning because weren't scanning. [CONTEXT service_id=194 ]
08-01 12:03:23.143  3237  7697 I NearbySharing: Stopping discovery because Nearby Sharing is disabled. [CONTEXT service_id=194 ]
08-01 12:03:23.143  3237  7697 I NearbySharing: Can't stop advertising FastInitiation. Not advertising. [CONTEXT service_id=194 ]
08-01 12:03:23.143  3237  7697 I NearbySharing: Stopping Fast Init advertisement because we're not scanning. [CONTEXT service_id=194 ]
08-01 12:03:23.144  3237  7697 I NearbySharing: Broadcasting NearbySharing state change. [CONTEXT service_id=194 ]
08-01 12:03:23.448 19152 22068 W QueryController: Could not detect idle state.
08-01 12:03:23.582 19152 22068 D UIAutomatorStub: URI: /jsonrpc/0, Method: POST, params, {NanoHttpd.QUERY_STRING=null}, files: {postData={"jsonrpc": "2.0", "id": "1d1aadb2b6027f7dd820b299f00d64ac", "method": "objInfo", "params": [{"mask": 1, "childOrSibling": [], "childOrSiblingSelector": [], "text": "Bluetooth"}]}}
08-01 12:03:23.584 19152 22068 W QueryController: Could not detect idle state.
08-01 12:03:23.642 19152 22068 W QueryController: Could not detect idle state.
08-01 12:03:23.699 19152 22068 D UIAutomatorStub: URI: /jsonrpc/0, Method: POST, params, {NanoHttpd.QUERY_STRING=null}, files: {postData={"jsonrpc": "2.0", "id": "09e57f4b6d03a4c6d8605b3e2a461c1f", "method": "click", "params": [135.0, 2002.5]}}
08-01 12:03:23.829  2220  4735 I ActivityTaskManager: START u0 {flg=0x3000000 cmp=com.android.systemui/.chooser.ChooserActivity (has extras)} from uid 1000
08-01 12:03:23.862  1060  1060 D Zygote  : Forked child process 22259
08-01 12:03:23.864  2220  2345 I ActivityManager: Start proc 22259:com.android.systemui:ui/u0a131 for activity {com.android.systemui/com.android.systemui.chooser.ChooserActivity}
08-01 12:03:23.873 22259 22259 E oid.systemui:u: Not starting debugger since process cannot load the jdwp agent.
08-01 12:03:23.886  2220  4735 V WindowManager: Changing focus from Window{21df3cd u0 android/com.android.internal.app.ChooserActivity} to null displayId=0
08-01 12:03:23.902 22259 22259 I oid.systemui:u: The ClassLoaderContext is a special shared library.
08-01 12:03:23.943  2220  4733 I ActivityTaskManager: START u0 {act=android.intent.action.SEND typ=image/png flg=0xb080001 cmp=com.android.bluetooth/.opp.BluetoothOppLauncherActivity clip={image/png U:content://com.google.android.apps.nbu.files.provider/2/91} (has extras)} from uid 10136
08-01 12:03:23.976   846   846 E SELinux : avc:  denied  { find } for service=gpu pid=21337 uid=1002 scontext=u:r:bluetooth:s0 tcontext=u:object_r:gpu_service:s0 tclass=service_manager permissive=0
08-01 12:03:23.976 21337 22283 I chatty  : uid=1002(bluetooth) com.android.bluetooth expire 1 line
08-01 12:03:24.004 21337 22285 I chatty  : uid=1002(bluetooth) com.android.bluetooth expire 2 lines
08-01 12:03:24.013  3496  3560 W ExifInterface: Invalid image: ExifInterface got an unsupported image format file(ExifInterface supports JPEG and some RAW image formats only) or a corrupted JPEG file to ExifInterface.
08-01 12:03:24.013  3496  3560 W ExifInterface: java.io.IOException: Invalid byte order: ffff8950
08-01 12:03:24.013  3496  3560 W ExifInterface: 	at android.media.ExifInterface.readByteOrder(ExifInterface.java:3128)
08-01 12:03:24.013  3496  3560 W ExifInterface: 	at android.media.ExifInterface.isOrfFormat(ExifInterface.java:2443)
08-01 12:03:24.013  3496  3560 W ExifInterface: 	at android.media.ExifInterface.getMimeType(ExifInterface.java:2321)
08-01 12:03:24.013  3496  3560 W ExifInterface: 	at android.media.ExifInterface.loadAttributes(ExifInterface.java:1755)
08-01 12:03:24.013  3496  3560 W ExifInterface: 	at android.media.ExifInterface.<init>(ExifInterface.java:1421)
08-01 12:03:24.013  3496  3560 W ExifInterface: 	at com.android.providers.media.MediaProvider.getRedactionRanges(MediaProvider.java:5527)
08-01 12:03:24.013  3496  3560 W ExifInterface: 	at com.android.providers.media.MediaProvider.openFileAndEnforcePathPermissionsHelper(MediaProvider.java:5370)
08-01 12:03:24.013  3496  3560 W ExifInterface: 	at com.android.providers.media.MediaProvider.openFileCommon(MediaProvider.java:5168)
08-01 12:03:24.013  3496  3560 W ExifInterface: 	at com.android.providers.media.MediaProvider.openTypedAssetFileCommon(MediaProvider.java:5200)
08-01 12:03:24.013  3496  3560 W ExifInterface: 	at com.android.providers.media.MediaProvider.openTypedAssetFile(MediaProvider.java:5180)
08-01 12:03:24.013  3496  3560 W ExifInterface: 	at android.content.ContentProvider$Transport.openTypedAssetFile(ContentProvider.java:511)
08-01 12:03:24.013  3496  3560 W ExifInterface: 	at android.content.ContentProviderNative.onTransact(ContentProviderNative.java:307)
08-01 12:03:24.013  3496  3560 W ExifInterface: 	at android.os.Binder.execTransactInternal(Binder.java:1036)
08-01 12:03:24.013  3496  3560 W ExifInterface: 	at android.os.Binder.execTransact(Binder.java:1003)
08-01 12:03:24.017  2220  4735 I ActivityTaskManager: START u0 {act=android.bluetooth.devicepicker.action.LAUNCH flg=0x800000 cmp=com.android.settings/.bluetooth.DevicePickerActivity (has extras)} from uid 1002
08-01 12:03:24.031  2220  4012 V WindowManager: Changing focus from null to Window{a3b3466 u0 com.android.bluetooth/com.android.bluetooth.opp.BluetoothOppLauncherActivity} displayId=0
08-01 12:03:24.034 21337 22282 I chatty  : uid=1002(bluetooth) RenderThread expire 6 lines
08-01 12:03:24.057   847   847 I hwservicemanager: getTransport: Cannot find entry android.hardware.graphics.mapper@3.0::IMapper/default in either framework or device manifest.
08-01 12:03:24.082  2220  4012 I WindowManager: Window drawn AppWindowToken{eab1090 token=Token{6395f53 ActivityRecord{8967342 u0 com.android.bluetooth/.opp.BluetoothOppLauncherActivity t51}}}
08-01 12:03:24.083  2220  4012 I WindowManager:   SURFACE show Surface(name=com.android.bluetooth/com.android.bluetooth.opp.BluetoothOppLauncherActivity)/@0x86cddc6 on display:0: com.android.bluetooth/com.android.bluetooth.opp.BluetoothOppLauncherActivity
08-01 12:03:24.090  3054  3054 I GoogleInputMethodService: GoogleInputMethodService.onFinishInput():3184 
08-01 12:03:24.090  3054  3054 I GoogleInputMethodService: GoogleInputMethodService.onStartInput():1830 
08-01 12:03:24.106  1060  1060 D Zygote  : Forked child process 22286
08-01 12:03:24.108  2220  2345 I ActivityManager: Start proc 22286:com.android.settings/1000 for activity {com.android.settings/com.android.settings.bluetooth.DevicePickerActivity}
08-01 12:03:24.122 22286 22286 E ndroid.setting: Not starting debugger since process cannot load the jdwp agent.
08-01 12:03:24.139  2220  4012 V WindowManager: Changing focus from Window{a3b3466 u0 com.android.bluetooth/com.android.bluetooth.opp.BluetoothOppLauncherActivity} to null displayId=0
08-01 12:03:24.153 22286 22286 I ndroid.setting: The ClassLoaderContext is a special shared library.
08-01 12:03:24.154  2220  2336 I WindowManager:   SURFACE show Surface(name=Splash Screen com.android.settings)/@0xf194f9b on display:0: Splash Screen com.android.settings
08-01 12:03:24.161 22286 22286 I ndroid.setting: The ClassLoaderContext is a special shared library.
08-01 12:03:24.181  2220  4735 I WindowManager: Window drawn AppWindowToken{eab1090 token=Token{6395f53 ActivityRecord{8967342 u0 com.android.bluetooth/.opp.BluetoothOppLauncherActivity t51}}}
08-01 12:03:24.247 22286 22286 W InstrumentedPrefFrag: Screen title missing for fragment com.android.settings.bluetooth.DevicePickerFragment
08-01 12:03:24.252 22286 22286 W TileUtils: Found com.android.settings.Settings$DataUsageSummaryActivity for intent Intent { act=com.android.settings.action.SETTINGS pkg=com.android.settings } missing metadata com.android.settings.category
08-01 12:03:24.259 22286 22286 D DevicePickerFragment: NO dashboard tiles for DevicePickerFragment
08-01 12:03:24.259 22286 22286 D DevicePickerFragment: All preferences added, reporting fully drawn
08-01 12:03:24.267 22286 22286 D LocalBluetoothProfileManager: LocalBluetoothProfileManager construction complete
08-01 12:03:24.268 22286 22286 D LocalBluetoothProfileManager: Adding local A2DP profile
08-01 12:03:24.269 22286 22286 D BluetoothA2dp: Binding service...
08-01 12:03:24.271 22286 22286 D LocalBluetoothProfileManager: Adding local HEADSET profile
08-01 12:03:24.272 22286 22286 D BluetoothHeadset: Binding service...
08-01 12:03:24.273 22286 22286 D LocalBluetoothProfileManager: Adding local MAP profile
08-01 12:03:24.274 22286 22286 D BluetoothMap: Create BluetoothMap proxy object
08-01 12:03:24.274 22286 22286 D BluetoothMap: Binding service...
08-01 12:03:24.276 22286 22286 D LocalBluetoothProfileManager: Adding local OPP profile
08-01 12:03:24.276 22286 22286 D LocalBluetoothProfileManager: Adding local HID_HOST profile
08-01 12:03:24.277 22286 22286 D BluetoothHidHost: Binding service...
08-01 12:03:24.279 22286 22286 D LocalBluetoothProfileManager: Adding local PAN profile
08-01 12:03:24.280 22286 22286 D BluetoothPan: Binding service...
08-01 12:03:24.283 22286 22286 D LocalBluetoothProfileManager: Adding local PBAP profile
08-01 12:03:24.291 22286 22286 D LocalBluetoothProfileManager: Current Profiles[]
08-01 12:03:24.291 22286 22286 D LocalBluetoothProfileManager: New Profiles[OPP, PAN]
08-01 12:03:24.293 22286 22286 E CachedBluetoothDevice: updating profiles for Mi A3, 04:C8:07:B7:3C:7C
08-01 12:03:24.293 22286 22286 V CachedBluetoothDevice: Class: 5a020c
08-01 12:03:24.293 22286 22286 V CachedBluetoothDevice: UUID:
08-01 12:03:24.293 22286 22286 V CachedBluetoothDevice:   0000110a-0000-1000-8000-00805f9b34fb
08-01 12:03:24.293 22286 22286 V CachedBluetoothDevice:   00001105-0000-1000-8000-00805f9b34fb
08-01 12:03:24.293 22286 22286 V CachedBluetoothDevice:   00001115-0000-1000-8000-00805f9b34fb
08-01 12:03:24.293 22286 22286 V CachedBluetoothDevice:   00001116-0000-1000-8000-00805f9b34fb
08-01 12:03:24.293 22286 22286 V CachedBluetoothDevice:   0000110e-0000-1000-8000-00805f9b34fb
08-01 12:03:24.293 22286 22286 V CachedBluetoothDevice:   0000112f-0000-1000-8000-00805f9b34fb
08-01 12:03:24.293 22286 22286 V CachedBluetoothDevice:   00001112-0000-1000-8000-00805f9b34fb
08-01 12:03:24.293 22286 22286 V CachedBluetoothDevice:   0000111f-0000-1000-8000-00805f9b34fb
08-01 12:03:24.293 22286 22286 V CachedBluetoothDevice:   00001132-0000-1000-8000-00805f9b34fb
08-01 12:03:24.293 22286 22286 V CachedBluetoothDevice:   00000000-0000-1000-8000-00805f9b34fb
08-01 12:03:24.293 22286 22286 V CachedBluetoothDevice:   00000000-0000-1000-8000-00805f9b34fb
08-01 12:03:24.319 22286 22286 D LocalBluetoothManager: setting foreground activity to non-null context
08-01 12:03:24.326 22286 22286 D AdaptiveHomepageIcon: Setting background color -1453315
08-01 12:03:24.354 22286 22286 D BluetoothA2dp: Proxy object connected
08-01 12:03:24.355 22286 22286 D BluetoothMap: Proxy object connected
08-01 12:03:24.355 22286 22286 D BluetoothMap: getConnectedDevices()
08-01 12:03:24.356 22286 22286 D BluetoothHidHost: Proxy object connected
08-01 12:03:24.357 22286 22286 D BluetoothPan: Proxy object connected
08-01 12:03:24.364 22286 22286 D BluetoothEventManager: DeviceFoundHandler created new CachedBluetoothDevice: B2:0C:D1:BC:71:6A
08-01 12:03:24.374 22286 22304 D BluetoothHeadset: Proxy object connected
08-01 12:03:24.387  2220  4735 V WindowManager: Changing focus from null to Window{cd4dadc u0 com.android.settings/com.android.settings.bluetooth.DevicePickerActivity} displayId=0
08-01 12:03:24.391 22286 22307 I AdrenoGLES: QUALCOMM build                   : f2ab992, I401605978b
08-01 12:03:24.391 22286 22307 I AdrenoGLES: Build Date                       : 09/28/19
08-01 12:03:24.391 22286 22307 I AdrenoGLES: OpenGL ES Shader Compiler Version: EV031.27.05.01
08-01 12:03:24.391 22286 22307 I AdrenoGLES: Local Branch                     : 
08-01 12:03:24.391 22286 22307 I AdrenoGLES: Remote Branch                    : 
08-01 12:03:24.391 22286 22307 I AdrenoGLES: Remote Branch                    : 
08-01 12:03:24.391 22286 22307 I AdrenoGLES: Reconstruct Branch               : 
08-01 12:03:24.391 22286 22307 I AdrenoGLES: Build Config                     : S L 8.0.11 AArch64
08-01 12:03:24.396 22286 22307 I AdrenoGLES: PFP: 0x005ff112, ME: 0x005ff066
08-01 12:03:24.397 22286 22286 W RenderThread: type=1400 audit(0.0:439): avc: denied { read } for uid=1000 name="gpu_model" dev="sysfs" ino=30970 scontext=u:r:system_app:s0 tcontext=u:object_r:sysfs_kgsl:s0 tclass=file permissive=0
08-01 12:03:24.402 22286 22307 W AdrenoUtils: <ReadGpuID_from_sysfs:194>: Failed to open /sys/class/kgsl/kgsl-3d0/gpu_model
08-01 12:03:24.403 22286 22307 W AdrenoUtils: <ReadGpuID:218>: Failed to read chip ID from gpu_model. Fallback to use the GSL path
08-01 12:03:24.424   847   847 I hwservicemanager: getTransport: Cannot find entry android.hardware.graphics.mapper@3.0::IMapper/default in either framework or device manifest.
08-01 12:03:24.424 22286 22307 W Gralloc3: mapper 3.x is not supported
08-01 12:03:24.524  2220  2336 I LaunchCheckinHandler: Displayed com.android.settings/.bluetooth.DevicePickerActivity,cp,ca,448
08-01 12:03:24.524  2220  2336 I WindowManager: Window drawn AppWindowToken{3291bfd token=Token{835f054 ActivityRecord{21093a7 u0 com.android.settings/.bluetooth.DevicePickerActivity t51}}}
08-01 12:03:24.524  2220  2336 I WindowManager:   SURFACE show Surface(name=com.android.settings/com.android.settings.bluetooth.DevicePickerActivity)/@0x7a8756b on display:0: com.android.settings/com.android.settings.bluetooth.DevicePickerActivity
08-01 12:03:24.545  3054  3054 I GoogleInputMethodService: GoogleInputMethodService.onFinishInput():3184 
08-01 12:03:24.545  3054  3054 I GoogleInputMethodService: GoogleInputMethodService.onStartInput():1830 
08-01 12:03:24.550 22286 22286 D BluetoothEventManager: DeviceFoundHandler created new CachedBluetoothDevice: 54:DF:9B:31:52:A2
08-01 12:03:24.554 22286 22286 D BluetoothEventManager: DeviceFoundHandler created new CachedBluetoothDevice: 2B:65:06:A6:8E:9D
08-01 12:03:24.562 22286 22286 D BluetoothEventManager: DeviceFoundHandler created new CachedBluetoothDevice: 64:AB:84:B4:73:D8
08-01 12:03:24.569 22286 22286 D BluetoothEventManager: DeviceFoundHandler created new CachedBluetoothDevice: 84:FD:27:58:1B:43
08-01 12:03:24.572 22286 22286 D BluetoothEventManager: DeviceFoundHandler created new CachedBluetoothDevice: 23:60:A1:5E:3E:D4
08-01 12:03:24.585  2220  4018 I WindowManager: Window drawn AppWindowToken{f86f95d token=Token{dd56734 ActivityRecord{3fa1a07 u0 android/com.android.internal.app.ChooserActivity t51}}}
08-01 12:03:24.591  2220  4740 I WindowManager: Window drawn AppWindowToken{5ea9372 token=Token{bf787d ActivityRecord{3f1eed4 u0 com.google.android.apps.nbu.files/.documentbrowser.filepreview.FilePreviewActivity t51}}}
08-01 12:03:24.602  2220  2335 I ActivityManager: Killing 21289:com.motorola.coresettingsext/u0a61 (adj 985): empty #17
08-01 12:03:24.602  2220  2335 I ActivityManager: Killing 21213:com.android.settings.intelligence/u0a129 (adj 985): empty #18
08-01 12:03:24.603  1180  1180 E lowmemorykiller: Error writing /proc/21289/oom_score_adj; errno=22
08-01 12:03:24.603  1180  1180 E lowmemorykiller: Error writing /proc/21213/oom_score_adj; errno=22
08-01 12:03:24.611  2220  2335 I ActivityManager: Killing 19323:com.bsbportal.music/u0a163 (adj 975): empty #17
08-01 12:03:24.615 22196 22196 I NearbySharing: DirectShareService has been destroyed [CONTEXT service_id=194 ]
08-01 12:03:24.617  3237  7697 I NearbySharing: A SendSurface(DIRECT_SHARE_SERVICE) has been unregistered [CONTEXT service_id=194 ]
08-01 12:03:24.619  3237  7697 I NearbySharing: Broadcasting NearbySharing state change. [CONTEXT service_id=194 ]
08-01 12:03:24.622 22196 22232 I NearbySharing: Reporting 0 chooser targets in 1504 ms. [CONTEXT service_id=194 ]
08-01 12:03:24.622 22168 22185 E ChooserActivity: destroyed ChooserTargetServiceConnection received result from null; ignoring...
08-01 12:03:24.634  1060  1060 I Zygote  : Process 21213 exited due to signal 9 (Killed)
08-01 12:03:24.634  1060 22287 I Zygote  : Process 21289 exited due to signal 9 (Killed)
08-01 12:03:24.637  2220  2346 I chatty  : uid=1000(system) ActivityManager expire 8 lines
08-01 12:03:24.648 22286 22286 D BluetoothEventManager: DeviceFoundHandler created new CachedBluetoothDevice: 32:64:99:0B:36:D4
08-01 12:03:24.665  2220  4735 D ConnectivityService: ConnectivityService NetworkRequestInfo binderDied(NetworkRequest [ TRACK_DEFAULT id=157, [ Capabilities: INTERNET&NOT_RESTRICTED&TRUSTED Uid: 10163] ], android.os.BinderProxy@3404e3f)
08-01 12:03:24.665  2220  3929 D ConnectivityService: ConnectivityService NetworkRequestInfo binderDied(NetworkRequest [ TRACK_DEFAULT id=149, [ Capabilities: INTERNET&NOT_RESTRICTED&TRUSTED Uid: 10163] ], android.os.BinderProxy@df2b30c)
08-01 12:03:24.665  2220  2777 D ConnectivityService: ConnectivityService NetworkRequestInfo binderDied(NetworkRequest [ TRACK_DEFAULT id=153, [ Capabilities: INTERNET&NOT_RESTRICTED&TRUSTED Uid: 10163] ], android.os.BinderProxy@a2c1455)
08-01 12:03:24.666  2220  2633 D ConnectivityService: releasing NetworkRequest [ TRACK_DEFAULT id=157, [ Capabilities: INTERNET&NOT_RESTRICTED&TRUSTED Uid: 10163] ] (release request)
08-01 12:03:24.666  1060  1060 I Zygote  : Process 19323 exited due to signal 9 (Killed)
08-01 12:03:24.666  2220  2633 D ConnectivityService: releasing NetworkRequest [ TRACK_DEFAULT id=153, [ Capabilities: INTERNET&NOT_RESTRICTED&TRUSTED Uid: 10163] ] (release request)
08-01 12:03:24.667  2220  2633 D ConnectivityService: releasing NetworkRequest [ TRACK_DEFAULT id=149, [ Capabilities: INTERNET&NOT_RESTRICTED&TRUSTED Uid: 10163] ] (release request)
08-01 12:03:24.711 22286 22286 D BluetoothEventManager: DeviceFoundHandler created new CachedBluetoothDevice: 2C:4E:6A:03:64:0B
08-01 12:03:24.732 22286 22286 D BluetoothEventManager: DeviceFoundHandler created new CachedBluetoothDevice: 65:AD:A6:E7:D1:2E
08-01 12:03:25.118  3237  7697 I NearbySharing: Failed to stop scanning because weren't scanning. [CONTEXT service_id=194 ]
08-01 12:03:25.118  3237  7697 I NearbySharing: Stopping discovery because Nearby Sharing is disabled. [CONTEXT service_id=194 ]
08-01 12:03:25.118  3237  7697 I NearbySharing: Can't stop advertising FastInitiation. Not advertising. [CONTEXT service_id=194 ]
08-01 12:03:25.118  3237  7697 I NearbySharing: Stopping Fast Init advertisement because we're not scanning. [CONTEXT service_id=194 ]
08-01 12:03:25.118  3237  7697 I NearbySharing: Failed to stop advertising because we weren't advertising. [CONTEXT service_id=194 ]
08-01 12:03:25.118  3237  7697 I NearbySharing: Stopping advertising because Nearby Sharing is disabled. [CONTEXT service_id=194 ]
08-01 12:03:25.118  3237  7697 I NearbySharing: Failed to scan for fast initiation because we're already scanning with isHighPowerAllowed=false. [CONTEXT service_id=194 ]
08-01 12:03:25.124 21337 21354 I chatty  : uid=1002(bluetooth) Binder:21337_2 expire 13 lines
08-01 12:03:25.124 22286 22286 D AdaptiveHomepageIcon: Setting background color -143384
08-01 12:03:25.127 22286 22286 D BluetoothEventManager: DeviceFoundHandler created new CachedBluetoothDevice: A8:7E:EA:BB:80:54
08-01 12:03:25.130 22286 22286 D AdaptiveHomepageIcon: Setting background color -143384
08-01 12:03:25.133 22286 22286 D AdaptiveHomepageIcon: Setting background color -143384
08-01 12:03:25.140 22286 22286 D AdaptiveHomepageIcon: Setting background color -3216682
08-01 12:03:25.143 22286 22286 D BluetoothEventManager: DeviceFoundHandler created new CachedBluetoothDevice: 58:85:A2:3E:FA:EC
08-01 12:03:25.145 22286 22286 D AdaptiveHomepageIcon: Setting background color -3216682
08-01 12:03:25.149 22286 22286 D AdaptiveHomepageIcon: Setting background color -3216682
08-01 12:03:25.885 19152 22068 D UIAutomatorStub: URI: /jsonrpc/0, Method: POST, params, {NanoHttpd.QUERY_STRING=null}, files: {postData={"jsonrpc": "2.0", "id": "c18254a9709c7737156c3d2427dc3904", "method": "waitForExists", "params": [{"mask": 1, "childOrSibling": [], "childOrSiblingSelector": [], "text": "Mi A3"}, 20000]}}
08-01 12:03:25.886 19152 22068 W QueryController: Could not detect idle state.
08-01 12:03:25.954 19152 22068 D UIAutomatorStub: URI: /jsonrpc/0, Method: POST, params, {NanoHttpd.QUERY_STRING=null}, files: {postData={"jsonrpc": "2.0", "id": "e5eda29bb23b1944290a8122c43613e9", "method": "objInfo", "params": [{"mask": 1, "childOrSibling": [], "childOrSiblingSelector": [], "text": "Mi A3"}]}}
08-01 12:03:25.955 19152 22068 W QueryController: Could not detect idle state.
08-01 12:03:26.008 19152 22068 W QueryController: Could not detect idle state.
08-01 12:03:26.024 19152 22068 W QueryController: Could not detect idle state.
08-01 12:03:26.030 22286 22286 D AdaptiveHomepageIcon: Setting background color -3411720
08-01 12:03:26.032 22286 22286 D BluetoothEventManager: DeviceFoundHandler created new CachedBluetoothDevice: 44:46:87:A5:AC:D4
08-01 12:03:26.035 22286 22286 D AdaptiveHomepageIcon: Setting background color -3411720
08-01 12:03:26.038 22286 22286 D AdaptiveHomepageIcon: Setting background color -3411720
08-01 12:03:26.041 19152 22068 W QueryController: Could not detect idle state.
08-01 12:03:26.058 19152 22068 W QueryController: Could not detect idle state.
08-01 12:03:26.108 19152 22068 W QueryController: Could not detect idle state.
08-01 12:03:26.115 21337 21383 I chatty  : uid=1002(bluetooth) btu message loo expire 36 lines
08-01 12:03:26.125 19152 22068 W QueryController: Could not detect idle state.
08-01 12:03:26.132 22286 22286 D AdaptiveHomepageIcon: Setting background color -73784
08-01 12:03:26.135 22286 22286 D BluetoothEventManager: DeviceFoundHandler created new CachedBluetoothDevice: 28:DF:EB:1F:3B:CC
08-01 12:03:26.139 22286 22286 D AdaptiveHomepageIcon: Setting background color -73784
08-01 12:03:26.143 22286 22286 D AdaptiveHomepageIcon: Setting background color -73784
08-01 12:03:26.147 19152 22068 W QueryController: Could not detect idle state.
08-01 12:03:26.165 19152 22068 W QueryController: Could not detect idle state.
08-01 12:03:26.176 19152 22068 W QueryController: Could not detect idle state.
08-01 12:03:26.231 19152 22068 W QueryController: Could not detect idle state.
08-01 12:03:26.290 19152 22068 D UIAutomatorStub: URI: /jsonrpc/0, Method: POST, params, {NanoHttpd.QUERY_STRING=null}, files: {postData={"jsonrpc": "2.0", "id": "b272e3e6a291e4099875bdf009a67ec0", "method": "click", "params": [278.0, 478.5]}}
08-01 12:03:26.430 22286 22286 D Devicepicker: sendDevicePickedIntent
08-01 12:03:26.431 22286 22286 W ContextImpl: Calling a method in the system process without a qualified user: android.app.ContextImpl.sendBroadcast:1048 android.content.ContextWrapper.sendBroadcast:448 com.android.settings.bluetooth.DevicePickerFragment.sendDevicePickedIntent:197 com.android.settings.bluetooth.DevicePickerFragment.onDevicePreferenceClick:126 com.android.settings.bluetooth.DeviceListPreferenceFragment.onPreferenceTreeClick:157 
08-01 12:03:26.439  2220  4012 V WindowManager: Changing focus from Window{cd4dadc u0 com.android.settings/com.android.settings.bluetooth.DevicePickerActivity} to null displayId=0
08-01 12:03:26.471 21337 22326 I chatty  : uid=1002(bluetooth) com.android.bluetooth expire 5 lines
08-01 12:03:26.472  2220  4012 V WindowManager: Changing focus from null to Window{75c446c u0 com.google.android.apps.nbu.files/com.google.android.apps.nbu.files.documentbrowser.filepreview.FilePreviewActivity} displayId=0
08-01 12:03:26.483 19152 19152 D UIAutomatorStub: Toast:Sending file to "Mi A3" Pkg:com.android.bluetooth Time:1659335606483
08-01 12:03:26.493  2220  2336 I WindowManager: Window drawn AppWindowToken{5ea9372 token=Token{bf787d ActivityRecord{3f1eed4 u0 com.google.android.apps.nbu.files/.documentbrowser.filepreview.FilePreviewActivity t51}}}
08-01 12:03:26.495  2220  2336 I WindowManager:   SURFACE show Surface(name=com.google.android.apps.nbu.files/com.google.android.apps.nbu.files.documentbrowser.filepreview.FilePreviewActivity)/@0x43e6135 on display:0: com.google.android.apps.nbu.files/com.google.android.apps.nbu.files.documentbrowser.filepreview.FilePreviewActivity
08-01 12:03:26.500  3054  3054 I GoogleInputMethodService: GoogleInputMethodService.onFinishInput():3184 
08-01 12:03:26.500  3054  3054 I GoogleInputMethodService: GoogleInputMethodService.onStartInput():1830 
08-01 12:03:26.514  2220  2336 I WindowManager:   SURFACE show Surface(name=Toast)/@0x59681ed on display:0: Toast
08-01 12:03:26.515  3496  3560 W MediaProvider: Failed to redact /storage/emulated/0/Pictures/Screenshots/Screenshot_20220630-175900.png: java.io.FileNotFoundException: /storage/emulated/0/Pictures/Screenshots/Screenshot_20220630-175900.png: open failed: ENOENT (No such file or directory)
08-01 12:03:26.523  3496  3560 W MediaProvider: Failed to redact /storage/emulated/0/Pictures/Screenshots/Screenshot_20220630-175900.png: java.io.FileNotFoundException: /storage/emulated/0/Pictures/Screenshots/Screenshot_20220630-175900.png: open failed: ENOENT (No such file or directory)
08-01 12:03:26.539  3496  3574 W MediaProvider: Failed to redact /storage/emulated/0/Pictures/Screenshots/Screenshot_20220630-175900.png: java.io.FileNotFoundException: /storage/emulated/0/Pictures/Screenshots/Screenshot_20220630-175900.png: open failed: ENOENT (No such file or directory)
08-01 12:03:26.718 21337 21363 I chatty  : uid=1002(bluetooth) BT Service Call expire 6 lines
08-01 12:03:26.749  1060  1060 D Zygote  : Forked child process 22330
08-01 12:03:26.755  2220  2345 I ActivityManager: Start proc 22330:com.google.android.projection.gearhead:shared/u0a101 for broadcast {com.google.android.projection.gearhead/com.google.android.apps.auto.wireless.bluetooth.WifiBluetoothReceiver}
08-01 12:03:26.761 22330 22330 E gearhead:share: Not starting debugger since process cannot load the jdwp agent.
08-01 12:03:26.765 21337 22346 I chatty  : uid=1002(bluetooth) com.android.bluetooth expire 3 lines
08-01 12:03:26.790 22330 22330 I gearhead:share: The ClassLoaderContext is a special shared library.
08-01 12:03:26.828 22330 22330 I MultiDex: VM with version 2.1.0 has multidex support
08-01 12:03:26.828 22330 22330 I MultiDex: install
08-01 12:03:26.828 22330 22330 I MultiDex: VM has multidex support, MultiDex support library is disabled.
08-01 12:03:26.834 21337 22328 I chatty  : uid=1002(bluetooth) com.android.bluetooth expire 3 lines
08-01 12:03:26.839 22330 22355 W gearhead:share: Accessing hidden field Ljava/util/Collections$SynchronizedCollection;->mutex:Ljava/lang/Object; (greylist-max-o, reflection, denied)
08-01 12:03:26.839 22330 22355 W gearhead:share: Accessing hidden method Ljava/util/Collections$SynchronizedSet;-><init>(Ljava/util/Set;Ljava/lang/Object;)V (greylist-max-o, reflection, denied)
08-01 12:03:26.839 22330 22355 W gearhead:share: Accessing hidden method Ljava/util/Collections$SynchronizedCollection;-><init>(Ljava/util/Collection;Ljava/lang/Object;)V (greylist-max-o, reflection, denied)
08-01 12:03:26.850 22330 22330 I Primes  : Primes not initialized, returning default (no-op) Primes instance which will ignore all calls. Please call Primes.initialize(...) before using any Primes API.
08-01 12:03:26.850 22330 22330 I CAR.GH  : onCreate
08-01 12:03:26.851 22330 22330 I CAR.GH  : Process: SHARED_SERVICE
08-01 12:03:26.851 22330 22330 I PrimesApiImpl: background initialization
08-01 12:03:26.912  2220  2335 I ActivityManager: Killing 21084:android.process.acore/u0a53 (adj 985): empty #17
08-01 12:03:26.919 22330 22330 I GH.CONFIG: groups:
08-01 12:03:26.924 22330 22330 I GH.CONFIG: everyone
08-01 12:03:26.932  2220  3929 I WindowManager: Window drawn AppWindowToken{3291bfd token=Token{835f054 ActivityRecord{21093a7 u0 com.android.settings/.bluetooth.DevicePickerActivity t51}}}
08-01 12:03:26.937  1060  1060 I Zygote  : Process 21084 exited due to signal 9 (Killed)
08-01 12:03:26.938 22286 22286 D LocalBluetoothManager: setting foreground activity to null
08-01 12:03:26.947 21337 22354 I chatty  : uid=1002(bluetooth) com.android.bluetooth expire 2 lines
08-01 12:03:26.954 22330 22330 I GH.WifiBluetoothRcvr: Connection action: android.bluetooth.device.action.ACL_CONNECTED, device 04:C8:07:B7:3C:7C
08-01 12:03:26.965  2220  4018 I ActivityManager: Killing 21476:org.videolan.vlc/u0a191 (adj 985): empty #17
08-01 12:03:26.972  3686  4185 I BistoWorker: bluetoothConnectionStateChanged. Action: android.bluetooth.device.action.ACL_CONNECTED
08-01 12:03:26.976  3237  3237 I NearbyDiscovery: onAclChange: state=CONNECTED, device=04:C8:07:B7:3C:7C [CONTEXT service_id=49 ]
08-01 12:03:26.977  3237 20069 I NearbyDiscovery: FastPairBattery: No associated accountKey is found when query battery info, address:04:C8:07:B7:3C:7C [CONTEXT service_id=49 ]
08-01 12:03:26.978  3686  4185 I BistoWorker: Checking 04:C8:07:B7:3C:7C 1 false false
08-01 12:03:26.983  3686  4185 I BistoWorker: Checking 04:C8:07:B7:3C:7C 1 false false
08-01 12:03:26.986  3686  4185 I DeviceDetector: Is not a headset device
08-01 12:03:26.987  3686  4185 I BistoWorker: Not a bisto device: 04:C8:07:B7:3C:7C
08-01 12:03:26.987  1060  1060 I Zygote  : Process 21476 exited due to signal 9 (Killed)
08-01 12:03:26.998 22330 22330 I CAR.ANALYTICS: Flushing event queue to clearcut
08-01 12:03:27.005 22330 22371 I GH.ConnLoggerV2: Started session e4266ba9-5d2b-4fd1-8a9f-a09a74565fc9, start time = 1285337
08-01 12:03:27.005  1060  1060 D Zygote  : Forked child process 22376
08-01 12:03:27.011  2220  2345 I ActivityManager: Start proc 22376:com.google.android.projection.gearhead:car/u0a101 for broadcast {com.google.android.projection.gearhead/com.google.android.apps.auto.carservice.gmscorecompat.CarBluetoothReceiver}
08-01 12:03:27.016 22376 22376 E on.gearhead:ca: Not starting debugger since process cannot load the jdwp agent.
08-01 12:03:27.055 22376 22376 I on.gearhead:ca: The ClassLoaderContext is a special shared library.
08-01 12:03:27.065 22330 22330 I GH.SharedService: Shared Service created
08-01 12:03:27.072  2220  3972 I ActivityManager: Killing 20480:com.motorola.dolby.dolbyui/u0a98 (adj 985): empty #17
08-01 12:03:27.096  2678  2713 I TileLifecycleManager: calling unlink to death
08-01 12:03:27.097  2678  2713 I TileLifecycleManager: calling unlink to death
08-01 12:03:27.098  1060  1060 I Zygote  : Process 20480 exited due to signal 9 (Killed)
08-01 12:03:27.101 22376 22376 I MultiDex: VM with version 2.1.0 has multidex support
08-01 12:03:27.101 22376 22376 I MultiDex: install
08-01 12:03:27.101 22376 22376 I MultiDex: VM has multidex support, MultiDex support library is disabled.
08-01 12:03:27.114 22376 22398 W on.gearhead:ca: Accessing hidden field Ljava/util/Collections$SynchronizedCollection;->mutex:Ljava/lang/Object; (greylist-max-o, reflection, denied)
08-01 12:03:27.115 22376 22398 W on.gearhead:ca: Accessing hidden method Ljava/util/Collections$SynchronizedSet;-><init>(Ljava/util/Set;Ljava/lang/Object;)V (greylist-max-o, reflection, denied)
08-01 12:03:27.117 22376 22398 W on.gearhead:ca: Accessing hidden method Ljava/util/Collections$SynchronizedCollection;-><init>(Ljava/util/Collection;Ljava/lang/Object;)V (greylist-max-o, reflection, denied)
08-01 12:03:27.123 22376 22376 I Primes  : Primes not initialized, returning default (no-op) Primes instance which will ignore all calls. Please call Primes.initialize(...) before using any Primes API.
08-01 12:03:27.124 22376 22376 I CAR.GH  : onCreate
08-01 12:03:27.124 22376 22376 I CAR.GH  : Process: CAR
08-01 12:03:27.125 22376 22376 I PrimesApiImpl: background initialization
08-01 12:03:27.159 22376 22376 I CAR.BT_RCVR: Android is Q or below.
08-01 12:03:27.190 22376 22376 I GH.CAR  : onCreate
08-01 12:03:27.208 22376 22376 I GH.CAR  : Evaluating getUseGearheadForProjection. BuildConfig.gearheadCarServiceUseGearheadForProjection: true, GearheadCarServiceFeature.testHookEnableUseGearheadForProjectionForTest: false
08-01 12:03:27.208 22376 22376 I GH.CAR  : carServiceBinderProxy in mainHandler:true
08-01 12:03:27.344 22376 22376 I GH.CAR  : Using CarServiceBinderProxyImpl in CarMessageService.
08-01 12:03:27.353 22376 22376 I GH.DelegateMngCarSvc: Retries remaining initialized to 0
08-01 12:03:27.353 22376 22376 I GH.CAR  : Using Gearhead for projection services. All aboard! 
08-01 12:03:27.360 22376 22376 I GH.DelegateICarSupplier: Obtaining car service delegate from GMS Core via connectionless.
08-01 12:03:27.381 22376 22376 I GH.DelegateICarSupplier: Acquisition start recorded at 1285720.[Generation: 1]
08-01 12:03:27.382 22376 22376 I GH.CAR  : GearheadCarStartupService.onBind
08-01 12:03:27.386  2220  4017 I ActivityManager: Killing 21438:com.google.android.apps.youtube.music/u0a194 (adj 985): empty #17
08-01 12:03:27.420  1060  1060 D Zygote  : Forked child process 22409
08-01 12:03:27.422  2220  2345 I ActivityManager: Start proc 22409:com.google.android.gms:car/u0a110 for service {com.google.android.gms/com.google.android.gms.car.CarService}
08-01 12:03:27.435 22409 22409 E android.gms:ca: Not starting debugger since process cannot load the jdwp agent.
08-01 12:03:27.446  2220  3972 D ConnectivityService: ConnectivityService NetworkRequestInfo binderDied(NetworkRequest [ TRACK_DEFAULT id=174, [ Capabilities: INTERNET&NOT_RESTRICTED&TRUSTED Uid: 10194] ], android.os.BinderProxy@8c8f924)
08-01 12:03:27.446  2220  4017 D ConnectivityService: ConnectivityService NetworkRequestInfo binderDied(NetworkRequest [ TRACK_DEFAULT id=168, [ Capabilities: INTERNET&NOT_RESTRICTED&TRUSTED Uid: 10194] ], android.os.BinderProxy@f533c8d)
08-01 12:03:27.446  2220  4733 D ConnectivityService: ConnectivityService NetworkRequestInfo binderDied(NetworkRequest [ TRACK_DEFAULT id=169, [ Capabilities: INTERNET&NOT_RESTRICTED&TRUSTED Uid: 10194] ], android.os.BinderProxy@4f1ee42)
08-01 12:03:27.446  2220  3972 D ConnectivityService: ConnectivityService NetworkRequestInfo binderDied(NetworkRequest [ LISTEN id=170, [ Capabilities: INTERNET&NOT_RESTRICTED&TRUSTED&FOREGROUND Uid: 10194] ], android.os.BinderProxy@aa6be53)
08-01 12:03:27.447  2220  2633 D ConnectivityService: releasing NetworkRequest [ TRACK_DEFAULT id=174, [ Capabilities: INTERNET&NOT_RESTRICTED&TRUSTED Uid: 10194] ] (release request)
08-01 12:03:27.448  2220  2633 D ConnectivityService: releasing NetworkRequest [ TRACK_DEFAULT id=168, [ Capabilities: INTERNET&NOT_RESTRICTED&TRUSTED Uid: 10194] ] (release request)
08-01 12:03:27.448 21337 21399 I chatty  : uid=1002(bluetooth) BluetoothAvrcpH expire 45 lines
08-01 12:03:27.448  2220  2633 D ConnectivityService: releasing NetworkRequest [ TRACK_DEFAULT id=169, [ Capabilities: INTERNET&NOT_RESTRICTED&TRUSTED Uid: 10194] ] (release request)
08-01 12:03:27.449  1060  1060 I Zygote  : Process 21438 exited due to signal 9 (Killed)
08-01 12:03:27.456 21337 21399 I Avrcp_ext: updatePlayStatusForDevice: device: null
08-01 12:03:27.456 21337 21399 V Avrcp_ext: updatePlaybackState (1): old=PlaybackState {state=2, position=-1, buffered position=0, speed=0.0, updated=1255724, actions=0, custom actions=[], active item id=-1, error=null}(2), new=PlaybackState {state=2, position=-1, buffered position=0, speed=0.0, updated=1285788, actions=0, custom actions=[], active item id=-1, error=null}(2)
08-01 12:03:27.456 21337 21399 I Avrcp_ext: Exit updatePlayStatusForDevice
08-01 12:03:27.456 21337 21399 D Avrcp_ext: Enter sendPlayPosNotificationRsp
08-01 12:03:27.456 21337 21399 D Avrcp_ext: sendPlayPosNotificationRsp: Not registered or requesting.
08-01 12:03:27.456 21337 21399 D Avrcp_ext: Enter sendPlayPosNotificationRsp
08-01 12:03:27.456 21337 21399 D Avrcp_ext: sendPlayPosNotificationRsp: Not registered or requesting.
08-01 12:03:27.456 21337 21399 D Avrcp_ext: Enter sendPlayPosNotificationRsp
08-01 12:03:27.456 21337 21399 D Avrcp_ext: sendPlayPosNotificationRsp: Not registered or requesting.
08-01 12:03:27.456 21337 21399 D Avrcp_ext: Enter sendPlayPosNotificationRsp
08-01 12:03:27.456 21337 21399 D Avrcp_ext: sendPlayPosNotificationRsp: Not registered or requesting.
08-01 12:03:27.456 21337 21399 D Avrcp_ext: Enter sendPlayPosNotificationRsp
08-01 12:03:27.456 21337 21399 D Avrcp_ext: sendPlayPosNotificationRsp: Not registered or requesting.
08-01 12:03:27.456 21337 21399 V Avrcp_ext: Exit updatePlayerStateAndPosition
08-01 12:03:27.478 22376 22376 I CAR.ANALYTICS: Flushing event queue to clearcut
08-01 12:03:27.479 22409 22409 I android.gms:ca: The ClassLoaderContext is a special shared library.
08-01 12:03:27.485 22409 22409 I chatty  : uid=10110 com.google.android.gms:car identical 1 line
08-01 12:03:27.490 22409 22409 I android.gms:ca: The ClassLoaderContext is a special shared library.
08-01 12:03:27.508 22409 22409 W android.gms:ca: JIT profile information will not be recorded: profile file does not exits.
08-01 12:03:27.614 22409 22409 W ProviderHelper: Unknown dynamite feature providerinstaller
08-01 12:03:27.615 22409 22409 I DynamiteModule: Considering local module com.google.android.gms.providerinstaller:1 and remote module com.google.android.gms.providerinstaller:0
08-01 12:03:27.615 22409 22409 I DynamiteModule: Selected local version of com.google.android.gms.providerinstaller
08-01 12:03:27.629 22409 22409 V NativeCrypto: Registering com/google/android/gms/org/conscrypt/NativeCrypto's 288 native methods...
08-01 12:03:27.664 22409 22409 D NetworkSecurityConfig: Using Network Security Config from resource network_security_config debugBuild: false
08-01 12:03:27.667 22409 22409 I ProviderInstaller: Installed default security provider GmsCore_OpenSSL
08-01 12:03:27.667 22409 22409 I Safeboot: Checking safeboot...
08-01 12:03:27.668 22409 22409 I Safeboot: Not entering safeboot; wrong process.
08-01 12:03:27.693  2678  2678 W HeadsUpManagerPhone: onHeadsUpPinnedModeChanged
08-01 12:03:27.704  2678  2678 D StatusBar: disable<e i a s b h r c s > disable2<q i n >
08-01 12:03:27.731 22409 22409 I Watchcat: Started
08-01 12:03:27.734 22409 22409 I bfyd    : Primes not initialized, returning default (no-op) Primes instance which will ignore all calls. Please call Primes.initialize(...) before using any Primes API.
08-01 12:03:27.752  2220  4014 I WindowManager:   SURFACE SIZE set 1080x2246 on display:0: StatusBar
08-01 12:03:27.881 22409 22409 I CAR.TEL.CarCall: creating a CarCallMapper [CONTEXT service_id=13 ]
08-01 12:03:27.881 22409 22409 I CAR.TEL.Service: Binding to InCallService [CONTEXT service_id=13 ]
08-01 12:03:27.883  2220  4733 W ActivityManager: Unable to start service Intent { act=local_action cmp=com.google.android.gms/.car.InCallService2 } U=0: not found
08-01 12:03:27.884 22409 22409 E CAR.TEL.Service: Failed to bind to InCallService [CONTEXT service_id=13 ]
08-01 12:03:27.930  2220  4733 I ActivityManager: Killing 21402:com.google.android.youtube/u0a159 (adj 985): empty #17
08-01 12:03:27.936 22409 22425 I DynamiteModule: Considering local module com.google.android.gms.googlecertificates:6 and remote module com.google.android.gms.googlecertificates:6
08-01 12:03:27.936 22409 22425 I DynamiteModule: Selected local version of com.google.android.gms.googlecertificates
08-01 12:03:27.953 22409 22409 I CAR.ANALYTICS: Flushing event queue to clearcut [CONTEXT service_id=13 ]
08-01 12:03:27.987  2220  4014 D ConnectivityService: ConnectivityService NetworkRequestInfo binderDied(NetworkRequest [ TRACK_DEFAULT id=173, [ Capabilities: INTERNET&NOT_RESTRICTED&TRUSTED Uid: 10159] ], android.os.BinderProxy@164cf20)
08-01 12:03:27.988  2220  4014 D ConnectivityService: ConnectivityService NetworkRequestInfo binderDied(NetworkRequest [ TRACK_DEFAULT id=171, [ Capabilities: INTERNET&NOT_RESTRICTED&TRUSTED Uid: 10159] ], android.os.BinderProxy@1c820d9)
08-01 12:03:27.988  2220  4017 D ConnectivityService: ConnectivityService NetworkRequestInfo binderDied(NetworkRequest [ LISTEN id=172, [ Capabilities: INTERNET&NOT_RESTRICTED&TRUSTED&FOREGROUND Uid: 10159] ], android.os.BinderProxy@d0e4a9e)
08-01 12:03:27.988  2220  2633 D ConnectivityService: releasing NetworkRequest [ TRACK_DEFAULT id=173, [ Capabilities: INTERNET&NOT_RESTRICTED&TRUSTED Uid: 10159] ] (release request)
08-01 12:03:27.991 21337 21399 V Avrcp_ext: updateCurrentMediaState: mMediaController: null
08-01 12:03:27.991  2220  2633 D ConnectivityService: releasing NetworkRequest [ TRACK_DEFAULT id=171, [ Capabilities: INTERNET&NOT_RESTRICTED&TRUSTED Uid: 10159] ] (release request)
08-01 12:03:27.992 21337 21399 V Avrcp_ext: isMusicActive: false getBluetoothPlayState: 2
08-01 12:03:27.992 21337 21399 V Avrcp_ext: updateCurrentMediaState: isPlaying = false
08-01 12:03:27.992 21337 21399 V Avrcp_ext: updateCurrentMediaState: mMediaController or getPlaybackState() null
08-01 12:03:27.992 21337 21399 V Avrcp_ext: Media update: id -1-1? [MediaAttributes: none] : [MediaAttributes: none]
08-01 12:03:27.992 21337 21399 V Avrcp_ext: newPlayStatus:2mReportedPlayStatus:-1
08-01 12:03:27.992 21337 21399 V Avrcp_ext: updatePlaybackState, state: PlaybackState {state=2, position=-1, buffered position=0, speed=0.0, updated=1286331, actions=0, custom actions=[], active item id=-1, error=null} device: null
08-01 12:03:27.992 21337 21399 V Avrcp_ext: Device: no name: 
08-01 12:03:27.992 21337 21399 V Avrcp_ext: Device: no name: 
08-01 12:03:27.992 21337 21399 V Avrcp_ext: updatePlayerStateAndPosition, old=PlaybackState {state=2, position=-1, buffered position=0, speed=0.0, updated=1285788, actions=0, custom actions=[], active item id=-1, error=null}, state=PlaybackState {state=2, position=-1, buffered position=0, speed=0.0, updated=1286331, actions=0, custom actions=[], active item id=-1, error=null}
08-01 12:03:27.992 21337 21399 V Avrcp_ext: old state = PlaybackState {state=2, position=-1, buffered position=0, speed=0.0, updated=1285788, actions=0, custom actions=[], active item id=-1, error=null}, new state= PlaybackState {state=2, position=-1, buffered position=0, speed=0.0, updated=1286331, actions=0, custom actions=[], active item id=-1, error=null}
08-01 12:03:27.992 21337 21399 D HeadsetService: getHeadsetService(): returning com.android.bluetooth.hfp.HeadsetService@786258b
08-01 12:03:27.994  1060  1060 I Zygote  : Process 21402 exited due to signal 9 (Killed)
08-01 12:03:27.994 21337 21399 D HeadsetService:  isAudioOn: The number of audio connected devices 0
08-01 12:03:27.994 21337 21399 D HeadsetService: isScoOrCallActive(): Call Active:falseCall is Ringing:falseSCO is Active:false
08-01 12:03:27.996 21337 21399 D HeadsetService:  isAudioOn: The number of audio connected devices 0
08-01 12:03:27.997 21337 21399 I Avrcp_ext: updatePlayStatusForDevice: device: null
08-01 12:03:27.997 21337 21399 V Avrcp_ext: updatePlaybackState (1): old=PlaybackState {state=2, position=-1, buffered position=0, speed=0.0, updated=1285788, actions=0, custom actions=[], active item id=-1, error=null}(2), new=PlaybackState {state=2, position=-1, buffered position=0, speed=0.0, updated=1286331, actions=0, custom actions=[], active item id=-1, error=null}(2)
08-01 12:03:27.997 21337 21399 I Avrcp_ext: Exit updatePlayStatusForDevice
08-01 12:03:27.997 21337 21399 D HeadsetService:  isAudioOn: The number of audio connected devices 0
08-01 12:03:27.997 21337 21399 D HeadsetService: isScoOrCallActive(): Call Active:falseCall is Ringing:falseSCO is Active:false
08-01 12:03:27.997 21337 21399 D HeadsetService:  isAudioOn: The number of audio connected devices 0
08-01 12:03:27.998 21337 21399 I Avrcp_ext: updatePlayStatusForDevice: device: null
08-01 12:03:27.998 21337 21399 V Avrcp_ext: updatePlaybackState (1): old=PlaybackState {state=2, position=-1, buffered position=0, speed=0.0, updated=1285788, actions=0, custom actions=[], active item id=-1, error=null}(2), new=PlaybackState {state=2, position=-1, buffered position=0, speed=0.0, updated=1286331, actions=0, custom actions=[], active item id=-1, error=null}(2)
08-01 12:03:27.998 21337 21399 I Avrcp_ext: Exit updatePlayStatusForDevice
08-01 12:03:27.998 21337 21399 D HeadsetService:  isAudioOn: The number of audio connected devices 0
08-01 12:03:27.998 21337 21399 D HeadsetService: isScoOrCallActive(): Call Active:falseCall is Ringing:falseSCO is Active:false
08-01 12:03:27.998 21337 21399 D HeadsetService:  isAudioOn: The number of audio connected devices 0
08-01 12:03:27.998 21337 21399 I Avrcp_ext: updatePlayStatusForDevice: device: null
08-01 12:03:27.998 21337 21399 V Avrcp_ext: updatePlaybackState (1): old=PlaybackState {state=2, position=-1, buffered position=0, speed=0.0, updated=1285788, actions=0, custom actions=[], active item id=-1, error=null}(2), new=PlaybackState {state=2, position=-1, buffered position=0, speed=0.0, updated=1286331, actions=0, custom actions=[], active item id=-1, error=null}(2)
08-01 12:03:27.998 21337 21399 I Avrcp_ext: Exit updatePlayStatusForDevice
08-01 12:03:27.999 21337 21399 D HeadsetService:  isAudioOn: The number of audio connected devices 0
08-01 12:03:27.999 21337 21399 D HeadsetService: isScoOrCallActive(): Call Active:falseCall is Ringing:falseSCO is Active:false
08-01 12:03:27.999 21337 21399 D HeadsetService:  isAudioOn: The number of audio connected devices 0
08-01 12:03:27.999 21337 21399 I Avrcp_ext: updatePlayStatusForDevice: device: null
08-01 12:03:27.999 21337 21399 V Avrcp_ext: updatePlaybackState (1): old=PlaybackState {state=2, position=-1, buffered position=0, speed=0.0, updated=1285788, actions=0, custom actions=[], active item id=-1, error=null}(2), new=PlaybackState {state=2, position=-1, buffered position=0, speed=0.0, updated=1286331, actions=0, custom actions=[], active item id=-1, error=null}(2)
08-01 12:03:27.999 21337 21399 I Avrcp_ext: Exit updatePlayStatusForDevice
08-01 12:03:27.999 21337 21399 D HeadsetService:  isAudioOn: The number of audio connected devices 0
08-01 12:03:27.999 21337 21399 D HeadsetService: isScoOrCallActive(): Call Active:falseCall is Ringing:falseSCO is Active:false
08-01 12:03:27.999 21337 21399 D HeadsetService:  isAudioOn: The number of audio connected devices 0
08-01 12:03:27.999 21337 21399 I Avrcp_ext: updatePlayStatusForDevice: device: null
08-01 12:03:27.999 21337 21399 V Avrcp_ext: updatePlaybackState (1): old=PlaybackState {state=2, position=-1, buffered position=0, speed=0.0, updated=1285788, actions=0, custom actions=[], active item id=-1, error=null}(2), new=PlaybackState {state=2, position=-1, buffered position=0, speed=0.0, updated=1286331, actions=0, custom actions=[], active item id=-1, error=null}(2)
08-01 12:03:27.999 21337 21399 I Avrcp_ext: Exit updatePlayStatusForDevice
08-01 12:03:27.999 21337 21399 D Avrcp_ext: Enter sendPlayPosNotificationRsp
08-01 12:03:27.999 21337 21399 D Avrcp_ext: sendPlayPosNotificationRsp: Not registered or requesting.
08-01 12:03:28.000 21337 21399 D Avrcp_ext: Enter sendPlayPosNotificationRsp
08-01 12:03:28.000 21337 21399 D Avrcp